ARM GAS  C:\Users\Gemma\AppData\Local\Temp\cczvAlEd.s 			page 1


   1              		.syntax unified
   2              		.cpu cortex-m3
   3              		.fpu softvfp
   4              		.eabi_attribute 20, 1
   5              		.eabi_attribute 21, 1
   6              		.eabi_attribute 23, 3
   7              		.eabi_attribute 24, 1
   8              		.eabi_attribute 25, 1
   9              		.eabi_attribute 26, 1
  10              		.eabi_attribute 30, 1
  11              		.eabi_attribute 34, 1
  12              		.eabi_attribute 18, 4
  13              		.thumb
  14              		.syntax unified
  15              		.file	"Button_isr.c"
  16              		.text
  17              	.Ltext0:
  18              		.cfi_sections	.debug_frame
  19              		.section	.text.Button_isr_Interrupt,"ax",%progbits
  20              		.align	2
  21              		.global	Button_isr_Interrupt
  22              		.thumb
  23              		.thumb_func
  24              		.type	Button_isr_Interrupt, %function
  25              	Button_isr_Interrupt:
  26              	.LFB66:
  27              		.file 1 "Generated_Source\\PSoC5\\Button_isr.c"
   1:Generated_Source\PSoC5/Button_isr.c **** /*******************************************************************************
   2:Generated_Source\PSoC5/Button_isr.c **** * File Name: Button_isr.c  
   3:Generated_Source\PSoC5/Button_isr.c **** * Version 1.70
   4:Generated_Source\PSoC5/Button_isr.c **** *
   5:Generated_Source\PSoC5/Button_isr.c **** *  Description:
   6:Generated_Source\PSoC5/Button_isr.c **** *   API for controlling the state of an interrupt.
   7:Generated_Source\PSoC5/Button_isr.c **** *
   8:Generated_Source\PSoC5/Button_isr.c **** *
   9:Generated_Source\PSoC5/Button_isr.c **** *  Note:
  10:Generated_Source\PSoC5/Button_isr.c **** *
  11:Generated_Source\PSoC5/Button_isr.c **** ********************************************************************************
  12:Generated_Source\PSoC5/Button_isr.c **** * Copyright 2008-2015, Cypress Semiconductor Corporation.  All rights reserved.
  13:Generated_Source\PSoC5/Button_isr.c **** * You may use this file only in accordance with the license, terms, conditions, 
  14:Generated_Source\PSoC5/Button_isr.c **** * disclaimers, and limitations in the end user license agreement accompanying 
  15:Generated_Source\PSoC5/Button_isr.c **** * the software package with which this file was provided.
  16:Generated_Source\PSoC5/Button_isr.c **** *******************************************************************************/
  17:Generated_Source\PSoC5/Button_isr.c **** 
  18:Generated_Source\PSoC5/Button_isr.c **** 
  19:Generated_Source\PSoC5/Button_isr.c **** #include <cydevice_trm.h>
  20:Generated_Source\PSoC5/Button_isr.c **** #include <CyLib.h>
  21:Generated_Source\PSoC5/Button_isr.c **** #include <Button_isr.h>
  22:Generated_Source\PSoC5/Button_isr.c **** #include "cyapicallbacks.h"
  23:Generated_Source\PSoC5/Button_isr.c **** 
  24:Generated_Source\PSoC5/Button_isr.c **** #if !defined(Button_isr__REMOVED) /* Check for removal by optimization */
  25:Generated_Source\PSoC5/Button_isr.c **** 
  26:Generated_Source\PSoC5/Button_isr.c **** /*******************************************************************************
  27:Generated_Source\PSoC5/Button_isr.c **** *  Place your includes, defines and code here 
  28:Generated_Source\PSoC5/Button_isr.c **** ********************************************************************************/
  29:Generated_Source\PSoC5/Button_isr.c **** /* `#START Button_isr_intc` */
  30:Generated_Source\PSoC5/Button_isr.c **** #include "project.h"
ARM GAS  C:\Users\Gemma\AppData\Local\Temp\cczvAlEd.s 			page 2


  31:Generated_Source\PSoC5/Button_isr.c **** /* `#END` */
  32:Generated_Source\PSoC5/Button_isr.c **** 
  33:Generated_Source\PSoC5/Button_isr.c **** #ifndef CYINT_IRQ_BASE
  34:Generated_Source\PSoC5/Button_isr.c **** #define CYINT_IRQ_BASE      16
  35:Generated_Source\PSoC5/Button_isr.c **** #endif /* CYINT_IRQ_BASE */
  36:Generated_Source\PSoC5/Button_isr.c **** #ifndef CYINT_VECT_TABLE
  37:Generated_Source\PSoC5/Button_isr.c **** #define CYINT_VECT_TABLE    ((cyisraddress **) CYREG_NVIC_VECT_OFFSET)
  38:Generated_Source\PSoC5/Button_isr.c **** #endif /* CYINT_VECT_TABLE */
  39:Generated_Source\PSoC5/Button_isr.c **** 
  40:Generated_Source\PSoC5/Button_isr.c **** /* Declared in startup, used to set unused interrupts to. */
  41:Generated_Source\PSoC5/Button_isr.c **** CY_ISR_PROTO(IntDefaultHandler);
  42:Generated_Source\PSoC5/Button_isr.c **** 
  43:Generated_Source\PSoC5/Button_isr.c **** 
  44:Generated_Source\PSoC5/Button_isr.c **** /*******************************************************************************
  45:Generated_Source\PSoC5/Button_isr.c **** * Function Name: Button_isr_Start
  46:Generated_Source\PSoC5/Button_isr.c **** ********************************************************************************
  47:Generated_Source\PSoC5/Button_isr.c **** *
  48:Generated_Source\PSoC5/Button_isr.c **** * Summary:
  49:Generated_Source\PSoC5/Button_isr.c **** *  Set up the interrupt and enable it. This function disables the interrupt, 
  50:Generated_Source\PSoC5/Button_isr.c **** *  sets the default interrupt vector, sets the priority from the value in the
  51:Generated_Source\PSoC5/Button_isr.c **** *  Design Wide Resources Interrupt Editor, then enables the interrupt to the 
  52:Generated_Source\PSoC5/Button_isr.c **** *  interrupt controller.
  53:Generated_Source\PSoC5/Button_isr.c **** *
  54:Generated_Source\PSoC5/Button_isr.c **** * Parameters:  
  55:Generated_Source\PSoC5/Button_isr.c **** *   None
  56:Generated_Source\PSoC5/Button_isr.c **** *
  57:Generated_Source\PSoC5/Button_isr.c **** * Return:
  58:Generated_Source\PSoC5/Button_isr.c **** *   None
  59:Generated_Source\PSoC5/Button_isr.c **** *
  60:Generated_Source\PSoC5/Button_isr.c **** *******************************************************************************/
  61:Generated_Source\PSoC5/Button_isr.c **** void Button_isr_Start(void)
  62:Generated_Source\PSoC5/Button_isr.c **** {
  63:Generated_Source\PSoC5/Button_isr.c ****     /* For all we know the interrupt is active. */
  64:Generated_Source\PSoC5/Button_isr.c ****     Button_isr_Disable();
  65:Generated_Source\PSoC5/Button_isr.c **** 
  66:Generated_Source\PSoC5/Button_isr.c ****     /* Set the ISR to point to the Button_isr Interrupt. */
  67:Generated_Source\PSoC5/Button_isr.c ****     Button_isr_SetVector(&Button_isr_Interrupt);
  68:Generated_Source\PSoC5/Button_isr.c **** 
  69:Generated_Source\PSoC5/Button_isr.c ****     /* Set the priority. */
  70:Generated_Source\PSoC5/Button_isr.c ****     Button_isr_SetPriority((uint8)Button_isr_INTC_PRIOR_NUMBER);
  71:Generated_Source\PSoC5/Button_isr.c **** 
  72:Generated_Source\PSoC5/Button_isr.c ****     /* Enable it. */
  73:Generated_Source\PSoC5/Button_isr.c ****     Button_isr_Enable();
  74:Generated_Source\PSoC5/Button_isr.c **** }
  75:Generated_Source\PSoC5/Button_isr.c **** 
  76:Generated_Source\PSoC5/Button_isr.c **** 
  77:Generated_Source\PSoC5/Button_isr.c **** /*******************************************************************************
  78:Generated_Source\PSoC5/Button_isr.c **** * Function Name: Button_isr_StartEx
  79:Generated_Source\PSoC5/Button_isr.c **** ********************************************************************************
  80:Generated_Source\PSoC5/Button_isr.c **** *
  81:Generated_Source\PSoC5/Button_isr.c **** * Summary:
  82:Generated_Source\PSoC5/Button_isr.c **** *  Sets up the interrupt and enables it. This function disables the interrupt,
  83:Generated_Source\PSoC5/Button_isr.c **** *  sets the interrupt vector based on the address passed in, sets the priority 
  84:Generated_Source\PSoC5/Button_isr.c **** *  from the value in the Design Wide Resources Interrupt Editor, then enables 
  85:Generated_Source\PSoC5/Button_isr.c **** *  the interrupt to the interrupt controller.
  86:Generated_Source\PSoC5/Button_isr.c **** *  
  87:Generated_Source\PSoC5/Button_isr.c **** *  When defining ISR functions, the CY_ISR and CY_ISR_PROTO macros should be 
ARM GAS  C:\Users\Gemma\AppData\Local\Temp\cczvAlEd.s 			page 3


  88:Generated_Source\PSoC5/Button_isr.c **** *  used to provide consistent definition across compilers:
  89:Generated_Source\PSoC5/Button_isr.c **** *  
  90:Generated_Source\PSoC5/Button_isr.c **** *  Function definition example:
  91:Generated_Source\PSoC5/Button_isr.c **** *   CY_ISR(MyISR)
  92:Generated_Source\PSoC5/Button_isr.c **** *   {
  93:Generated_Source\PSoC5/Button_isr.c **** *   }
  94:Generated_Source\PSoC5/Button_isr.c **** *   Function prototype example:
  95:Generated_Source\PSoC5/Button_isr.c **** *   CY_ISR_PROTO(MyISR);
  96:Generated_Source\PSoC5/Button_isr.c **** *
  97:Generated_Source\PSoC5/Button_isr.c **** * Parameters:  
  98:Generated_Source\PSoC5/Button_isr.c **** *   address: Address of the ISR to set in the interrupt vector table.
  99:Generated_Source\PSoC5/Button_isr.c **** *
 100:Generated_Source\PSoC5/Button_isr.c **** * Return:
 101:Generated_Source\PSoC5/Button_isr.c **** *   None
 102:Generated_Source\PSoC5/Button_isr.c **** *
 103:Generated_Source\PSoC5/Button_isr.c **** *******************************************************************************/
 104:Generated_Source\PSoC5/Button_isr.c **** void Button_isr_StartEx(cyisraddress address)
 105:Generated_Source\PSoC5/Button_isr.c **** {
 106:Generated_Source\PSoC5/Button_isr.c ****     /* For all we know the interrupt is active. */
 107:Generated_Source\PSoC5/Button_isr.c ****     Button_isr_Disable();
 108:Generated_Source\PSoC5/Button_isr.c **** 
 109:Generated_Source\PSoC5/Button_isr.c ****     /* Set the ISR to point to the Button_isr Interrupt. */
 110:Generated_Source\PSoC5/Button_isr.c ****     Button_isr_SetVector(address);
 111:Generated_Source\PSoC5/Button_isr.c **** 
 112:Generated_Source\PSoC5/Button_isr.c ****     /* Set the priority. */
 113:Generated_Source\PSoC5/Button_isr.c ****     Button_isr_SetPriority((uint8)Button_isr_INTC_PRIOR_NUMBER);
 114:Generated_Source\PSoC5/Button_isr.c **** 
 115:Generated_Source\PSoC5/Button_isr.c ****     /* Enable it. */
 116:Generated_Source\PSoC5/Button_isr.c ****     Button_isr_Enable();
 117:Generated_Source\PSoC5/Button_isr.c **** }
 118:Generated_Source\PSoC5/Button_isr.c **** 
 119:Generated_Source\PSoC5/Button_isr.c **** 
 120:Generated_Source\PSoC5/Button_isr.c **** /*******************************************************************************
 121:Generated_Source\PSoC5/Button_isr.c **** * Function Name: Button_isr_Stop
 122:Generated_Source\PSoC5/Button_isr.c **** ********************************************************************************
 123:Generated_Source\PSoC5/Button_isr.c **** *
 124:Generated_Source\PSoC5/Button_isr.c **** * Summary:
 125:Generated_Source\PSoC5/Button_isr.c **** *   Disables and removes the interrupt.
 126:Generated_Source\PSoC5/Button_isr.c **** *
 127:Generated_Source\PSoC5/Button_isr.c **** * Parameters:  
 128:Generated_Source\PSoC5/Button_isr.c **** *   None
 129:Generated_Source\PSoC5/Button_isr.c **** *
 130:Generated_Source\PSoC5/Button_isr.c **** * Return:
 131:Generated_Source\PSoC5/Button_isr.c **** *   None
 132:Generated_Source\PSoC5/Button_isr.c **** *
 133:Generated_Source\PSoC5/Button_isr.c **** *******************************************************************************/
 134:Generated_Source\PSoC5/Button_isr.c **** void Button_isr_Stop(void)
 135:Generated_Source\PSoC5/Button_isr.c **** {
 136:Generated_Source\PSoC5/Button_isr.c ****     /* Disable this interrupt. */
 137:Generated_Source\PSoC5/Button_isr.c ****     Button_isr_Disable();
 138:Generated_Source\PSoC5/Button_isr.c **** 
 139:Generated_Source\PSoC5/Button_isr.c ****     /* Set the ISR to point to the passive one. */
 140:Generated_Source\PSoC5/Button_isr.c ****     Button_isr_SetVector(&IntDefaultHandler);
 141:Generated_Source\PSoC5/Button_isr.c **** }
 142:Generated_Source\PSoC5/Button_isr.c **** 
 143:Generated_Source\PSoC5/Button_isr.c **** 
 144:Generated_Source\PSoC5/Button_isr.c **** /*******************************************************************************
ARM GAS  C:\Users\Gemma\AppData\Local\Temp\cczvAlEd.s 			page 4


 145:Generated_Source\PSoC5/Button_isr.c **** * Function Name: Button_isr_Interrupt
 146:Generated_Source\PSoC5/Button_isr.c **** ********************************************************************************
 147:Generated_Source\PSoC5/Button_isr.c **** *
 148:Generated_Source\PSoC5/Button_isr.c **** * Summary:
 149:Generated_Source\PSoC5/Button_isr.c **** *   The default Interrupt Service Routine for Button_isr.
 150:Generated_Source\PSoC5/Button_isr.c **** *
 151:Generated_Source\PSoC5/Button_isr.c **** *   Add custom code between the coments to keep the next version of this file
 152:Generated_Source\PSoC5/Button_isr.c **** *   from over writting your code.
 153:Generated_Source\PSoC5/Button_isr.c **** *
 154:Generated_Source\PSoC5/Button_isr.c **** * Parameters:  
 155:Generated_Source\PSoC5/Button_isr.c **** *
 156:Generated_Source\PSoC5/Button_isr.c **** * Return:
 157:Generated_Source\PSoC5/Button_isr.c **** *   None
 158:Generated_Source\PSoC5/Button_isr.c **** *
 159:Generated_Source\PSoC5/Button_isr.c **** *******************************************************************************/
 160:Generated_Source\PSoC5/Button_isr.c **** CY_ISR(Button_isr_Interrupt)
 161:Generated_Source\PSoC5/Button_isr.c **** {
  28              		.loc 1 161 0
  29              		.cfi_startproc
  30              		@ args = 0, pretend = 0, frame = 0
  31              		@ frame_needed = 0, uses_anonymous_args = 0
  32 0000 08B5     		push	{r3, lr}
  33              		.cfi_def_cfa_offset 8
  34              		.cfi_offset 3, -8
  35              		.cfi_offset 14, -4
 162:Generated_Source\PSoC5/Button_isr.c ****     #ifdef Button_isr_INTERRUPT_INTERRUPT_CALLBACK
 163:Generated_Source\PSoC5/Button_isr.c ****         Button_isr_Interrupt_InterruptCallback();
 164:Generated_Source\PSoC5/Button_isr.c ****     #endif /* Button_isr_INTERRUPT_INTERRUPT_CALLBACK */ 
 165:Generated_Source\PSoC5/Button_isr.c **** 
 166:Generated_Source\PSoC5/Button_isr.c ****     /*  Place your Interrupt code here. */
 167:Generated_Source\PSoC5/Button_isr.c ****     /* `#START Button_isr_Interrupt` */
 168:Generated_Source\PSoC5/Button_isr.c ****         UART_PutString("Interrupt event!\r\n");
  36              		.loc 1 168 0
  37 0002 0648     		ldr	r0, .L3
  38 0004 FFF7FEFF 		bl	UART_PutString
  39              	.LVL0:
 169:Generated_Source\PSoC5/Button_isr.c ****         BlueLED_Write(0);
  40              		.loc 1 169 0
  41 0008 0020     		movs	r0, #0
  42 000a FFF7FEFF 		bl	BlueLED_Write
  43              	.LVL1:
 170:Generated_Source\PSoC5/Button_isr.c ****         CyDelay(10000);
  44              		.loc 1 170 0
  45 000e 42F21070 		movw	r0, #10000
  46 0012 FFF7FEFF 		bl	CyDelay
  47              	.LVL2:
 171:Generated_Source\PSoC5/Button_isr.c ****         Button_ClearInterrupt();
  48              		.loc 1 171 0
  49 0016 FFF7FEFF 		bl	Button_ClearInterrupt
  50              	.LVL3:
  51 001a 08BD     		pop	{r3, pc}
  52              	.L4:
  53              		.align	2
  54              	.L3:
  55 001c 00000000 		.word	.LC0
  56              		.cfi_endproc
  57              	.LFE66:
ARM GAS  C:\Users\Gemma\AppData\Local\Temp\cczvAlEd.s 			page 5


  58              		.size	Button_isr_Interrupt, .-Button_isr_Interrupt
  59              		.section	.text.Button_isr_SetVector,"ax",%progbits
  60              		.align	2
  61              		.global	Button_isr_SetVector
  62              		.thumb
  63              		.thumb_func
  64              		.type	Button_isr_SetVector, %function
  65              	Button_isr_SetVector:
  66              	.LFB67:
 172:Generated_Source\PSoC5/Button_isr.c ****   
 173:Generated_Source\PSoC5/Button_isr.c ****     /* `#END` */
 174:Generated_Source\PSoC5/Button_isr.c **** }
 175:Generated_Source\PSoC5/Button_isr.c **** 
 176:Generated_Source\PSoC5/Button_isr.c **** 
 177:Generated_Source\PSoC5/Button_isr.c **** /*******************************************************************************
 178:Generated_Source\PSoC5/Button_isr.c **** * Function Name: Button_isr_SetVector
 179:Generated_Source\PSoC5/Button_isr.c **** ********************************************************************************
 180:Generated_Source\PSoC5/Button_isr.c **** *
 181:Generated_Source\PSoC5/Button_isr.c **** * Summary:
 182:Generated_Source\PSoC5/Button_isr.c **** *   Change the ISR vector for the Interrupt. Note calling Button_isr_Start
 183:Generated_Source\PSoC5/Button_isr.c **** *   will override any effect this method would have had. To set the vector 
 184:Generated_Source\PSoC5/Button_isr.c **** *   before the component has been started use Button_isr_StartEx instead.
 185:Generated_Source\PSoC5/Button_isr.c **** * 
 186:Generated_Source\PSoC5/Button_isr.c **** *   When defining ISR functions, the CY_ISR and CY_ISR_PROTO macros should be 
 187:Generated_Source\PSoC5/Button_isr.c **** *   used to provide consistent definition across compilers:
 188:Generated_Source\PSoC5/Button_isr.c **** *
 189:Generated_Source\PSoC5/Button_isr.c **** *   Function definition example:
 190:Generated_Source\PSoC5/Button_isr.c **** *   CY_ISR(MyISR)
 191:Generated_Source\PSoC5/Button_isr.c **** *   {
 192:Generated_Source\PSoC5/Button_isr.c **** *   }
 193:Generated_Source\PSoC5/Button_isr.c **** *
 194:Generated_Source\PSoC5/Button_isr.c **** *   Function prototype example:
 195:Generated_Source\PSoC5/Button_isr.c **** *     CY_ISR_PROTO(MyISR);
 196:Generated_Source\PSoC5/Button_isr.c **** *
 197:Generated_Source\PSoC5/Button_isr.c **** * Parameters:
 198:Generated_Source\PSoC5/Button_isr.c **** *   address: Address of the ISR to set in the interrupt vector table.
 199:Generated_Source\PSoC5/Button_isr.c **** *
 200:Generated_Source\PSoC5/Button_isr.c **** * Return:
 201:Generated_Source\PSoC5/Button_isr.c **** *   None
 202:Generated_Source\PSoC5/Button_isr.c **** *
 203:Generated_Source\PSoC5/Button_isr.c **** *******************************************************************************/
 204:Generated_Source\PSoC5/Button_isr.c **** void Button_isr_SetVector(cyisraddress address)
 205:Generated_Source\PSoC5/Button_isr.c **** {
  67              		.loc 1 205 0
  68              		.cfi_startproc
  69              		@ args = 0, pretend = 0, frame = 0
  70              		@ frame_needed = 0, uses_anonymous_args = 0
  71              		@ link register save eliminated.
  72              	.LVL4:
 206:Generated_Source\PSoC5/Button_isr.c ****     cyisraddress * ramVectorTable;
 207:Generated_Source\PSoC5/Button_isr.c **** 
 208:Generated_Source\PSoC5/Button_isr.c ****     ramVectorTable = (cyisraddress *) *CYINT_VECT_TABLE;
  73              		.loc 1 208 0
  74 0000 014B     		ldr	r3, .L6
  75 0002 1B68     		ldr	r3, [r3]
  76              	.LVL5:
 209:Generated_Source\PSoC5/Button_isr.c **** 
ARM GAS  C:\Users\Gemma\AppData\Local\Temp\cczvAlEd.s 			page 6


 210:Generated_Source\PSoC5/Button_isr.c ****     ramVectorTable[CYINT_IRQ_BASE + (uint32)Button_isr__INTC_NUMBER] = address;
  77              		.loc 1 210 0
  78 0004 9865     		str	r0, [r3, #88]
  79 0006 7047     		bx	lr
  80              	.L7:
  81              		.align	2
  82              	.L6:
  83 0008 08ED00E0 		.word	-536810232
  84              		.cfi_endproc
  85              	.LFE67:
  86              		.size	Button_isr_SetVector, .-Button_isr_SetVector
  87              		.section	.text.Button_isr_GetVector,"ax",%progbits
  88              		.align	2
  89              		.global	Button_isr_GetVector
  90              		.thumb
  91              		.thumb_func
  92              		.type	Button_isr_GetVector, %function
  93              	Button_isr_GetVector:
  94              	.LFB68:
 211:Generated_Source\PSoC5/Button_isr.c **** }
 212:Generated_Source\PSoC5/Button_isr.c **** 
 213:Generated_Source\PSoC5/Button_isr.c **** 
 214:Generated_Source\PSoC5/Button_isr.c **** /*******************************************************************************
 215:Generated_Source\PSoC5/Button_isr.c **** * Function Name: Button_isr_GetVector
 216:Generated_Source\PSoC5/Button_isr.c **** ********************************************************************************
 217:Generated_Source\PSoC5/Button_isr.c **** *
 218:Generated_Source\PSoC5/Button_isr.c **** * Summary:
 219:Generated_Source\PSoC5/Button_isr.c **** *   Gets the "address" of the current ISR vector for the Interrupt.
 220:Generated_Source\PSoC5/Button_isr.c **** *
 221:Generated_Source\PSoC5/Button_isr.c **** * Parameters:
 222:Generated_Source\PSoC5/Button_isr.c **** *   None
 223:Generated_Source\PSoC5/Button_isr.c **** *
 224:Generated_Source\PSoC5/Button_isr.c **** * Return:
 225:Generated_Source\PSoC5/Button_isr.c **** *   Address of the ISR in the interrupt vector table.
 226:Generated_Source\PSoC5/Button_isr.c **** *
 227:Generated_Source\PSoC5/Button_isr.c **** *******************************************************************************/
 228:Generated_Source\PSoC5/Button_isr.c **** cyisraddress Button_isr_GetVector(void)
 229:Generated_Source\PSoC5/Button_isr.c **** {
  95              		.loc 1 229 0
  96              		.cfi_startproc
  97              		@ args = 0, pretend = 0, frame = 0
  98              		@ frame_needed = 0, uses_anonymous_args = 0
  99              		@ link register save eliminated.
 230:Generated_Source\PSoC5/Button_isr.c ****     cyisraddress * ramVectorTable;
 231:Generated_Source\PSoC5/Button_isr.c **** 
 232:Generated_Source\PSoC5/Button_isr.c ****     ramVectorTable = (cyisraddress *) *CYINT_VECT_TABLE;
 100              		.loc 1 232 0
 101 0000 014B     		ldr	r3, .L9
 102 0002 1B68     		ldr	r3, [r3]
 103              	.LVL6:
 233:Generated_Source\PSoC5/Button_isr.c **** 
 234:Generated_Source\PSoC5/Button_isr.c ****     return ramVectorTable[CYINT_IRQ_BASE + (uint32)Button_isr__INTC_NUMBER];
 235:Generated_Source\PSoC5/Button_isr.c **** }
 104              		.loc 1 235 0
 105 0004 986D     		ldr	r0, [r3, #88]
 106 0006 7047     		bx	lr
 107              	.L10:
ARM GAS  C:\Users\Gemma\AppData\Local\Temp\cczvAlEd.s 			page 7


 108              		.align	2
 109              	.L9:
 110 0008 08ED00E0 		.word	-536810232
 111              		.cfi_endproc
 112              	.LFE68:
 113              		.size	Button_isr_GetVector, .-Button_isr_GetVector
 114              		.section	.text.Button_isr_SetPriority,"ax",%progbits
 115              		.align	2
 116              		.global	Button_isr_SetPriority
 117              		.thumb
 118              		.thumb_func
 119              		.type	Button_isr_SetPriority, %function
 120              	Button_isr_SetPriority:
 121              	.LFB69:
 236:Generated_Source\PSoC5/Button_isr.c **** 
 237:Generated_Source\PSoC5/Button_isr.c **** 
 238:Generated_Source\PSoC5/Button_isr.c **** /*******************************************************************************
 239:Generated_Source\PSoC5/Button_isr.c **** * Function Name: Button_isr_SetPriority
 240:Generated_Source\PSoC5/Button_isr.c **** ********************************************************************************
 241:Generated_Source\PSoC5/Button_isr.c **** *
 242:Generated_Source\PSoC5/Button_isr.c **** * Summary:
 243:Generated_Source\PSoC5/Button_isr.c **** *   Sets the Priority of the Interrupt. 
 244:Generated_Source\PSoC5/Button_isr.c **** *
 245:Generated_Source\PSoC5/Button_isr.c **** *   Note calling Button_isr_Start or Button_isr_StartEx will 
 246:Generated_Source\PSoC5/Button_isr.c **** *   override any effect this API would have had. This API should only be called
 247:Generated_Source\PSoC5/Button_isr.c **** *   after Button_isr_Start or Button_isr_StartEx has been called. 
 248:Generated_Source\PSoC5/Button_isr.c **** *   To set the initial priority for the component, use the Design-Wide Resources
 249:Generated_Source\PSoC5/Button_isr.c **** *   Interrupt Editor.
 250:Generated_Source\PSoC5/Button_isr.c **** *
 251:Generated_Source\PSoC5/Button_isr.c **** *   Note This API has no effect on Non-maskable interrupt NMI).
 252:Generated_Source\PSoC5/Button_isr.c **** *
 253:Generated_Source\PSoC5/Button_isr.c **** * Parameters:
 254:Generated_Source\PSoC5/Button_isr.c **** *   priority: Priority of the interrupt, 0 being the highest priority
 255:Generated_Source\PSoC5/Button_isr.c **** *             PSoC 3 and PSoC 5LP: Priority is from 0 to 7.
 256:Generated_Source\PSoC5/Button_isr.c **** *             PSoC 4: Priority is from 0 to 3.
 257:Generated_Source\PSoC5/Button_isr.c **** *
 258:Generated_Source\PSoC5/Button_isr.c **** * Return:
 259:Generated_Source\PSoC5/Button_isr.c **** *   None
 260:Generated_Source\PSoC5/Button_isr.c **** *
 261:Generated_Source\PSoC5/Button_isr.c **** *******************************************************************************/
 262:Generated_Source\PSoC5/Button_isr.c **** void Button_isr_SetPriority(uint8 priority)
 263:Generated_Source\PSoC5/Button_isr.c **** {
 122              		.loc 1 263 0
 123              		.cfi_startproc
 124              		@ args = 0, pretend = 0, frame = 0
 125              		@ frame_needed = 0, uses_anonymous_args = 0
 126              		@ link register save eliminated.
 127              	.LVL7:
 264:Generated_Source\PSoC5/Button_isr.c ****     *Button_isr_INTC_PRIOR = priority << 5;
 128              		.loc 1 264 0
 129 0000 4001     		lsls	r0, r0, #5
 130              	.LVL8:
 131 0002 C0B2     		uxtb	r0, r0
 132 0004 014B     		ldr	r3, .L12
 133 0006 1870     		strb	r0, [r3]
 134 0008 7047     		bx	lr
 135              	.L13:
ARM GAS  C:\Users\Gemma\AppData\Local\Temp\cczvAlEd.s 			page 8


 136 000a 00BF     		.align	2
 137              	.L12:
 138 000c 06E400E0 		.word	-536812538
 139              		.cfi_endproc
 140              	.LFE69:
 141              		.size	Button_isr_SetPriority, .-Button_isr_SetPriority
 142              		.section	.text.Button_isr_GetPriority,"ax",%progbits
 143              		.align	2
 144              		.global	Button_isr_GetPriority
 145              		.thumb
 146              		.thumb_func
 147              		.type	Button_isr_GetPriority, %function
 148              	Button_isr_GetPriority:
 149              	.LFB70:
 265:Generated_Source\PSoC5/Button_isr.c **** }
 266:Generated_Source\PSoC5/Button_isr.c **** 
 267:Generated_Source\PSoC5/Button_isr.c **** 
 268:Generated_Source\PSoC5/Button_isr.c **** /*******************************************************************************
 269:Generated_Source\PSoC5/Button_isr.c **** * Function Name: Button_isr_GetPriority
 270:Generated_Source\PSoC5/Button_isr.c **** ********************************************************************************
 271:Generated_Source\PSoC5/Button_isr.c **** *
 272:Generated_Source\PSoC5/Button_isr.c **** * Summary:
 273:Generated_Source\PSoC5/Button_isr.c **** *   Gets the Priority of the Interrupt.
 274:Generated_Source\PSoC5/Button_isr.c **** *
 275:Generated_Source\PSoC5/Button_isr.c **** * Parameters:
 276:Generated_Source\PSoC5/Button_isr.c **** *   None
 277:Generated_Source\PSoC5/Button_isr.c **** *
 278:Generated_Source\PSoC5/Button_isr.c **** * Return:
 279:Generated_Source\PSoC5/Button_isr.c **** *   Priority of the interrupt, 0 being the highest priority
 280:Generated_Source\PSoC5/Button_isr.c **** *    PSoC 3 and PSoC 5LP: Priority is from 0 to 7.
 281:Generated_Source\PSoC5/Button_isr.c **** *    PSoC 4: Priority is from 0 to 3.
 282:Generated_Source\PSoC5/Button_isr.c **** *
 283:Generated_Source\PSoC5/Button_isr.c **** *******************************************************************************/
 284:Generated_Source\PSoC5/Button_isr.c **** uint8 Button_isr_GetPriority(void)
 285:Generated_Source\PSoC5/Button_isr.c **** {
 150              		.loc 1 285 0
 151              		.cfi_startproc
 152              		@ args = 0, pretend = 0, frame = 0
 153              		@ frame_needed = 0, uses_anonymous_args = 0
 154              		@ link register save eliminated.
 286:Generated_Source\PSoC5/Button_isr.c ****     uint8 priority;
 287:Generated_Source\PSoC5/Button_isr.c **** 
 288:Generated_Source\PSoC5/Button_isr.c **** 
 289:Generated_Source\PSoC5/Button_isr.c ****     priority = *Button_isr_INTC_PRIOR >> 5;
 155              		.loc 1 289 0
 156 0000 014B     		ldr	r3, .L15
 157 0002 1878     		ldrb	r0, [r3]	@ zero_extendqisi2
 158              	.LVL9:
 290:Generated_Source\PSoC5/Button_isr.c **** 
 291:Generated_Source\PSoC5/Button_isr.c ****     return priority;
 292:Generated_Source\PSoC5/Button_isr.c **** }
 159              		.loc 1 292 0
 160 0004 4009     		lsrs	r0, r0, #5
 161              	.LVL10:
 162 0006 7047     		bx	lr
 163              	.L16:
 164              		.align	2
ARM GAS  C:\Users\Gemma\AppData\Local\Temp\cczvAlEd.s 			page 9


 165              	.L15:
 166 0008 06E400E0 		.word	-536812538
 167              		.cfi_endproc
 168              	.LFE70:
 169              		.size	Button_isr_GetPriority, .-Button_isr_GetPriority
 170              		.section	.text.Button_isr_Enable,"ax",%progbits
 171              		.align	2
 172              		.global	Button_isr_Enable
 173              		.thumb
 174              		.thumb_func
 175              		.type	Button_isr_Enable, %function
 176              	Button_isr_Enable:
 177              	.LFB71:
 293:Generated_Source\PSoC5/Button_isr.c **** 
 294:Generated_Source\PSoC5/Button_isr.c **** 
 295:Generated_Source\PSoC5/Button_isr.c **** /*******************************************************************************
 296:Generated_Source\PSoC5/Button_isr.c **** * Function Name: Button_isr_Enable
 297:Generated_Source\PSoC5/Button_isr.c **** ********************************************************************************
 298:Generated_Source\PSoC5/Button_isr.c **** *
 299:Generated_Source\PSoC5/Button_isr.c **** * Summary:
 300:Generated_Source\PSoC5/Button_isr.c **** *   Enables the interrupt to the interrupt controller. Do not call this function
 301:Generated_Source\PSoC5/Button_isr.c **** *   unless ISR_Start() has been called or the functionality of the ISR_Start() 
 302:Generated_Source\PSoC5/Button_isr.c **** *   function, which sets the vector and the priority, has been called.
 303:Generated_Source\PSoC5/Button_isr.c **** *
 304:Generated_Source\PSoC5/Button_isr.c **** * Parameters:
 305:Generated_Source\PSoC5/Button_isr.c **** *   None
 306:Generated_Source\PSoC5/Button_isr.c **** *
 307:Generated_Source\PSoC5/Button_isr.c **** * Return:
 308:Generated_Source\PSoC5/Button_isr.c **** *   None
 309:Generated_Source\PSoC5/Button_isr.c **** *
 310:Generated_Source\PSoC5/Button_isr.c **** *******************************************************************************/
 311:Generated_Source\PSoC5/Button_isr.c **** void Button_isr_Enable(void)
 312:Generated_Source\PSoC5/Button_isr.c **** {
 178              		.loc 1 312 0
 179              		.cfi_startproc
 180              		@ args = 0, pretend = 0, frame = 0
 181              		@ frame_needed = 0, uses_anonymous_args = 0
 182              		@ link register save eliminated.
 313:Generated_Source\PSoC5/Button_isr.c ****     /* Enable the general interrupt. */
 314:Generated_Source\PSoC5/Button_isr.c ****     *Button_isr_INTC_SET_EN = Button_isr__INTC_MASK;
 183              		.loc 1 314 0
 184 0000 4022     		movs	r2, #64
 185 0002 014B     		ldr	r3, .L18
 186 0004 1A60     		str	r2, [r3]
 187 0006 7047     		bx	lr
 188              	.L19:
 189              		.align	2
 190              	.L18:
 191 0008 00E100E0 		.word	-536813312
 192              		.cfi_endproc
 193              	.LFE71:
 194              		.size	Button_isr_Enable, .-Button_isr_Enable
 195              		.section	.text.Button_isr_GetState,"ax",%progbits
 196              		.align	2
 197              		.global	Button_isr_GetState
 198              		.thumb
 199              		.thumb_func
ARM GAS  C:\Users\Gemma\AppData\Local\Temp\cczvAlEd.s 			page 10


 200              		.type	Button_isr_GetState, %function
 201              	Button_isr_GetState:
 202              	.LFB72:
 315:Generated_Source\PSoC5/Button_isr.c **** }
 316:Generated_Source\PSoC5/Button_isr.c **** 
 317:Generated_Source\PSoC5/Button_isr.c **** 
 318:Generated_Source\PSoC5/Button_isr.c **** /*******************************************************************************
 319:Generated_Source\PSoC5/Button_isr.c **** * Function Name: Button_isr_GetState
 320:Generated_Source\PSoC5/Button_isr.c **** ********************************************************************************
 321:Generated_Source\PSoC5/Button_isr.c **** *
 322:Generated_Source\PSoC5/Button_isr.c **** * Summary:
 323:Generated_Source\PSoC5/Button_isr.c **** *   Gets the state (enabled, disabled) of the Interrupt.
 324:Generated_Source\PSoC5/Button_isr.c **** *
 325:Generated_Source\PSoC5/Button_isr.c **** * Parameters:
 326:Generated_Source\PSoC5/Button_isr.c **** *   None
 327:Generated_Source\PSoC5/Button_isr.c **** *
 328:Generated_Source\PSoC5/Button_isr.c **** * Return:
 329:Generated_Source\PSoC5/Button_isr.c **** *   1 if enabled, 0 if disabled.
 330:Generated_Source\PSoC5/Button_isr.c **** *
 331:Generated_Source\PSoC5/Button_isr.c **** *******************************************************************************/
 332:Generated_Source\PSoC5/Button_isr.c **** uint8 Button_isr_GetState(void)
 333:Generated_Source\PSoC5/Button_isr.c **** {
 203              		.loc 1 333 0
 204              		.cfi_startproc
 205              		@ args = 0, pretend = 0, frame = 0
 206              		@ frame_needed = 0, uses_anonymous_args = 0
 207              		@ link register save eliminated.
 334:Generated_Source\PSoC5/Button_isr.c ****     /* Get the state of the general interrupt. */
 335:Generated_Source\PSoC5/Button_isr.c ****     return ((*Button_isr_INTC_SET_EN & (uint32)Button_isr__INTC_MASK) != 0u) ? 1u:0u;
 208              		.loc 1 335 0
 209 0000 044B     		ldr	r3, .L23
 210 0002 1B68     		ldr	r3, [r3]
 211 0004 13F0400F 		tst	r3, #64
 212 0008 01D0     		beq	.L22
 213 000a 0120     		movs	r0, #1
 214 000c 7047     		bx	lr
 215              	.L22:
 216 000e 0020     		movs	r0, #0
 336:Generated_Source\PSoC5/Button_isr.c **** }
 217              		.loc 1 336 0
 218 0010 7047     		bx	lr
 219              	.L24:
 220 0012 00BF     		.align	2
 221              	.L23:
 222 0014 00E100E0 		.word	-536813312
 223              		.cfi_endproc
 224              	.LFE72:
 225              		.size	Button_isr_GetState, .-Button_isr_GetState
 226              		.section	.text.Button_isr_Disable,"ax",%progbits
 227              		.align	2
 228              		.global	Button_isr_Disable
 229              		.thumb
 230              		.thumb_func
 231              		.type	Button_isr_Disable, %function
 232              	Button_isr_Disable:
 233              	.LFB73:
 337:Generated_Source\PSoC5/Button_isr.c **** 
ARM GAS  C:\Users\Gemma\AppData\Local\Temp\cczvAlEd.s 			page 11


 338:Generated_Source\PSoC5/Button_isr.c **** 
 339:Generated_Source\PSoC5/Button_isr.c **** /*******************************************************************************
 340:Generated_Source\PSoC5/Button_isr.c **** * Function Name: Button_isr_Disable
 341:Generated_Source\PSoC5/Button_isr.c **** ********************************************************************************
 342:Generated_Source\PSoC5/Button_isr.c **** *
 343:Generated_Source\PSoC5/Button_isr.c **** * Summary:
 344:Generated_Source\PSoC5/Button_isr.c **** *   Disables the Interrupt in the interrupt controller.
 345:Generated_Source\PSoC5/Button_isr.c **** *
 346:Generated_Source\PSoC5/Button_isr.c **** * Parameters:
 347:Generated_Source\PSoC5/Button_isr.c **** *   None
 348:Generated_Source\PSoC5/Button_isr.c **** *
 349:Generated_Source\PSoC5/Button_isr.c **** * Return:
 350:Generated_Source\PSoC5/Button_isr.c **** *   None
 351:Generated_Source\PSoC5/Button_isr.c **** *
 352:Generated_Source\PSoC5/Button_isr.c **** *******************************************************************************/
 353:Generated_Source\PSoC5/Button_isr.c **** void Button_isr_Disable(void)
 354:Generated_Source\PSoC5/Button_isr.c **** {
 234              		.loc 1 354 0
 235              		.cfi_startproc
 236              		@ args = 0, pretend = 0, frame = 0
 237              		@ frame_needed = 0, uses_anonymous_args = 0
 238              		@ link register save eliminated.
 355:Generated_Source\PSoC5/Button_isr.c ****     /* Disable the general interrupt. */
 356:Generated_Source\PSoC5/Button_isr.c ****     *Button_isr_INTC_CLR_EN = Button_isr__INTC_MASK;
 239              		.loc 1 356 0
 240 0000 4022     		movs	r2, #64
 241 0002 014B     		ldr	r3, .L26
 242 0004 1A60     		str	r2, [r3]
 243 0006 7047     		bx	lr
 244              	.L27:
 245              		.align	2
 246              	.L26:
 247 0008 80E100E0 		.word	-536813184
 248              		.cfi_endproc
 249              	.LFE73:
 250              		.size	Button_isr_Disable, .-Button_isr_Disable
 251              		.section	.text.Button_isr_Start,"ax",%progbits
 252              		.align	2
 253              		.global	Button_isr_Start
 254              		.thumb
 255              		.thumb_func
 256              		.type	Button_isr_Start, %function
 257              	Button_isr_Start:
 258              	.LFB63:
  62:Generated_Source\PSoC5/Button_isr.c ****     /* For all we know the interrupt is active. */
 259              		.loc 1 62 0
 260              		.cfi_startproc
 261              		@ args = 0, pretend = 0, frame = 0
 262              		@ frame_needed = 0, uses_anonymous_args = 0
 263 0000 08B5     		push	{r3, lr}
 264              		.cfi_def_cfa_offset 8
 265              		.cfi_offset 3, -8
 266              		.cfi_offset 14, -4
  64:Generated_Source\PSoC5/Button_isr.c **** 
 267              		.loc 1 64 0
 268 0002 FFF7FEFF 		bl	Button_isr_Disable
 269              	.LVL11:
ARM GAS  C:\Users\Gemma\AppData\Local\Temp\cczvAlEd.s 			page 12


  67:Generated_Source\PSoC5/Button_isr.c **** 
 270              		.loc 1 67 0
 271 0006 0448     		ldr	r0, .L30
 272 0008 FFF7FEFF 		bl	Button_isr_SetVector
 273              	.LVL12:
  70:Generated_Source\PSoC5/Button_isr.c **** 
 274              		.loc 1 70 0
 275 000c 0720     		movs	r0, #7
 276 000e FFF7FEFF 		bl	Button_isr_SetPriority
 277              	.LVL13:
  73:Generated_Source\PSoC5/Button_isr.c **** }
 278              		.loc 1 73 0
 279 0012 FFF7FEFF 		bl	Button_isr_Enable
 280              	.LVL14:
 281 0016 08BD     		pop	{r3, pc}
 282              	.L31:
 283              		.align	2
 284              	.L30:
 285 0018 00000000 		.word	Button_isr_Interrupt
 286              		.cfi_endproc
 287              	.LFE63:
 288              		.size	Button_isr_Start, .-Button_isr_Start
 289              		.section	.text.Button_isr_StartEx,"ax",%progbits
 290              		.align	2
 291              		.global	Button_isr_StartEx
 292              		.thumb
 293              		.thumb_func
 294              		.type	Button_isr_StartEx, %function
 295              	Button_isr_StartEx:
 296              	.LFB64:
 105:Generated_Source\PSoC5/Button_isr.c ****     /* For all we know the interrupt is active. */
 297              		.loc 1 105 0
 298              		.cfi_startproc
 299              		@ args = 0, pretend = 0, frame = 0
 300              		@ frame_needed = 0, uses_anonymous_args = 0
 301              	.LVL15:
 302 0000 10B5     		push	{r4, lr}
 303              		.cfi_def_cfa_offset 8
 304              		.cfi_offset 4, -8
 305              		.cfi_offset 14, -4
 306 0002 0446     		mov	r4, r0
 107:Generated_Source\PSoC5/Button_isr.c **** 
 307              		.loc 1 107 0
 308 0004 FFF7FEFF 		bl	Button_isr_Disable
 309              	.LVL16:
 110:Generated_Source\PSoC5/Button_isr.c **** 
 310              		.loc 1 110 0
 311 0008 2046     		mov	r0, r4
 312 000a FFF7FEFF 		bl	Button_isr_SetVector
 313              	.LVL17:
 113:Generated_Source\PSoC5/Button_isr.c **** 
 314              		.loc 1 113 0
 315 000e 0720     		movs	r0, #7
 316 0010 FFF7FEFF 		bl	Button_isr_SetPriority
 317              	.LVL18:
 116:Generated_Source\PSoC5/Button_isr.c **** }
 318              		.loc 1 116 0
ARM GAS  C:\Users\Gemma\AppData\Local\Temp\cczvAlEd.s 			page 13


 319 0014 FFF7FEFF 		bl	Button_isr_Enable
 320              	.LVL19:
 321 0018 10BD     		pop	{r4, pc}
 322              		.cfi_endproc
 323              	.LFE64:
 324              		.size	Button_isr_StartEx, .-Button_isr_StartEx
 325 001a 00BF     		.section	.text.Button_isr_Stop,"ax",%progbits
 326              		.align	2
 327              		.global	Button_isr_Stop
 328              		.thumb
 329              		.thumb_func
 330              		.type	Button_isr_Stop, %function
 331              	Button_isr_Stop:
 332              	.LFB65:
 135:Generated_Source\PSoC5/Button_isr.c ****     /* Disable this interrupt. */
 333              		.loc 1 135 0
 334              		.cfi_startproc
 335              		@ args = 0, pretend = 0, frame = 0
 336              		@ frame_needed = 0, uses_anonymous_args = 0
 337 0000 08B5     		push	{r3, lr}
 338              		.cfi_def_cfa_offset 8
 339              		.cfi_offset 3, -8
 340              		.cfi_offset 14, -4
 137:Generated_Source\PSoC5/Button_isr.c **** 
 341              		.loc 1 137 0
 342 0002 FFF7FEFF 		bl	Button_isr_Disable
 343              	.LVL20:
 140:Generated_Source\PSoC5/Button_isr.c **** }
 344              		.loc 1 140 0
 345 0006 0248     		ldr	r0, .L36
 346 0008 FFF7FEFF 		bl	Button_isr_SetVector
 347              	.LVL21:
 348 000c 08BD     		pop	{r3, pc}
 349              	.L37:
 350 000e 00BF     		.align	2
 351              	.L36:
 352 0010 00000000 		.word	IntDefaultHandler
 353              		.cfi_endproc
 354              	.LFE65:
 355              		.size	Button_isr_Stop, .-Button_isr_Stop
 356              		.section	.text.Button_isr_SetPending,"ax",%progbits
 357              		.align	2
 358              		.global	Button_isr_SetPending
 359              		.thumb
 360              		.thumb_func
 361              		.type	Button_isr_SetPending, %function
 362              	Button_isr_SetPending:
 363              	.LFB74:
 357:Generated_Source\PSoC5/Button_isr.c **** }
 358:Generated_Source\PSoC5/Button_isr.c **** 
 359:Generated_Source\PSoC5/Button_isr.c **** 
 360:Generated_Source\PSoC5/Button_isr.c **** /*******************************************************************************
 361:Generated_Source\PSoC5/Button_isr.c **** * Function Name: Button_isr_SetPending
 362:Generated_Source\PSoC5/Button_isr.c **** ********************************************************************************
 363:Generated_Source\PSoC5/Button_isr.c **** *
 364:Generated_Source\PSoC5/Button_isr.c **** * Summary:
 365:Generated_Source\PSoC5/Button_isr.c **** *   Causes the Interrupt to enter the pending state, a software method of
ARM GAS  C:\Users\Gemma\AppData\Local\Temp\cczvAlEd.s 			page 14


 366:Generated_Source\PSoC5/Button_isr.c **** *   generating the interrupt.
 367:Generated_Source\PSoC5/Button_isr.c **** *
 368:Generated_Source\PSoC5/Button_isr.c **** * Parameters:
 369:Generated_Source\PSoC5/Button_isr.c **** *   None
 370:Generated_Source\PSoC5/Button_isr.c **** *
 371:Generated_Source\PSoC5/Button_isr.c **** * Return:
 372:Generated_Source\PSoC5/Button_isr.c **** *   None
 373:Generated_Source\PSoC5/Button_isr.c **** *
 374:Generated_Source\PSoC5/Button_isr.c **** * Side Effects:
 375:Generated_Source\PSoC5/Button_isr.c **** *   If interrupts are enabled and the interrupt is set up properly, the ISR is
 376:Generated_Source\PSoC5/Button_isr.c **** *   entered (depending on the priority of this interrupt and other pending 
 377:Generated_Source\PSoC5/Button_isr.c **** *   interrupts).
 378:Generated_Source\PSoC5/Button_isr.c **** *
 379:Generated_Source\PSoC5/Button_isr.c **** *******************************************************************************/
 380:Generated_Source\PSoC5/Button_isr.c **** void Button_isr_SetPending(void)
 381:Generated_Source\PSoC5/Button_isr.c **** {
 364              		.loc 1 381 0
 365              		.cfi_startproc
 366              		@ args = 0, pretend = 0, frame = 0
 367              		@ frame_needed = 0, uses_anonymous_args = 0
 368              		@ link register save eliminated.
 382:Generated_Source\PSoC5/Button_isr.c ****     *Button_isr_INTC_SET_PD = Button_isr__INTC_MASK;
 369              		.loc 1 382 0
 370 0000 4022     		movs	r2, #64
 371 0002 014B     		ldr	r3, .L39
 372 0004 1A60     		str	r2, [r3]
 373 0006 7047     		bx	lr
 374              	.L40:
 375              		.align	2
 376              	.L39:
 377 0008 00E200E0 		.word	-536813056
 378              		.cfi_endproc
 379              	.LFE74:
 380              		.size	Button_isr_SetPending, .-Button_isr_SetPending
 381              		.section	.text.Button_isr_ClearPending,"ax",%progbits
 382              		.align	2
 383              		.global	Button_isr_ClearPending
 384              		.thumb
 385              		.thumb_func
 386              		.type	Button_isr_ClearPending, %function
 387              	Button_isr_ClearPending:
 388              	.LFB75:
 383:Generated_Source\PSoC5/Button_isr.c **** }
 384:Generated_Source\PSoC5/Button_isr.c **** 
 385:Generated_Source\PSoC5/Button_isr.c **** 
 386:Generated_Source\PSoC5/Button_isr.c **** /*******************************************************************************
 387:Generated_Source\PSoC5/Button_isr.c **** * Function Name: Button_isr_ClearPending
 388:Generated_Source\PSoC5/Button_isr.c **** ********************************************************************************
 389:Generated_Source\PSoC5/Button_isr.c **** *
 390:Generated_Source\PSoC5/Button_isr.c **** * Summary:
 391:Generated_Source\PSoC5/Button_isr.c **** *   Clears a pending interrupt in the interrupt controller.
 392:Generated_Source\PSoC5/Button_isr.c **** *
 393:Generated_Source\PSoC5/Button_isr.c **** *   Note Some interrupt sources are clear-on-read and require the block 
 394:Generated_Source\PSoC5/Button_isr.c **** *   interrupt/status register to be read/cleared with the appropriate block API 
 395:Generated_Source\PSoC5/Button_isr.c **** *   (GPIO, UART, and so on). Otherwise the ISR will continue to remain in 
 396:Generated_Source\PSoC5/Button_isr.c **** *   pending state even though the interrupt itself is cleared using this API.
 397:Generated_Source\PSoC5/Button_isr.c **** *
ARM GAS  C:\Users\Gemma\AppData\Local\Temp\cczvAlEd.s 			page 15


 398:Generated_Source\PSoC5/Button_isr.c **** * Parameters:
 399:Generated_Source\PSoC5/Button_isr.c **** *   None
 400:Generated_Source\PSoC5/Button_isr.c **** *
 401:Generated_Source\PSoC5/Button_isr.c **** * Return:
 402:Generated_Source\PSoC5/Button_isr.c **** *   None
 403:Generated_Source\PSoC5/Button_isr.c **** *
 404:Generated_Source\PSoC5/Button_isr.c **** *******************************************************************************/
 405:Generated_Source\PSoC5/Button_isr.c **** void Button_isr_ClearPending(void)
 406:Generated_Source\PSoC5/Button_isr.c **** {
 389              		.loc 1 406 0
 390              		.cfi_startproc
 391              		@ args = 0, pretend = 0, frame = 0
 392              		@ frame_needed = 0, uses_anonymous_args = 0
 393              		@ link register save eliminated.
 407:Generated_Source\PSoC5/Button_isr.c ****     *Button_isr_INTC_CLR_PD = Button_isr__INTC_MASK;
 394              		.loc 1 407 0
 395 0000 4022     		movs	r2, #64
 396 0002 014B     		ldr	r3, .L42
 397 0004 1A60     		str	r2, [r3]
 398 0006 7047     		bx	lr
 399              	.L43:
 400              		.align	2
 401              	.L42:
 402 0008 80E200E0 		.word	-536812928
 403              		.cfi_endproc
 404              	.LFE75:
 405              		.size	Button_isr_ClearPending, .-Button_isr_ClearPending
 406              		.section	.rodata.str1.4,"aMS",%progbits,1
 407              		.align	2
 408              	.LC0:
 409 0000 496E7465 		.ascii	"Interrupt event!\015\012\000"
 409      72727570 
 409      74206576 
 409      656E7421 
 409      0D0A00
 410              		.text
 411              	.Letext0:
 412              		.file 2 "c:\\program files (x86)\\cypress\\psoc creator\\4.2\\psoc creator\\import\\gnu\\arm\\5.4.
 413              		.file 3 "c:\\program files (x86)\\cypress\\psoc creator\\4.2\\psoc creator\\import\\gnu\\arm\\5.4.
 414              		.file 4 "Generated_Source\\PSoC5/cytypes.h"
 415              		.file 5 "Generated_Source\\PSoC5\\UART.h"
 416              		.file 6 "Generated_Source\\PSoC5\\BlueLED.h"
 417              		.file 7 "Generated_Source\\PSoC5/CyLib.h"
 418              		.file 8 "Generated_Source\\PSoC5\\Button.h"
 419              		.file 9 "Generated_Source\\PSoC5/core_cm3.h"
 420              		.section	.debug_info,"",%progbits
 421              	.Ldebug_info0:
 422 0000 6E030000 		.4byte	0x36e
 423 0004 0400     		.2byte	0x4
 424 0006 00000000 		.4byte	.Ldebug_abbrev0
 425 000a 04       		.byte	0x4
 426 000b 01       		.uleb128 0x1
 427 000c 8D000000 		.4byte	.LASF40
 428 0010 0C       		.byte	0xc
 429 0011 67010000 		.4byte	.LASF41
 430 0015 CA020000 		.4byte	.LASF42
 431 0019 00000000 		.4byte	.Ldebug_ranges0+0
ARM GAS  C:\Users\Gemma\AppData\Local\Temp\cczvAlEd.s 			page 16


 432 001d 00000000 		.4byte	0
 433 0021 00000000 		.4byte	.Ldebug_line0
 434 0025 02       		.uleb128 0x2
 435 0026 04       		.byte	0x4
 436 0027 05       		.byte	0x5
 437 0028 696E7400 		.ascii	"int\000"
 438 002c 03       		.uleb128 0x3
 439 002d 04       		.byte	0x4
 440 002e 07       		.byte	0x7
 441 002f DF010000 		.4byte	.LASF0
 442 0033 03       		.uleb128 0x3
 443 0034 08       		.byte	0x8
 444 0035 05       		.byte	0x5
 445 0036 64020000 		.4byte	.LASF1
 446 003a 03       		.uleb128 0x3
 447 003b 08       		.byte	0x8
 448 003c 04       		.byte	0x4
 449 003d BE020000 		.4byte	.LASF2
 450 0041 03       		.uleb128 0x3
 451 0042 01       		.byte	0x1
 452 0043 06       		.byte	0x6
 453 0044 12030000 		.4byte	.LASF3
 454 0048 03       		.uleb128 0x3
 455 0049 01       		.byte	0x1
 456 004a 08       		.byte	0x8
 457 004b 7F000000 		.4byte	.LASF4
 458 004f 03       		.uleb128 0x3
 459 0050 02       		.byte	0x2
 460 0051 05       		.byte	0x5
 461 0052 8B010000 		.4byte	.LASF5
 462 0056 03       		.uleb128 0x3
 463 0057 02       		.byte	0x2
 464 0058 07       		.byte	0x7
 465 0059 32010000 		.4byte	.LASF6
 466 005d 04       		.uleb128 0x4
 467 005e 1A000000 		.4byte	.LASF12
 468 0062 02       		.byte	0x2
 469 0063 3F       		.byte	0x3f
 470 0064 68000000 		.4byte	0x68
 471 0068 03       		.uleb128 0x3
 472 0069 04       		.byte	0x4
 473 006a 05       		.byte	0x5
 474 006b B5020000 		.4byte	.LASF7
 475 006f 03       		.uleb128 0x3
 476 0070 04       		.byte	0x4
 477 0071 07       		.byte	0x7
 478 0072 20010000 		.4byte	.LASF8
 479 0076 03       		.uleb128 0x3
 480 0077 08       		.byte	0x8
 481 0078 07       		.byte	0x7
 482 0079 F4010000 		.4byte	.LASF9
 483 007d 03       		.uleb128 0x3
 484 007e 04       		.byte	0x4
 485 007f 07       		.byte	0x7
 486 0080 4B020000 		.4byte	.LASF10
 487 0084 03       		.uleb128 0x3
 488 0085 01       		.byte	0x1
ARM GAS  C:\Users\Gemma\AppData\Local\Temp\cczvAlEd.s 			page 17


 489 0086 08       		.byte	0x8
 490 0087 72020000 		.4byte	.LASF11
 491 008b 05       		.uleb128 0x5
 492 008c 04       		.byte	0x4
 493 008d 91000000 		.4byte	0x91
 494 0091 06       		.uleb128 0x6
 495 0092 04       		.uleb128 0x4
 496 0093 43020000 		.4byte	.LASF13
 497 0097 03       		.byte	0x3
 498 0098 2C       		.byte	0x2c
 499 0099 5D000000 		.4byte	0x5d
 500 009d 07       		.uleb128 0x7
 501 009e 99020000 		.4byte	.LASF14
 502 00a2 04       		.byte	0x4
 503 00a3 E401     		.2byte	0x1e4
 504 00a5 48000000 		.4byte	0x48
 505 00a9 07       		.uleb128 0x7
 506 00aa AF010000 		.4byte	.LASF15
 507 00ae 04       		.byte	0x4
 508 00af E601     		.2byte	0x1e6
 509 00b1 6F000000 		.4byte	0x6f
 510 00b5 03       		.uleb128 0x3
 511 00b6 04       		.byte	0x4
 512 00b7 04       		.byte	0x4
 513 00b8 79000000 		.4byte	.LASF16
 514 00bc 03       		.uleb128 0x3
 515 00bd 08       		.byte	0x8
 516 00be 04       		.byte	0x4
 517 00bf 60010000 		.4byte	.LASF17
 518 00c3 07       		.uleb128 0x7
 519 00c4 1B010000 		.4byte	.LASF18
 520 00c8 04       		.byte	0x4
 521 00c9 8E02     		.2byte	0x28e
 522 00cb CF000000 		.4byte	0xcf
 523 00cf 08       		.uleb128 0x8
 524 00d0 9D000000 		.4byte	0x9d
 525 00d4 07       		.uleb128 0x7
 526 00d5 00000000 		.4byte	.LASF19
 527 00d9 04       		.byte	0x4
 528 00da 9002     		.2byte	0x290
 529 00dc E0000000 		.4byte	0xe0
 530 00e0 08       		.uleb128 0x8
 531 00e1 A9000000 		.4byte	0xa9
 532 00e5 07       		.uleb128 0x7
 533 00e6 36020000 		.4byte	.LASF20
 534 00ea 04       		.byte	0x4
 535 00eb A002     		.2byte	0x2a0
 536 00ed 8B000000 		.4byte	0x8b
 537 00f1 09       		.uleb128 0x9
 538 00f2 64000000 		.4byte	.LASF21
 539 00f6 01       		.byte	0x1
 540 00f7 A0       		.byte	0xa0
 541 00f8 00000000 		.4byte	.LFB66
 542 00fc 20000000 		.4byte	.LFE66-.LFB66
 543 0100 01       		.uleb128 0x1
 544 0101 9C       		.byte	0x9c
 545 0102 4F010000 		.4byte	0x14f
ARM GAS  C:\Users\Gemma\AppData\Local\Temp\cczvAlEd.s 			page 18


 546 0106 0A       		.uleb128 0xa
 547 0107 08000000 		.4byte	.LVL0
 548 010b 45030000 		.4byte	0x345
 549 010f 1D010000 		.4byte	0x11d
 550 0113 0B       		.uleb128 0xb
 551 0114 01       		.uleb128 0x1
 552 0115 50       		.byte	0x50
 553 0116 05       		.uleb128 0x5
 554 0117 03       		.byte	0x3
 555 0118 00000000 		.4byte	.LC0
 556 011c 00       		.byte	0
 557 011d 0A       		.uleb128 0xa
 558 011e 0E000000 		.4byte	.LVL1
 559 0122 50030000 		.4byte	0x350
 560 0126 30010000 		.4byte	0x130
 561 012a 0B       		.uleb128 0xb
 562 012b 01       		.uleb128 0x1
 563 012c 50       		.byte	0x50
 564 012d 01       		.uleb128 0x1
 565 012e 30       		.byte	0x30
 566 012f 00       		.byte	0
 567 0130 0A       		.uleb128 0xa
 568 0131 16000000 		.4byte	.LVL2
 569 0135 5B030000 		.4byte	0x35b
 570 0139 45010000 		.4byte	0x145
 571 013d 0B       		.uleb128 0xb
 572 013e 01       		.uleb128 0x1
 573 013f 50       		.byte	0x50
 574 0140 03       		.uleb128 0x3
 575 0141 0A       		.byte	0xa
 576 0142 1027     		.2byte	0x2710
 577 0144 00       		.byte	0
 578 0145 0C       		.uleb128 0xc
 579 0146 1A000000 		.4byte	.LVL3
 580 014a 66030000 		.4byte	0x366
 581 014e 00       		.byte	0
 582 014f 09       		.uleb128 0x9
 583 0150 4F000000 		.4byte	.LASF22
 584 0154 01       		.byte	0x1
 585 0155 CC       		.byte	0xcc
 586 0156 00000000 		.4byte	.LFB67
 587 015a 0C000000 		.4byte	.LFE67-.LFB67
 588 015e 01       		.uleb128 0x1
 589 015f 9C       		.byte	0x9c
 590 0160 7F010000 		.4byte	0x17f
 591 0164 0D       		.uleb128 0xd
 592 0165 EC010000 		.4byte	.LASF25
 593 0169 01       		.byte	0x1
 594 016a CC       		.byte	0xcc
 595 016b E5000000 		.4byte	0xe5
 596 016f 01       		.uleb128 0x1
 597 0170 50       		.byte	0x50
 598 0171 0E       		.uleb128 0xe
 599 0172 77020000 		.4byte	.LASF23
 600 0176 01       		.byte	0x1
 601 0177 CE       		.byte	0xce
 602 0178 7F010000 		.4byte	0x17f
ARM GAS  C:\Users\Gemma\AppData\Local\Temp\cczvAlEd.s 			page 19


 603 017c 01       		.uleb128 0x1
 604 017d 53       		.byte	0x53
 605 017e 00       		.byte	0
 606 017f 05       		.uleb128 0x5
 607 0180 04       		.byte	0x4
 608 0181 E5000000 		.4byte	0xe5
 609 0185 0F       		.uleb128 0xf
 610 0186 0B020000 		.4byte	.LASF27
 611 018a 01       		.byte	0x1
 612 018b E4       		.byte	0xe4
 613 018c E5000000 		.4byte	0xe5
 614 0190 00000000 		.4byte	.LFB68
 615 0194 0C000000 		.4byte	.LFE68-.LFB68
 616 0198 01       		.uleb128 0x1
 617 0199 9C       		.byte	0x9c
 618 019a AC010000 		.4byte	0x1ac
 619 019e 0E       		.uleb128 0xe
 620 019f 77020000 		.4byte	.LASF23
 621 01a3 01       		.byte	0x1
 622 01a4 E6       		.byte	0xe6
 623 01a5 7F010000 		.4byte	0x17f
 624 01a9 01       		.uleb128 0x1
 625 01aa 53       		.byte	0x53
 626 01ab 00       		.byte	0
 627 01ac 10       		.uleb128 0x10
 628 01ad 2D030000 		.4byte	.LASF24
 629 01b1 01       		.byte	0x1
 630 01b2 0601     		.2byte	0x106
 631 01b4 00000000 		.4byte	.LFB69
 632 01b8 10000000 		.4byte	.LFE69-.LFB69
 633 01bc 01       		.uleb128 0x1
 634 01bd 9C       		.byte	0x9c
 635 01be D3010000 		.4byte	0x1d3
 636 01c2 11       		.uleb128 0x11
 637 01c3 95010000 		.4byte	.LASF26
 638 01c7 01       		.byte	0x1
 639 01c8 0601     		.2byte	0x106
 640 01ca 9D000000 		.4byte	0x9d
 641 01ce 00000000 		.4byte	.LLST0
 642 01d2 00       		.byte	0
 643 01d3 12       		.uleb128 0x12
 644 01d4 B6010000 		.4byte	.LASF28
 645 01d8 01       		.byte	0x1
 646 01d9 1C01     		.2byte	0x11c
 647 01db 9D000000 		.4byte	0x9d
 648 01df 00000000 		.4byte	.LFB70
 649 01e3 0C000000 		.4byte	.LFE70-.LFB70
 650 01e7 01       		.uleb128 0x1
 651 01e8 9C       		.byte	0x9c
 652 01e9 FE010000 		.4byte	0x1fe
 653 01ed 13       		.uleb128 0x13
 654 01ee 95010000 		.4byte	.LASF26
 655 01f2 01       		.byte	0x1
 656 01f3 1E01     		.2byte	0x11e
 657 01f5 9D000000 		.4byte	0x9d
 658 01f9 21000000 		.4byte	.LLST1
 659 01fd 00       		.byte	0
ARM GAS  C:\Users\Gemma\AppData\Local\Temp\cczvAlEd.s 			page 20


 660 01fe 14       		.uleb128 0x14
 661 01ff CD010000 		.4byte	.LASF29
 662 0203 01       		.byte	0x1
 663 0204 3701     		.2byte	0x137
 664 0206 00000000 		.4byte	.LFB71
 665 020a 0C000000 		.4byte	.LFE71-.LFB71
 666 020e 01       		.uleb128 0x1
 667 020f 9C       		.byte	0x9c
 668 0210 15       		.uleb128 0x15
 669 0211 06000000 		.4byte	.LASF43
 670 0215 01       		.byte	0x1
 671 0216 4C01     		.2byte	0x14c
 672 0218 9D000000 		.4byte	0x9d
 673 021c 00000000 		.4byte	.LFB72
 674 0220 18000000 		.4byte	.LFE72-.LFB72
 675 0224 01       		.uleb128 0x1
 676 0225 9C       		.byte	0x9c
 677 0226 14       		.uleb128 0x14
 678 0227 24000000 		.4byte	.LASF30
 679 022b 01       		.byte	0x1
 680 022c 6101     		.2byte	0x161
 681 022e 00000000 		.4byte	.LFB73
 682 0232 0C000000 		.4byte	.LFE73-.LFB73
 683 0236 01       		.uleb128 0x1
 684 0237 9C       		.byte	0x9c
 685 0238 09       		.uleb128 0x9
 686 0239 9E010000 		.4byte	.LASF31
 687 023d 01       		.byte	0x1
 688 023e 3D       		.byte	0x3d
 689 023f 00000000 		.4byte	.LFB63
 690 0243 1C000000 		.4byte	.LFE63-.LFB63
 691 0247 01       		.uleb128 0x1
 692 0248 9C       		.byte	0x9c
 693 0249 8A020000 		.4byte	0x28a
 694 024d 0C       		.uleb128 0xc
 695 024e 06000000 		.4byte	.LVL11
 696 0252 26020000 		.4byte	0x226
 697 0256 0A       		.uleb128 0xa
 698 0257 0C000000 		.4byte	.LVL12
 699 025b 4F010000 		.4byte	0x14f
 700 025f 6D020000 		.4byte	0x26d
 701 0263 0B       		.uleb128 0xb
 702 0264 01       		.uleb128 0x1
 703 0265 50       		.byte	0x50
 704 0266 05       		.uleb128 0x5
 705 0267 03       		.byte	0x3
 706 0268 00000000 		.4byte	Button_isr_Interrupt
 707 026c 00       		.byte	0
 708 026d 0A       		.uleb128 0xa
 709 026e 12000000 		.4byte	.LVL13
 710 0272 AC010000 		.4byte	0x1ac
 711 0276 80020000 		.4byte	0x280
 712 027a 0B       		.uleb128 0xb
 713 027b 01       		.uleb128 0x1
 714 027c 50       		.byte	0x50
 715 027d 01       		.uleb128 0x1
 716 027e 37       		.byte	0x37
ARM GAS  C:\Users\Gemma\AppData\Local\Temp\cczvAlEd.s 			page 21


 717 027f 00       		.byte	0
 718 0280 0C       		.uleb128 0xc
 719 0281 16000000 		.4byte	.LVL14
 720 0285 FE010000 		.4byte	0x1fe
 721 0289 00       		.byte	0
 722 028a 09       		.uleb128 0x9
 723 028b 86020000 		.4byte	.LASF32
 724 028f 01       		.byte	0x1
 725 0290 68       		.byte	0x68
 726 0291 00000000 		.4byte	.LFB64
 727 0295 1A000000 		.4byte	.LFE64-.LFB64
 728 0299 01       		.uleb128 0x1
 729 029a 9C       		.byte	0x9c
 730 029b E8020000 		.4byte	0x2e8
 731 029f 16       		.uleb128 0x16
 732 02a0 EC010000 		.4byte	.LASF25
 733 02a4 01       		.byte	0x1
 734 02a5 68       		.byte	0x68
 735 02a6 E5000000 		.4byte	0xe5
 736 02aa 38000000 		.4byte	.LLST2
 737 02ae 0C       		.uleb128 0xc
 738 02af 08000000 		.4byte	.LVL16
 739 02b3 26020000 		.4byte	0x226
 740 02b7 0A       		.uleb128 0xa
 741 02b8 0E000000 		.4byte	.LVL17
 742 02bc 4F010000 		.4byte	0x14f
 743 02c0 CB020000 		.4byte	0x2cb
 744 02c4 0B       		.uleb128 0xb
 745 02c5 01       		.uleb128 0x1
 746 02c6 50       		.byte	0x50
 747 02c7 02       		.uleb128 0x2
 748 02c8 74       		.byte	0x74
 749 02c9 00       		.sleb128 0
 750 02ca 00       		.byte	0
 751 02cb 0A       		.uleb128 0xa
 752 02cc 14000000 		.4byte	.LVL18
 753 02d0 AC010000 		.4byte	0x1ac
 754 02d4 DE020000 		.4byte	0x2de
 755 02d8 0B       		.uleb128 0xb
 756 02d9 01       		.uleb128 0x1
 757 02da 50       		.byte	0x50
 758 02db 01       		.uleb128 0x1
 759 02dc 37       		.byte	0x37
 760 02dd 00       		.byte	0
 761 02de 0C       		.uleb128 0xc
 762 02df 18000000 		.4byte	.LVL19
 763 02e3 FE010000 		.4byte	0x1fe
 764 02e7 00       		.byte	0
 765 02e8 09       		.uleb128 0x9
 766 02e9 54020000 		.4byte	.LASF33
 767 02ed 01       		.byte	0x1
 768 02ee 86       		.byte	0x86
 769 02ef 00000000 		.4byte	.LFB65
 770 02f3 14000000 		.4byte	.LFE65-.LFB65
 771 02f7 01       		.uleb128 0x1
 772 02f8 9C       		.byte	0x9c
 773 02f9 10030000 		.4byte	0x310
ARM GAS  C:\Users\Gemma\AppData\Local\Temp\cczvAlEd.s 			page 22


 774 02fd 0C       		.uleb128 0xc
 775 02fe 06000000 		.4byte	.LVL20
 776 0302 26020000 		.4byte	0x226
 777 0306 0C       		.uleb128 0xc
 778 0307 0C000000 		.4byte	.LVL21
 779 030b 4F010000 		.4byte	0x14f
 780 030f 00       		.byte	0
 781 0310 14       		.uleb128 0x14
 782 0311 9F020000 		.4byte	.LASF34
 783 0315 01       		.byte	0x1
 784 0316 7C01     		.2byte	0x17c
 785 0318 00000000 		.4byte	.LFB74
 786 031c 0C000000 		.4byte	.LFE74-.LFB74
 787 0320 01       		.uleb128 0x1
 788 0321 9C       		.byte	0x9c
 789 0322 14       		.uleb128 0x14
 790 0323 37000000 		.4byte	.LASF35
 791 0327 01       		.byte	0x1
 792 0328 9501     		.2byte	0x195
 793 032a 00000000 		.4byte	.LFB75
 794 032e 0C000000 		.4byte	.LFE75-.LFB75
 795 0332 01       		.uleb128 0x1
 796 0333 9C       		.byte	0x9c
 797 0334 17       		.uleb128 0x17
 798 0335 45010000 		.4byte	.LASF44
 799 0339 09       		.byte	0x9
 800 033a 1207     		.2byte	0x712
 801 033c 40030000 		.4byte	0x340
 802 0340 08       		.uleb128 0x8
 803 0341 92000000 		.4byte	0x92
 804 0345 18       		.uleb128 0x18
 805 0346 1E030000 		.4byte	.LASF36
 806 034a 1E030000 		.4byte	.LASF36
 807 034e 05       		.byte	0x5
 808 034f 8B       		.byte	0x8b
 809 0350 18       		.uleb128 0x18
 810 0351 52010000 		.4byte	.LASF37
 811 0355 52010000 		.4byte	.LASF37
 812 0359 06       		.byte	0x6
 813 035a 26       		.byte	0x26
 814 035b 18       		.uleb128 0x18
 815 035c 44030000 		.4byte	.LASF38
 816 0360 44030000 		.4byte	.LASF38
 817 0364 07       		.byte	0x7
 818 0365 76       		.byte	0x76
 819 0366 18       		.uleb128 0x18
 820 0367 20020000 		.4byte	.LASF39
 821 036b 20020000 		.4byte	.LASF39
 822 036f 08       		.byte	0x8
 823 0370 2B       		.byte	0x2b
 824 0371 00       		.byte	0
 825              		.section	.debug_abbrev,"",%progbits
 826              	.Ldebug_abbrev0:
 827 0000 01       		.uleb128 0x1
 828 0001 11       		.uleb128 0x11
 829 0002 01       		.byte	0x1
 830 0003 25       		.uleb128 0x25
ARM GAS  C:\Users\Gemma\AppData\Local\Temp\cczvAlEd.s 			page 23


 831 0004 0E       		.uleb128 0xe
 832 0005 13       		.uleb128 0x13
 833 0006 0B       		.uleb128 0xb
 834 0007 03       		.uleb128 0x3
 835 0008 0E       		.uleb128 0xe
 836 0009 1B       		.uleb128 0x1b
 837 000a 0E       		.uleb128 0xe
 838 000b 55       		.uleb128 0x55
 839 000c 17       		.uleb128 0x17
 840 000d 11       		.uleb128 0x11
 841 000e 01       		.uleb128 0x1
 842 000f 10       		.uleb128 0x10
 843 0010 17       		.uleb128 0x17
 844 0011 00       		.byte	0
 845 0012 00       		.byte	0
 846 0013 02       		.uleb128 0x2
 847 0014 24       		.uleb128 0x24
 848 0015 00       		.byte	0
 849 0016 0B       		.uleb128 0xb
 850 0017 0B       		.uleb128 0xb
 851 0018 3E       		.uleb128 0x3e
 852 0019 0B       		.uleb128 0xb
 853 001a 03       		.uleb128 0x3
 854 001b 08       		.uleb128 0x8
 855 001c 00       		.byte	0
 856 001d 00       		.byte	0
 857 001e 03       		.uleb128 0x3
 858 001f 24       		.uleb128 0x24
 859 0020 00       		.byte	0
 860 0021 0B       		.uleb128 0xb
 861 0022 0B       		.uleb128 0xb
 862 0023 3E       		.uleb128 0x3e
 863 0024 0B       		.uleb128 0xb
 864 0025 03       		.uleb128 0x3
 865 0026 0E       		.uleb128 0xe
 866 0027 00       		.byte	0
 867 0028 00       		.byte	0
 868 0029 04       		.uleb128 0x4
 869 002a 16       		.uleb128 0x16
 870 002b 00       		.byte	0
 871 002c 03       		.uleb128 0x3
 872 002d 0E       		.uleb128 0xe
 873 002e 3A       		.uleb128 0x3a
 874 002f 0B       		.uleb128 0xb
 875 0030 3B       		.uleb128 0x3b
 876 0031 0B       		.uleb128 0xb
 877 0032 49       		.uleb128 0x49
 878 0033 13       		.uleb128 0x13
 879 0034 00       		.byte	0
 880 0035 00       		.byte	0
 881 0036 05       		.uleb128 0x5
 882 0037 0F       		.uleb128 0xf
 883 0038 00       		.byte	0
 884 0039 0B       		.uleb128 0xb
 885 003a 0B       		.uleb128 0xb
 886 003b 49       		.uleb128 0x49
 887 003c 13       		.uleb128 0x13
ARM GAS  C:\Users\Gemma\AppData\Local\Temp\cczvAlEd.s 			page 24


 888 003d 00       		.byte	0
 889 003e 00       		.byte	0
 890 003f 06       		.uleb128 0x6
 891 0040 15       		.uleb128 0x15
 892 0041 00       		.byte	0
 893 0042 27       		.uleb128 0x27
 894 0043 19       		.uleb128 0x19
 895 0044 00       		.byte	0
 896 0045 00       		.byte	0
 897 0046 07       		.uleb128 0x7
 898 0047 16       		.uleb128 0x16
 899 0048 00       		.byte	0
 900 0049 03       		.uleb128 0x3
 901 004a 0E       		.uleb128 0xe
 902 004b 3A       		.uleb128 0x3a
 903 004c 0B       		.uleb128 0xb
 904 004d 3B       		.uleb128 0x3b
 905 004e 05       		.uleb128 0x5
 906 004f 49       		.uleb128 0x49
 907 0050 13       		.uleb128 0x13
 908 0051 00       		.byte	0
 909 0052 00       		.byte	0
 910 0053 08       		.uleb128 0x8
 911 0054 35       		.uleb128 0x35
 912 0055 00       		.byte	0
 913 0056 49       		.uleb128 0x49
 914 0057 13       		.uleb128 0x13
 915 0058 00       		.byte	0
 916 0059 00       		.byte	0
 917 005a 09       		.uleb128 0x9
 918 005b 2E       		.uleb128 0x2e
 919 005c 01       		.byte	0x1
 920 005d 3F       		.uleb128 0x3f
 921 005e 19       		.uleb128 0x19
 922 005f 03       		.uleb128 0x3
 923 0060 0E       		.uleb128 0xe
 924 0061 3A       		.uleb128 0x3a
 925 0062 0B       		.uleb128 0xb
 926 0063 3B       		.uleb128 0x3b
 927 0064 0B       		.uleb128 0xb
 928 0065 27       		.uleb128 0x27
 929 0066 19       		.uleb128 0x19
 930 0067 11       		.uleb128 0x11
 931 0068 01       		.uleb128 0x1
 932 0069 12       		.uleb128 0x12
 933 006a 06       		.uleb128 0x6
 934 006b 40       		.uleb128 0x40
 935 006c 18       		.uleb128 0x18
 936 006d 9742     		.uleb128 0x2117
 937 006f 19       		.uleb128 0x19
 938 0070 01       		.uleb128 0x1
 939 0071 13       		.uleb128 0x13
 940 0072 00       		.byte	0
 941 0073 00       		.byte	0
 942 0074 0A       		.uleb128 0xa
 943 0075 898201   		.uleb128 0x4109
 944 0078 01       		.byte	0x1
ARM GAS  C:\Users\Gemma\AppData\Local\Temp\cczvAlEd.s 			page 25


 945 0079 11       		.uleb128 0x11
 946 007a 01       		.uleb128 0x1
 947 007b 31       		.uleb128 0x31
 948 007c 13       		.uleb128 0x13
 949 007d 01       		.uleb128 0x1
 950 007e 13       		.uleb128 0x13
 951 007f 00       		.byte	0
 952 0080 00       		.byte	0
 953 0081 0B       		.uleb128 0xb
 954 0082 8A8201   		.uleb128 0x410a
 955 0085 00       		.byte	0
 956 0086 02       		.uleb128 0x2
 957 0087 18       		.uleb128 0x18
 958 0088 9142     		.uleb128 0x2111
 959 008a 18       		.uleb128 0x18
 960 008b 00       		.byte	0
 961 008c 00       		.byte	0
 962 008d 0C       		.uleb128 0xc
 963 008e 898201   		.uleb128 0x4109
 964 0091 00       		.byte	0
 965 0092 11       		.uleb128 0x11
 966 0093 01       		.uleb128 0x1
 967 0094 31       		.uleb128 0x31
 968 0095 13       		.uleb128 0x13
 969 0096 00       		.byte	0
 970 0097 00       		.byte	0
 971 0098 0D       		.uleb128 0xd
 972 0099 05       		.uleb128 0x5
 973 009a 00       		.byte	0
 974 009b 03       		.uleb128 0x3
 975 009c 0E       		.uleb128 0xe
 976 009d 3A       		.uleb128 0x3a
 977 009e 0B       		.uleb128 0xb
 978 009f 3B       		.uleb128 0x3b
 979 00a0 0B       		.uleb128 0xb
 980 00a1 49       		.uleb128 0x49
 981 00a2 13       		.uleb128 0x13
 982 00a3 02       		.uleb128 0x2
 983 00a4 18       		.uleb128 0x18
 984 00a5 00       		.byte	0
 985 00a6 00       		.byte	0
 986 00a7 0E       		.uleb128 0xe
 987 00a8 34       		.uleb128 0x34
 988 00a9 00       		.byte	0
 989 00aa 03       		.uleb128 0x3
 990 00ab 0E       		.uleb128 0xe
 991 00ac 3A       		.uleb128 0x3a
 992 00ad 0B       		.uleb128 0xb
 993 00ae 3B       		.uleb128 0x3b
 994 00af 0B       		.uleb128 0xb
 995 00b0 49       		.uleb128 0x49
 996 00b1 13       		.uleb128 0x13
 997 00b2 02       		.uleb128 0x2
 998 00b3 18       		.uleb128 0x18
 999 00b4 00       		.byte	0
 1000 00b5 00       		.byte	0
 1001 00b6 0F       		.uleb128 0xf
ARM GAS  C:\Users\Gemma\AppData\Local\Temp\cczvAlEd.s 			page 26


 1002 00b7 2E       		.uleb128 0x2e
 1003 00b8 01       		.byte	0x1
 1004 00b9 3F       		.uleb128 0x3f
 1005 00ba 19       		.uleb128 0x19
 1006 00bb 03       		.uleb128 0x3
 1007 00bc 0E       		.uleb128 0xe
 1008 00bd 3A       		.uleb128 0x3a
 1009 00be 0B       		.uleb128 0xb
 1010 00bf 3B       		.uleb128 0x3b
 1011 00c0 0B       		.uleb128 0xb
 1012 00c1 27       		.uleb128 0x27
 1013 00c2 19       		.uleb128 0x19
 1014 00c3 49       		.uleb128 0x49
 1015 00c4 13       		.uleb128 0x13
 1016 00c5 11       		.uleb128 0x11
 1017 00c6 01       		.uleb128 0x1
 1018 00c7 12       		.uleb128 0x12
 1019 00c8 06       		.uleb128 0x6
 1020 00c9 40       		.uleb128 0x40
 1021 00ca 18       		.uleb128 0x18
 1022 00cb 9742     		.uleb128 0x2117
 1023 00cd 19       		.uleb128 0x19
 1024 00ce 01       		.uleb128 0x1
 1025 00cf 13       		.uleb128 0x13
 1026 00d0 00       		.byte	0
 1027 00d1 00       		.byte	0
 1028 00d2 10       		.uleb128 0x10
 1029 00d3 2E       		.uleb128 0x2e
 1030 00d4 01       		.byte	0x1
 1031 00d5 3F       		.uleb128 0x3f
 1032 00d6 19       		.uleb128 0x19
 1033 00d7 03       		.uleb128 0x3
 1034 00d8 0E       		.uleb128 0xe
 1035 00d9 3A       		.uleb128 0x3a
 1036 00da 0B       		.uleb128 0xb
 1037 00db 3B       		.uleb128 0x3b
 1038 00dc 05       		.uleb128 0x5
 1039 00dd 27       		.uleb128 0x27
 1040 00de 19       		.uleb128 0x19
 1041 00df 11       		.uleb128 0x11
 1042 00e0 01       		.uleb128 0x1
 1043 00e1 12       		.uleb128 0x12
 1044 00e2 06       		.uleb128 0x6
 1045 00e3 40       		.uleb128 0x40
 1046 00e4 18       		.uleb128 0x18
 1047 00e5 9742     		.uleb128 0x2117
 1048 00e7 19       		.uleb128 0x19
 1049 00e8 01       		.uleb128 0x1
 1050 00e9 13       		.uleb128 0x13
 1051 00ea 00       		.byte	0
 1052 00eb 00       		.byte	0
 1053 00ec 11       		.uleb128 0x11
 1054 00ed 05       		.uleb128 0x5
 1055 00ee 00       		.byte	0
 1056 00ef 03       		.uleb128 0x3
 1057 00f0 0E       		.uleb128 0xe
 1058 00f1 3A       		.uleb128 0x3a
ARM GAS  C:\Users\Gemma\AppData\Local\Temp\cczvAlEd.s 			page 27


 1059 00f2 0B       		.uleb128 0xb
 1060 00f3 3B       		.uleb128 0x3b
 1061 00f4 05       		.uleb128 0x5
 1062 00f5 49       		.uleb128 0x49
 1063 00f6 13       		.uleb128 0x13
 1064 00f7 02       		.uleb128 0x2
 1065 00f8 17       		.uleb128 0x17
 1066 00f9 00       		.byte	0
 1067 00fa 00       		.byte	0
 1068 00fb 12       		.uleb128 0x12
 1069 00fc 2E       		.uleb128 0x2e
 1070 00fd 01       		.byte	0x1
 1071 00fe 3F       		.uleb128 0x3f
 1072 00ff 19       		.uleb128 0x19
 1073 0100 03       		.uleb128 0x3
 1074 0101 0E       		.uleb128 0xe
 1075 0102 3A       		.uleb128 0x3a
 1076 0103 0B       		.uleb128 0xb
 1077 0104 3B       		.uleb128 0x3b
 1078 0105 05       		.uleb128 0x5
 1079 0106 27       		.uleb128 0x27
 1080 0107 19       		.uleb128 0x19
 1081 0108 49       		.uleb128 0x49
 1082 0109 13       		.uleb128 0x13
 1083 010a 11       		.uleb128 0x11
 1084 010b 01       		.uleb128 0x1
 1085 010c 12       		.uleb128 0x12
 1086 010d 06       		.uleb128 0x6
 1087 010e 40       		.uleb128 0x40
 1088 010f 18       		.uleb128 0x18
 1089 0110 9742     		.uleb128 0x2117
 1090 0112 19       		.uleb128 0x19
 1091 0113 01       		.uleb128 0x1
 1092 0114 13       		.uleb128 0x13
 1093 0115 00       		.byte	0
 1094 0116 00       		.byte	0
 1095 0117 13       		.uleb128 0x13
 1096 0118 34       		.uleb128 0x34
 1097 0119 00       		.byte	0
 1098 011a 03       		.uleb128 0x3
 1099 011b 0E       		.uleb128 0xe
 1100 011c 3A       		.uleb128 0x3a
 1101 011d 0B       		.uleb128 0xb
 1102 011e 3B       		.uleb128 0x3b
 1103 011f 05       		.uleb128 0x5
 1104 0120 49       		.uleb128 0x49
 1105 0121 13       		.uleb128 0x13
 1106 0122 02       		.uleb128 0x2
 1107 0123 17       		.uleb128 0x17
 1108 0124 00       		.byte	0
 1109 0125 00       		.byte	0
 1110 0126 14       		.uleb128 0x14
 1111 0127 2E       		.uleb128 0x2e
 1112 0128 00       		.byte	0
 1113 0129 3F       		.uleb128 0x3f
 1114 012a 19       		.uleb128 0x19
 1115 012b 03       		.uleb128 0x3
ARM GAS  C:\Users\Gemma\AppData\Local\Temp\cczvAlEd.s 			page 28


 1116 012c 0E       		.uleb128 0xe
 1117 012d 3A       		.uleb128 0x3a
 1118 012e 0B       		.uleb128 0xb
 1119 012f 3B       		.uleb128 0x3b
 1120 0130 05       		.uleb128 0x5
 1121 0131 27       		.uleb128 0x27
 1122 0132 19       		.uleb128 0x19
 1123 0133 11       		.uleb128 0x11
 1124 0134 01       		.uleb128 0x1
 1125 0135 12       		.uleb128 0x12
 1126 0136 06       		.uleb128 0x6
 1127 0137 40       		.uleb128 0x40
 1128 0138 18       		.uleb128 0x18
 1129 0139 9742     		.uleb128 0x2117
 1130 013b 19       		.uleb128 0x19
 1131 013c 00       		.byte	0
 1132 013d 00       		.byte	0
 1133 013e 15       		.uleb128 0x15
 1134 013f 2E       		.uleb128 0x2e
 1135 0140 00       		.byte	0
 1136 0141 3F       		.uleb128 0x3f
 1137 0142 19       		.uleb128 0x19
 1138 0143 03       		.uleb128 0x3
 1139 0144 0E       		.uleb128 0xe
 1140 0145 3A       		.uleb128 0x3a
 1141 0146 0B       		.uleb128 0xb
 1142 0147 3B       		.uleb128 0x3b
 1143 0148 05       		.uleb128 0x5
 1144 0149 27       		.uleb128 0x27
 1145 014a 19       		.uleb128 0x19
 1146 014b 49       		.uleb128 0x49
 1147 014c 13       		.uleb128 0x13
 1148 014d 11       		.uleb128 0x11
 1149 014e 01       		.uleb128 0x1
 1150 014f 12       		.uleb128 0x12
 1151 0150 06       		.uleb128 0x6
 1152 0151 40       		.uleb128 0x40
 1153 0152 18       		.uleb128 0x18
 1154 0153 9742     		.uleb128 0x2117
 1155 0155 19       		.uleb128 0x19
 1156 0156 00       		.byte	0
 1157 0157 00       		.byte	0
 1158 0158 16       		.uleb128 0x16
 1159 0159 05       		.uleb128 0x5
 1160 015a 00       		.byte	0
 1161 015b 03       		.uleb128 0x3
 1162 015c 0E       		.uleb128 0xe
 1163 015d 3A       		.uleb128 0x3a
 1164 015e 0B       		.uleb128 0xb
 1165 015f 3B       		.uleb128 0x3b
 1166 0160 0B       		.uleb128 0xb
 1167 0161 49       		.uleb128 0x49
 1168 0162 13       		.uleb128 0x13
 1169 0163 02       		.uleb128 0x2
 1170 0164 17       		.uleb128 0x17
 1171 0165 00       		.byte	0
 1172 0166 00       		.byte	0
ARM GAS  C:\Users\Gemma\AppData\Local\Temp\cczvAlEd.s 			page 29


 1173 0167 17       		.uleb128 0x17
 1174 0168 34       		.uleb128 0x34
 1175 0169 00       		.byte	0
 1176 016a 03       		.uleb128 0x3
 1177 016b 0E       		.uleb128 0xe
 1178 016c 3A       		.uleb128 0x3a
 1179 016d 0B       		.uleb128 0xb
 1180 016e 3B       		.uleb128 0x3b
 1181 016f 05       		.uleb128 0x5
 1182 0170 49       		.uleb128 0x49
 1183 0171 13       		.uleb128 0x13
 1184 0172 3F       		.uleb128 0x3f
 1185 0173 19       		.uleb128 0x19
 1186 0174 3C       		.uleb128 0x3c
 1187 0175 19       		.uleb128 0x19
 1188 0176 00       		.byte	0
 1189 0177 00       		.byte	0
 1190 0178 18       		.uleb128 0x18
 1191 0179 2E       		.uleb128 0x2e
 1192 017a 00       		.byte	0
 1193 017b 3F       		.uleb128 0x3f
 1194 017c 19       		.uleb128 0x19
 1195 017d 3C       		.uleb128 0x3c
 1196 017e 19       		.uleb128 0x19
 1197 017f 6E       		.uleb128 0x6e
 1198 0180 0E       		.uleb128 0xe
 1199 0181 03       		.uleb128 0x3
 1200 0182 0E       		.uleb128 0xe
 1201 0183 3A       		.uleb128 0x3a
 1202 0184 0B       		.uleb128 0xb
 1203 0185 3B       		.uleb128 0x3b
 1204 0186 0B       		.uleb128 0xb
 1205 0187 00       		.byte	0
 1206 0188 00       		.byte	0
 1207 0189 00       		.byte	0
 1208              		.section	.debug_loc,"",%progbits
 1209              	.Ldebug_loc0:
 1210              	.LLST0:
 1211 0000 00000000 		.4byte	.LVL7
 1212 0004 02000000 		.4byte	.LVL8
 1213 0008 0100     		.2byte	0x1
 1214 000a 50       		.byte	0x50
 1215 000b 02000000 		.4byte	.LVL8
 1216 000f 10000000 		.4byte	.LFE69
 1217 0013 0400     		.2byte	0x4
 1218 0015 F3       		.byte	0xf3
 1219 0016 01       		.uleb128 0x1
 1220 0017 50       		.byte	0x50
 1221 0018 9F       		.byte	0x9f
 1222 0019 00000000 		.4byte	0
 1223 001d 00000000 		.4byte	0
 1224              	.LLST1:
 1225 0021 04000000 		.4byte	.LVL9
 1226 0025 06000000 		.4byte	.LVL10
 1227 0029 0500     		.2byte	0x5
 1228 002b 70       		.byte	0x70
 1229 002c 00       		.sleb128 0
ARM GAS  C:\Users\Gemma\AppData\Local\Temp\cczvAlEd.s 			page 30


 1230 002d 35       		.byte	0x35
 1231 002e 25       		.byte	0x25
 1232 002f 9F       		.byte	0x9f
 1233 0030 00000000 		.4byte	0
 1234 0034 00000000 		.4byte	0
 1235              	.LLST2:
 1236 0038 00000000 		.4byte	.LVL15
 1237 003c 07000000 		.4byte	.LVL16-1
 1238 0040 0100     		.2byte	0x1
 1239 0042 50       		.byte	0x50
 1240 0043 07000000 		.4byte	.LVL16-1
 1241 0047 1A000000 		.4byte	.LFE64
 1242 004b 0100     		.2byte	0x1
 1243 004d 54       		.byte	0x54
 1244 004e 00000000 		.4byte	0
 1245 0052 00000000 		.4byte	0
 1246              		.section	.debug_aranges,"",%progbits
 1247 0000 7C000000 		.4byte	0x7c
 1248 0004 0200     		.2byte	0x2
 1249 0006 00000000 		.4byte	.Ldebug_info0
 1250 000a 04       		.byte	0x4
 1251 000b 00       		.byte	0
 1252 000c 0000     		.2byte	0
 1253 000e 0000     		.2byte	0
 1254 0010 00000000 		.4byte	.LFB66
 1255 0014 20000000 		.4byte	.LFE66-.LFB66
 1256 0018 00000000 		.4byte	.LFB67
 1257 001c 0C000000 		.4byte	.LFE67-.LFB67
 1258 0020 00000000 		.4byte	.LFB68
 1259 0024 0C000000 		.4byte	.LFE68-.LFB68
 1260 0028 00000000 		.4byte	.LFB69
 1261 002c 10000000 		.4byte	.LFE69-.LFB69
 1262 0030 00000000 		.4byte	.LFB70
 1263 0034 0C000000 		.4byte	.LFE70-.LFB70
 1264 0038 00000000 		.4byte	.LFB71
 1265 003c 0C000000 		.4byte	.LFE71-.LFB71
 1266 0040 00000000 		.4byte	.LFB72
 1267 0044 18000000 		.4byte	.LFE72-.LFB72
 1268 0048 00000000 		.4byte	.LFB73
 1269 004c 0C000000 		.4byte	.LFE73-.LFB73
 1270 0050 00000000 		.4byte	.LFB63
 1271 0054 1C000000 		.4byte	.LFE63-.LFB63
 1272 0058 00000000 		.4byte	.LFB64
 1273 005c 1A000000 		.4byte	.LFE64-.LFB64
 1274 0060 00000000 		.4byte	.LFB65
 1275 0064 14000000 		.4byte	.LFE65-.LFB65
 1276 0068 00000000 		.4byte	.LFB74
 1277 006c 0C000000 		.4byte	.LFE74-.LFB74
 1278 0070 00000000 		.4byte	.LFB75
 1279 0074 0C000000 		.4byte	.LFE75-.LFB75
 1280 0078 00000000 		.4byte	0
 1281 007c 00000000 		.4byte	0
 1282              		.section	.debug_ranges,"",%progbits
 1283              	.Ldebug_ranges0:
 1284 0000 00000000 		.4byte	.LFB66
 1285 0004 20000000 		.4byte	.LFE66
 1286 0008 00000000 		.4byte	.LFB67
ARM GAS  C:\Users\Gemma\AppData\Local\Temp\cczvAlEd.s 			page 31


 1287 000c 0C000000 		.4byte	.LFE67
 1288 0010 00000000 		.4byte	.LFB68
 1289 0014 0C000000 		.4byte	.LFE68
 1290 0018 00000000 		.4byte	.LFB69
 1291 001c 10000000 		.4byte	.LFE69
 1292 0020 00000000 		.4byte	.LFB70
 1293 0024 0C000000 		.4byte	.LFE70
 1294 0028 00000000 		.4byte	.LFB71
 1295 002c 0C000000 		.4byte	.LFE71
 1296 0030 00000000 		.4byte	.LFB72
 1297 0034 18000000 		.4byte	.LFE72
 1298 0038 00000000 		.4byte	.LFB73
 1299 003c 0C000000 		.4byte	.LFE73
 1300 0040 00000000 		.4byte	.LFB63
 1301 0044 1C000000 		.4byte	.LFE63
 1302 0048 00000000 		.4byte	.LFB64
 1303 004c 1A000000 		.4byte	.LFE64
 1304 0050 00000000 		.4byte	.LFB65
 1305 0054 14000000 		.4byte	.LFE65
 1306 0058 00000000 		.4byte	.LFB74
 1307 005c 0C000000 		.4byte	.LFE74
 1308 0060 00000000 		.4byte	.LFB75
 1309 0064 0C000000 		.4byte	.LFE75
 1310 0068 00000000 		.4byte	0
 1311 006c 00000000 		.4byte	0
 1312              		.section	.debug_line,"",%progbits
 1313              	.Ldebug_line0:
 1314 0000 70020000 		.section	.debug_str,"MS",%progbits,1
 1314      02008001 
 1314      00000201 
 1314      FB0E0D00 
 1314      01010101 
 1315              	.LASF19:
 1316 0000 72656733 		.ascii	"reg32\000"
 1316      3200
 1317              	.LASF43:
 1318 0006 42757474 		.ascii	"Button_isr_GetState\000"
 1318      6F6E5F69 
 1318      73725F47 
 1318      65745374 
 1318      61746500 
 1319              	.LASF12:
 1320 001a 5F5F696E 		.ascii	"__int32_t\000"
 1320      7433325F 
 1320      7400
 1321              	.LASF30:
 1322 0024 42757474 		.ascii	"Button_isr_Disable\000"
 1322      6F6E5F69 
 1322      73725F44 
 1322      69736162 
 1322      6C6500
 1323              	.LASF35:
 1324 0037 42757474 		.ascii	"Button_isr_ClearPending\000"
 1324      6F6E5F69 
 1324      73725F43 
 1324      6C656172 
 1324      50656E64 
ARM GAS  C:\Users\Gemma\AppData\Local\Temp\cczvAlEd.s 			page 32


 1325              	.LASF22:
 1326 004f 42757474 		.ascii	"Button_isr_SetVector\000"
 1326      6F6E5F69 
 1326      73725F53 
 1326      65745665 
 1326      63746F72 
 1327              	.LASF21:
 1328 0064 42757474 		.ascii	"Button_isr_Interrupt\000"
 1328      6F6E5F69 
 1328      73725F49 
 1328      6E746572 
 1328      72757074 
 1329              	.LASF16:
 1330 0079 666C6F61 		.ascii	"float\000"
 1330      7400
 1331              	.LASF4:
 1332 007f 756E7369 		.ascii	"unsigned char\000"
 1332      676E6564 
 1332      20636861 
 1332      7200
 1333              	.LASF40:
 1334 008d 474E5520 		.ascii	"GNU C11 5.4.1 20160609 (release) [ARM/embedded-5-br"
 1334      43313120 
 1334      352E342E 
 1334      31203230 
 1334      31363036 
 1335 00c0 616E6368 		.ascii	"anch revision 237715] -mcpu=cortex-m3 -mthumb -g -O"
 1335      20726576 
 1335      6973696F 
 1335      6E203233 
 1335      37373135 
 1336 00f3 67202D66 		.ascii	"g -ffunction-sections -ffat-lto-objects\000"
 1336      66756E63 
 1336      74696F6E 
 1336      2D736563 
 1336      74696F6E 
 1337              	.LASF18:
 1338 011b 72656738 		.ascii	"reg8\000"
 1338      00
 1339              	.LASF8:
 1340 0120 6C6F6E67 		.ascii	"long unsigned int\000"
 1340      20756E73 
 1340      69676E65 
 1340      6420696E 
 1340      7400
 1341              	.LASF6:
 1342 0132 73686F72 		.ascii	"short unsigned int\000"
 1342      7420756E 
 1342      7369676E 
 1342      65642069 
 1342      6E7400
 1343              	.LASF44:
 1344 0145 49544D5F 		.ascii	"ITM_RxBuffer\000"
 1344      52784275 
 1344      66666572 
 1344      00
 1345              	.LASF37:
ARM GAS  C:\Users\Gemma\AppData\Local\Temp\cczvAlEd.s 			page 33


 1346 0152 426C7565 		.ascii	"BlueLED_Write\000"
 1346      4C45445F 
 1346      57726974 
 1346      6500
 1347              	.LASF17:
 1348 0160 646F7562 		.ascii	"double\000"
 1348      6C6500
 1349              	.LASF41:
 1350 0167 47656E65 		.ascii	"Generated_Source\\PSoC5\\Button_isr.c\000"
 1350      72617465 
 1350      645F536F 
 1350      75726365 
 1350      5C50536F 
 1351              	.LASF5:
 1352 018b 73686F72 		.ascii	"short int\000"
 1352      7420696E 
 1352      7400
 1353              	.LASF26:
 1354 0195 7072696F 		.ascii	"priority\000"
 1354      72697479 
 1354      00
 1355              	.LASF31:
 1356 019e 42757474 		.ascii	"Button_isr_Start\000"
 1356      6F6E5F69 
 1356      73725F53 
 1356      74617274 
 1356      00
 1357              	.LASF15:
 1358 01af 75696E74 		.ascii	"uint32\000"
 1358      333200
 1359              	.LASF28:
 1360 01b6 42757474 		.ascii	"Button_isr_GetPriority\000"
 1360      6F6E5F69 
 1360      73725F47 
 1360      65745072 
 1360      696F7269 
 1361              	.LASF29:
 1362 01cd 42757474 		.ascii	"Button_isr_Enable\000"
 1362      6F6E5F69 
 1362      73725F45 
 1362      6E61626C 
 1362      6500
 1363              	.LASF0:
 1364 01df 756E7369 		.ascii	"unsigned int\000"
 1364      676E6564 
 1364      20696E74 
 1364      00
 1365              	.LASF25:
 1366 01ec 61646472 		.ascii	"address\000"
 1366      65737300 
 1367              	.LASF9:
 1368 01f4 6C6F6E67 		.ascii	"long long unsigned int\000"
 1368      206C6F6E 
 1368      6720756E 
 1368      7369676E 
 1368      65642069 
 1369              	.LASF27:
ARM GAS  C:\Users\Gemma\AppData\Local\Temp\cczvAlEd.s 			page 34


 1370 020b 42757474 		.ascii	"Button_isr_GetVector\000"
 1370      6F6E5F69 
 1370      73725F47 
 1370      65745665 
 1370      63746F72 
 1371              	.LASF39:
 1372 0220 42757474 		.ascii	"Button_ClearInterrupt\000"
 1372      6F6E5F43 
 1372      6C656172 
 1372      496E7465 
 1372      72727570 
 1373              	.LASF20:
 1374 0236 63796973 		.ascii	"cyisraddress\000"
 1374      72616464 
 1374      72657373 
 1374      00
 1375              	.LASF13:
 1376 0243 696E7433 		.ascii	"int32_t\000"
 1376      325F7400 
 1377              	.LASF10:
 1378 024b 73697A65 		.ascii	"sizetype\000"
 1378      74797065 
 1378      00
 1379              	.LASF33:
 1380 0254 42757474 		.ascii	"Button_isr_Stop\000"
 1380      6F6E5F69 
 1380      73725F53 
 1380      746F7000 
 1381              	.LASF1:
 1382 0264 6C6F6E67 		.ascii	"long long int\000"
 1382      206C6F6E 
 1382      6720696E 
 1382      7400
 1383              	.LASF11:
 1384 0272 63686172 		.ascii	"char\000"
 1384      00
 1385              	.LASF23:
 1386 0277 72616D56 		.ascii	"ramVectorTable\000"
 1386      6563746F 
 1386      72546162 
 1386      6C6500
 1387              	.LASF32:
 1388 0286 42757474 		.ascii	"Button_isr_StartEx\000"
 1388      6F6E5F69 
 1388      73725F53 
 1388      74617274 
 1388      457800
 1389              	.LASF14:
 1390 0299 75696E74 		.ascii	"uint8\000"
 1390      3800
 1391              	.LASF34:
 1392 029f 42757474 		.ascii	"Button_isr_SetPending\000"
 1392      6F6E5F69 
 1392      73725F53 
 1392      65745065 
 1392      6E64696E 
 1393              	.LASF7:
ARM GAS  C:\Users\Gemma\AppData\Local\Temp\cczvAlEd.s 			page 35


 1394 02b5 6C6F6E67 		.ascii	"long int\000"
 1394      20696E74 
 1394      00
 1395              	.LASF2:
 1396 02be 6C6F6E67 		.ascii	"long double\000"
 1396      20646F75 
 1396      626C6500 
 1397              	.LASF42:
 1398 02ca 433A5C55 		.ascii	"C:\\Users\\Gemma\\Desktop\\PSoC\\GemmaQ_Assignment2"
 1398      73657273 
 1398      5C47656D 
 1398      6D615C44 
 1398      65736B74 
 1399 02f8 5C47656D 		.ascii	"\\GemmaQ_Assignment2.cydsn\000"
 1399      6D61515F 
 1399      41737369 
 1399      676E6D65 
 1399      6E74322E 
 1400              	.LASF3:
 1401 0312 7369676E 		.ascii	"signed char\000"
 1401      65642063 
 1401      68617200 
 1402              	.LASF36:
 1403 031e 55415254 		.ascii	"UART_PutString\000"
 1403      5F507574 
 1403      53747269 
 1403      6E6700
 1404              	.LASF24:
 1405 032d 42757474 		.ascii	"Button_isr_SetPriority\000"
 1405      6F6E5F69 
 1405      73725F53 
 1405      65745072 
 1405      696F7269 
 1406              	.LASF38:
 1407 0344 43794465 		.ascii	"CyDelay\000"
 1407      6C617900 
 1408              		.ident	"GCC: (GNU Tools for ARM Embedded Processors) 5.4.1 20160609 (release) [ARM/embedded-5-bran
