ARM GAS  C:\Users\Gemma\AppData\Local\Temp\ccZrbwkF.s 			page 1


   1              		.syntax unified
   2              		.cpu cortex-m3
   3              		.fpu softvfp
   4              		.eabi_attribute 20, 1
   5              		.eabi_attribute 21, 1
   6              		.eabi_attribute 23, 3
   7              		.eabi_attribute 24, 1
   8              		.eabi_attribute 25, 1
   9              		.eabi_attribute 26, 1
  10              		.eabi_attribute 30, 1
  11              		.eabi_attribute 34, 1
  12              		.eabi_attribute 18, 4
  13              		.thumb
  14              		.syntax unified
  15              		.file	"isr_1.c"
  16              		.text
  17              	.Ltext0:
  18              		.cfi_sections	.debug_frame
  19              		.section	.text.isr_1_Interrupt,"ax",%progbits
  20              		.align	2
  21              		.global	isr_1_Interrupt
  22              		.thumb
  23              		.thumb_func
  24              		.type	isr_1_Interrupt, %function
  25              	isr_1_Interrupt:
  26              	.LFB3:
  27              		.file 1 "Generated_Source\\PSoC5\\isr_1.c"
   1:Generated_Source\PSoC5/isr_1.c **** /*******************************************************************************
   2:Generated_Source\PSoC5/isr_1.c **** * File Name: isr_1.c  
   3:Generated_Source\PSoC5/isr_1.c **** * Version 1.70
   4:Generated_Source\PSoC5/isr_1.c **** *
   5:Generated_Source\PSoC5/isr_1.c **** *  Description:
   6:Generated_Source\PSoC5/isr_1.c **** *   API for controlling the state of an interrupt.
   7:Generated_Source\PSoC5/isr_1.c **** *
   8:Generated_Source\PSoC5/isr_1.c **** *
   9:Generated_Source\PSoC5/isr_1.c **** *  Note:
  10:Generated_Source\PSoC5/isr_1.c **** *
  11:Generated_Source\PSoC5/isr_1.c **** ********************************************************************************
  12:Generated_Source\PSoC5/isr_1.c **** * Copyright 2008-2015, Cypress Semiconductor Corporation.  All rights reserved.
  13:Generated_Source\PSoC5/isr_1.c **** * You may use this file only in accordance with the license, terms, conditions, 
  14:Generated_Source\PSoC5/isr_1.c **** * disclaimers, and limitations in the end user license agreement accompanying 
  15:Generated_Source\PSoC5/isr_1.c **** * the software package with which this file was provided.
  16:Generated_Source\PSoC5/isr_1.c **** *******************************************************************************/
  17:Generated_Source\PSoC5/isr_1.c **** 
  18:Generated_Source\PSoC5/isr_1.c **** 
  19:Generated_Source\PSoC5/isr_1.c **** #include <cydevice_trm.h>
  20:Generated_Source\PSoC5/isr_1.c **** #include <CyLib.h>
  21:Generated_Source\PSoC5/isr_1.c **** #include <isr_1.h>
  22:Generated_Source\PSoC5/isr_1.c **** #include "cyapicallbacks.h"
  23:Generated_Source\PSoC5/isr_1.c **** 
  24:Generated_Source\PSoC5/isr_1.c **** #if !defined(isr_1__REMOVED) /* Check for removal by optimization */
  25:Generated_Source\PSoC5/isr_1.c **** 
  26:Generated_Source\PSoC5/isr_1.c **** /*******************************************************************************
  27:Generated_Source\PSoC5/isr_1.c **** *  Place your includes, defines and code here 
  28:Generated_Source\PSoC5/isr_1.c **** ********************************************************************************/
  29:Generated_Source\PSoC5/isr_1.c **** /* `#START isr_1_intc` */
  30:Generated_Source\PSoC5/isr_1.c **** 
ARM GAS  C:\Users\Gemma\AppData\Local\Temp\ccZrbwkF.s 			page 2


  31:Generated_Source\PSoC5/isr_1.c **** uint8 btn_pressed = 0;    
  32:Generated_Source\PSoC5/isr_1.c ****     
  33:Generated_Source\PSoC5/isr_1.c **** /* `#END` */
  34:Generated_Source\PSoC5/isr_1.c **** 
  35:Generated_Source\PSoC5/isr_1.c **** #ifndef CYINT_IRQ_BASE
  36:Generated_Source\PSoC5/isr_1.c **** #define CYINT_IRQ_BASE      16
  37:Generated_Source\PSoC5/isr_1.c **** #endif /* CYINT_IRQ_BASE */
  38:Generated_Source\PSoC5/isr_1.c **** #ifndef CYINT_VECT_TABLE
  39:Generated_Source\PSoC5/isr_1.c **** #define CYINT_VECT_TABLE    ((cyisraddress **) CYREG_NVIC_VECT_OFFSET)
  40:Generated_Source\PSoC5/isr_1.c **** #endif /* CYINT_VECT_TABLE */
  41:Generated_Source\PSoC5/isr_1.c **** 
  42:Generated_Source\PSoC5/isr_1.c **** /* Declared in startup, used to set unused interrupts to. */
  43:Generated_Source\PSoC5/isr_1.c **** CY_ISR_PROTO(IntDefaultHandler);
  44:Generated_Source\PSoC5/isr_1.c **** 
  45:Generated_Source\PSoC5/isr_1.c **** 
  46:Generated_Source\PSoC5/isr_1.c **** /*******************************************************************************
  47:Generated_Source\PSoC5/isr_1.c **** * Function Name: isr_1_Start
  48:Generated_Source\PSoC5/isr_1.c **** ********************************************************************************
  49:Generated_Source\PSoC5/isr_1.c **** *
  50:Generated_Source\PSoC5/isr_1.c **** * Summary:
  51:Generated_Source\PSoC5/isr_1.c **** *  Set up the interrupt and enable it. This function disables the interrupt, 
  52:Generated_Source\PSoC5/isr_1.c **** *  sets the default interrupt vector, sets the priority from the value in the
  53:Generated_Source\PSoC5/isr_1.c **** *  Design Wide Resources Interrupt Editor, then enables the interrupt to the 
  54:Generated_Source\PSoC5/isr_1.c **** *  interrupt controller.
  55:Generated_Source\PSoC5/isr_1.c **** *
  56:Generated_Source\PSoC5/isr_1.c **** * Parameters:  
  57:Generated_Source\PSoC5/isr_1.c **** *   None
  58:Generated_Source\PSoC5/isr_1.c **** *
  59:Generated_Source\PSoC5/isr_1.c **** * Return:
  60:Generated_Source\PSoC5/isr_1.c **** *   None
  61:Generated_Source\PSoC5/isr_1.c **** *
  62:Generated_Source\PSoC5/isr_1.c **** *******************************************************************************/
  63:Generated_Source\PSoC5/isr_1.c **** void isr_1_Start(void)
  64:Generated_Source\PSoC5/isr_1.c **** {
  65:Generated_Source\PSoC5/isr_1.c ****     /* For all we know the interrupt is active. */
  66:Generated_Source\PSoC5/isr_1.c ****     isr_1_Disable();
  67:Generated_Source\PSoC5/isr_1.c **** 
  68:Generated_Source\PSoC5/isr_1.c ****     /* Set the ISR to point to the isr_1 Interrupt. */
  69:Generated_Source\PSoC5/isr_1.c ****     isr_1_SetVector(&isr_1_Interrupt);
  70:Generated_Source\PSoC5/isr_1.c **** 
  71:Generated_Source\PSoC5/isr_1.c ****     /* Set the priority. */
  72:Generated_Source\PSoC5/isr_1.c ****     isr_1_SetPriority((uint8)isr_1_INTC_PRIOR_NUMBER);
  73:Generated_Source\PSoC5/isr_1.c **** 
  74:Generated_Source\PSoC5/isr_1.c ****     /* Enable it. */
  75:Generated_Source\PSoC5/isr_1.c ****     isr_1_Enable();
  76:Generated_Source\PSoC5/isr_1.c **** }
  77:Generated_Source\PSoC5/isr_1.c **** 
  78:Generated_Source\PSoC5/isr_1.c **** 
  79:Generated_Source\PSoC5/isr_1.c **** /*******************************************************************************
  80:Generated_Source\PSoC5/isr_1.c **** * Function Name: isr_1_StartEx
  81:Generated_Source\PSoC5/isr_1.c **** ********************************************************************************
  82:Generated_Source\PSoC5/isr_1.c **** *
  83:Generated_Source\PSoC5/isr_1.c **** * Summary:
  84:Generated_Source\PSoC5/isr_1.c **** *  Sets up the interrupt and enables it. This function disables the interrupt,
  85:Generated_Source\PSoC5/isr_1.c **** *  sets the interrupt vector based on the address passed in, sets the priority 
  86:Generated_Source\PSoC5/isr_1.c **** *  from the value in the Design Wide Resources Interrupt Editor, then enables 
  87:Generated_Source\PSoC5/isr_1.c **** *  the interrupt to the interrupt controller.
ARM GAS  C:\Users\Gemma\AppData\Local\Temp\ccZrbwkF.s 			page 3


  88:Generated_Source\PSoC5/isr_1.c **** *  
  89:Generated_Source\PSoC5/isr_1.c **** *  When defining ISR functions, the CY_ISR and CY_ISR_PROTO macros should be 
  90:Generated_Source\PSoC5/isr_1.c **** *  used to provide consistent definition across compilers:
  91:Generated_Source\PSoC5/isr_1.c **** *  
  92:Generated_Source\PSoC5/isr_1.c **** *  Function definition example:
  93:Generated_Source\PSoC5/isr_1.c **** *   CY_ISR(MyISR)
  94:Generated_Source\PSoC5/isr_1.c **** *   {
  95:Generated_Source\PSoC5/isr_1.c **** *   }
  96:Generated_Source\PSoC5/isr_1.c **** *   Function prototype example:
  97:Generated_Source\PSoC5/isr_1.c **** *   CY_ISR_PROTO(MyISR);
  98:Generated_Source\PSoC5/isr_1.c **** *
  99:Generated_Source\PSoC5/isr_1.c **** * Parameters:  
 100:Generated_Source\PSoC5/isr_1.c **** *   address: Address of the ISR to set in the interrupt vector table.
 101:Generated_Source\PSoC5/isr_1.c **** *
 102:Generated_Source\PSoC5/isr_1.c **** * Return:
 103:Generated_Source\PSoC5/isr_1.c **** *   None
 104:Generated_Source\PSoC5/isr_1.c **** *
 105:Generated_Source\PSoC5/isr_1.c **** *******************************************************************************/
 106:Generated_Source\PSoC5/isr_1.c **** void isr_1_StartEx(cyisraddress address)
 107:Generated_Source\PSoC5/isr_1.c **** {
 108:Generated_Source\PSoC5/isr_1.c ****     /* For all we know the interrupt is active. */
 109:Generated_Source\PSoC5/isr_1.c ****     isr_1_Disable();
 110:Generated_Source\PSoC5/isr_1.c **** 
 111:Generated_Source\PSoC5/isr_1.c ****     /* Set the ISR to point to the isr_1 Interrupt. */
 112:Generated_Source\PSoC5/isr_1.c ****     isr_1_SetVector(address);
 113:Generated_Source\PSoC5/isr_1.c **** 
 114:Generated_Source\PSoC5/isr_1.c ****     /* Set the priority. */
 115:Generated_Source\PSoC5/isr_1.c ****     isr_1_SetPriority((uint8)isr_1_INTC_PRIOR_NUMBER);
 116:Generated_Source\PSoC5/isr_1.c **** 
 117:Generated_Source\PSoC5/isr_1.c ****     /* Enable it. */
 118:Generated_Source\PSoC5/isr_1.c ****     isr_1_Enable();
 119:Generated_Source\PSoC5/isr_1.c **** }
 120:Generated_Source\PSoC5/isr_1.c **** 
 121:Generated_Source\PSoC5/isr_1.c **** 
 122:Generated_Source\PSoC5/isr_1.c **** /*******************************************************************************
 123:Generated_Source\PSoC5/isr_1.c **** * Function Name: isr_1_Stop
 124:Generated_Source\PSoC5/isr_1.c **** ********************************************************************************
 125:Generated_Source\PSoC5/isr_1.c **** *
 126:Generated_Source\PSoC5/isr_1.c **** * Summary:
 127:Generated_Source\PSoC5/isr_1.c **** *   Disables and removes the interrupt.
 128:Generated_Source\PSoC5/isr_1.c **** *
 129:Generated_Source\PSoC5/isr_1.c **** * Parameters:  
 130:Generated_Source\PSoC5/isr_1.c **** *   None
 131:Generated_Source\PSoC5/isr_1.c **** *
 132:Generated_Source\PSoC5/isr_1.c **** * Return:
 133:Generated_Source\PSoC5/isr_1.c **** *   None
 134:Generated_Source\PSoC5/isr_1.c **** *
 135:Generated_Source\PSoC5/isr_1.c **** *******************************************************************************/
 136:Generated_Source\PSoC5/isr_1.c **** void isr_1_Stop(void)
 137:Generated_Source\PSoC5/isr_1.c **** {
 138:Generated_Source\PSoC5/isr_1.c ****     /* Disable this interrupt. */
 139:Generated_Source\PSoC5/isr_1.c ****     isr_1_Disable();
 140:Generated_Source\PSoC5/isr_1.c **** 
 141:Generated_Source\PSoC5/isr_1.c ****     /* Set the ISR to point to the passive one. */
 142:Generated_Source\PSoC5/isr_1.c ****     isr_1_SetVector(&IntDefaultHandler);
 143:Generated_Source\PSoC5/isr_1.c **** }
 144:Generated_Source\PSoC5/isr_1.c **** 
ARM GAS  C:\Users\Gemma\AppData\Local\Temp\ccZrbwkF.s 			page 4


 145:Generated_Source\PSoC5/isr_1.c **** 
 146:Generated_Source\PSoC5/isr_1.c **** /*******************************************************************************
 147:Generated_Source\PSoC5/isr_1.c **** * Function Name: isr_1_Interrupt
 148:Generated_Source\PSoC5/isr_1.c **** ********************************************************************************
 149:Generated_Source\PSoC5/isr_1.c **** *
 150:Generated_Source\PSoC5/isr_1.c **** * Summary:
 151:Generated_Source\PSoC5/isr_1.c **** *   The default Interrupt Service Routine for isr_1.
 152:Generated_Source\PSoC5/isr_1.c **** *
 153:Generated_Source\PSoC5/isr_1.c **** *   Add custom code between the coments to keep the next version of this file
 154:Generated_Source\PSoC5/isr_1.c **** *   from over writting your code.
 155:Generated_Source\PSoC5/isr_1.c **** *
 156:Generated_Source\PSoC5/isr_1.c **** * Parameters:  
 157:Generated_Source\PSoC5/isr_1.c **** *
 158:Generated_Source\PSoC5/isr_1.c **** * Return:
 159:Generated_Source\PSoC5/isr_1.c **** *   None
 160:Generated_Source\PSoC5/isr_1.c **** *
 161:Generated_Source\PSoC5/isr_1.c **** *******************************************************************************/
 162:Generated_Source\PSoC5/isr_1.c **** CY_ISR(isr_1_Interrupt)
 163:Generated_Source\PSoC5/isr_1.c **** {
  28              		.loc 1 163 0
  29              		.cfi_startproc
  30              		@ args = 0, pretend = 0, frame = 0
  31              		@ frame_needed = 0, uses_anonymous_args = 0
  32              		@ link register save eliminated.
 164:Generated_Source\PSoC5/isr_1.c ****     #ifdef isr_1_INTERRUPT_INTERRUPT_CALLBACK
 165:Generated_Source\PSoC5/isr_1.c ****         isr_1_Interrupt_InterruptCallback();
 166:Generated_Source\PSoC5/isr_1.c ****     #endif /* isr_1_INTERRUPT_INTERRUPT_CALLBACK */ 
 167:Generated_Source\PSoC5/isr_1.c **** 
 168:Generated_Source\PSoC5/isr_1.c ****     /*  Place your Interrupt code here. */
 169:Generated_Source\PSoC5/isr_1.c ****     /* `#START isr_1_Interrupt` */
 170:Generated_Source\PSoC5/isr_1.c ****     btn_pressed = 1;
  33              		.loc 1 170 0
  34 0000 0122     		movs	r2, #1
  35 0002 014B     		ldr	r3, .L2
  36 0004 1A70     		strb	r2, [r3]
  37 0006 7047     		bx	lr
  38              	.L3:
  39              		.align	2
  40              	.L2:
  41 0008 00000000 		.word	.LANCHOR0
  42              		.cfi_endproc
  43              	.LFE3:
  44              		.size	isr_1_Interrupt, .-isr_1_Interrupt
  45              		.section	.text.isr_1_SetVector,"ax",%progbits
  46              		.align	2
  47              		.global	isr_1_SetVector
  48              		.thumb
  49              		.thumb_func
  50              		.type	isr_1_SetVector, %function
  51              	isr_1_SetVector:
  52              	.LFB4:
 171:Generated_Source\PSoC5/isr_1.c ****     /* `#END` */
 172:Generated_Source\PSoC5/isr_1.c **** }
 173:Generated_Source\PSoC5/isr_1.c **** 
 174:Generated_Source\PSoC5/isr_1.c **** 
 175:Generated_Source\PSoC5/isr_1.c **** /*******************************************************************************
 176:Generated_Source\PSoC5/isr_1.c **** * Function Name: isr_1_SetVector
ARM GAS  C:\Users\Gemma\AppData\Local\Temp\ccZrbwkF.s 			page 5


 177:Generated_Source\PSoC5/isr_1.c **** ********************************************************************************
 178:Generated_Source\PSoC5/isr_1.c **** *
 179:Generated_Source\PSoC5/isr_1.c **** * Summary:
 180:Generated_Source\PSoC5/isr_1.c **** *   Change the ISR vector for the Interrupt. Note calling isr_1_Start
 181:Generated_Source\PSoC5/isr_1.c **** *   will override any effect this method would have had. To set the vector 
 182:Generated_Source\PSoC5/isr_1.c **** *   before the component has been started use isr_1_StartEx instead.
 183:Generated_Source\PSoC5/isr_1.c **** * 
 184:Generated_Source\PSoC5/isr_1.c **** *   When defining ISR functions, the CY_ISR and CY_ISR_PROTO macros should be 
 185:Generated_Source\PSoC5/isr_1.c **** *   used to provide consistent definition across compilers:
 186:Generated_Source\PSoC5/isr_1.c **** *
 187:Generated_Source\PSoC5/isr_1.c **** *   Function definition example:
 188:Generated_Source\PSoC5/isr_1.c **** *   CY_ISR(MyISR)
 189:Generated_Source\PSoC5/isr_1.c **** *   {
 190:Generated_Source\PSoC5/isr_1.c **** *   }
 191:Generated_Source\PSoC5/isr_1.c **** *
 192:Generated_Source\PSoC5/isr_1.c **** *   Function prototype example:
 193:Generated_Source\PSoC5/isr_1.c **** *     CY_ISR_PROTO(MyISR);
 194:Generated_Source\PSoC5/isr_1.c **** *
 195:Generated_Source\PSoC5/isr_1.c **** * Parameters:
 196:Generated_Source\PSoC5/isr_1.c **** *   address: Address of the ISR to set in the interrupt vector table.
 197:Generated_Source\PSoC5/isr_1.c **** *
 198:Generated_Source\PSoC5/isr_1.c **** * Return:
 199:Generated_Source\PSoC5/isr_1.c **** *   None
 200:Generated_Source\PSoC5/isr_1.c **** *
 201:Generated_Source\PSoC5/isr_1.c **** *******************************************************************************/
 202:Generated_Source\PSoC5/isr_1.c **** void isr_1_SetVector(cyisraddress address)
 203:Generated_Source\PSoC5/isr_1.c **** {
  53              		.loc 1 203 0
  54              		.cfi_startproc
  55              		@ args = 0, pretend = 0, frame = 0
  56              		@ frame_needed = 0, uses_anonymous_args = 0
  57              		@ link register save eliminated.
  58              	.LVL0:
 204:Generated_Source\PSoC5/isr_1.c ****     cyisraddress * ramVectorTable;
 205:Generated_Source\PSoC5/isr_1.c **** 
 206:Generated_Source\PSoC5/isr_1.c ****     ramVectorTable = (cyisraddress *) *CYINT_VECT_TABLE;
  59              		.loc 1 206 0
  60 0000 014B     		ldr	r3, .L5
  61 0002 1B68     		ldr	r3, [r3]
  62              	.LVL1:
 207:Generated_Source\PSoC5/isr_1.c **** 
 208:Generated_Source\PSoC5/isr_1.c ****     ramVectorTable[CYINT_IRQ_BASE + (uint32)isr_1__INTC_NUMBER] = address;
  63              		.loc 1 208 0
  64 0004 9865     		str	r0, [r3, #88]
  65 0006 7047     		bx	lr
  66              	.L6:
  67              		.align	2
  68              	.L5:
  69 0008 08ED00E0 		.word	-536810232
  70              		.cfi_endproc
  71              	.LFE4:
  72              		.size	isr_1_SetVector, .-isr_1_SetVector
  73              		.section	.text.isr_1_GetVector,"ax",%progbits
  74              		.align	2
  75              		.global	isr_1_GetVector
  76              		.thumb
  77              		.thumb_func
ARM GAS  C:\Users\Gemma\AppData\Local\Temp\ccZrbwkF.s 			page 6


  78              		.type	isr_1_GetVector, %function
  79              	isr_1_GetVector:
  80              	.LFB5:
 209:Generated_Source\PSoC5/isr_1.c **** }
 210:Generated_Source\PSoC5/isr_1.c **** 
 211:Generated_Source\PSoC5/isr_1.c **** 
 212:Generated_Source\PSoC5/isr_1.c **** /*******************************************************************************
 213:Generated_Source\PSoC5/isr_1.c **** * Function Name: isr_1_GetVector
 214:Generated_Source\PSoC5/isr_1.c **** ********************************************************************************
 215:Generated_Source\PSoC5/isr_1.c **** *
 216:Generated_Source\PSoC5/isr_1.c **** * Summary:
 217:Generated_Source\PSoC5/isr_1.c **** *   Gets the "address" of the current ISR vector for the Interrupt.
 218:Generated_Source\PSoC5/isr_1.c **** *
 219:Generated_Source\PSoC5/isr_1.c **** * Parameters:
 220:Generated_Source\PSoC5/isr_1.c **** *   None
 221:Generated_Source\PSoC5/isr_1.c **** *
 222:Generated_Source\PSoC5/isr_1.c **** * Return:
 223:Generated_Source\PSoC5/isr_1.c **** *   Address of the ISR in the interrupt vector table.
 224:Generated_Source\PSoC5/isr_1.c **** *
 225:Generated_Source\PSoC5/isr_1.c **** *******************************************************************************/
 226:Generated_Source\PSoC5/isr_1.c **** cyisraddress isr_1_GetVector(void)
 227:Generated_Source\PSoC5/isr_1.c **** {
  81              		.loc 1 227 0
  82              		.cfi_startproc
  83              		@ args = 0, pretend = 0, frame = 0
  84              		@ frame_needed = 0, uses_anonymous_args = 0
  85              		@ link register save eliminated.
 228:Generated_Source\PSoC5/isr_1.c ****     cyisraddress * ramVectorTable;
 229:Generated_Source\PSoC5/isr_1.c **** 
 230:Generated_Source\PSoC5/isr_1.c ****     ramVectorTable = (cyisraddress *) *CYINT_VECT_TABLE;
  86              		.loc 1 230 0
  87 0000 014B     		ldr	r3, .L8
  88 0002 1B68     		ldr	r3, [r3]
  89              	.LVL2:
 231:Generated_Source\PSoC5/isr_1.c **** 
 232:Generated_Source\PSoC5/isr_1.c ****     return ramVectorTable[CYINT_IRQ_BASE + (uint32)isr_1__INTC_NUMBER];
 233:Generated_Source\PSoC5/isr_1.c **** }
  90              		.loc 1 233 0
  91 0004 986D     		ldr	r0, [r3, #88]
  92 0006 7047     		bx	lr
  93              	.L9:
  94              		.align	2
  95              	.L8:
  96 0008 08ED00E0 		.word	-536810232
  97              		.cfi_endproc
  98              	.LFE5:
  99              		.size	isr_1_GetVector, .-isr_1_GetVector
 100              		.section	.text.isr_1_SetPriority,"ax",%progbits
 101              		.align	2
 102              		.global	isr_1_SetPriority
 103              		.thumb
 104              		.thumb_func
 105              		.type	isr_1_SetPriority, %function
 106              	isr_1_SetPriority:
 107              	.LFB6:
 234:Generated_Source\PSoC5/isr_1.c **** 
 235:Generated_Source\PSoC5/isr_1.c **** 
ARM GAS  C:\Users\Gemma\AppData\Local\Temp\ccZrbwkF.s 			page 7


 236:Generated_Source\PSoC5/isr_1.c **** /*******************************************************************************
 237:Generated_Source\PSoC5/isr_1.c **** * Function Name: isr_1_SetPriority
 238:Generated_Source\PSoC5/isr_1.c **** ********************************************************************************
 239:Generated_Source\PSoC5/isr_1.c **** *
 240:Generated_Source\PSoC5/isr_1.c **** * Summary:
 241:Generated_Source\PSoC5/isr_1.c **** *   Sets the Priority of the Interrupt. 
 242:Generated_Source\PSoC5/isr_1.c **** *
 243:Generated_Source\PSoC5/isr_1.c **** *   Note calling isr_1_Start or isr_1_StartEx will 
 244:Generated_Source\PSoC5/isr_1.c **** *   override any effect this API would have had. This API should only be called
 245:Generated_Source\PSoC5/isr_1.c **** *   after isr_1_Start or isr_1_StartEx has been called. 
 246:Generated_Source\PSoC5/isr_1.c **** *   To set the initial priority for the component, use the Design-Wide Resources
 247:Generated_Source\PSoC5/isr_1.c **** *   Interrupt Editor.
 248:Generated_Source\PSoC5/isr_1.c **** *
 249:Generated_Source\PSoC5/isr_1.c **** *   Note This API has no effect on Non-maskable interrupt NMI).
 250:Generated_Source\PSoC5/isr_1.c **** *
 251:Generated_Source\PSoC5/isr_1.c **** * Parameters:
 252:Generated_Source\PSoC5/isr_1.c **** *   priority: Priority of the interrupt, 0 being the highest priority
 253:Generated_Source\PSoC5/isr_1.c **** *             PSoC 3 and PSoC 5LP: Priority is from 0 to 7.
 254:Generated_Source\PSoC5/isr_1.c **** *             PSoC 4: Priority is from 0 to 3.
 255:Generated_Source\PSoC5/isr_1.c **** *
 256:Generated_Source\PSoC5/isr_1.c **** * Return:
 257:Generated_Source\PSoC5/isr_1.c **** *   None
 258:Generated_Source\PSoC5/isr_1.c **** *
 259:Generated_Source\PSoC5/isr_1.c **** *******************************************************************************/
 260:Generated_Source\PSoC5/isr_1.c **** void isr_1_SetPriority(uint8 priority)
 261:Generated_Source\PSoC5/isr_1.c **** {
 108              		.loc 1 261 0
 109              		.cfi_startproc
 110              		@ args = 0, pretend = 0, frame = 0
 111              		@ frame_needed = 0, uses_anonymous_args = 0
 112              		@ link register save eliminated.
 113              	.LVL3:
 262:Generated_Source\PSoC5/isr_1.c ****     *isr_1_INTC_PRIOR = priority << 5;
 114              		.loc 1 262 0
 115 0000 4001     		lsls	r0, r0, #5
 116              	.LVL4:
 117 0002 C0B2     		uxtb	r0, r0
 118 0004 014B     		ldr	r3, .L11
 119 0006 1870     		strb	r0, [r3]
 120 0008 7047     		bx	lr
 121              	.L12:
 122 000a 00BF     		.align	2
 123              	.L11:
 124 000c 06E400E0 		.word	-536812538
 125              		.cfi_endproc
 126              	.LFE6:
 127              		.size	isr_1_SetPriority, .-isr_1_SetPriority
 128              		.section	.text.isr_1_GetPriority,"ax",%progbits
 129              		.align	2
 130              		.global	isr_1_GetPriority
 131              		.thumb
 132              		.thumb_func
 133              		.type	isr_1_GetPriority, %function
 134              	isr_1_GetPriority:
 135              	.LFB7:
 263:Generated_Source\PSoC5/isr_1.c **** }
 264:Generated_Source\PSoC5/isr_1.c **** 
ARM GAS  C:\Users\Gemma\AppData\Local\Temp\ccZrbwkF.s 			page 8


 265:Generated_Source\PSoC5/isr_1.c **** 
 266:Generated_Source\PSoC5/isr_1.c **** /*******************************************************************************
 267:Generated_Source\PSoC5/isr_1.c **** * Function Name: isr_1_GetPriority
 268:Generated_Source\PSoC5/isr_1.c **** ********************************************************************************
 269:Generated_Source\PSoC5/isr_1.c **** *
 270:Generated_Source\PSoC5/isr_1.c **** * Summary:
 271:Generated_Source\PSoC5/isr_1.c **** *   Gets the Priority of the Interrupt.
 272:Generated_Source\PSoC5/isr_1.c **** *
 273:Generated_Source\PSoC5/isr_1.c **** * Parameters:
 274:Generated_Source\PSoC5/isr_1.c **** *   None
 275:Generated_Source\PSoC5/isr_1.c **** *
 276:Generated_Source\PSoC5/isr_1.c **** * Return:
 277:Generated_Source\PSoC5/isr_1.c **** *   Priority of the interrupt, 0 being the highest priority
 278:Generated_Source\PSoC5/isr_1.c **** *    PSoC 3 and PSoC 5LP: Priority is from 0 to 7.
 279:Generated_Source\PSoC5/isr_1.c **** *    PSoC 4: Priority is from 0 to 3.
 280:Generated_Source\PSoC5/isr_1.c **** *
 281:Generated_Source\PSoC5/isr_1.c **** *******************************************************************************/
 282:Generated_Source\PSoC5/isr_1.c **** uint8 isr_1_GetPriority(void)
 283:Generated_Source\PSoC5/isr_1.c **** {
 136              		.loc 1 283 0
 137              		.cfi_startproc
 138              		@ args = 0, pretend = 0, frame = 0
 139              		@ frame_needed = 0, uses_anonymous_args = 0
 140              		@ link register save eliminated.
 284:Generated_Source\PSoC5/isr_1.c ****     uint8 priority;
 285:Generated_Source\PSoC5/isr_1.c **** 
 286:Generated_Source\PSoC5/isr_1.c **** 
 287:Generated_Source\PSoC5/isr_1.c ****     priority = *isr_1_INTC_PRIOR >> 5;
 141              		.loc 1 287 0
 142 0000 014B     		ldr	r3, .L14
 143 0002 1878     		ldrb	r0, [r3]	@ zero_extendqisi2
 144              	.LVL5:
 288:Generated_Source\PSoC5/isr_1.c **** 
 289:Generated_Source\PSoC5/isr_1.c ****     return priority;
 290:Generated_Source\PSoC5/isr_1.c **** }
 145              		.loc 1 290 0
 146 0004 4009     		lsrs	r0, r0, #5
 147              	.LVL6:
 148 0006 7047     		bx	lr
 149              	.L15:
 150              		.align	2
 151              	.L14:
 152 0008 06E400E0 		.word	-536812538
 153              		.cfi_endproc
 154              	.LFE7:
 155              		.size	isr_1_GetPriority, .-isr_1_GetPriority
 156              		.section	.text.isr_1_Enable,"ax",%progbits
 157              		.align	2
 158              		.global	isr_1_Enable
 159              		.thumb
 160              		.thumb_func
 161              		.type	isr_1_Enable, %function
 162              	isr_1_Enable:
 163              	.LFB8:
 291:Generated_Source\PSoC5/isr_1.c **** 
 292:Generated_Source\PSoC5/isr_1.c **** 
 293:Generated_Source\PSoC5/isr_1.c **** /*******************************************************************************
ARM GAS  C:\Users\Gemma\AppData\Local\Temp\ccZrbwkF.s 			page 9


 294:Generated_Source\PSoC5/isr_1.c **** * Function Name: isr_1_Enable
 295:Generated_Source\PSoC5/isr_1.c **** ********************************************************************************
 296:Generated_Source\PSoC5/isr_1.c **** *
 297:Generated_Source\PSoC5/isr_1.c **** * Summary:
 298:Generated_Source\PSoC5/isr_1.c **** *   Enables the interrupt to the interrupt controller. Do not call this function
 299:Generated_Source\PSoC5/isr_1.c **** *   unless ISR_Start() has been called or the functionality of the ISR_Start() 
 300:Generated_Source\PSoC5/isr_1.c **** *   function, which sets the vector and the priority, has been called.
 301:Generated_Source\PSoC5/isr_1.c **** *
 302:Generated_Source\PSoC5/isr_1.c **** * Parameters:
 303:Generated_Source\PSoC5/isr_1.c **** *   None
 304:Generated_Source\PSoC5/isr_1.c **** *
 305:Generated_Source\PSoC5/isr_1.c **** * Return:
 306:Generated_Source\PSoC5/isr_1.c **** *   None
 307:Generated_Source\PSoC5/isr_1.c **** *
 308:Generated_Source\PSoC5/isr_1.c **** *******************************************************************************/
 309:Generated_Source\PSoC5/isr_1.c **** void isr_1_Enable(void)
 310:Generated_Source\PSoC5/isr_1.c **** {
 164              		.loc 1 310 0
 165              		.cfi_startproc
 166              		@ args = 0, pretend = 0, frame = 0
 167              		@ frame_needed = 0, uses_anonymous_args = 0
 168              		@ link register save eliminated.
 311:Generated_Source\PSoC5/isr_1.c ****     /* Enable the general interrupt. */
 312:Generated_Source\PSoC5/isr_1.c ****     *isr_1_INTC_SET_EN = isr_1__INTC_MASK;
 169              		.loc 1 312 0
 170 0000 4022     		movs	r2, #64
 171 0002 014B     		ldr	r3, .L17
 172 0004 1A60     		str	r2, [r3]
 173 0006 7047     		bx	lr
 174              	.L18:
 175              		.align	2
 176              	.L17:
 177 0008 00E100E0 		.word	-536813312
 178              		.cfi_endproc
 179              	.LFE8:
 180              		.size	isr_1_Enable, .-isr_1_Enable
 181              		.section	.text.isr_1_GetState,"ax",%progbits
 182              		.align	2
 183              		.global	isr_1_GetState
 184              		.thumb
 185              		.thumb_func
 186              		.type	isr_1_GetState, %function
 187              	isr_1_GetState:
 188              	.LFB9:
 313:Generated_Source\PSoC5/isr_1.c **** }
 314:Generated_Source\PSoC5/isr_1.c **** 
 315:Generated_Source\PSoC5/isr_1.c **** 
 316:Generated_Source\PSoC5/isr_1.c **** /*******************************************************************************
 317:Generated_Source\PSoC5/isr_1.c **** * Function Name: isr_1_GetState
 318:Generated_Source\PSoC5/isr_1.c **** ********************************************************************************
 319:Generated_Source\PSoC5/isr_1.c **** *
 320:Generated_Source\PSoC5/isr_1.c **** * Summary:
 321:Generated_Source\PSoC5/isr_1.c **** *   Gets the state (enabled, disabled) of the Interrupt.
 322:Generated_Source\PSoC5/isr_1.c **** *
 323:Generated_Source\PSoC5/isr_1.c **** * Parameters:
 324:Generated_Source\PSoC5/isr_1.c **** *   None
 325:Generated_Source\PSoC5/isr_1.c **** *
ARM GAS  C:\Users\Gemma\AppData\Local\Temp\ccZrbwkF.s 			page 10


 326:Generated_Source\PSoC5/isr_1.c **** * Return:
 327:Generated_Source\PSoC5/isr_1.c **** *   1 if enabled, 0 if disabled.
 328:Generated_Source\PSoC5/isr_1.c **** *
 329:Generated_Source\PSoC5/isr_1.c **** *******************************************************************************/
 330:Generated_Source\PSoC5/isr_1.c **** uint8 isr_1_GetState(void)
 331:Generated_Source\PSoC5/isr_1.c **** {
 189              		.loc 1 331 0
 190              		.cfi_startproc
 191              		@ args = 0, pretend = 0, frame = 0
 192              		@ frame_needed = 0, uses_anonymous_args = 0
 193              		@ link register save eliminated.
 332:Generated_Source\PSoC5/isr_1.c ****     /* Get the state of the general interrupt. */
 333:Generated_Source\PSoC5/isr_1.c ****     return ((*isr_1_INTC_SET_EN & (uint32)isr_1__INTC_MASK) != 0u) ? 1u:0u;
 194              		.loc 1 333 0
 195 0000 044B     		ldr	r3, .L22
 196 0002 1B68     		ldr	r3, [r3]
 197 0004 13F0400F 		tst	r3, #64
 198 0008 01D0     		beq	.L21
 199 000a 0120     		movs	r0, #1
 200 000c 7047     		bx	lr
 201              	.L21:
 202 000e 0020     		movs	r0, #0
 334:Generated_Source\PSoC5/isr_1.c **** }
 203              		.loc 1 334 0
 204 0010 7047     		bx	lr
 205              	.L23:
 206 0012 00BF     		.align	2
 207              	.L22:
 208 0014 00E100E0 		.word	-536813312
 209              		.cfi_endproc
 210              	.LFE9:
 211              		.size	isr_1_GetState, .-isr_1_GetState
 212              		.section	.text.isr_1_Disable,"ax",%progbits
 213              		.align	2
 214              		.global	isr_1_Disable
 215              		.thumb
 216              		.thumb_func
 217              		.type	isr_1_Disable, %function
 218              	isr_1_Disable:
 219              	.LFB10:
 335:Generated_Source\PSoC5/isr_1.c **** 
 336:Generated_Source\PSoC5/isr_1.c **** 
 337:Generated_Source\PSoC5/isr_1.c **** /*******************************************************************************
 338:Generated_Source\PSoC5/isr_1.c **** * Function Name: isr_1_Disable
 339:Generated_Source\PSoC5/isr_1.c **** ********************************************************************************
 340:Generated_Source\PSoC5/isr_1.c **** *
 341:Generated_Source\PSoC5/isr_1.c **** * Summary:
 342:Generated_Source\PSoC5/isr_1.c **** *   Disables the Interrupt in the interrupt controller.
 343:Generated_Source\PSoC5/isr_1.c **** *
 344:Generated_Source\PSoC5/isr_1.c **** * Parameters:
 345:Generated_Source\PSoC5/isr_1.c **** *   None
 346:Generated_Source\PSoC5/isr_1.c **** *
 347:Generated_Source\PSoC5/isr_1.c **** * Return:
 348:Generated_Source\PSoC5/isr_1.c **** *   None
 349:Generated_Source\PSoC5/isr_1.c **** *
 350:Generated_Source\PSoC5/isr_1.c **** *******************************************************************************/
 351:Generated_Source\PSoC5/isr_1.c **** void isr_1_Disable(void)
ARM GAS  C:\Users\Gemma\AppData\Local\Temp\ccZrbwkF.s 			page 11


 352:Generated_Source\PSoC5/isr_1.c **** {
 220              		.loc 1 352 0
 221              		.cfi_startproc
 222              		@ args = 0, pretend = 0, frame = 0
 223              		@ frame_needed = 0, uses_anonymous_args = 0
 224              		@ link register save eliminated.
 353:Generated_Source\PSoC5/isr_1.c ****     /* Disable the general interrupt. */
 354:Generated_Source\PSoC5/isr_1.c ****     *isr_1_INTC_CLR_EN = isr_1__INTC_MASK;
 225              		.loc 1 354 0
 226 0000 4022     		movs	r2, #64
 227 0002 014B     		ldr	r3, .L25
 228 0004 1A60     		str	r2, [r3]
 229 0006 7047     		bx	lr
 230              	.L26:
 231              		.align	2
 232              	.L25:
 233 0008 80E100E0 		.word	-536813184
 234              		.cfi_endproc
 235              	.LFE10:
 236              		.size	isr_1_Disable, .-isr_1_Disable
 237              		.section	.text.isr_1_Start,"ax",%progbits
 238              		.align	2
 239              		.global	isr_1_Start
 240              		.thumb
 241              		.thumb_func
 242              		.type	isr_1_Start, %function
 243              	isr_1_Start:
 244              	.LFB0:
  64:Generated_Source\PSoC5/isr_1.c ****     /* For all we know the interrupt is active. */
 245              		.loc 1 64 0
 246              		.cfi_startproc
 247              		@ args = 0, pretend = 0, frame = 0
 248              		@ frame_needed = 0, uses_anonymous_args = 0
 249 0000 08B5     		push	{r3, lr}
 250              		.cfi_def_cfa_offset 8
 251              		.cfi_offset 3, -8
 252              		.cfi_offset 14, -4
  66:Generated_Source\PSoC5/isr_1.c **** 
 253              		.loc 1 66 0
 254 0002 FFF7FEFF 		bl	isr_1_Disable
 255              	.LVL7:
  69:Generated_Source\PSoC5/isr_1.c **** 
 256              		.loc 1 69 0
 257 0006 0448     		ldr	r0, .L29
 258 0008 FFF7FEFF 		bl	isr_1_SetVector
 259              	.LVL8:
  72:Generated_Source\PSoC5/isr_1.c **** 
 260              		.loc 1 72 0
 261 000c 0720     		movs	r0, #7
 262 000e FFF7FEFF 		bl	isr_1_SetPriority
 263              	.LVL9:
  75:Generated_Source\PSoC5/isr_1.c **** }
 264              		.loc 1 75 0
 265 0012 FFF7FEFF 		bl	isr_1_Enable
 266              	.LVL10:
 267 0016 08BD     		pop	{r3, pc}
 268              	.L30:
ARM GAS  C:\Users\Gemma\AppData\Local\Temp\ccZrbwkF.s 			page 12


 269              		.align	2
 270              	.L29:
 271 0018 00000000 		.word	isr_1_Interrupt
 272              		.cfi_endproc
 273              	.LFE0:
 274              		.size	isr_1_Start, .-isr_1_Start
 275              		.section	.text.isr_1_StartEx,"ax",%progbits
 276              		.align	2
 277              		.global	isr_1_StartEx
 278              		.thumb
 279              		.thumb_func
 280              		.type	isr_1_StartEx, %function
 281              	isr_1_StartEx:
 282              	.LFB1:
 107:Generated_Source\PSoC5/isr_1.c ****     /* For all we know the interrupt is active. */
 283              		.loc 1 107 0
 284              		.cfi_startproc
 285              		@ args = 0, pretend = 0, frame = 0
 286              		@ frame_needed = 0, uses_anonymous_args = 0
 287              	.LVL11:
 288 0000 10B5     		push	{r4, lr}
 289              		.cfi_def_cfa_offset 8
 290              		.cfi_offset 4, -8
 291              		.cfi_offset 14, -4
 292 0002 0446     		mov	r4, r0
 109:Generated_Source\PSoC5/isr_1.c **** 
 293              		.loc 1 109 0
 294 0004 FFF7FEFF 		bl	isr_1_Disable
 295              	.LVL12:
 112:Generated_Source\PSoC5/isr_1.c **** 
 296              		.loc 1 112 0
 297 0008 2046     		mov	r0, r4
 298 000a FFF7FEFF 		bl	isr_1_SetVector
 299              	.LVL13:
 115:Generated_Source\PSoC5/isr_1.c **** 
 300              		.loc 1 115 0
 301 000e 0720     		movs	r0, #7
 302 0010 FFF7FEFF 		bl	isr_1_SetPriority
 303              	.LVL14:
 118:Generated_Source\PSoC5/isr_1.c **** }
 304              		.loc 1 118 0
 305 0014 FFF7FEFF 		bl	isr_1_Enable
 306              	.LVL15:
 307 0018 10BD     		pop	{r4, pc}
 308              		.cfi_endproc
 309              	.LFE1:
 310              		.size	isr_1_StartEx, .-isr_1_StartEx
 311 001a 00BF     		.section	.text.isr_1_Stop,"ax",%progbits
 312              		.align	2
 313              		.global	isr_1_Stop
 314              		.thumb
 315              		.thumb_func
 316              		.type	isr_1_Stop, %function
 317              	isr_1_Stop:
 318              	.LFB2:
 137:Generated_Source\PSoC5/isr_1.c ****     /* Disable this interrupt. */
 319              		.loc 1 137 0
ARM GAS  C:\Users\Gemma\AppData\Local\Temp\ccZrbwkF.s 			page 13


 320              		.cfi_startproc
 321              		@ args = 0, pretend = 0, frame = 0
 322              		@ frame_needed = 0, uses_anonymous_args = 0
 323 0000 08B5     		push	{r3, lr}
 324              		.cfi_def_cfa_offset 8
 325              		.cfi_offset 3, -8
 326              		.cfi_offset 14, -4
 139:Generated_Source\PSoC5/isr_1.c **** 
 327              		.loc 1 139 0
 328 0002 FFF7FEFF 		bl	isr_1_Disable
 329              	.LVL16:
 142:Generated_Source\PSoC5/isr_1.c **** }
 330              		.loc 1 142 0
 331 0006 0248     		ldr	r0, .L35
 332 0008 FFF7FEFF 		bl	isr_1_SetVector
 333              	.LVL17:
 334 000c 08BD     		pop	{r3, pc}
 335              	.L36:
 336 000e 00BF     		.align	2
 337              	.L35:
 338 0010 00000000 		.word	IntDefaultHandler
 339              		.cfi_endproc
 340              	.LFE2:
 341              		.size	isr_1_Stop, .-isr_1_Stop
 342              		.section	.text.isr_1_SetPending,"ax",%progbits
 343              		.align	2
 344              		.global	isr_1_SetPending
 345              		.thumb
 346              		.thumb_func
 347              		.type	isr_1_SetPending, %function
 348              	isr_1_SetPending:
 349              	.LFB11:
 355:Generated_Source\PSoC5/isr_1.c **** }
 356:Generated_Source\PSoC5/isr_1.c **** 
 357:Generated_Source\PSoC5/isr_1.c **** 
 358:Generated_Source\PSoC5/isr_1.c **** /*******************************************************************************
 359:Generated_Source\PSoC5/isr_1.c **** * Function Name: isr_1_SetPending
 360:Generated_Source\PSoC5/isr_1.c **** ********************************************************************************
 361:Generated_Source\PSoC5/isr_1.c **** *
 362:Generated_Source\PSoC5/isr_1.c **** * Summary:
 363:Generated_Source\PSoC5/isr_1.c **** *   Causes the Interrupt to enter the pending state, a software method of
 364:Generated_Source\PSoC5/isr_1.c **** *   generating the interrupt.
 365:Generated_Source\PSoC5/isr_1.c **** *
 366:Generated_Source\PSoC5/isr_1.c **** * Parameters:
 367:Generated_Source\PSoC5/isr_1.c **** *   None
 368:Generated_Source\PSoC5/isr_1.c **** *
 369:Generated_Source\PSoC5/isr_1.c **** * Return:
 370:Generated_Source\PSoC5/isr_1.c **** *   None
 371:Generated_Source\PSoC5/isr_1.c **** *
 372:Generated_Source\PSoC5/isr_1.c **** * Side Effects:
 373:Generated_Source\PSoC5/isr_1.c **** *   If interrupts are enabled and the interrupt is set up properly, the ISR is
 374:Generated_Source\PSoC5/isr_1.c **** *   entered (depending on the priority of this interrupt and other pending 
 375:Generated_Source\PSoC5/isr_1.c **** *   interrupts).
 376:Generated_Source\PSoC5/isr_1.c **** *
 377:Generated_Source\PSoC5/isr_1.c **** *******************************************************************************/
 378:Generated_Source\PSoC5/isr_1.c **** void isr_1_SetPending(void)
 379:Generated_Source\PSoC5/isr_1.c **** {
ARM GAS  C:\Users\Gemma\AppData\Local\Temp\ccZrbwkF.s 			page 14


 350              		.loc 1 379 0
 351              		.cfi_startproc
 352              		@ args = 0, pretend = 0, frame = 0
 353              		@ frame_needed = 0, uses_anonymous_args = 0
 354              		@ link register save eliminated.
 380:Generated_Source\PSoC5/isr_1.c ****     *isr_1_INTC_SET_PD = isr_1__INTC_MASK;
 355              		.loc 1 380 0
 356 0000 4022     		movs	r2, #64
 357 0002 014B     		ldr	r3, .L38
 358 0004 1A60     		str	r2, [r3]
 359 0006 7047     		bx	lr
 360              	.L39:
 361              		.align	2
 362              	.L38:
 363 0008 00E200E0 		.word	-536813056
 364              		.cfi_endproc
 365              	.LFE11:
 366              		.size	isr_1_SetPending, .-isr_1_SetPending
 367              		.section	.text.isr_1_ClearPending,"ax",%progbits
 368              		.align	2
 369              		.global	isr_1_ClearPending
 370              		.thumb
 371              		.thumb_func
 372              		.type	isr_1_ClearPending, %function
 373              	isr_1_ClearPending:
 374              	.LFB12:
 381:Generated_Source\PSoC5/isr_1.c **** }
 382:Generated_Source\PSoC5/isr_1.c **** 
 383:Generated_Source\PSoC5/isr_1.c **** 
 384:Generated_Source\PSoC5/isr_1.c **** /*******************************************************************************
 385:Generated_Source\PSoC5/isr_1.c **** * Function Name: isr_1_ClearPending
 386:Generated_Source\PSoC5/isr_1.c **** ********************************************************************************
 387:Generated_Source\PSoC5/isr_1.c **** *
 388:Generated_Source\PSoC5/isr_1.c **** * Summary:
 389:Generated_Source\PSoC5/isr_1.c **** *   Clears a pending interrupt in the interrupt controller.
 390:Generated_Source\PSoC5/isr_1.c **** *
 391:Generated_Source\PSoC5/isr_1.c **** *   Note Some interrupt sources are clear-on-read and require the block 
 392:Generated_Source\PSoC5/isr_1.c **** *   interrupt/status register to be read/cleared with the appropriate block API 
 393:Generated_Source\PSoC5/isr_1.c **** *   (GPIO, UART, and so on). Otherwise the ISR will continue to remain in 
 394:Generated_Source\PSoC5/isr_1.c **** *   pending state even though the interrupt itself is cleared using this API.
 395:Generated_Source\PSoC5/isr_1.c **** *
 396:Generated_Source\PSoC5/isr_1.c **** * Parameters:
 397:Generated_Source\PSoC5/isr_1.c **** *   None
 398:Generated_Source\PSoC5/isr_1.c **** *
 399:Generated_Source\PSoC5/isr_1.c **** * Return:
 400:Generated_Source\PSoC5/isr_1.c **** *   None
 401:Generated_Source\PSoC5/isr_1.c **** *
 402:Generated_Source\PSoC5/isr_1.c **** *******************************************************************************/
 403:Generated_Source\PSoC5/isr_1.c **** void isr_1_ClearPending(void)
 404:Generated_Source\PSoC5/isr_1.c **** {
 375              		.loc 1 404 0
 376              		.cfi_startproc
 377              		@ args = 0, pretend = 0, frame = 0
 378              		@ frame_needed = 0, uses_anonymous_args = 0
 379              		@ link register save eliminated.
 405:Generated_Source\PSoC5/isr_1.c ****     *isr_1_INTC_CLR_PD = isr_1__INTC_MASK;
 380              		.loc 1 405 0
ARM GAS  C:\Users\Gemma\AppData\Local\Temp\ccZrbwkF.s 			page 15


 381 0000 4022     		movs	r2, #64
 382 0002 014B     		ldr	r3, .L41
 383 0004 1A60     		str	r2, [r3]
 384 0006 7047     		bx	lr
 385              	.L42:
 386              		.align	2
 387              	.L41:
 388 0008 80E200E0 		.word	-536812928
 389              		.cfi_endproc
 390              	.LFE12:
 391              		.size	isr_1_ClearPending, .-isr_1_ClearPending
 392              		.global	btn_pressed
 393              		.bss
 394              		.set	.LANCHOR0,. + 0
 395              		.type	btn_pressed, %object
 396              		.size	btn_pressed, 1
 397              	btn_pressed:
 398 0000 00       		.space	1
 399              		.text
 400              	.Letext0:
 401              		.file 2 "Generated_Source\\PSoC5/cytypes.h"
 402              		.section	.debug_info,"",%progbits
 403              	.Ldebug_info0:
 404 0000 DF020000 		.4byte	0x2df
 405 0004 0400     		.2byte	0x4
 406 0006 00000000 		.4byte	.Ldebug_abbrev0
 407 000a 04       		.byte	0x4
 408 000b 01       		.uleb128 0x1
 409 000c 97000000 		.4byte	.LASF34
 410 0010 0C       		.byte	0xc
 411 0011 70010000 		.4byte	.LASF35
 412 0015 46020000 		.4byte	.LASF36
 413 0019 00000000 		.4byte	.Ldebug_ranges0+0
 414 001d 00000000 		.4byte	0
 415 0021 00000000 		.4byte	.Ldebug_line0
 416 0025 02       		.uleb128 0x2
 417 0026 04       		.byte	0x4
 418 0027 05       		.byte	0x5
 419 0028 696E7400 		.ascii	"int\000"
 420 002c 03       		.uleb128 0x3
 421 002d 04       		.byte	0x4
 422 002e 07       		.byte	0x7
 423 002f 96010000 		.4byte	.LASF0
 424 0033 03       		.uleb128 0x3
 425 0034 08       		.byte	0x8
 426 0035 05       		.byte	0x5
 427 0036 D8010000 		.4byte	.LASF1
 428 003a 03       		.uleb128 0x3
 429 003b 08       		.byte	0x8
 430 003c 04       		.byte	0x4
 431 003d 3A020000 		.4byte	.LASF2
 432 0041 03       		.uleb128 0x3
 433 0042 01       		.byte	0x1
 434 0043 06       		.byte	0x6
 435 0044 8E020000 		.4byte	.LASF3
 436 0048 03       		.uleb128 0x3
 437 0049 01       		.byte	0x1
ARM GAS  C:\Users\Gemma\AppData\Local\Temp\ccZrbwkF.s 			page 16


 438 004a 08       		.byte	0x8
 439 004b 89000000 		.4byte	.LASF4
 440 004f 03       		.uleb128 0x3
 441 0050 02       		.byte	0x2
 442 0051 05       		.byte	0x5
 443 0052 07020000 		.4byte	.LASF5
 444 0056 03       		.uleb128 0x3
 445 0057 02       		.byte	0x2
 446 0058 07       		.byte	0x7
 447 0059 59000000 		.4byte	.LASF6
 448 005d 03       		.uleb128 0x3
 449 005e 04       		.byte	0x4
 450 005f 05       		.byte	0x5
 451 0060 31020000 		.4byte	.LASF7
 452 0064 03       		.uleb128 0x3
 453 0065 04       		.byte	0x4
 454 0066 07       		.byte	0x7
 455 0067 2A010000 		.4byte	.LASF8
 456 006b 03       		.uleb128 0x3
 457 006c 08       		.byte	0x8
 458 006d 07       		.byte	0x7
 459 006e AB010000 		.4byte	.LASF9
 460 0072 03       		.uleb128 0x3
 461 0073 04       		.byte	0x4
 462 0074 07       		.byte	0x7
 463 0075 CF010000 		.4byte	.LASF10
 464 0079 03       		.uleb128 0x3
 465 007a 01       		.byte	0x1
 466 007b 08       		.byte	0x8
 467 007c F3010000 		.4byte	.LASF11
 468 0080 04       		.uleb128 0x4
 469 0081 04       		.byte	0x4
 470 0082 86000000 		.4byte	0x86
 471 0086 05       		.uleb128 0x5
 472 0087 06       		.uleb128 0x6
 473 0088 3C010000 		.4byte	.LASF12
 474 008c 02       		.byte	0x2
 475 008d E401     		.2byte	0x1e4
 476 008f 48000000 		.4byte	0x48
 477 0093 06       		.uleb128 0x6
 478 0094 8F010000 		.4byte	.LASF13
 479 0098 02       		.byte	0x2
 480 0099 E601     		.2byte	0x1e6
 481 009b 64000000 		.4byte	0x64
 482 009f 03       		.uleb128 0x3
 483 00a0 04       		.byte	0x4
 484 00a1 04       		.byte	0x4
 485 00a2 39000000 		.4byte	.LASF14
 486 00a6 03       		.uleb128 0x3
 487 00a7 08       		.byte	0x8
 488 00a8 04       		.byte	0x4
 489 00a9 57010000 		.4byte	.LASF15
 490 00ad 06       		.uleb128 0x6
 491 00ae 25010000 		.4byte	.LASF16
 492 00b2 02       		.byte	0x2
 493 00b3 8E02     		.2byte	0x28e
 494 00b5 B9000000 		.4byte	0xb9
ARM GAS  C:\Users\Gemma\AppData\Local\Temp\ccZrbwkF.s 			page 17


 495 00b9 07       		.uleb128 0x7
 496 00ba 87000000 		.4byte	0x87
 497 00be 06       		.uleb128 0x6
 498 00bf 13000000 		.4byte	.LASF17
 499 00c3 02       		.byte	0x2
 500 00c4 9002     		.2byte	0x290
 501 00c6 CA000000 		.4byte	0xca
 502 00ca 07       		.uleb128 0x7
 503 00cb 93000000 		.4byte	0x93
 504 00cf 06       		.uleb128 0x6
 505 00d0 C2010000 		.4byte	.LASF18
 506 00d4 02       		.byte	0x2
 507 00d5 A002     		.2byte	0x2a0
 508 00d7 80000000 		.4byte	0x80
 509 00db 08       		.uleb128 0x8
 510 00dc 21020000 		.4byte	.LASF26
 511 00e0 01       		.byte	0x1
 512 00e1 A2       		.byte	0xa2
 513 00e2 00000000 		.4byte	.LFB3
 514 00e6 0C000000 		.4byte	.LFE3-.LFB3
 515 00ea 01       		.uleb128 0x1
 516 00eb 9C       		.byte	0x9c
 517 00ec 09       		.uleb128 0x9
 518 00ed A8020000 		.4byte	.LASF20
 519 00f1 01       		.byte	0x1
 520 00f2 CA       		.byte	0xca
 521 00f3 00000000 		.4byte	.LFB4
 522 00f7 0C000000 		.4byte	.LFE4-.LFB4
 523 00fb 01       		.uleb128 0x1
 524 00fc 9C       		.byte	0x9c
 525 00fd 1C010000 		.4byte	0x11c
 526 0101 0A       		.uleb128 0xa
 527 0102 A3010000 		.4byte	.LASF22
 528 0106 01       		.byte	0x1
 529 0107 CA       		.byte	0xca
 530 0108 CF000000 		.4byte	0xcf
 531 010c 01       		.uleb128 0x1
 532 010d 50       		.byte	0x50
 533 010e 0B       		.uleb128 0xb
 534 010f F8010000 		.4byte	.LASF19
 535 0113 01       		.byte	0x1
 536 0114 CC       		.byte	0xcc
 537 0115 1C010000 		.4byte	0x11c
 538 0119 01       		.uleb128 0x1
 539 011a 53       		.byte	0x53
 540 011b 00       		.byte	0
 541 011c 04       		.uleb128 0x4
 542 011d 04       		.byte	0x4
 543 011e CF000000 		.4byte	0xcf
 544 0122 0C       		.uleb128 0xc
 545 0123 11020000 		.4byte	.LASF24
 546 0127 01       		.byte	0x1
 547 0128 E2       		.byte	0xe2
 548 0129 CF000000 		.4byte	0xcf
 549 012d 00000000 		.4byte	.LFB5
 550 0131 0C000000 		.4byte	.LFE5-.LFB5
 551 0135 01       		.uleb128 0x1
ARM GAS  C:\Users\Gemma\AppData\Local\Temp\ccZrbwkF.s 			page 18


 552 0136 9C       		.byte	0x9c
 553 0137 49010000 		.4byte	0x149
 554 013b 0B       		.uleb128 0xb
 555 013c F8010000 		.4byte	.LASF19
 556 0140 01       		.byte	0x1
 557 0141 E4       		.byte	0xe4
 558 0142 1C010000 		.4byte	0x11c
 559 0146 01       		.uleb128 0x1
 560 0147 53       		.byte	0x53
 561 0148 00       		.byte	0
 562 0149 0D       		.uleb128 0xd
 563 014a 5E010000 		.4byte	.LASF21
 564 014e 01       		.byte	0x1
 565 014f 0401     		.2byte	0x104
 566 0151 00000000 		.4byte	.LFB6
 567 0155 10000000 		.4byte	.LFE6-.LFB6
 568 0159 01       		.uleb128 0x1
 569 015a 9C       		.byte	0x9c
 570 015b 70010000 		.4byte	0x170
 571 015f 0E       		.uleb128 0xe
 572 0160 42010000 		.4byte	.LASF23
 573 0164 01       		.byte	0x1
 574 0165 0401     		.2byte	0x104
 575 0167 87000000 		.4byte	0x87
 576 016b 00000000 		.4byte	.LLST0
 577 016f 00       		.byte	0
 578 0170 0F       		.uleb128 0xf
 579 0171 6C000000 		.4byte	.LASF25
 580 0175 01       		.byte	0x1
 581 0176 1A01     		.2byte	0x11a
 582 0178 87000000 		.4byte	0x87
 583 017c 00000000 		.4byte	.LFB7
 584 0180 0C000000 		.4byte	.LFE7-.LFB7
 585 0184 01       		.uleb128 0x1
 586 0185 9C       		.byte	0x9c
 587 0186 9B010000 		.4byte	0x19b
 588 018a 10       		.uleb128 0x10
 589 018b 42010000 		.4byte	.LASF23
 590 018f 01       		.byte	0x1
 591 0190 1C01     		.2byte	0x11c
 592 0192 87000000 		.4byte	0x87
 593 0196 21000000 		.4byte	.LLST1
 594 019a 00       		.byte	0
 595 019b 11       		.uleb128 0x11
 596 019c E6010000 		.4byte	.LASF27
 597 01a0 01       		.byte	0x1
 598 01a1 3501     		.2byte	0x135
 599 01a3 00000000 		.4byte	.LFB8
 600 01a7 0C000000 		.4byte	.LFE8-.LFB8
 601 01ab 01       		.uleb128 0x1
 602 01ac 9C       		.byte	0x9c
 603 01ad 12       		.uleb128 0x12
 604 01ae 2A000000 		.4byte	.LASF37
 605 01b2 01       		.byte	0x1
 606 01b3 4A01     		.2byte	0x14a
 607 01b5 87000000 		.4byte	0x87
 608 01b9 00000000 		.4byte	.LFB9
ARM GAS  C:\Users\Gemma\AppData\Local\Temp\ccZrbwkF.s 			page 19


 609 01bd 18000000 		.4byte	.LFE9-.LFB9
 610 01c1 01       		.uleb128 0x1
 611 01c2 9C       		.byte	0x9c
 612 01c3 11       		.uleb128 0x11
 613 01c4 3F000000 		.4byte	.LASF28
 614 01c8 01       		.byte	0x1
 615 01c9 5F01     		.2byte	0x15f
 616 01cb 00000000 		.4byte	.LFB10
 617 01cf 0C000000 		.4byte	.LFE10-.LFB10
 618 01d3 01       		.uleb128 0x1
 619 01d4 9C       		.byte	0x9c
 620 01d5 09       		.uleb128 0x9
 621 01d6 4D000000 		.4byte	.LASF29
 622 01da 01       		.byte	0x1
 623 01db 3F       		.byte	0x3f
 624 01dc 00000000 		.4byte	.LFB0
 625 01e0 1C000000 		.4byte	.LFE0-.LFB0
 626 01e4 01       		.uleb128 0x1
 627 01e5 9C       		.byte	0x9c
 628 01e6 27020000 		.4byte	0x227
 629 01ea 13       		.uleb128 0x13
 630 01eb 06000000 		.4byte	.LVL7
 631 01ef C3010000 		.4byte	0x1c3
 632 01f3 14       		.uleb128 0x14
 633 01f4 0C000000 		.4byte	.LVL8
 634 01f8 EC000000 		.4byte	0xec
 635 01fc 0A020000 		.4byte	0x20a
 636 0200 15       		.uleb128 0x15
 637 0201 01       		.uleb128 0x1
 638 0202 50       		.byte	0x50
 639 0203 05       		.uleb128 0x5
 640 0204 03       		.byte	0x3
 641 0205 00000000 		.4byte	isr_1_Interrupt
 642 0209 00       		.byte	0
 643 020a 14       		.uleb128 0x14
 644 020b 12000000 		.4byte	.LVL9
 645 020f 49010000 		.4byte	0x149
 646 0213 1D020000 		.4byte	0x21d
 647 0217 15       		.uleb128 0x15
 648 0218 01       		.uleb128 0x1
 649 0219 50       		.byte	0x50
 650 021a 01       		.uleb128 0x1
 651 021b 37       		.byte	0x37
 652 021c 00       		.byte	0
 653 021d 13       		.uleb128 0x13
 654 021e 16000000 		.4byte	.LVL10
 655 0222 9B010000 		.4byte	0x19b
 656 0226 00       		.byte	0
 657 0227 09       		.uleb128 0x9
 658 0228 9A020000 		.4byte	.LASF30
 659 022c 01       		.byte	0x1
 660 022d 6A       		.byte	0x6a
 661 022e 00000000 		.4byte	.LFB1
 662 0232 1A000000 		.4byte	.LFE1-.LFB1
 663 0236 01       		.uleb128 0x1
 664 0237 9C       		.byte	0x9c
 665 0238 85020000 		.4byte	0x285
ARM GAS  C:\Users\Gemma\AppData\Local\Temp\ccZrbwkF.s 			page 20


 666 023c 16       		.uleb128 0x16
 667 023d A3010000 		.4byte	.LASF22
 668 0241 01       		.byte	0x1
 669 0242 6A       		.byte	0x6a
 670 0243 CF000000 		.4byte	0xcf
 671 0247 38000000 		.4byte	.LLST2
 672 024b 13       		.uleb128 0x13
 673 024c 08000000 		.4byte	.LVL12
 674 0250 C3010000 		.4byte	0x1c3
 675 0254 14       		.uleb128 0x14
 676 0255 0E000000 		.4byte	.LVL13
 677 0259 EC000000 		.4byte	0xec
 678 025d 68020000 		.4byte	0x268
 679 0261 15       		.uleb128 0x15
 680 0262 01       		.uleb128 0x1
 681 0263 50       		.byte	0x50
 682 0264 02       		.uleb128 0x2
 683 0265 74       		.byte	0x74
 684 0266 00       		.sleb128 0
 685 0267 00       		.byte	0
 686 0268 14       		.uleb128 0x14
 687 0269 14000000 		.4byte	.LVL14
 688 026d 49010000 		.4byte	0x149
 689 0271 7B020000 		.4byte	0x27b
 690 0275 15       		.uleb128 0x15
 691 0276 01       		.uleb128 0x1
 692 0277 50       		.byte	0x50
 693 0278 01       		.uleb128 0x1
 694 0279 37       		.byte	0x37
 695 027a 00       		.byte	0
 696 027b 13       		.uleb128 0x13
 697 027c 18000000 		.4byte	.LVL15
 698 0280 9B010000 		.4byte	0x19b
 699 0284 00       		.byte	0
 700 0285 09       		.uleb128 0x9
 701 0286 7E000000 		.4byte	.LASF31
 702 028a 01       		.byte	0x1
 703 028b 88       		.byte	0x88
 704 028c 00000000 		.4byte	.LFB2
 705 0290 14000000 		.4byte	.LFE2-.LFB2
 706 0294 01       		.uleb128 0x1
 707 0295 9C       		.byte	0x9c
 708 0296 AD020000 		.4byte	0x2ad
 709 029a 13       		.uleb128 0x13
 710 029b 06000000 		.4byte	.LVL16
 711 029f C3010000 		.4byte	0x1c3
 712 02a3 13       		.uleb128 0x13
 713 02a4 0C000000 		.4byte	.LVL17
 714 02a8 EC000000 		.4byte	0xec
 715 02ac 00       		.byte	0
 716 02ad 11       		.uleb128 0x11
 717 02ae 19000000 		.4byte	.LASF32
 718 02b2 01       		.byte	0x1
 719 02b3 7A01     		.2byte	0x17a
 720 02b5 00000000 		.4byte	.LFB11
 721 02b9 0C000000 		.4byte	.LFE11-.LFB11
 722 02bd 01       		.uleb128 0x1
ARM GAS  C:\Users\Gemma\AppData\Local\Temp\ccZrbwkF.s 			page 21


 723 02be 9C       		.byte	0x9c
 724 02bf 11       		.uleb128 0x11
 725 02c0 00000000 		.4byte	.LASF33
 726 02c4 01       		.byte	0x1
 727 02c5 9301     		.2byte	0x193
 728 02c7 00000000 		.4byte	.LFB12
 729 02cb 0C000000 		.4byte	.LFE12-.LFB12
 730 02cf 01       		.uleb128 0x1
 731 02d0 9C       		.byte	0x9c
 732 02d1 17       		.uleb128 0x17
 733 02d2 4B010000 		.4byte	.LASF38
 734 02d6 01       		.byte	0x1
 735 02d7 1F       		.byte	0x1f
 736 02d8 87000000 		.4byte	0x87
 737 02dc 05       		.uleb128 0x5
 738 02dd 03       		.byte	0x3
 739 02de 00000000 		.4byte	btn_pressed
 740 02e2 00       		.byte	0
 741              		.section	.debug_abbrev,"",%progbits
 742              	.Ldebug_abbrev0:
 743 0000 01       		.uleb128 0x1
 744 0001 11       		.uleb128 0x11
 745 0002 01       		.byte	0x1
 746 0003 25       		.uleb128 0x25
 747 0004 0E       		.uleb128 0xe
 748 0005 13       		.uleb128 0x13
 749 0006 0B       		.uleb128 0xb
 750 0007 03       		.uleb128 0x3
 751 0008 0E       		.uleb128 0xe
 752 0009 1B       		.uleb128 0x1b
 753 000a 0E       		.uleb128 0xe
 754 000b 55       		.uleb128 0x55
 755 000c 17       		.uleb128 0x17
 756 000d 11       		.uleb128 0x11
 757 000e 01       		.uleb128 0x1
 758 000f 10       		.uleb128 0x10
 759 0010 17       		.uleb128 0x17
 760 0011 00       		.byte	0
 761 0012 00       		.byte	0
 762 0013 02       		.uleb128 0x2
 763 0014 24       		.uleb128 0x24
 764 0015 00       		.byte	0
 765 0016 0B       		.uleb128 0xb
 766 0017 0B       		.uleb128 0xb
 767 0018 3E       		.uleb128 0x3e
 768 0019 0B       		.uleb128 0xb
 769 001a 03       		.uleb128 0x3
 770 001b 08       		.uleb128 0x8
 771 001c 00       		.byte	0
 772 001d 00       		.byte	0
 773 001e 03       		.uleb128 0x3
 774 001f 24       		.uleb128 0x24
 775 0020 00       		.byte	0
 776 0021 0B       		.uleb128 0xb
 777 0022 0B       		.uleb128 0xb
 778 0023 3E       		.uleb128 0x3e
 779 0024 0B       		.uleb128 0xb
ARM GAS  C:\Users\Gemma\AppData\Local\Temp\ccZrbwkF.s 			page 22


 780 0025 03       		.uleb128 0x3
 781 0026 0E       		.uleb128 0xe
 782 0027 00       		.byte	0
 783 0028 00       		.byte	0
 784 0029 04       		.uleb128 0x4
 785 002a 0F       		.uleb128 0xf
 786 002b 00       		.byte	0
 787 002c 0B       		.uleb128 0xb
 788 002d 0B       		.uleb128 0xb
 789 002e 49       		.uleb128 0x49
 790 002f 13       		.uleb128 0x13
 791 0030 00       		.byte	0
 792 0031 00       		.byte	0
 793 0032 05       		.uleb128 0x5
 794 0033 15       		.uleb128 0x15
 795 0034 00       		.byte	0
 796 0035 27       		.uleb128 0x27
 797 0036 19       		.uleb128 0x19
 798 0037 00       		.byte	0
 799 0038 00       		.byte	0
 800 0039 06       		.uleb128 0x6
 801 003a 16       		.uleb128 0x16
 802 003b 00       		.byte	0
 803 003c 03       		.uleb128 0x3
 804 003d 0E       		.uleb128 0xe
 805 003e 3A       		.uleb128 0x3a
 806 003f 0B       		.uleb128 0xb
 807 0040 3B       		.uleb128 0x3b
 808 0041 05       		.uleb128 0x5
 809 0042 49       		.uleb128 0x49
 810 0043 13       		.uleb128 0x13
 811 0044 00       		.byte	0
 812 0045 00       		.byte	0
 813 0046 07       		.uleb128 0x7
 814 0047 35       		.uleb128 0x35
 815 0048 00       		.byte	0
 816 0049 49       		.uleb128 0x49
 817 004a 13       		.uleb128 0x13
 818 004b 00       		.byte	0
 819 004c 00       		.byte	0
 820 004d 08       		.uleb128 0x8
 821 004e 2E       		.uleb128 0x2e
 822 004f 00       		.byte	0
 823 0050 3F       		.uleb128 0x3f
 824 0051 19       		.uleb128 0x19
 825 0052 03       		.uleb128 0x3
 826 0053 0E       		.uleb128 0xe
 827 0054 3A       		.uleb128 0x3a
 828 0055 0B       		.uleb128 0xb
 829 0056 3B       		.uleb128 0x3b
 830 0057 0B       		.uleb128 0xb
 831 0058 27       		.uleb128 0x27
 832 0059 19       		.uleb128 0x19
 833 005a 11       		.uleb128 0x11
 834 005b 01       		.uleb128 0x1
 835 005c 12       		.uleb128 0x12
 836 005d 06       		.uleb128 0x6
ARM GAS  C:\Users\Gemma\AppData\Local\Temp\ccZrbwkF.s 			page 23


 837 005e 40       		.uleb128 0x40
 838 005f 18       		.uleb128 0x18
 839 0060 9742     		.uleb128 0x2117
 840 0062 19       		.uleb128 0x19
 841 0063 00       		.byte	0
 842 0064 00       		.byte	0
 843 0065 09       		.uleb128 0x9
 844 0066 2E       		.uleb128 0x2e
 845 0067 01       		.byte	0x1
 846 0068 3F       		.uleb128 0x3f
 847 0069 19       		.uleb128 0x19
 848 006a 03       		.uleb128 0x3
 849 006b 0E       		.uleb128 0xe
 850 006c 3A       		.uleb128 0x3a
 851 006d 0B       		.uleb128 0xb
 852 006e 3B       		.uleb128 0x3b
 853 006f 0B       		.uleb128 0xb
 854 0070 27       		.uleb128 0x27
 855 0071 19       		.uleb128 0x19
 856 0072 11       		.uleb128 0x11
 857 0073 01       		.uleb128 0x1
 858 0074 12       		.uleb128 0x12
 859 0075 06       		.uleb128 0x6
 860 0076 40       		.uleb128 0x40
 861 0077 18       		.uleb128 0x18
 862 0078 9742     		.uleb128 0x2117
 863 007a 19       		.uleb128 0x19
 864 007b 01       		.uleb128 0x1
 865 007c 13       		.uleb128 0x13
 866 007d 00       		.byte	0
 867 007e 00       		.byte	0
 868 007f 0A       		.uleb128 0xa
 869 0080 05       		.uleb128 0x5
 870 0081 00       		.byte	0
 871 0082 03       		.uleb128 0x3
 872 0083 0E       		.uleb128 0xe
 873 0084 3A       		.uleb128 0x3a
 874 0085 0B       		.uleb128 0xb
 875 0086 3B       		.uleb128 0x3b
 876 0087 0B       		.uleb128 0xb
 877 0088 49       		.uleb128 0x49
 878 0089 13       		.uleb128 0x13
 879 008a 02       		.uleb128 0x2
 880 008b 18       		.uleb128 0x18
 881 008c 00       		.byte	0
 882 008d 00       		.byte	0
 883 008e 0B       		.uleb128 0xb
 884 008f 34       		.uleb128 0x34
 885 0090 00       		.byte	0
 886 0091 03       		.uleb128 0x3
 887 0092 0E       		.uleb128 0xe
 888 0093 3A       		.uleb128 0x3a
 889 0094 0B       		.uleb128 0xb
 890 0095 3B       		.uleb128 0x3b
 891 0096 0B       		.uleb128 0xb
 892 0097 49       		.uleb128 0x49
 893 0098 13       		.uleb128 0x13
ARM GAS  C:\Users\Gemma\AppData\Local\Temp\ccZrbwkF.s 			page 24


 894 0099 02       		.uleb128 0x2
 895 009a 18       		.uleb128 0x18
 896 009b 00       		.byte	0
 897 009c 00       		.byte	0
 898 009d 0C       		.uleb128 0xc
 899 009e 2E       		.uleb128 0x2e
 900 009f 01       		.byte	0x1
 901 00a0 3F       		.uleb128 0x3f
 902 00a1 19       		.uleb128 0x19
 903 00a2 03       		.uleb128 0x3
 904 00a3 0E       		.uleb128 0xe
 905 00a4 3A       		.uleb128 0x3a
 906 00a5 0B       		.uleb128 0xb
 907 00a6 3B       		.uleb128 0x3b
 908 00a7 0B       		.uleb128 0xb
 909 00a8 27       		.uleb128 0x27
 910 00a9 19       		.uleb128 0x19
 911 00aa 49       		.uleb128 0x49
 912 00ab 13       		.uleb128 0x13
 913 00ac 11       		.uleb128 0x11
 914 00ad 01       		.uleb128 0x1
 915 00ae 12       		.uleb128 0x12
 916 00af 06       		.uleb128 0x6
 917 00b0 40       		.uleb128 0x40
 918 00b1 18       		.uleb128 0x18
 919 00b2 9742     		.uleb128 0x2117
 920 00b4 19       		.uleb128 0x19
 921 00b5 01       		.uleb128 0x1
 922 00b6 13       		.uleb128 0x13
 923 00b7 00       		.byte	0
 924 00b8 00       		.byte	0
 925 00b9 0D       		.uleb128 0xd
 926 00ba 2E       		.uleb128 0x2e
 927 00bb 01       		.byte	0x1
 928 00bc 3F       		.uleb128 0x3f
 929 00bd 19       		.uleb128 0x19
 930 00be 03       		.uleb128 0x3
 931 00bf 0E       		.uleb128 0xe
 932 00c0 3A       		.uleb128 0x3a
 933 00c1 0B       		.uleb128 0xb
 934 00c2 3B       		.uleb128 0x3b
 935 00c3 05       		.uleb128 0x5
 936 00c4 27       		.uleb128 0x27
 937 00c5 19       		.uleb128 0x19
 938 00c6 11       		.uleb128 0x11
 939 00c7 01       		.uleb128 0x1
 940 00c8 12       		.uleb128 0x12
 941 00c9 06       		.uleb128 0x6
 942 00ca 40       		.uleb128 0x40
 943 00cb 18       		.uleb128 0x18
 944 00cc 9742     		.uleb128 0x2117
 945 00ce 19       		.uleb128 0x19
 946 00cf 01       		.uleb128 0x1
 947 00d0 13       		.uleb128 0x13
 948 00d1 00       		.byte	0
 949 00d2 00       		.byte	0
 950 00d3 0E       		.uleb128 0xe
ARM GAS  C:\Users\Gemma\AppData\Local\Temp\ccZrbwkF.s 			page 25


 951 00d4 05       		.uleb128 0x5
 952 00d5 00       		.byte	0
 953 00d6 03       		.uleb128 0x3
 954 00d7 0E       		.uleb128 0xe
 955 00d8 3A       		.uleb128 0x3a
 956 00d9 0B       		.uleb128 0xb
 957 00da 3B       		.uleb128 0x3b
 958 00db 05       		.uleb128 0x5
 959 00dc 49       		.uleb128 0x49
 960 00dd 13       		.uleb128 0x13
 961 00de 02       		.uleb128 0x2
 962 00df 17       		.uleb128 0x17
 963 00e0 00       		.byte	0
 964 00e1 00       		.byte	0
 965 00e2 0F       		.uleb128 0xf
 966 00e3 2E       		.uleb128 0x2e
 967 00e4 01       		.byte	0x1
 968 00e5 3F       		.uleb128 0x3f
 969 00e6 19       		.uleb128 0x19
 970 00e7 03       		.uleb128 0x3
 971 00e8 0E       		.uleb128 0xe
 972 00e9 3A       		.uleb128 0x3a
 973 00ea 0B       		.uleb128 0xb
 974 00eb 3B       		.uleb128 0x3b
 975 00ec 05       		.uleb128 0x5
 976 00ed 27       		.uleb128 0x27
 977 00ee 19       		.uleb128 0x19
 978 00ef 49       		.uleb128 0x49
 979 00f0 13       		.uleb128 0x13
 980 00f1 11       		.uleb128 0x11
 981 00f2 01       		.uleb128 0x1
 982 00f3 12       		.uleb128 0x12
 983 00f4 06       		.uleb128 0x6
 984 00f5 40       		.uleb128 0x40
 985 00f6 18       		.uleb128 0x18
 986 00f7 9742     		.uleb128 0x2117
 987 00f9 19       		.uleb128 0x19
 988 00fa 01       		.uleb128 0x1
 989 00fb 13       		.uleb128 0x13
 990 00fc 00       		.byte	0
 991 00fd 00       		.byte	0
 992 00fe 10       		.uleb128 0x10
 993 00ff 34       		.uleb128 0x34
 994 0100 00       		.byte	0
 995 0101 03       		.uleb128 0x3
 996 0102 0E       		.uleb128 0xe
 997 0103 3A       		.uleb128 0x3a
 998 0104 0B       		.uleb128 0xb
 999 0105 3B       		.uleb128 0x3b
 1000 0106 05       		.uleb128 0x5
 1001 0107 49       		.uleb128 0x49
 1002 0108 13       		.uleb128 0x13
 1003 0109 02       		.uleb128 0x2
 1004 010a 17       		.uleb128 0x17
 1005 010b 00       		.byte	0
 1006 010c 00       		.byte	0
 1007 010d 11       		.uleb128 0x11
ARM GAS  C:\Users\Gemma\AppData\Local\Temp\ccZrbwkF.s 			page 26


 1008 010e 2E       		.uleb128 0x2e
 1009 010f 00       		.byte	0
 1010 0110 3F       		.uleb128 0x3f
 1011 0111 19       		.uleb128 0x19
 1012 0112 03       		.uleb128 0x3
 1013 0113 0E       		.uleb128 0xe
 1014 0114 3A       		.uleb128 0x3a
 1015 0115 0B       		.uleb128 0xb
 1016 0116 3B       		.uleb128 0x3b
 1017 0117 05       		.uleb128 0x5
 1018 0118 27       		.uleb128 0x27
 1019 0119 19       		.uleb128 0x19
 1020 011a 11       		.uleb128 0x11
 1021 011b 01       		.uleb128 0x1
 1022 011c 12       		.uleb128 0x12
 1023 011d 06       		.uleb128 0x6
 1024 011e 40       		.uleb128 0x40
 1025 011f 18       		.uleb128 0x18
 1026 0120 9742     		.uleb128 0x2117
 1027 0122 19       		.uleb128 0x19
 1028 0123 00       		.byte	0
 1029 0124 00       		.byte	0
 1030 0125 12       		.uleb128 0x12
 1031 0126 2E       		.uleb128 0x2e
 1032 0127 00       		.byte	0
 1033 0128 3F       		.uleb128 0x3f
 1034 0129 19       		.uleb128 0x19
 1035 012a 03       		.uleb128 0x3
 1036 012b 0E       		.uleb128 0xe
 1037 012c 3A       		.uleb128 0x3a
 1038 012d 0B       		.uleb128 0xb
 1039 012e 3B       		.uleb128 0x3b
 1040 012f 05       		.uleb128 0x5
 1041 0130 27       		.uleb128 0x27
 1042 0131 19       		.uleb128 0x19
 1043 0132 49       		.uleb128 0x49
 1044 0133 13       		.uleb128 0x13
 1045 0134 11       		.uleb128 0x11
 1046 0135 01       		.uleb128 0x1
 1047 0136 12       		.uleb128 0x12
 1048 0137 06       		.uleb128 0x6
 1049 0138 40       		.uleb128 0x40
 1050 0139 18       		.uleb128 0x18
 1051 013a 9742     		.uleb128 0x2117
 1052 013c 19       		.uleb128 0x19
 1053 013d 00       		.byte	0
 1054 013e 00       		.byte	0
 1055 013f 13       		.uleb128 0x13
 1056 0140 898201   		.uleb128 0x4109
 1057 0143 00       		.byte	0
 1058 0144 11       		.uleb128 0x11
 1059 0145 01       		.uleb128 0x1
 1060 0146 31       		.uleb128 0x31
 1061 0147 13       		.uleb128 0x13
 1062 0148 00       		.byte	0
 1063 0149 00       		.byte	0
 1064 014a 14       		.uleb128 0x14
ARM GAS  C:\Users\Gemma\AppData\Local\Temp\ccZrbwkF.s 			page 27


 1065 014b 898201   		.uleb128 0x4109
 1066 014e 01       		.byte	0x1
 1067 014f 11       		.uleb128 0x11
 1068 0150 01       		.uleb128 0x1
 1069 0151 31       		.uleb128 0x31
 1070 0152 13       		.uleb128 0x13
 1071 0153 01       		.uleb128 0x1
 1072 0154 13       		.uleb128 0x13
 1073 0155 00       		.byte	0
 1074 0156 00       		.byte	0
 1075 0157 15       		.uleb128 0x15
 1076 0158 8A8201   		.uleb128 0x410a
 1077 015b 00       		.byte	0
 1078 015c 02       		.uleb128 0x2
 1079 015d 18       		.uleb128 0x18
 1080 015e 9142     		.uleb128 0x2111
 1081 0160 18       		.uleb128 0x18
 1082 0161 00       		.byte	0
 1083 0162 00       		.byte	0
 1084 0163 16       		.uleb128 0x16
 1085 0164 05       		.uleb128 0x5
 1086 0165 00       		.byte	0
 1087 0166 03       		.uleb128 0x3
 1088 0167 0E       		.uleb128 0xe
 1089 0168 3A       		.uleb128 0x3a
 1090 0169 0B       		.uleb128 0xb
 1091 016a 3B       		.uleb128 0x3b
 1092 016b 0B       		.uleb128 0xb
 1093 016c 49       		.uleb128 0x49
 1094 016d 13       		.uleb128 0x13
 1095 016e 02       		.uleb128 0x2
 1096 016f 17       		.uleb128 0x17
 1097 0170 00       		.byte	0
 1098 0171 00       		.byte	0
 1099 0172 17       		.uleb128 0x17
 1100 0173 34       		.uleb128 0x34
 1101 0174 00       		.byte	0
 1102 0175 03       		.uleb128 0x3
 1103 0176 0E       		.uleb128 0xe
 1104 0177 3A       		.uleb128 0x3a
 1105 0178 0B       		.uleb128 0xb
 1106 0179 3B       		.uleb128 0x3b
 1107 017a 0B       		.uleb128 0xb
 1108 017b 49       		.uleb128 0x49
 1109 017c 13       		.uleb128 0x13
 1110 017d 3F       		.uleb128 0x3f
 1111 017e 19       		.uleb128 0x19
 1112 017f 02       		.uleb128 0x2
 1113 0180 18       		.uleb128 0x18
 1114 0181 00       		.byte	0
 1115 0182 00       		.byte	0
 1116 0183 00       		.byte	0
 1117              		.section	.debug_loc,"",%progbits
 1118              	.Ldebug_loc0:
 1119              	.LLST0:
 1120 0000 00000000 		.4byte	.LVL3
 1121 0004 02000000 		.4byte	.LVL4
ARM GAS  C:\Users\Gemma\AppData\Local\Temp\ccZrbwkF.s 			page 28


 1122 0008 0100     		.2byte	0x1
 1123 000a 50       		.byte	0x50
 1124 000b 02000000 		.4byte	.LVL4
 1125 000f 10000000 		.4byte	.LFE6
 1126 0013 0400     		.2byte	0x4
 1127 0015 F3       		.byte	0xf3
 1128 0016 01       		.uleb128 0x1
 1129 0017 50       		.byte	0x50
 1130 0018 9F       		.byte	0x9f
 1131 0019 00000000 		.4byte	0
 1132 001d 00000000 		.4byte	0
 1133              	.LLST1:
 1134 0021 04000000 		.4byte	.LVL5
 1135 0025 06000000 		.4byte	.LVL6
 1136 0029 0500     		.2byte	0x5
 1137 002b 70       		.byte	0x70
 1138 002c 00       		.sleb128 0
 1139 002d 35       		.byte	0x35
 1140 002e 25       		.byte	0x25
 1141 002f 9F       		.byte	0x9f
 1142 0030 00000000 		.4byte	0
 1143 0034 00000000 		.4byte	0
 1144              	.LLST2:
 1145 0038 00000000 		.4byte	.LVL11
 1146 003c 07000000 		.4byte	.LVL12-1
 1147 0040 0100     		.2byte	0x1
 1148 0042 50       		.byte	0x50
 1149 0043 07000000 		.4byte	.LVL12-1
 1150 0047 1A000000 		.4byte	.LFE1
 1151 004b 0100     		.2byte	0x1
 1152 004d 54       		.byte	0x54
 1153 004e 00000000 		.4byte	0
 1154 0052 00000000 		.4byte	0
 1155              		.section	.debug_aranges,"",%progbits
 1156 0000 7C000000 		.4byte	0x7c
 1157 0004 0200     		.2byte	0x2
 1158 0006 00000000 		.4byte	.Ldebug_info0
 1159 000a 04       		.byte	0x4
 1160 000b 00       		.byte	0
 1161 000c 0000     		.2byte	0
 1162 000e 0000     		.2byte	0
 1163 0010 00000000 		.4byte	.LFB3
 1164 0014 0C000000 		.4byte	.LFE3-.LFB3
 1165 0018 00000000 		.4byte	.LFB4
 1166 001c 0C000000 		.4byte	.LFE4-.LFB4
 1167 0020 00000000 		.4byte	.LFB5
 1168 0024 0C000000 		.4byte	.LFE5-.LFB5
 1169 0028 00000000 		.4byte	.LFB6
 1170 002c 10000000 		.4byte	.LFE6-.LFB6
 1171 0030 00000000 		.4byte	.LFB7
 1172 0034 0C000000 		.4byte	.LFE7-.LFB7
 1173 0038 00000000 		.4byte	.LFB8
 1174 003c 0C000000 		.4byte	.LFE8-.LFB8
 1175 0040 00000000 		.4byte	.LFB9
 1176 0044 18000000 		.4byte	.LFE9-.LFB9
 1177 0048 00000000 		.4byte	.LFB10
 1178 004c 0C000000 		.4byte	.LFE10-.LFB10
ARM GAS  C:\Users\Gemma\AppData\Local\Temp\ccZrbwkF.s 			page 29


 1179 0050 00000000 		.4byte	.LFB0
 1180 0054 1C000000 		.4byte	.LFE0-.LFB0
 1181 0058 00000000 		.4byte	.LFB1
 1182 005c 1A000000 		.4byte	.LFE1-.LFB1
 1183 0060 00000000 		.4byte	.LFB2
 1184 0064 14000000 		.4byte	.LFE2-.LFB2
 1185 0068 00000000 		.4byte	.LFB11
 1186 006c 0C000000 		.4byte	.LFE11-.LFB11
 1187 0070 00000000 		.4byte	.LFB12
 1188 0074 0C000000 		.4byte	.LFE12-.LFB12
 1189 0078 00000000 		.4byte	0
 1190 007c 00000000 		.4byte	0
 1191              		.section	.debug_ranges,"",%progbits
 1192              	.Ldebug_ranges0:
 1193 0000 00000000 		.4byte	.LFB3
 1194 0004 0C000000 		.4byte	.LFE3
 1195 0008 00000000 		.4byte	.LFB4
 1196 000c 0C000000 		.4byte	.LFE4
 1197 0010 00000000 		.4byte	.LFB5
 1198 0014 0C000000 		.4byte	.LFE5
 1199 0018 00000000 		.4byte	.LFB6
 1200 001c 10000000 		.4byte	.LFE6
 1201 0020 00000000 		.4byte	.LFB7
 1202 0024 0C000000 		.4byte	.LFE7
 1203 0028 00000000 		.4byte	.LFB8
 1204 002c 0C000000 		.4byte	.LFE8
 1205 0030 00000000 		.4byte	.LFB9
 1206 0034 18000000 		.4byte	.LFE9
 1207 0038 00000000 		.4byte	.LFB10
 1208 003c 0C000000 		.4byte	.LFE10
 1209 0040 00000000 		.4byte	.LFB0
 1210 0044 1C000000 		.4byte	.LFE0
 1211 0048 00000000 		.4byte	.LFB1
 1212 004c 1A000000 		.4byte	.LFE1
 1213 0050 00000000 		.4byte	.LFB2
 1214 0054 14000000 		.4byte	.LFE2
 1215 0058 00000000 		.4byte	.LFB11
 1216 005c 0C000000 		.4byte	.LFE11
 1217 0060 00000000 		.4byte	.LFB12
 1218 0064 0C000000 		.4byte	.LFE12
 1219 0068 00000000 		.4byte	0
 1220 006c 00000000 		.4byte	0
 1221              		.section	.debug_line,"",%progbits
 1222              	.Ldebug_line0:
 1223 0000 2F010000 		.section	.debug_str,"MS",%progbits,1
 1223      02004200 
 1223      00000201 
 1223      FB0E0D00 
 1223      01010101 
 1224              	.LASF33:
 1225 0000 6973725F 		.ascii	"isr_1_ClearPending\000"
 1225      315F436C 
 1225      65617250 
 1225      656E6469 
 1225      6E6700
 1226              	.LASF17:
 1227 0013 72656733 		.ascii	"reg32\000"
ARM GAS  C:\Users\Gemma\AppData\Local\Temp\ccZrbwkF.s 			page 30


 1227      3200
 1228              	.LASF32:
 1229 0019 6973725F 		.ascii	"isr_1_SetPending\000"
 1229      315F5365 
 1229      7450656E 
 1229      64696E67 
 1229      00
 1230              	.LASF37:
 1231 002a 6973725F 		.ascii	"isr_1_GetState\000"
 1231      315F4765 
 1231      74537461 
 1231      746500
 1232              	.LASF14:
 1233 0039 666C6F61 		.ascii	"float\000"
 1233      7400
 1234              	.LASF28:
 1235 003f 6973725F 		.ascii	"isr_1_Disable\000"
 1235      315F4469 
 1235      7361626C 
 1235      6500
 1236              	.LASF29:
 1237 004d 6973725F 		.ascii	"isr_1_Start\000"
 1237      315F5374 
 1237      61727400 
 1238              	.LASF6:
 1239 0059 73686F72 		.ascii	"short unsigned int\000"
 1239      7420756E 
 1239      7369676E 
 1239      65642069 
 1239      6E7400
 1240              	.LASF25:
 1241 006c 6973725F 		.ascii	"isr_1_GetPriority\000"
 1241      315F4765 
 1241      74507269 
 1241      6F726974 
 1241      7900
 1242              	.LASF31:
 1243 007e 6973725F 		.ascii	"isr_1_Stop\000"
 1243      315F5374 
 1243      6F7000
 1244              	.LASF4:
 1245 0089 756E7369 		.ascii	"unsigned char\000"
 1245      676E6564 
 1245      20636861 
 1245      7200
 1246              	.LASF34:
 1247 0097 474E5520 		.ascii	"GNU C11 5.4.1 20160609 (release) [ARM/embedded-5-br"
 1247      43313120 
 1247      352E342E 
 1247      31203230 
 1247      31363036 
 1248 00ca 616E6368 		.ascii	"anch revision 237715] -mcpu=cortex-m3 -mthumb -g -O"
 1248      20726576 
 1248      6973696F 
 1248      6E203233 
 1248      37373135 
 1249 00fd 67202D66 		.ascii	"g -ffunction-sections -ffat-lto-objects\000"
ARM GAS  C:\Users\Gemma\AppData\Local\Temp\ccZrbwkF.s 			page 31


 1249      66756E63 
 1249      74696F6E 
 1249      2D736563 
 1249      74696F6E 
 1250              	.LASF16:
 1251 0125 72656738 		.ascii	"reg8\000"
 1251      00
 1252              	.LASF8:
 1253 012a 6C6F6E67 		.ascii	"long unsigned int\000"
 1253      20756E73 
 1253      69676E65 
 1253      6420696E 
 1253      7400
 1254              	.LASF12:
 1255 013c 75696E74 		.ascii	"uint8\000"
 1255      3800
 1256              	.LASF23:
 1257 0142 7072696F 		.ascii	"priority\000"
 1257      72697479 
 1257      00
 1258              	.LASF38:
 1259 014b 62746E5F 		.ascii	"btn_pressed\000"
 1259      70726573 
 1259      73656400 
 1260              	.LASF15:
 1261 0157 646F7562 		.ascii	"double\000"
 1261      6C6500
 1262              	.LASF21:
 1263 015e 6973725F 		.ascii	"isr_1_SetPriority\000"
 1263      315F5365 
 1263      74507269 
 1263      6F726974 
 1263      7900
 1264              	.LASF35:
 1265 0170 47656E65 		.ascii	"Generated_Source\\PSoC5\\isr_1.c\000"
 1265      72617465 
 1265      645F536F 
 1265      75726365 
 1265      5C50536F 
 1266              	.LASF13:
 1267 018f 75696E74 		.ascii	"uint32\000"
 1267      333200
 1268              	.LASF0:
 1269 0196 756E7369 		.ascii	"unsigned int\000"
 1269      676E6564 
 1269      20696E74 
 1269      00
 1270              	.LASF22:
 1271 01a3 61646472 		.ascii	"address\000"
 1271      65737300 
 1272              	.LASF9:
 1273 01ab 6C6F6E67 		.ascii	"long long unsigned int\000"
 1273      206C6F6E 
 1273      6720756E 
 1273      7369676E 
 1273      65642069 
 1274              	.LASF18:
ARM GAS  C:\Users\Gemma\AppData\Local\Temp\ccZrbwkF.s 			page 32


 1275 01c2 63796973 		.ascii	"cyisraddress\000"
 1275      72616464 
 1275      72657373 
 1275      00
 1276              	.LASF10:
 1277 01cf 73697A65 		.ascii	"sizetype\000"
 1277      74797065 
 1277      00
 1278              	.LASF1:
 1279 01d8 6C6F6E67 		.ascii	"long long int\000"
 1279      206C6F6E 
 1279      6720696E 
 1279      7400
 1280              	.LASF27:
 1281 01e6 6973725F 		.ascii	"isr_1_Enable\000"
 1281      315F456E 
 1281      61626C65 
 1281      00
 1282              	.LASF11:
 1283 01f3 63686172 		.ascii	"char\000"
 1283      00
 1284              	.LASF19:
 1285 01f8 72616D56 		.ascii	"ramVectorTable\000"
 1285      6563746F 
 1285      72546162 
 1285      6C6500
 1286              	.LASF5:
 1287 0207 73686F72 		.ascii	"short int\000"
 1287      7420696E 
 1287      7400
 1288              	.LASF24:
 1289 0211 6973725F 		.ascii	"isr_1_GetVector\000"
 1289      315F4765 
 1289      74566563 
 1289      746F7200 
 1290              	.LASF26:
 1291 0221 6973725F 		.ascii	"isr_1_Interrupt\000"
 1291      315F496E 
 1291      74657272 
 1291      75707400 
 1292              	.LASF7:
 1293 0231 6C6F6E67 		.ascii	"long int\000"
 1293      20696E74 
 1293      00
 1294              	.LASF2:
 1295 023a 6C6F6E67 		.ascii	"long double\000"
 1295      20646F75 
 1295      626C6500 
 1296              	.LASF36:
 1297 0246 433A5C55 		.ascii	"C:\\Users\\Gemma\\Desktop\\PSoC\\GemmaQ_Assignment2"
 1297      73657273 
 1297      5C47656D 
 1297      6D615C44 
 1297      65736B74 
 1298 0274 5C47656D 		.ascii	"\\GemmaQ_Assignment2.cydsn\000"
 1298      6D61515F 
 1298      41737369 
ARM GAS  C:\Users\Gemma\AppData\Local\Temp\ccZrbwkF.s 			page 33


 1298      676E6D65 
 1298      6E74322E 
 1299              	.LASF3:
 1300 028e 7369676E 		.ascii	"signed char\000"
 1300      65642063 
 1300      68617200 
 1301              	.LASF30:
 1302 029a 6973725F 		.ascii	"isr_1_StartEx\000"
 1302      315F5374 
 1302      61727445 
 1302      7800
 1303              	.LASF20:
 1304 02a8 6973725F 		.ascii	"isr_1_SetVector\000"
 1304      315F5365 
 1304      74566563 
 1304      746F7200 
 1305              		.ident	"GCC: (GNU Tools for ARM Embedded Processors) 5.4.1 20160609 (release) [ARM/embedded-5-bran
