Archive member included to satisfy reference by file (symbol)

.\ARM_GCC_541\Debug\GemmaQ_Assignment3_PSoC5DAQ.a(ADC_DelSig_1.o)
                              .\ARM_GCC_541\Debug\main.o (ADC_DelSig_1_Start)
.\ARM_GCC_541\Debug\GemmaQ_Assignment3_PSoC5DAQ.a(ADC_DelSig_1_INT.o)
                              .\ARM_GCC_541\Debug\GemmaQ_Assignment3_PSoC5DAQ.a(ADC_DelSig_1.o) (ADC_DelSig_1_ISR1)
.\ARM_GCC_541\Debug\GemmaQ_Assignment3_PSoC5DAQ.a(UART_1.o)
                              .\ARM_GCC_541\Debug\main.o (UART_1_Start)
.\ARM_GCC_541\Debug\GemmaQ_Assignment3_PSoC5DAQ.a(ADC_DelSig_1_AMux.o)
                              .\ARM_GCC_541\Debug\GemmaQ_Assignment3_PSoC5DAQ.a(ADC_DelSig_1.o) (ADC_DelSig_1_AMux_Select)
.\ARM_GCC_541\Debug\GemmaQ_Assignment3_PSoC5DAQ.a(ADC_DelSig_1_Ext_CP_Clk.o)
                              .\ARM_GCC_541\Debug\GemmaQ_Assignment3_PSoC5DAQ.a(ADC_DelSig_1.o) (ADC_DelSig_1_Ext_CP_Clk_SetDividerRegister)
.\ARM_GCC_541\Debug\GemmaQ_Assignment3_PSoC5DAQ.a(ADC_DelSig_1_theACLK.o)
                              .\ARM_GCC_541\Debug\GemmaQ_Assignment3_PSoC5DAQ.a(ADC_DelSig_1.o) (ADC_DelSig_1_theACLK_SetDividerRegister)
.\ARM_GCC_541\Debug\GemmaQ_Assignment3_PSoC5DAQ.a(UART_1_IntClock.o)
                              .\ARM_GCC_541\Debug\GemmaQ_Assignment3_PSoC5DAQ.a(UART_1.o) (UART_1_IntClock_Start)
.\ARM_GCC_541\Debug\GemmaQ_Assignment3_PSoC5DAQ.a(CyLib.o)
                              .\ARM_GCC_541\Debug\Cm3Start.o (CyResetStatus)
.\ARM_GCC_541\Debug\GemmaQ_Assignment3_PSoC5DAQ.a(cyPm.o)
                              .\ARM_GCC_541\Debug\GemmaQ_Assignment3_PSoC5DAQ.a(CyLib.o) (CyPmReadStatus)
.\ARM_GCC_541\Debug\GemmaQ_Assignment3_PSoC5DAQ.a(ADC_Isr.o)
                              .\ARM_GCC_541\Debug\main.o (ADC_Isr_Disable)
.\ARM_GCC_541\Debug\GemmaQ_Assignment3_PSoC5DAQ.a(Clock_Isr.o)
                              .\ARM_GCC_541\Debug\main.o (Clock_Isr_StartEx)
.\ARM_GCC_541\Debug\GemmaQ_Assignment3_PSoC5DAQ.a(Timer.o)
                              .\ARM_GCC_541\Debug\main.o (Timer_Start)
.\ARM_GCC_541\Debug\GemmaQ_Assignment3_PSoC5DAQ.a(CyBootAsmGnu.o)
                              .\ARM_GCC_541\Debug\cyfitter_cfg.o (CyDelayCycles)
.\ARM_GCC_541\Debug\GemmaQ_Assignment3_PSoC5DAQ.a(CyFlash.o)
                              .\ARM_GCC_541\Debug\GemmaQ_Assignment3_PSoC5DAQ.a(cyPm.o) (CyFlash_SetWaitCycles)
.\ARM_GCC_541\Debug\GemmaQ_Assignment3_PSoC5DAQ.a(CySpc.o)
                              .\ARM_GCC_541\Debug\GemmaQ_Assignment3_PSoC5DAQ.a(CyFlash.o) (CySpcStart)
.\ARM_GCC_541\Debug\GemmaQ_Assignment3_PSoC5DAQ.a(cyutils.o)
                              .\ARM_GCC_541\Debug\GemmaQ_Assignment3_PSoC5DAQ.a(Timer.o) (CySetReg24)
c:/program files (x86)/cypress/psoc creator/4.2/psoc creator/import/gnu/arm/5.4.1/bin/../lib/gcc/arm-none-eabi/5.4.1/armv7-m\libgcc.a(_arm_addsubdf3.o)
                              .\ARM_GCC_541\Debug\main.o (__aeabi_f2d)
c:/program files (x86)/cypress/psoc creator/4.2/psoc creator/import/gnu/arm/5.4.1/bin/../lib/gcc/arm-none-eabi/5.4.1/armv7-m\libgcc.a(_arm_cmpdf2.o)
                              .\ARM_GCC_541\Debug\GemmaQ_Assignment3_PSoC5DAQ.a(ADC_DelSig_1.o) (__aeabi_dcmpgt)
c:/program files (x86)/cypress/psoc creator/4.2/psoc creator/import/gnu/arm/5.4.1/bin/../lib/gcc/arm-none-eabi/5.4.1/armv7-m\libgcc.a(_arm_addsubsf3.o)
                              .\ARM_GCC_541\Debug\main.o (__aeabi_ui2f)
c:/program files (x86)/cypress/psoc creator/4.2/psoc creator/import/gnu/arm/5.4.1/bin/../lib/gcc/arm-none-eabi/5.4.1/armv7-m\libgcc.a(_arm_muldivsf3.o)
                              .\ARM_GCC_541\Debug\GemmaQ_Assignment3_PSoC5DAQ.a(ADC_DelSig_1.o) (__aeabi_fmul)
c:/program files (x86)/cypress/psoc creator/4.2/psoc creator/import/gnu/arm/5.4.1/bin/../lib/gcc/arm-none-eabi/5.4.1/armv7-m\libgcc.a(_arm_fixsfsi.o)
                              .\ARM_GCC_541\Debug\main.o (__aeabi_f2iz)
c:/program files (x86)/cypress/psoc creator/4.2/psoc creator/import/gnu/arm/5.4.1/bin/../lib/gcc/arm-none-eabi/5.4.1/armv7-m\libgcc.a(_arm_fixunssfsi.o)
                              .\ARM_GCC_541\Debug\GemmaQ_Assignment3_PSoC5DAQ.a(ADC_DelSig_1.o) (__aeabi_f2uiz)
c:/program files (x86)/cypress/psoc creator/4.2/psoc creator/import/gnu/arm/5.4.1/bin/../lib/gcc/arm-none-eabi/5.4.1/../../../../arm-none-eabi/lib/armv7-m\libg_nano.a(lib_a-errno.o)
                              .\ARM_GCC_541\Debug\Cm3Start.o (__errno)
c:/program files (x86)/cypress/psoc creator/4.2/psoc creator/import/gnu/arm/5.4.1/bin/../lib/gcc/arm-none-eabi/5.4.1/../../../../arm-none-eabi/lib/armv7-m\libg_nano.a(lib_a-exit.o)
                              c:/program files (x86)/cypress/psoc creator/4.2/psoc creator/import/gnu/arm/5.4.1/bin/../lib/gcc/arm-none-eabi/5.4.1/../../../../arm-none-eabi/lib/armv7-m/crt0.o (exit)
c:/program files (x86)/cypress/psoc creator/4.2/psoc creator/import/gnu/arm/5.4.1/bin/../lib/gcc/arm-none-eabi/5.4.1/../../../../arm-none-eabi/lib/armv7-m\libg_nano.a(lib_a-impure.o)
[...]
Memory Configuration

Name             Origin             Length             Attributes
rom              0x00000000         0x00040000         xr
ram              0x1fff8000         0x00010000         xrw
*default*        0x00000000         0xffffffff

Linker script and memory map

LOAD c:/program files (x86)/cypress/psoc creator/4.2/psoc creator/import/gnu/arm/5.4.1/bin/../lib/gcc/arm-none-eabi/5.4.1/armv7-m/crti.o
LOAD c:/program files (x86)/cypress/psoc creator/4.2/psoc creator/import/gnu/arm/5.4.1/bin/../lib/gcc/arm-none-eabi/5.4.1/armv7-m/crtbegin.o
LOAD c:/program files (x86)/cypress/psoc creator/4.2/psoc creator/import/gnu/arm/5.4.1/bin/../lib/gcc/arm-none-eabi/5.4.1/../../../../arm-none-eabi/lib/armv7-m/crt0.o
START GROUP
LOAD .\ARM_GCC_541\Debug\main.o
LOAD .\ARM_GCC_541\Debug\cyfitter_cfg.o
LOAD .\ARM_GCC_541\Debug\cymetadata.o
LOAD .\ARM_GCC_541\Debug\Cm3Start.o
LOAD .\ARM_GCC_541\Debug\GemmaQ_Assignment3_PSoC5DAQ.a
LOAD C:\Program Files (x86)\Cypress\PSoC Creator\4.2\PSoC Creator\psoc\content\cycomponentlibrary\CyComponentLibrary.cylib\CortexM3\ARM_GCC_541\Debug\CyComponentLibrary.a
LOAD c:/program files (x86)/cypress/psoc creator/4.2/psoc creator/import/gnu/arm/5.4.1/bin/../lib/gcc/arm-none-eabi/5.4.1/../../../../arm-none-eabi/lib/armv7-m\libm.a
END GROUP
START GROUP
LOAD c:/program files (x86)/cypress/psoc creator/4.2/psoc creator/import/gnu/arm/5.4.1/bin/../lib/gcc/arm-none-eabi/5.4.1/armv7-m\libgcc.a
LOAD c:/program files (x86)/cypress/psoc creator/4.2/psoc creator/import/gnu/arm/5.4.1/bin/../lib/gcc/arm-none-eabi/5.4.1/../../../../arm-none-eabi/lib/armv7-m\libg_nano.a
LOAD c:/program files (x86)/cypress/psoc creator/4.2/psoc creator/import/gnu/arm/5.4.1/bin/../lib/gcc/arm-none-eabi/5.4.1/../../../../arm-none-eabi/lib/armv7-m\libc_nano.a
END GROUP
START GROUP
LOAD c:/program files (x86)/cypress/psoc creator/4.2/psoc creator/import/gnu/arm/5.4.1/bin/../lib/gcc/arm-none-eabi/5.4.1/armv7-m\libgcc.a
LOAD c:/program files (x86)/cypress/psoc creator/4.2/psoc creator/import/gnu/arm/5.4.1/bin/../lib/gcc/arm-none-eabi/5.4.1/../../../../arm-none-eabi/lib/armv7-m\libc_nano.a
END GROUP
LOAD c:/program files (x86)/cypress/psoc creator/4.2/psoc creator/import/gnu/arm/5.4.1/bin/../lib/gcc/arm-none-eabi/5.4.1/armv7-m/crtend.o
LOAD c:/program files (x86)/cypress/psoc creator/4.2/psoc creator/import/gnu/arm/5.4.1/bin/../lib/gcc/arm-none-eabi/5.4.1/armv7-m/crtn.o
START GROUP
LOAD c:/program files (x86)/cypress/psoc creator/4.2/psoc creator/import/gnu/arm/5.4.1/bin/../lib/gcc/arm-none-eabi/5.4.1/armv7-m\libgcc.a
LOAD c:/program files (x86)/cypress/psoc creator/4.2/psoc creator/import/gnu/arm/5.4.1/bin/../lib/gcc/arm-none-eabi/5.4.1/../../../../arm-none-eabi/lib/armv7-m\libc.a
LOAD c:/program files (x86)/cypress/psoc creator/4.2/psoc creator/import/gnu/arm/5.4.1/bin/../lib/gcc/arm-none-eabi/5.4.1/../../../../arm-none-eabi/lib/armv7-m\libnosys.a
END GROUP
                0x00000000                CY_APPL_ORIGIN = 0x0
                0x00000100                CY_FLASH_ROW_SIZE = 0x100
                0x00000020                CY_ECC_ROW_SIZE = 0x20
                0x00000000                CY_EE_IN_BTLDR = 0x0
                0x00000000                CY_APPL_LOADABLE = 0x0
                0x00000800                CY_EE_SIZE = 0x800
                0x00000001                CY_APPL_NUM = 0x1
                0x00000001                CY_APPL_MAX = 0x1
                0x00000040                CY_METADATA_SIZE = 0x40
                0x00000000                CY_APPL_LOADABLE = 0x0
                0x00000000                CY_CHECKSUM_EXCLUDE_SIZE = ALIGN (0x0, CY_FLASH_ROW_SIZE)
                [!provide]                PROVIDE (__cy_heap_start, _end)
                0x00000001                PROVIDE (__cy_region_num, ((__cy_regions_end - __cy_regions) / 0x10))
                0x20008000                PROVIDE (__cy_stack, (ORIGIN (ram) + LENGTH (ram)))
                [!provide]                PROVIDE (__cy_heap_end, (__cy_stack - 0x800))

.cybootloader   0x00000000        0x0
 *(.cybootloader)
                0x00000000                appl1_start = CY_APPL_ORIGIN?CY_APPL_ORIGIN:ALIGN (CY_FLASH_ROW_SIZE)
                0x0001ff00                appl2_start = (appl1_start + ALIGN ((((LENGTH (rom) - appl1_start) - (0x2 * CY_FLASH_ROW_SIZE)) / 0x2), CY_FLASH_ROW_SIZE))
                0x00000000                appl_start = (CY_APPL_NUM == 0x1)?appl1_start:appl2_start
                0x00000000                ecc_offset = ((appl_start / CY_FLASH_ROW_SIZE) * CY_ECC_ROW_SIZE)
                0x00000000                ee_offset = (CY_APPL_LOADABLE && ! (CY_EE_IN_BTLDR))?((CY_EE_SIZE / CY_APPL_MAX) * (CY_APPL_NUM - 0x1)):0x0
                0x00000800                ee_size = (CY_APPL_LOADABLE && ! (CY_EE_IN_BTLDR))?(CY_EE_SIZE / CY_APPL_MAX):CY_EE_SIZE
                [!provide]                PROVIDE (CY_ECC_OFFSET, ecc_offset)

.text           0x00000000     0x4698
 CREATE_OBJECT_SYMBOLS
                0x00000000                PROVIDE (__cy_interrupt_vector, RomVectors)
 *(.romvectors)
 .romvectors    0x00000000       0x10 .\ARM_GCC_541\Debug\Cm3Start.o
                0x00000000                RomVectors
                0x00000001                ASSERT ((. != __cy_interrupt_vector), No interrupt vector)
                0x00000001                ASSERT (CY_APPL_ORIGIN?(SIZEOF (.cybootloader) <= CY_APPL_ORIGIN):0x1, Wrong image location)
                0x00000010                PROVIDE (__cy_reset, Reset)
 *(.text.Reset)
 .text.Reset    0x00000010       0x18 .\ARM_GCC_541\Debug\Cm3Start.o
                0x00000010                Reset
                0x00000001                ASSERT ((. != __cy_reset), No reset code)
 *(.dma_init)
                0x00000001                ASSERT ((((appl_start + .) <= 0x10000) || 0x1), DMA Init must be within the first 64k of flash)
 *(.text .text.* .gnu.linkonce.t.*)
 .text          0x00000028       0x5c c:/program files (x86)/cypress/psoc creator/4.2/psoc creator/import/gnu/arm/5.4.1/bin/../lib/gcc/arm-none-eabi/5.4.1/armv7-m/crtbegin.o
 .text.main     0x00000084       0x54 .\ARM_GCC_541\Debug\main.o
                0x00000084                main
 .text.tempCalc
                0x000000d8       0x48 .\ARM_GCC_541\Debug\main.o
                0x000000d8                tempCalc
 .text.sendDataAsJson
                0x00000120       0x50 .\ARM_GCC_541\Debug\main.o
                0x00000120                sendDataAsJson
 .text.MyADCIsr
                0x00000170       0x3c .\ARM_GCC_541\Debug\main.o
                0x00000170                MyADCIsr
 .text.MyClockIsr
                0x000001ac       0x4c .\ARM_GCC_541\Debug\main.o
                0x000001ac                MyClockIsr
 .text.CYMEMZERO
                0x000001f8       0x1c .\ARM_GCC_541\Debug\cyfitter_cfg.o
 .text.CYCONFIGCPY
                0x00000214       0x20 .\ARM_GCC_541\Debug\cyfitter_cfg.o
 .text.CyClockStartupError
                0x00000234        0xc .\ARM_GCC_541\Debug\cyfitter_cfg.o
 .text.cfg_write_bytes32
                0x00000240       0x74 .\ARM_GCC_541\Debug\cyfitter_cfg.o
 .text.ClockSetup
                0x000002b4      0x158 .\ARM_GCC_541\Debug\cyfitter_cfg.o
 .text.AnalogSetDefault
                0x0000040c       0x58 .\ARM_GCC_541\Debug\cyfitter_cfg.o
 .text.ADC_DelSig_1_AMux_Set
                0x00000464       0x40 .\ARM_GCC_541\Debug\cyfitter_cfg.o
                0x00000464                ADC_DelSig_1_AMux_Set
 .text.ADC_DelSig_1_AMux_Unset
                0x000004a4       0x44 .\ARM_GCC_541\Debug\cyfitter_cfg.o
                0x000004a4                ADC_DelSig_1_AMux_Unset
 .text.cyfitter_cfg
                0x000004e8      0x140 .\ARM_GCC_541\Debug\cyfitter_cfg.o
                0x000004e8                cyfitter_cfg
 .text.IntDefaultHandler
                0x00000628       0x14 .\ARM_GCC_541\Debug\Cm3Start.o
                0x00000628                IntDefaultHandler
 .text._sbrk    0x0000063c       0x54 .\ARM_GCC_541\Debug\Cm3Start.o
                0x0000063c                _sbrk
 .text.Start_c  0x00000690       0x98 .\ARM_GCC_541\Debug\Cm3Start.o
                0x00000690                Start_c
 .text.initialize_psoc
                0x00000728       0x90 .\ARM_GCC_541\Debug\Cm3Start.o
                0x00000728                initialize_psoc
 .text.ADC_DelSig_1_Init
                0x000007b8      0x11c .\ARM_GCC_541\Debug\GemmaQ_Assignment3_PSoC5DAQ.a(ADC_DelSig_1.o)
                0x000007b8                ADC_DelSig_1_Init
 .text.ADC_DelSig_1_Enable
                0x000008d4      0x154 .\ARM_GCC_541\Debug\GemmaQ_Assignment3_PSoC5DAQ.a(ADC_DelSig_1.o)
                0x000008d4                ADC_DelSig_1_Enable
 .text.ADC_DelSig_1_Start
                0x00000a28       0x30 .\ARM_GCC_541\Debug\GemmaQ_Assignment3_PSoC5DAQ.a(ADC_DelSig_1.o)
                0x00000a28                ADC_DelSig_1_Start
 .text.ADC_DelSig_1_StartConvert
                0x00000a58       0x20 .\ARM_GCC_541\Debug\GemmaQ_Assignment3_PSoC5DAQ.a(ADC_DelSig_1.o)
                0x00000a58                ADC_DelSig_1_StartConvert
 .text.ADC_DelSig_1_GetResult16
                0x00000a78       0x7c .\ARM_GCC_541\Debug\GemmaQ_Assignment3_PSoC5DAQ.a(ADC_DelSig_1.o)
                0x00000a78                ADC_DelSig_1_GetResult16
 .text.ADC_DelSig_1_CountsTo_mVolts
                0x00000af4       0x3c .\ARM_GCC_541\Debug\GemmaQ_Assignment3_PSoC5DAQ.a(ADC_DelSig_1.o)
                0x00000af4                ADC_DelSig_1_CountsTo_mVolts
 .text.ADC_DelSig_1_InitConfig
                0x00000b30      0x164 .\ARM_GCC_541\Debug\GemmaQ_Assignment3_PSoC5DAQ.a(ADC_DelSig_1.o)
 .text.ADC_DelSig_1_GainCompensation
                0x00000c94      0x170 .\ARM_GCC_541\Debug\GemmaQ_Assignment3_PSoC5DAQ.a(ADC_DelSig_1.o)
 .text.ADC_DelSig_1_SetDSMRef0Reg
                0x00000e04       0x7c .\ARM_GCC_541\Debug\GemmaQ_Assignment3_PSoC5DAQ.a(ADC_DelSig_1.o)
 .text.ADC_DelSig_1_ISR1
                0x00000e80        0xc .\ARM_GCC_541\Debug\GemmaQ_Assignment3_PSoC5DAQ.a(ADC_DelSig_1_INT.o)
                0x00000e80                ADC_DelSig_1_ISR1
 .text.UART_1_Start
                0x00000e8c       0x24 .\ARM_GCC_541\Debug\GemmaQ_Assignment3_PSoC5DAQ.a(UART_1.o)
                0x00000e8c                UART_1_Start
 .text.UART_1_Init
                0x00000eb0       0x40 .\ARM_GCC_541\Debug\GemmaQ_Assignment3_PSoC5DAQ.a(UART_1.o)
                0x00000eb0                UART_1_Init
 .text.UART_1_Enable
                0x00000ef0       0x60 .\ARM_GCC_541\Debug\GemmaQ_Assignment3_PSoC5DAQ.a(UART_1.o)
                0x00000ef0                UART_1_Enable
 .text.UART_1_PutChar
                0x00000f50       0x34 .\ARM_GCC_541\Debug\GemmaQ_Assignment3_PSoC5DAQ.a(UART_1.o)
                0x00000f50                UART_1_PutChar
 .text.UART_1_PutString
                0x00000f84       0x44 .\ARM_GCC_541\Debug\GemmaQ_Assignment3_PSoC5DAQ.a(UART_1.o)
                0x00000f84                UART_1_PutString
 .text.ADC_DelSig_1_AMux_Start
                0x00000fc8       0x34 .\ARM_GCC_541\Debug\GemmaQ_Assignment3_PSoC5DAQ.a(ADC_DelSig_1_AMux.o)
                0x00000fc8                ADC_DelSig_1_AMux_Start
 .text.ADC_DelSig_1_AMux_Select
                0x00000ffc       0x28 .\ARM_GCC_541\Debug\GemmaQ_Assignment3_PSoC5DAQ.a(ADC_DelSig_1_AMux.o)
                0x00000ffc                ADC_DelSig_1_AMux_Select
 .text.ADC_DelSig_1_Ext_CP_Clk_SetDividerRegister
                0x00001024      0x164 .\ARM_GCC_541\Debug\GemmaQ_Assignment3_PSoC5DAQ.a(ADC_DelSig_1_Ext_CP_Clk.o)
                0x00001024                ADC_DelSig_1_Ext_CP_Clk_SetDividerRegister
 .text.ADC_DelSig_1_Ext_CP_Clk_GetDividerRegister
                0x00001188       0x18 .\ARM_GCC_541\Debug\GemmaQ_Assignment3_PSoC5DAQ.a(ADC_DelSig_1_Ext_CP_Clk.o)
                0x00001188                ADC_DelSig_1_Ext_CP_Clk_GetDividerRegister
 .text.ADC_DelSig_1_Ext_CP_Clk_SetModeRegister
                0x000011a0       0x34 .\ARM_GCC_541\Debug\GemmaQ_Assignment3_PSoC5DAQ.a(ADC_DelSig_1_Ext_CP_Clk.o)
                0x000011a0                ADC_DelSig_1_Ext_CP_Clk_SetModeRegister
 .text.ADC_DelSig_1_Ext_CP_Clk_GetSourceRegister
                0x000011d4       0x1c .\ARM_GCC_541\Debug\GemmaQ_Assignment3_PSoC5DAQ.a(ADC_DelSig_1_Ext_CP_Clk.o)
                0x000011d4                ADC_DelSig_1_Ext_CP_Clk_GetSourceRegister
 .text.ADC_DelSig_1_theACLK_SetDividerRegister
                0x000011f0      0x164 .\ARM_GCC_541\Debug\GemmaQ_Assignment3_PSoC5DAQ.a(ADC_DelSig_1_theACLK.o)
                0x000011f0                ADC_DelSig_1_theACLK_SetDividerRegister
 .text.ADC_DelSig_1_theACLK_GetDividerRegister
                0x00001354       0x18 .\ARM_GCC_541\Debug\GemmaQ_Assignment3_PSoC5DAQ.a(ADC_DelSig_1_theACLK.o)
                0x00001354                ADC_DelSig_1_theACLK_GetDividerRegister
 .text.ADC_DelSig_1_theACLK_SetModeRegister
                0x0000136c       0x34 .\ARM_GCC_541\Debug\GemmaQ_Assignment3_PSoC5DAQ.a(ADC_DelSig_1_theACLK.o)
                0x0000136c                ADC_DelSig_1_theACLK_SetModeRegister
 .text.ADC_DelSig_1_theACLK_GetSourceRegister
                0x000013a0       0x1c .\ARM_GCC_541\Debug\GemmaQ_Assignment3_PSoC5DAQ.a(ADC_DelSig_1_theACLK.o)
                0x000013a0                ADC_DelSig_1_theACLK_GetSourceRegister
 .text.UART_1_IntClock_Start
                0x000013bc       0x34 .\ARM_GCC_541\Debug\GemmaQ_Assignment3_PSoC5DAQ.a(UART_1_IntClock.o)
                0x000013bc                UART_1_IntClock_Start
 .text.CyHalt   0x000013f0       0x18 .\ARM_GCC_541\Debug\GemmaQ_Assignment3_PSoC5DAQ.a(CyLib.o)
                0x000013f0                CyHalt
 .text.CyDelayUs
                0x00001408       0x28 .\ARM_GCC_541\Debug\GemmaQ_Assignment3_PSoC5DAQ.a(CyLib.o)
                0x00001408                CyDelayUs
 .text.CyIntSetVector
                0x00001430       0x50 .\ARM_GCC_541\Debug\GemmaQ_Assignment3_PSoC5DAQ.a(CyLib.o)
                0x00001430                CyIntSetVector
 .text.CyIntSetPriority
                0x00001480       0x48 .\ARM_GCC_541\Debug\GemmaQ_Assignment3_PSoC5DAQ.a(CyLib.o)
                0x00001480                CyIntSetPriority
 .text.ADC_Isr_StartEx
                0x000014c8       0x24 .\ARM_GCC_541\Debug\GemmaQ_Assignment3_PSoC5DAQ.a(ADC_Isr.o)
                0x000014c8                ADC_Isr_StartEx
 .text.ADC_Isr_SetVector
                0x000014ec       0x24 .\ARM_GCC_541\Debug\GemmaQ_Assignment3_PSoC5DAQ.a(ADC_Isr.o)
                0x000014ec                ADC_Isr_SetVector
 .text.ADC_Isr_SetPriority
                0x00001510       0x24 .\ARM_GCC_541\Debug\GemmaQ_Assignment3_PSoC5DAQ.a(ADC_Isr.o)
                0x00001510                ADC_Isr_SetPriority
 .text.ADC_Isr_Enable
                0x00001534       0x18 .\ARM_GCC_541\Debug\GemmaQ_Assignment3_PSoC5DAQ.a(ADC_Isr.o)
                0x00001534                ADC_Isr_Enable
 .text.ADC_Isr_Disable
                0x0000154c       0x18 .\ARM_GCC_541\Debug\GemmaQ_Assignment3_PSoC5DAQ.a(ADC_Isr.o)
                0x0000154c                ADC_Isr_Disable
 .text.Clock_Isr_StartEx
                0x00001564       0x24 .\ARM_GCC_541\Debug\GemmaQ_Assignment3_PSoC5DAQ.a(Clock_Isr.o)
                0x00001564                Clock_Isr_StartEx
 .text.Clock_Isr_SetVector
                0x00001588       0x24 .\ARM_GCC_541\Debug\GemmaQ_Assignment3_PSoC5DAQ.a(Clock_Isr.o)
                0x00001588                Clock_Isr_SetVector
 .text.Clock_Isr_SetPriority
                0x000015ac       0x24 .\ARM_GCC_541\Debug\GemmaQ_Assignment3_PSoC5DAQ.a(Clock_Isr.o)
                0x000015ac                Clock_Isr_SetPriority
 .text.Clock_Isr_Enable
                0x000015d0       0x18 .\ARM_GCC_541\Debug\GemmaQ_Assignment3_PSoC5DAQ.a(Clock_Isr.o)
                0x000015d0                Clock_Isr_Enable
 .text.Clock_Isr_Disable
                0x000015e8       0x18 .\ARM_GCC_541\Debug\GemmaQ_Assignment3_PSoC5DAQ.a(Clock_Isr.o)
                0x000015e8                Clock_Isr_Disable
 .text.Timer_Init
                0x00001600       0x4c .\ARM_GCC_541\Debug\GemmaQ_Assignment3_PSoC5DAQ.a(Timer.o)
                0x00001600                Timer_Init
 .text.Timer_Enable
                0x0000164c       0x20 .\ARM_GCC_541\Debug\GemmaQ_Assignment3_PSoC5DAQ.a(Timer.o)
                0x0000164c                Timer_Enable
 .text.Timer_Start
                0x0000166c       0x24 .\ARM_GCC_541\Debug\GemmaQ_Assignment3_PSoC5DAQ.a(Timer.o)
                0x0000166c                Timer_Start
 .text.Timer_SetInterruptMode
                0x00001690       0x20 .\ARM_GCC_541\Debug\GemmaQ_Assignment3_PSoC5DAQ.a(Timer.o)
                0x00001690                Timer_SetInterruptMode
 .text.Timer_ReadStatusRegister
                0x000016b0       0x18 .\ARM_GCC_541\Debug\GemmaQ_Assignment3_PSoC5DAQ.a(Timer.o)
                0x000016b0                Timer_ReadStatusRegister
 .text.Timer_WritePeriod
                0x000016c8       0x1c .\ARM_GCC_541\Debug\GemmaQ_Assignment3_PSoC5DAQ.a(Timer.o)
                0x000016c8                Timer_WritePeriod
 .text.Timer_ReadCapture
                0x000016e4       0x18 .\ARM_GCC_541\Debug\GemmaQ_Assignment3_PSoC5DAQ.a(Timer.o)
                0x000016e4                Timer_ReadCapture
 .text.Timer_WriteCounter
                0x000016fc       0x1c .\ARM_GCC_541\Debug\GemmaQ_Assignment3_PSoC5DAQ.a(Timer.o)
                0x000016fc                Timer_WriteCounter
 .text.Timer_ClearFIFO
                0x00001718       0x1c .\ARM_GCC_541\Debug\GemmaQ_Assignment3_PSoC5DAQ.a(Timer.o)
                0x00001718                Timer_ClearFIFO
 *fill*         0x00001734        0x4 
 .text          0x00001738       0x54 .\ARM_GCC_541\Debug\GemmaQ_Assignment3_PSoC5DAQ.a(CyBootAsmGnu.o)
                0x00001738                CyDelayCycles
                0x00001776                CyEnterCriticalSection
                0x0000177e                CyExitCriticalSection
 .text.CySetReg24
                0x0000178c       0x38 .\ARM_GCC_541\Debug\GemmaQ_Assignment3_PSoC5DAQ.a(cyutils.o)
                0x0000178c                CySetReg24
 .text          0x000017c4      0x370 c:/program files (x86)/cypress/psoc creator/4.2/psoc creator/import/gnu/arm/5.4.1/bin/../lib/gcc/arm-none-eabi/5.4.1/armv7-m\libgcc.a(_arm_addsubdf3.o)
                0x000017c4                __aeabi_drsub
                0x000017cc                __aeabi_dsub
                0x000017cc                __subdf3
                0x000017d0                __aeabi_dadd
                0x000017d0                __adddf3
                0x00001a48                __floatunsidf
                0x00001a48                __aeabi_ui2d
                0x00001a68                __floatsidf
                0x00001a68                __aeabi_i2d
                0x00001a8c                __aeabi_f2d
                0x00001a8c                __extendsfdf2
                0x00001ac8                __floatundidf
                0x00001ac8                __aeabi_ul2d
                0x00001ad8                __floatdidf
                0x00001ad8                __aeabi_l2d
 .text          0x00001b34      0x110 c:/program files (x86)/cypress/psoc creator/4.2/psoc creator/import/gnu/arm/5.4.1/bin/../lib/gcc/arm-none-eabi/5.4.1/armv7-m\libgcc.a(_arm_cmpdf2.o)
                0x00001b34                __gtdf2
                0x00001b34                __gedf2
                0x00001b3c                __ltdf2
                0x00001b3c                __ledf2
                0x00001b44                __nedf2
                0x00001b44                __eqdf2
                0x00001b44                __cmpdf2
                0x00001bc0                __aeabi_cdrcmple
                0x00001bd0                __aeabi_cdcmpeq
                0x00001bd0                __aeabi_cdcmple
                0x00001be0                __aeabi_dcmpeq
                0x00001bf4                __aeabi_dcmplt
                0x00001c08                __aeabi_dcmple
                0x00001c1c                __aeabi_dcmpge
                0x00001c30                __aeabi_dcmpgt
 .text          0x00001c44      0x21c c:/program files (x86)/cypress/psoc creator/4.2/psoc creator/import/gnu/arm/5.4.1/bin/../lib/gcc/arm-none-eabi/5.4.1/armv7-m\libgcc.a(_arm_addsubsf3.o)
                0x00001c44                __aeabi_frsub
                0x00001c4c                __subsf3
                0x00001c4c                __aeabi_fsub
                0x00001c50                __aeabi_fadd
                0x00001c50                __addsf3
                0x00001db0                __aeabi_ui2f
                0x00001db0                __floatunsisf
                0x00001db8                __aeabi_i2f
                0x00001db8                __floatsisf
                0x00001dd4                __aeabi_ul2f
                0x00001dd4                __floatundisf
                0x00001de4                __aeabi_l2f
                0x00001de4                __floatdisf
 .text          0x00001e60      0x2a0 c:/program files (x86)/cypress/psoc creator/4.2/psoc creator/import/gnu/arm/5.4.1/bin/../lib/gcc/arm-none-eabi/5.4.1/armv7-m\libgcc.a(_arm_muldivsf3.o)
                0x00001e60                __mulsf3
                0x00001e60                __aeabi_fmul
                0x00001fc8                __aeabi_fdiv
                0x00001fc8                __divsf3
 .text          0x00002100       0x4c c:/program files (x86)/cypress/psoc creator/4.2/psoc creator/import/gnu/arm/5.4.1/bin/../lib/gcc/arm-none-eabi/5.4.1/armv7-m\libgcc.a(_arm_fixsfsi.o)
                0x00002100                __aeabi_f2iz
                0x00002100                __fixsfsi
 .text.__errno  0x0000214c        0xc c:/program files (x86)/cypress/psoc creator/4.2/psoc creator/import/gnu/arm/5.4.1/bin/../lib/gcc/arm-none-eabi/5.4.1/../../../../arm-none-eabi/lib/armv7-m\libg_nano.a(lib_a-errno.o)
                0x0000214c                __errno
 .text.__libc_init_array
                0x00002158       0x4c c:/program files (x86)/cypress/psoc creator/4.2/psoc creator/import/gnu/arm/5.4.1/bin/../lib/gcc/arm-none-eabi/5.4.1/../../../../arm-none-eabi/lib/armv7-m\libg_nano.a(lib_a-init.o)
                0x00002158                __libc_init_array
 .text.memcpy   0x000021a4       0x16 c:/program files (x86)/cypress/psoc creator/4.2/psoc creator/import/gnu/arm/5.4.1/bin/../lib/gcc/arm-none-eabi/5.4.1/../../../../arm-none-eabi/lib/armv7-m\libg_nano.a(lib_a-memcpy-stub.o)
                0x000021a4                memcpy
 .text.memset   0x000021ba       0x10 c:/program files (x86)/cypress/psoc creator/4.2/psoc creator/import/gnu/arm/5.4.1/bin/../lib/gcc/arm-none-eabi/5.4.1/../../../../arm-none-eabi/lib/armv7-m\libg_nano.a(lib_a-memset.o)
                0x000021ba                memset
 .text.__cvt    0x000021ca       0xc0 c:/program files (x86)/cypress/psoc creator/4.2/psoc creator/import/gnu/arm/5.4.1/bin/../lib/gcc/arm-none-eabi/5.4.1/../../../../arm-none-eabi/lib/armv7-m\libg_nano.a(lib_a-nano-vfprintf_float.o)
                0x000021ca                __cvt
 .text.__exponent
                0x0000228a       0x62 c:/program files (x86)/cypress/psoc creator/4.2/psoc creator/import/gnu/arm/5.4.1/bin/../lib/gcc/arm-none-eabi/5.4.1/../../../../arm-none-eabi/lib/armv7-m\libg_nano.a(lib_a-nano-vfprintf_float.o)
                0x0000228a                __exponent
 .text._printf_float
                0x000022ec      0x488 c:/program files (x86)/cypress/psoc creator/4.2/psoc creator/import/gnu/arm/5.4.1/bin/../lib/gcc/arm-none-eabi/5.4.1/../../../../arm-none-eabi/lib/armv7-m\libg_nano.a(lib_a-nano-vfprintf_float.o)
                0x000022ec                _printf_float
 .text._printf_common
                0x00002774       0xec c:/program files (x86)/cypress/psoc creator/4.2/psoc creator/import/gnu/arm/5.4.1/bin/../lib/gcc/arm-none-eabi/5.4.1/../../../../arm-none-eabi/lib/armv7-m\libg_nano.a(lib_a-nano-vfprintf_i.o)
                0x00002774                _printf_common
 .text._printf_i
                0x00002860      0x24c c:/program files (x86)/cypress/psoc creator/4.2/psoc creator/import/gnu/arm/5.4.1/bin/../lib/gcc/arm-none-eabi/5.4.1/../../../../arm-none-eabi/lib/armv7-m\libg_nano.a(lib_a-nano-vfprintf_i.o)
                0x00002860                _printf_i
 .text.sprintf  0x00002aac       0x48 c:/program files (x86)/cypress/psoc creator/4.2/psoc creator/import/gnu/arm/5.4.1/bin/../lib/gcc/arm-none-eabi/5.4.1/../../../../arm-none-eabi/lib/armv7-m\libg_nano.a(lib_a-sprintf.o)
                0x00002aac                siprintf
                0x00002aac                sprintf
 .text          0x00002af4       0x10 c:/program files (x86)/cypress/psoc creator/4.2/psoc creator/import/gnu/arm/5.4.1/bin/../lib/gcc/arm-none-eabi/5.4.1/../../../../arm-none-eabi/lib/armv7-m\libg_nano.a(lib_a-strlen.o)
                0x00002af4                strlen
 .text.quorem   0x00002b04      0x116 c:/program files (x86)/cypress/psoc creator/4.2/psoc creator/import/gnu/arm/5.4.1/bin/../lib/gcc/arm-none-eabi/5.4.1/../../../../arm-none-eabi/lib/armv7-m\libg_nano.a(lib_a-dtoa.o)
 *fill*         0x00002c1a        0x6 
 .text._dtoa_r  0x00002c20      0xb30 c:/program files (x86)/cypress/psoc creator/4.2/psoc creator/import/gnu/arm/5.4.1/bin/../lib/gcc/arm-none-eabi/5.4.1/../../../../arm-none-eabi/lib/armv7-m\libg_nano.a(lib_a-dtoa.o)
                0x00002c20                _dtoa_r
 .text._localeconv_r
                0x00003750        0x8 c:/program files (x86)/cypress/psoc creator/4.2/psoc creator/import/gnu/arm/5.4.1/bin/../lib/gcc/arm-none-eabi/5.4.1/../../../../arm-none-eabi/lib/armv7-m\libg_nano.a(lib_a-locale.o)
                0x00003750                _localeconv_r
 .text.malloc   0x00003758       0x10 c:/program files (x86)/cypress/psoc creator/4.2/psoc creator/import/gnu/arm/5.4.1/bin/../lib/gcc/arm-none-eabi/5.4.1/../../../../arm-none-eabi/lib/armv7-m\libg_nano.a(lib_a-malloc.o)
                0x00003758                malloc
 .text.memchr   0x00003768       0x1c c:/program files (x86)/cypress/psoc creator/4.2/psoc creator/import/gnu/arm/5.4.1/bin/../lib/gcc/arm-none-eabi/5.4.1/../../../../arm-none-eabi/lib/armv7-m\libg_nano.a(lib_a-memchr-stub.o)
                0x00003768                memchr
 .text._Balloc  0x00003784       0x6a c:/program files (x86)/cypress/psoc creator/4.2/psoc creator/import/gnu/arm/5.4.1/bin/../lib/gcc/arm-none-eabi/5.4.1/../../../../arm-none-eabi/lib/armv7-m\libg_nano.a(lib_a-mprec.o)
                0x00003784                _Balloc
 .text._Bfree   0x000037ee       0x2e c:/program files (x86)/cypress/psoc creator/4.2/psoc creator/import/gnu/arm/5.4.1/bin/../lib/gcc/arm-none-eabi/5.4.1/../../../../arm-none-eabi/lib/armv7-m\libg_nano.a(lib_a-mprec.o)
                0x000037ee                _Bfree
 .text.__multadd
                0x0000381c       0x76 c:/program files (x86)/cypress/psoc creator/4.2/psoc creator/import/gnu/arm/5.4.1/bin/../lib/gcc/arm-none-eabi/5.4.1/../../../../arm-none-eabi/lib/armv7-m\libg_nano.a(lib_a-mprec.o)
                0x0000381c                __multadd
 .text.__hi0bits
                0x00003892       0x40 c:/program files (x86)/cypress/psoc creator/4.2/psoc creator/import/gnu/arm/5.4.1/bin/../lib/gcc/arm-none-eabi/5.4.1/../../../../arm-none-eabi/lib/armv7-m\libg_nano.a(lib_a-mprec.o)
                0x00003892                __hi0bits
 .text.__lo0bits
                0x000038d2       0x5a c:/program files (x86)/cypress/psoc creator/4.2/psoc creator/import/gnu/arm/5.4.1/bin/../lib/gcc/arm-none-eabi/5.4.1/../../../../arm-none-eabi/lib/armv7-m\libg_nano.a(lib_a-mprec.o)
                0x000038d2                __lo0bits
 .text.__i2b    0x0000392c       0x12 c:/program files (x86)/cypress/psoc creator/4.2/psoc creator/import/gnu/arm/5.4.1/bin/../lib/gcc/arm-none-eabi/5.4.1/../../../../arm-none-eabi/lib/armv7-m\libg_nano.a(lib_a-mprec.o)
                0x0000392c                __i2b
 .text.__multiply
                0x0000393e      0x120 c:/program files (x86)/cypress/psoc creator/4.2/psoc creator/import/gnu/arm/5.4.1/bin/../lib/gcc/arm-none-eabi/5.4.1/../../../../arm-none-eabi/lib/armv7-m\libg_nano.a(lib_a-mprec.o)
                0x0000393e                __multiply
 *fill*         0x00003a5e        0x2 
 .text.__pow5mult
                0x00003a60       0x9c c:/program files (x86)/cypress/psoc creator/4.2/psoc creator/import/gnu/arm/5.4.1/bin/../lib/gcc/arm-none-eabi/5.4.1/../../../../arm-none-eabi/lib/armv7-m\libg_nano.a(lib_a-mprec.o)
                0x00003a60                __pow5mult
 .text.__lshift
                0x00003afc       0xa2 c:/program files (x86)/cypress/psoc creator/4.2/psoc creator/import/gnu/arm/5.4.1/bin/../lib/gcc/arm-none-eabi/5.4.1/../../../../arm-none-eabi/lib/armv7-m\libg_nano.a(lib_a-mprec.o)
                0x00003afc                __lshift
 .text.__mcmp   0x00003b9e       0x38 c:/program files (x86)/cypress/psoc creator/4.2/psoc creator/import/gnu/arm/5.4.1/bin/../lib/gcc/arm-none-eabi/5.4.1/../../../../arm-none-eabi/lib/armv7-m\libg_nano.a(lib_a-mprec.o)
                0x00003b9e                __mcmp
 .text.__mdiff  0x00003bd6       0xbe c:/program files (x86)/cypress/psoc creator/4.2/psoc creator/import/gnu/arm/5.4.1/bin/../lib/gcc/arm-none-eabi/5.4.1/../../../../arm-none-eabi/lib/armv7-m\libg_nano.a(lib_a-mprec.o)
                0x00003bd6                __mdiff
 .text.__d2b    0x00003c94       0x9c c:/program files (x86)/cypress/psoc creator/4.2/psoc creator/import/gnu/arm/5.4.1/bin/../lib/gcc/arm-none-eabi/5.4.1/../../../../arm-none-eabi/lib/armv7-m\libg_nano.a(lib_a-mprec.o)
                0x00003c94                __d2b
 .text._calloc_r
                0x00003d30       0x1c c:/program files (x86)/cypress/psoc creator/4.2/psoc creator/import/gnu/arm/5.4.1/bin/../lib/gcc/arm-none-eabi/5.4.1/../../../../arm-none-eabi/lib/armv7-m\libg_nano.a(lib_a-nano-callocr.o)
                0x00003d30                _calloc_r
 .text._free_r  0x00003d4c       0x98 c:/program files (x86)/cypress/psoc creator/4.2/psoc creator/import/gnu/arm/5.4.1/bin/../lib/gcc/arm-none-eabi/5.4.1/../../../../arm-none-eabi/lib/armv7-m\libg_nano.a(lib_a-nano-freer.o)
                0x00003d4c                _free_r
 .text._malloc_r
                0x00003de4       0xbc c:/program files (x86)/cypress/psoc creator/4.2/psoc creator/import/gnu/arm/5.4.1/bin/../lib/gcc/arm-none-eabi/5.4.1/../../../../arm-none-eabi/lib/armv7-m\libg_nano.a(lib_a-nano-mallocr.o)
                0x00003de4                _malloc_r
 .text.__ssputs_r
                0x00003ea0       0xb2 c:/program files (x86)/cypress/psoc creator/4.2/psoc creator/import/gnu/arm/5.4.1/bin/../lib/gcc/arm-none-eabi/5.4.1/../../../../arm-none-eabi/lib/armv7-m\libg_nano.a(lib_a-nano-svfprintf.o)
                0x00003ea0                __ssputs_r
 *fill*         0x00003f52        0x2 
 .text._svfprintf_r
                0x00003f54      0x1e8 c:/program files (x86)/cypress/psoc creator/4.2/psoc creator/import/gnu/arm/5.4.1/bin/../lib/gcc/arm-none-eabi/5.4.1/../../../../arm-none-eabi/lib/armv7-m\libg_nano.a(lib_a-nano-svfprintf.o)
                0x00003f54                _svfiprintf_r
                0x00003f54                _svfprintf_r
 .text._sbrk_r  0x0000413c       0x20 c:/program files (x86)/cypress/psoc creator/4.2/psoc creator/import/gnu/arm/5.4.1/bin/../lib/gcc/arm-none-eabi/5.4.1/../../../../arm-none-eabi/lib/armv7-m\libg_nano.a(lib_a-sbrkr.o)
                0x0000413c                _sbrk_r
 .text.memmove  0x0000415c       0x36 c:/program files (x86)/cypress/psoc creator/4.2/psoc creator/import/gnu/arm/5.4.1/bin/../lib/gcc/arm-none-eabi/5.4.1/../../../../arm-none-eabi/lib/armv7-m\libg_nano.a(lib_a-memmove.o)
                0x0000415c                memmove
 .text.__malloc_lock
                0x00004192        0x2 c:/program files (x86)/cypress/psoc creator/4.2/psoc creator/import/gnu/arm/5.4.1/bin/../lib/gcc/arm-none-eabi/5.4.1/../../../../arm-none-eabi/lib/armv7-m\libg_nano.a(lib_a-mlock.o)
                0x00004192                __malloc_lock
 .text.__malloc_unlock
                0x00004194        0x2 c:/program files (x86)/cypress/psoc creator/4.2/psoc creator/import/gnu/arm/5.4.1/bin/../lib/gcc/arm-none-eabi/5.4.1/../../../../arm-none-eabi/lib/armv7-m\libg_nano.a(lib_a-mlock.o)
                0x00004194                __malloc_unlock
 .text._realloc_r
                0x00004196       0x4c c:/program files (x86)/cypress/psoc creator/4.2/psoc creator/import/gnu/arm/5.4.1/bin/../lib/gcc/arm-none-eabi/5.4.1/../../../../arm-none-eabi/lib/armv7-m\libg_nano.a(lib_a-nano-reallocr.o)
                0x00004196                _realloc_r
 .text._malloc_usable_size_r
                0x000041e2       0x14 c:/program files (x86)/cypress/psoc creator/4.2/psoc creator/import/gnu/arm/5.4.1/bin/../lib/gcc/arm-none-eabi/5.4.1/../../../../arm-none-eabi/lib/armv7-m\libg_nano.a(lib_a-nano-msizer.o)
                0x000041e2                _malloc_usable_size_r
 *fill*         0x000041f6        0x2 
 .text          0x000041f8      0x424 c:/program files (x86)/cypress/psoc creator/4.2/psoc creator/import/gnu/arm/5.4.1/bin/../lib/gcc/arm-none-eabi/5.4.1/armv7-m\libgcc.a(_arm_muldivdf3.o)
                0x000041f8                __aeabi_dmul
                0x000041f8                __muldf3
                0x0000444c                __divdf3
                0x0000444c                __aeabi_ddiv
 .text          0x0000461c       0x2c c:/program files (x86)/cypress/psoc creator/4.2/psoc creator/import/gnu/arm/5.4.1/bin/../lib/gcc/arm-none-eabi/5.4.1/armv7-m\libgcc.a(_arm_unorddf2.o)
                0x0000461c                __unorddf2
                0x0000461c                __aeabi_dcmpun
 .text          0x00004648       0x50 c:/program files (x86)/cypress/psoc creator/4.2/psoc creator/import/gnu/arm/5.4.1/bin/../lib/gcc/arm-none-eabi/5.4.1/armv7-m\libgcc.a(_arm_fixdfsi.o)
                0x00004648                __aeabi_d2iz
                0x00004648                __fixdfsi
 *(.plt)
 *(.gnu.warning)
 *(.glue_7t)
 .glue_7t       0x00004698        0x0 linker stubs
 *(.glue_7)
 .glue_7        0x00004698        0x0 linker stubs
 *(.vfp11_veneer)
 .vfp11_veneer  0x00004698        0x0 linker stubs
 *(.bootloader)
 *(.ARM.extab* .gnu.linkonce.armextab.*)
 *(.gcc_except_table)

.v4_bx          0x00004698        0x0
 .v4_bx         0x00004698        0x0 linker stubs

.iplt           0x00004698        0x0
 .iplt          0x00004698        0x0 c:/program files (x86)/cypress/psoc creator/4.2/psoc creator/import/gnu/arm/5.4.1/bin/../lib/gcc/arm-none-eabi/5.4.1/armv7-m/crtbegin.o

.eh_frame_hdr
 *(.eh_frame_hdr)

.eh_frame       0x00004698        0x4
 *(.eh_frame)
 .eh_frame      0x00004698        0x0 c:/program files (x86)/cypress/psoc creator/4.2/psoc creator/import/gnu/arm/5.4.1/bin/../lib/gcc/arm-none-eabi/5.4.1/armv7-m/crtbegin.o
 .eh_frame      0x00004698        0x4 c:/program files (x86)/cypress/psoc creator/4.2/psoc creator/import/gnu/arm/5.4.1/bin/../lib/gcc/arm-none-eabi/5.4.1/armv7-m/crtend.o
                [!provide]                PROVIDE (__exidx_start, .)

.ARM.exidx
 *(.ARM.exidx* .gnu.linkonce.armexidx.*)
                0x0000469c                __exidx_end = .

.rodata         0x000046a0      0x200
 *(.rodata .rodata.* .gnu.linkonce.r.*)
 .rodata        0x000046a0       0x2f .\ARM_GCC_541\Debug\main.o
 *fill*         0x000046cf        0x1 
 .rodata        0x000046d0       0x36 .\ARM_GCC_541\Debug\cyfitter_cfg.o
                0x000046d0                ADC_DelSig_1_AMux__addrTable
                0x000046d8                ADC_DelSig_1_AMux__maskTable
 .rodata.str1.1
                0x00004706        0x2 c:/program files (x86)/cypress/psoc creator/4.2/psoc creator/import/gnu/arm/5.4.1/bin/../lib/gcc/arm-none-eabi/5.4.1/../../../../arm-none-eabi/lib/armv7-m\libg_nano.a(lib_a-impure.o)
 .rodata.str1.1
                0x00004708       0x12 c:/program files (x86)/cypress/psoc creator/4.2/psoc creator/import/gnu/arm/5.4.1/bin/../lib/gcc/arm-none-eabi/5.4.1/../../../../arm-none-eabi/lib/armv7-m\libg_nano.a(lib_a-nano-vfprintf_float.o)
 .rodata.str1.1
                0x0000471a       0x22 c:/program files (x86)/cypress/psoc creator/4.2/psoc creator/import/gnu/arm/5.4.1/bin/../lib/gcc/arm-none-eabi/5.4.1/../../../../arm-none-eabi/lib/armv7-m\libg_nano.a(lib_a-nano-vfprintf_i.o)
 .rodata.str1.1
                0x0000473c        0xd c:/program files (x86)/cypress/psoc creator/4.2/psoc creator/import/gnu/arm/5.4.1/bin/../lib/gcc/arm-none-eabi/5.4.1/../../../../arm-none-eabi/lib/armv7-m\libg_nano.a(lib_a-dtoa.o)
                                  0xf (size before relaxing)
 .rodata.str1.1
                0x00004749        0x8 c:/program files (x86)/cypress/psoc creator/4.2/psoc creator/import/gnu/arm/5.4.1/bin/../lib/gcc/arm-none-eabi/5.4.1/../../../../arm-none-eabi/lib/armv7-m\libg_nano.a(lib_a-locale.o)
                                  0xb (size before relaxing)
 *fill*         0x00004751        0x7 
 .rodata.__mprec_tens
                0x00004758       0xc8 c:/program files (x86)/cypress/psoc creator/4.2/psoc creator/import/gnu/arm/5.4.1/bin/../lib/gcc/arm-none-eabi/5.4.1/../../../../arm-none-eabi/lib/armv7-m\libg_nano.a(lib_a-mprec.o)
                0x00004758                __mprec_tens
 .rodata.p05.5408
                0x00004820        0xc c:/program files (x86)/cypress/psoc creator/4.2/psoc creator/import/gnu/arm/5.4.1/bin/../lib/gcc/arm-none-eabi/5.4.1/../../../../arm-none-eabi/lib/armv7-m\libg_nano.a(lib_a-mprec.o)
 *fill*         0x0000482c        0x4 
 .rodata.__mprec_bigtens
                0x00004830       0x28 c:/program files (x86)/cypress/psoc creator/4.2/psoc creator/import/gnu/arm/5.4.1/bin/../lib/gcc/arm-none-eabi/5.4.1/../../../../arm-none-eabi/lib/armv7-m\libg_nano.a(lib_a-mprec.o)
                0x00004830                __mprec_bigtens
 .rodata.str1.1
                0x00004858       0x11 c:/program files (x86)/cypress/psoc creator/4.2/psoc creator/import/gnu/arm/5.4.1/bin/../lib/gcc/arm-none-eabi/5.4.1/../../../../arm-none-eabi/lib/armv7-m\libg_nano.a(lib_a-nano-svfprintf.o)
                0x0000486c                . = ALIGN (0x4)
 *fill*         0x00004869        0x3 
 *(.init)
 .init          0x0000486c        0x4 c:/program files (x86)/cypress/psoc creator/4.2/psoc creator/import/gnu/arm/5.4.1/bin/../lib/gcc/arm-none-eabi/5.4.1/armv7-m/crti.o
                0x0000486c                _init
 .init          0x00004870        0x8 c:/program files (x86)/cypress/psoc creator/4.2/psoc creator/import/gnu/arm/5.4.1/bin/../lib/gcc/arm-none-eabi/5.4.1/armv7-m/crtn.o
                0x00004878                . = ALIGN (0x4)
                0x00004878                __preinit_array_start = .
 *(.preinit_array)
                0x00004878                __preinit_array_end = .
                0x00004878                . = ALIGN (0x4)
                0x00004878                __init_array_start = .
 *(SORT(.init_array.*))
 *(.init_array)
 .init_array    0x00004878        0x4 c:/program files (x86)/cypress/psoc creator/4.2/psoc creator/import/gnu/arm/5.4.1/bin/../lib/gcc/arm-none-eabi/5.4.1/armv7-m/crtbegin.o
 .init_array    0x0000487c        0x4 .\ARM_GCC_541\Debug\Cm3Start.o
                0x00004880                __init_array_end = .
                0x00004880                . = ALIGN (0x4)
 *(.fini)
 .fini          0x00004880        0x4 c:/program files (x86)/cypress/psoc creator/4.2/psoc creator/import/gnu/arm/5.4.1/bin/../lib/gcc/arm-none-eabi/5.4.1/armv7-m/crti.o
                0x00004880                _fini
 .fini          0x00004884        0x8 c:/program files (x86)/cypress/psoc creator/4.2/psoc creator/import/gnu/arm/5.4.1/bin/../lib/gcc/arm-none-eabi/5.4.1/armv7-m/crtn.o
                0x0000488c                . = ALIGN (0x4)
                0x0000488c                __fini_array_start = .
 *(.fini_array)
 .fini_array    0x0000488c        0x4 c:/program files (x86)/cypress/psoc creator/4.2/psoc creator/import/gnu/arm/5.4.1/bin/../lib/gcc/arm-none-eabi/5.4.1/armv7-m/crtbegin.o
 *(SORT(.fini_array.*))
                0x00004890                __fini_array_end = .
                0x00004890                . = ALIGN (0x4)
 *crtbegin.o(.ctors)
 *(EXCLUDE_FILE(*crtend.o) .ctors)
 *(SORT(.ctors.*))
 *crtend.o(.ctors)
                0x00004890                . = ALIGN (0x4)
 *crtbegin.o(.dtors)
 *(EXCLUDE_FILE(*crtend.o) .dtors)
 *(SORT(.dtors.*))
 *crtend.o(.dtors)
                0x00004890                . = ALIGN (0x4)
                0x00004890                __cy_regions = .
                0x00004890        0x4 LONG 0x48a0 __cy_region_init_ram
                0x00004894        0x4 LONG 0x1fff80c8 __cy_region_start_data
                0x00004898        0x4 LONG 0xb8 __cy_region_init_size_ram
                0x0000489c        0x4 LONG 0x58 __cy_region_zero_size_ram
                0x000048a0                __cy_regions_end = .
                0x000048a0                . = ALIGN (0x8)
                0x000048a0                _etext = .

.cy_checksum_exclude
                0x000048a0        0x0
 *(.cy_checksum_exclude)

.ramvectors     0x1fff8000       0xc0
                0x1fff8000                __cy_region_start_ram = .
 *(.ramvectors)
 .ramvectors    0x1fff8000       0xc0 .\ARM_GCC_541\Debug\Cm3Start.o
                0x1fff8000                CyRamVectors

.noinit         0x1fff80c0        0x5
 *(.noinit)
 .noinit        0x1fff80c0        0x4 .\ARM_GCC_541\Debug\Cm3Start.o
 .noinit        0x1fff80c4        0x1 .\ARM_GCC_541\Debug\GemmaQ_Assignment3_PSoC5DAQ.a(CyLib.o)
                0x1fff80c4                CyResetStatus

.data           0x1fff80c8       0xb8 load address 0x000048a0
                0x1fff80c8                __cy_region_start_data = .
 *(.jcr)
 .jcr           0x1fff80c8        0x0 c:/program files (x86)/cypress/psoc creator/4.2/psoc creator/import/gnu/arm/5.4.1/bin/../lib/gcc/arm-none-eabi/5.4.1/armv7-m/crtbegin.o
 .jcr           0x1fff80c8        0x4 c:/program files (x86)/cypress/psoc creator/4.2/psoc creator/import/gnu/arm/5.4.1/bin/../lib/gcc/arm-none-eabi/5.4.1/armv7-m/crtend.o
 *(.got.plt)
 *(.got)
 *(.shdata)
 *(.data .data.* .gnu.linkonce.d.*)
 .data          0x1fff80cc        0x4 .\ARM_GCC_541\Debug\Cm3Start.o
 .data          0x1fff80d0        0x1 .\ARM_GCC_541\Debug\GemmaQ_Assignment3_PSoC5DAQ.a(ADC_DelSig_1.o)
                0x1fff80d0                ADC_DelSig_1_Config
 .data          0x1fff80d1        0x1 .\ARM_GCC_541\Debug\GemmaQ_Assignment3_PSoC5DAQ.a(ADC_DelSig_1_AMux.o)
 *fill*         0x1fff80d2        0x2 
 .data          0x1fff80d4       0x10 .\ARM_GCC_541\Debug\GemmaQ_Assignment3_PSoC5DAQ.a(CyLib.o)
                0x1fff80d4                cydelay_freq_hz
                0x1fff80d8                cydelay_freq_khz
                0x1fff80dc                cydelay_freq_mhz
                0x1fff80e0                cydelay_32k_ms
 .data.impure_data
                0x1fff80e4       0x60 c:/program files (x86)/cypress/psoc creator/4.2/psoc creator/import/gnu/arm/5.4.1/bin/../lib/gcc/arm-none-eabi/5.4.1/../../../../arm-none-eabi/lib/armv7-m\libg_nano.a(lib_a-impure.o)
 .data._impure_ptr
                0x1fff8144        0x4 c:/program files (x86)/cypress/psoc creator/4.2/psoc creator/import/gnu/arm/5.4.1/bin/../lib/gcc/arm-none-eabi/5.4.1/../../../../arm-none-eabi/lib/armv7-m\libg_nano.a(lib_a-impure.o)
                0x1fff8144                _impure_ptr
 .data.lconv    0x1fff8148       0x38 c:/program files (x86)/cypress/psoc creator/4.2/psoc creator/import/gnu/arm/5.4.1/bin/../lib/gcc/arm-none-eabi/5.4.1/../../../../arm-none-eabi/lib/armv7-m\libg_nano.a(lib_a-locale.o)
                0x1fff8180                . = ALIGN (0x8)
 *(.ram)
                0x1fff8180                _edata = .

.igot.plt       0x1fff8180        0x0 load address 0x00004958
 .igot.plt      0x1fff8180        0x0 c:/program files (x86)/cypress/psoc creator/4.2/psoc creator/import/gnu/arm/5.4.1/bin/../lib/gcc/arm-none-eabi/5.4.1/armv7-m/crtbegin.o

.bss            0x1fff8180       0x58 load address 0x00004958
                0x1fff8180                PROVIDE (__bss_start__, .)
 *(.shbss)
 *(.bss .bss.* .gnu.linkonce.b.*)
 .bss           0x1fff8180       0x1c c:/program files (x86)/cypress/psoc creator/4.2/psoc creator/import/gnu/arm/5.4.1/bin/../lib/gcc/arm-none-eabi/5.4.1/armv7-m/crtbegin.o
 .bss           0x1fff819c       0x18 .\ARM_GCC_541\Debug\main.o
                0x1fff819c                new_data
                0x1fff81a0                Vout_sum
                0x1fff81a4                n
                0x1fff81a8                temp
                0x1fff81ac                Vout_sum_isr
                0x1fff81b0                n_isr
 .bss           0x1fff81b4        0xc .\ARM_GCC_541\Debug\GemmaQ_Assignment3_PSoC5DAQ.a(ADC_DelSig_1.o)
                0x1fff81b4                ADC_DelSig_1_convDone
                0x1fff81b5                ADC_DelSig_1_stopConversion
                0x1fff81b6                ADC_DelSig_1_initVar
                0x1fff81b7                ADC_DelSig_1_started
                0x1fff81b8                ADC_DelSig_1_Offset
 .bss           0x1fff81c0        0x2 .\ARM_GCC_541\Debug\GemmaQ_Assignment3_PSoC5DAQ.a(UART_1.o)
                0x1fff81c0                UART_1_initVar
 .bss           0x1fff81c2        0x1 .\ARM_GCC_541\Debug\GemmaQ_Assignment3_PSoC5DAQ.a(Timer.o)
                0x1fff81c2                Timer_initVar
 *fill*         0x1fff81c3        0x1 
 .bss.__malloc_sbrk_start
                0x1fff81c4        0x4 c:/program files (x86)/cypress/psoc creator/4.2/psoc creator/import/gnu/arm/5.4.1/bin/../lib/gcc/arm-none-eabi/5.4.1/../../../../arm-none-eabi/lib/armv7-m\libg_nano.a(lib_a-nano-mallocr.o)
                0x1fff81c4                __malloc_sbrk_start
 .bss.__malloc_free_list
                0x1fff81c8        0x4 c:/program files (x86)/cypress/psoc creator/4.2/psoc creator/import/gnu/arm/5.4.1/bin/../lib/gcc/arm-none-eabi/5.4.1/../../../../arm-none-eabi/lib/armv7-m\libg_nano.a(lib_a-nano-mallocr.o)
                0x1fff81c8                __malloc_free_list
 *(COMMON)
 COMMON         0x1fff81cc        0x4 .\ARM_GCC_541\Debug\main.o
                0x1fff81cc                Vout_average
 COMMON         0x1fff81d0        0x4 .\ARM_GCC_541\Debug\GemmaQ_Assignment3_PSoC5DAQ.a(ADC_DelSig_1.o)
                0x1fff81d0                ADC_DelSig_1_CountsPerVolt
 COMMON         0x1fff81d4        0x4 c:/program files (x86)/cypress/psoc creator/4.2/psoc creator/import/gnu/arm/5.4.1/bin/../lib/gcc/arm-none-eabi/5.4.1/../../../../arm-none-eabi/lib/armv7-m\libg_nano.a(lib_a-reent.o)
                0x1fff81d4                errno
                0x1fff81d8                . = ALIGN (0x8)
 *(.ram.b)
                0x1fff81d8                _end = .
                0x1fff81d8                __end = .
                0x1fff81d8                PROVIDE (end, .)
                0x1fff81d8                PROVIDE (__bss_end__, .)
                0x000048a0                __cy_region_init_ram = LOADADDR (.data)
                0x000000b8                __cy_region_init_size_ram = (_edata - ADDR (.data))
                0x00000058                __cy_region_zero_size_ram = (_end - _edata)

.heap           0x1fff81d8      0x800 load address 0x00004958
                0x1fff81d8                . = _end
                0x1fff89d8                . = (. + 0x800)
 *fill*         0x1fff81d8      0x800 
                0x1fff89d8                __cy_heap_limit = .

.stack          0x20007800      0x800
                0x20007800                __cy_stack_limit = .
                0x20008000                . = (. + 0x800)
 *fill*         0x20007800      0x800 
                0x00000001                ASSERT ((__cy_stack_limit >= __cy_heap_limit), region RAM overflowed with stack)
                0x00000000                cy_checksum_exclude_size = (CY_APPL_LOADABLE == 0x1)?SIZEOF (.cy_checksum_exclude):0x0
                0x00000001                ASSERT ((cy_checksum_exclude_size <= CY_CHECKSUM_EXCLUDE_SIZE), CY_BOOT: Section .cy_checksum_exclude size exceedes specified limit.)

.cyloadermeta
 *(.cyloadermeta)

.cyloadablemeta
 *(.cyloadablemeta)

.cyconfigecc    0x80000000      0x4d8
 *(.cyconfigecc)
 .cyconfigecc   0x80000000      0x4d8 .\ARM_GCC_541\Debug\cymetadata.o
                0x80000000                cy_meta_configecc

.cycustnvl      0x90000000        0x4
 *(.cycustnvl)
 .cycustnvl     0x90000000        0x4 .\ARM_GCC_541\Debug\cymetadata.o
                0x90000000                cy_meta_custnvl

.cywolatch      0x90100000        0x4
 *(.cywolatch)
 .cywolatch     0x90100000        0x4 .\ARM_GCC_541\Debug\cymetadata.o
                0x90100000                cy_meta_wonvl

.cyeeprom       0x90200000        0x0
 *(.cyeeprom)
                0x00000001                ASSERT ((. <= ((0x90200000 + ee_offset) + ee_size)), .cyeeprom data will not fit in EEPROM)

.cyflashprotect
                0x90400000      0x100
 *(.cyflashprotect)
 .cyflashprotect
                0x90400000      0x100 .\ARM_GCC_541\Debug\cymetadata.o
                0x90400000                cy_meta_flashprotect

.cymeta         0x90500000        0xc
 *(.cymeta)
 .cymeta        0x90500000        0xc .\ARM_GCC_541\Debug\cymetadata.o
                0x90500000                cy_metadata

.rel.dyn        0x00004958        0x0 load address 0x9050000c
 .rel.iplt      0x00004958        0x0 c:/program files (x86)/cypress/psoc creator/4.2/psoc creator/import/gnu/arm/5.4.1/bin/../lib/gcc/arm-none-eabi/5.4.1/armv7-m/crtbegin.o

.stab
 *(.stab)

.stabstr
 *(.stabstr)

.debug
 *(.debug)

.line
 *(.line)

.debug_srcinfo
 *(.debug_srcinfo)

.debug_sfnames
 *(.debug_sfnames)

.debug_aranges  0x00000000      0xac0
 *(.debug_aranges)
 .debug_aranges
                0x00000000       0x40 .\ARM_GCC_541\Debug\main.o
 .debug_aranges
                0x00000040       0x70 .\ARM_GCC_541\Debug\cyfitter_cfg.o
 .debug_aranges
                0x000000b0       0x18 .\ARM_GCC_541\Debug\cymetadata.o
 .debug_aranges
                0x000000c8       0x48 .\ARM_GCC_541\Debug\Cm3Start.o
 .debug_aranges
                0x00000110       0xe8 .\ARM_GCC_541\Debug\GemmaQ_Assignment3_PSoC5DAQ.a(ADC_DelSig_1.o)
 .debug_aranges
                0x000001f8       0x38 .\ARM_GCC_541\Debug\GemmaQ_Assignment3_PSoC5DAQ.a(ADC_DelSig_1_INT.o)
 .debug_aranges
                0x00000230       0xf0 .\ARM_GCC_541\Debug\GemmaQ_Assignment3_PSoC5DAQ.a(UART_1.o)
 .debug_aranges
                0x00000320       0x30 .\ARM_GCC_541\Debug\GemmaQ_Assignment3_PSoC5DAQ.a(ADC_DelSig_1_AMux.o)
 .debug_aranges
                0x00000350       0x70 .\ARM_GCC_541\Debug\GemmaQ_Assignment3_PSoC5DAQ.a(ADC_DelSig_1_Ext_CP_Clk.o)
 .debug_aranges
                0x000003c0       0x80 .\ARM_GCC_541\Debug\GemmaQ_Assignment3_PSoC5DAQ.a(ADC_DelSig_1_theACLK.o)
 .debug_aranges
                0x00000440       0x70 .\ARM_GCC_541\Debug\GemmaQ_Assignment3_PSoC5DAQ.a(UART_1_IntClock.o)
 .debug_aranges
                0x000004b0      0x2a0 .\ARM_GCC_541\Debug\GemmaQ_Assignment3_PSoC5DAQ.a(CyLib.o)
 .debug_aranges
                0x00000750       0x98 .\ARM_GCC_541\Debug\GemmaQ_Assignment3_PSoC5DAQ.a(cyPm.o)
 .debug_aranges
                0x000007e8       0x80 .\ARM_GCC_541\Debug\GemmaQ_Assignment3_PSoC5DAQ.a(ADC_Isr.o)
 .debug_aranges
                0x00000868       0x80 .\ARM_GCC_541\Debug\GemmaQ_Assignment3_PSoC5DAQ.a(Clock_Isr.o)
 .debug_aranges
                0x000008e8       0x90 .\ARM_GCC_541\Debug\GemmaQ_Assignment3_PSoC5DAQ.a(Timer.o)
 .debug_aranges
                0x00000978       0x20 .\ARM_GCC_541\Debug\GemmaQ_Assignment3_PSoC5DAQ.a(CyBootAsmGnu.o)
 .debug_aranges
                0x00000998       0x88 .\ARM_GCC_541\Debug\GemmaQ_Assignment3_PSoC5DAQ.a(CyFlash.o)
 .debug_aranges
                0x00000a20       0x80 .\ARM_GCC_541\Debug\GemmaQ_Assignment3_PSoC5DAQ.a(CySpc.o)
 .debug_aranges
                0x00000aa0       0x20 .\ARM_GCC_541\Debug\GemmaQ_Assignment3_PSoC5DAQ.a(cyutils.o)

.debug_pubnames
 *(.debug_pubnames)

.debug_info     0x00000000     0x44c4
 *(.debug_info .gnu.linkonce.wi.*)
 .debug_info    0x00000000      0x1fd .\ARM_GCC_541\Debug\main.o
 .debug_info    0x000001fd      0x448 .\ARM_GCC_541\Debug\cyfitter_cfg.o
 .debug_info    0x00000645      0x136 .\ARM_GCC_541\Debug\cymetadata.o
 .debug_info    0x0000077b      0x32b .\ARM_GCC_541\Debug\Cm3Start.o
 .debug_info    0x00000aa6      0x72c .\ARM_GCC_541\Debug\GemmaQ_Assignment3_PSoC5DAQ.a(ADC_DelSig_1.o)
 .debug_info    0x000011d2       0xd3 .\ARM_GCC_541\Debug\GemmaQ_Assignment3_PSoC5DAQ.a(ADC_DelSig_1_INT.o)
 .debug_info    0x000012a5      0x50a .\ARM_GCC_541\Debug\GemmaQ_Assignment3_PSoC5DAQ.a(UART_1.o)
 .debug_info    0x000017af      0x10a .\ARM_GCC_541\Debug\GemmaQ_Assignment3_PSoC5DAQ.a(ADC_DelSig_1_AMux.o)
 .debug_info    0x000018b9      0x25d .\ARM_GCC_541\Debug\GemmaQ_Assignment3_PSoC5DAQ.a(ADC_DelSig_1_Ext_CP_Clk.o)
 .debug_info    0x00001b16      0x299 .\ARM_GCC_541\Debug\GemmaQ_Assignment3_PSoC5DAQ.a(ADC_DelSig_1_theACLK.o)
 .debug_info    0x00001daf      0x25d .\ARM_GCC_541\Debug\GemmaQ_Assignment3_PSoC5DAQ.a(UART_1_IntClock.o)
 .debug_info    0x0000200c      0xe51 .\ARM_GCC_541\Debug\GemmaQ_Assignment3_PSoC5DAQ.a(CyLib.o)
 .debug_info    0x00002e5d      0x57a .\ARM_GCC_541\Debug\GemmaQ_Assignment3_PSoC5DAQ.a(cyPm.o)
 .debug_info    0x000033d7      0x241 .\ARM_GCC_541\Debug\GemmaQ_Assignment3_PSoC5DAQ.a(ADC_Isr.o)
 .debug_info    0x00003618      0x241 .\ARM_GCC_541\Debug\GemmaQ_Assignment3_PSoC5DAQ.a(Clock_Isr.o)
 .debug_info    0x00003859      0x25b .\ARM_GCC_541\Debug\GemmaQ_Assignment3_PSoC5DAQ.a(Timer.o)
 .debug_info    0x00003ab4       0xa8 .\ARM_GCC_541\Debug\GemmaQ_Assignment3_PSoC5DAQ.a(CyBootAsmGnu.o)
 .debug_info    0x00003b5c      0x3b9 .\ARM_GCC_541\Debug\GemmaQ_Assignment3_PSoC5DAQ.a(CyFlash.o)
 .debug_info    0x00003f15      0x4c0 .\ARM_GCC_541\Debug\GemmaQ_Assignment3_PSoC5DAQ.a(CySpc.o)
 .debug_info    0x000043d5       0xef .\ARM_GCC_541\Debug\GemmaQ_Assignment3_PSoC5DAQ.a(cyutils.o)

.debug_abbrev   0x00000000     0x16f7
 *(.debug_abbrev)
 .debug_abbrev  0x00000000      0x117 .\ARM_GCC_541\Debug\main.o
 .debug_abbrev  0x00000117      0x1b0 .\ARM_GCC_541\Debug\cyfitter_cfg.o
 .debug_abbrev  0x000002c7       0x77 .\ARM_GCC_541\Debug\cymetadata.o
 .debug_abbrev  0x0000033e      0x1d6 .\ARM_GCC_541\Debug\Cm3Start.o
 .debug_abbrev  0x00000514      0x19d .\ARM_GCC_541\Debug\GemmaQ_Assignment3_PSoC5DAQ.a(ADC_DelSig_1.o)
 .debug_abbrev  0x000006b1       0x42 .\ARM_GCC_541\Debug\GemmaQ_Assignment3_PSoC5DAQ.a(ADC_DelSig_1_INT.o)
 .debug_abbrev  0x000006f3      0x163 .\ARM_GCC_541\Debug\GemmaQ_Assignment3_PSoC5DAQ.a(UART_1.o)
 .debug_abbrev  0x00000856       0x6f .\ARM_GCC_541\Debug\GemmaQ_Assignment3_PSoC5DAQ.a(ADC_DelSig_1_AMux.o)
 .debug_abbrev  0x000008c5      0x11d .\ARM_GCC_541\Debug\GemmaQ_Assignment3_PSoC5DAQ.a(ADC_DelSig_1_Ext_CP_Clk.o)
 .debug_abbrev  0x000009e2      0x11d .\ARM_GCC_541\Debug\GemmaQ_Assignment3_PSoC5DAQ.a(ADC_DelSig_1_theACLK.o)
 .debug_abbrev  0x00000aff      0x11d .\ARM_GCC_541\Debug\GemmaQ_Assignment3_PSoC5DAQ.a(UART_1_IntClock.o)
 .debug_abbrev  0x00000c1c      0x217 .\ARM_GCC_541\Debug\GemmaQ_Assignment3_PSoC5DAQ.a(CyLib.o)
 .debug_abbrev  0x00000e33      0x161 .\ARM_GCC_541\Debug\GemmaQ_Assignment3_PSoC5DAQ.a(cyPm.o)
 .debug_abbrev  0x00000f94      0x172 .\ARM_GCC_541\Debug\GemmaQ_Assignment3_PSoC5DAQ.a(ADC_Isr.o)
 .debug_abbrev  0x00001106      0x172 .\ARM_GCC_541\Debug\GemmaQ_Assignment3_PSoC5DAQ.a(Clock_Isr.o)
 .debug_abbrev  0x00001278      0x135 .\ARM_GCC_541\Debug\GemmaQ_Assignment3_PSoC5DAQ.a(Timer.o)
 .debug_abbrev  0x000013ad       0x14 .\ARM_GCC_541\Debug\GemmaQ_Assignment3_PSoC5DAQ.a(CyBootAsmGnu.o)
 .debug_abbrev  0x000013c1      0x14b .\ARM_GCC_541\Debug\GemmaQ_Assignment3_PSoC5DAQ.a(CyFlash.o)
 .debug_abbrev  0x0000150c      0x16c .\ARM_GCC_541\Debug\GemmaQ_Assignment3_PSoC5DAQ.a(CySpc.o)
 .debug_abbrev  0x00001678       0x7f .\ARM_GCC_541\Debug\GemmaQ_Assignment3_PSoC5DAQ.a(cyutils.o)

.debug_line     0x00000000     0x291c
 *(.debug_line)
 .debug_line    0x00000000      0x1c9 .\ARM_GCC_541\Debug\main.o
 .debug_line    0x000001c9      0x220 .\ARM_GCC_541\Debug\cyfitter_cfg.o
 .debug_line    0x000003e9      0x141 .\ARM_GCC_541\Debug\cymetadata.o
 .debug_line    0x0000052a      0x1dc .\ARM_GCC_541\Debug\Cm3Start.o
 .debug_line    0x00000706      0x368 .\ARM_GCC_541\Debug\GemmaQ_Assignment3_PSoC5DAQ.a(ADC_DelSig_1.o)
 .debug_line    0x00000a6e       0x95 .\ARM_GCC_541\Debug\GemmaQ_Assignment3_PSoC5DAQ.a(ADC_DelSig_1_INT.o)
 .debug_line    0x00000b03      0x2e4 .\ARM_GCC_541\Debug\GemmaQ_Assignment3_PSoC5DAQ.a(UART_1.o)
 .debug_line    0x00000de7       0xa6 .\ARM_GCC_541\Debug\GemmaQ_Assignment3_PSoC5DAQ.a(ADC_DelSig_1_AMux.o)
 .debug_line    0x00000e8d      0x1b6 .\ARM_GCC_541\Debug\GemmaQ_Assignment3_PSoC5DAQ.a(ADC_DelSig_1_Ext_CP_Clk.o)
 .debug_line    0x00001043      0x1d7 .\ARM_GCC_541\Debug\GemmaQ_Assignment3_PSoC5DAQ.a(ADC_DelSig_1_theACLK.o)
 .debug_line    0x0000121a      0x1ae .\ARM_GCC_541\Debug\GemmaQ_Assignment3_PSoC5DAQ.a(UART_1_IntClock.o)
 .debug_line    0x000013c8      0x883 .\ARM_GCC_541\Debug\GemmaQ_Assignment3_PSoC5DAQ.a(CyLib.o)
 .debug_line    0x00001c4b      0x38e .\ARM_GCC_541\Debug\GemmaQ_Assignment3_PSoC5DAQ.a(cyPm.o)
 .debug_line    0x00001fd9      0x152 .\ARM_GCC_541\Debug\GemmaQ_Assignment3_PSoC5DAQ.a(ADC_Isr.o)
 .debug_line    0x0000212b      0x144 .\ARM_GCC_541\Debug\GemmaQ_Assignment3_PSoC5DAQ.a(Clock_Isr.o)
 .debug_line    0x0000226f      0x16e .\ARM_GCC_541\Debug\GemmaQ_Assignment3_PSoC5DAQ.a(Timer.o)
 .debug_line    0x000023dd       0x7d .\ARM_GCC_541\Debug\GemmaQ_Assignment3_PSoC5DAQ.a(CyBootAsmGnu.o)
 .debug_line    0x0000245a      0x22f .\ARM_GCC_541\Debug\GemmaQ_Assignment3_PSoC5DAQ.a(CyFlash.o)
 .debug_line    0x00002689      0x231 .\ARM_GCC_541\Debug\GemmaQ_Assignment3_PSoC5DAQ.a(CySpc.o)
 .debug_line    0x000028ba       0x62 .\ARM_GCC_541\Debug\GemmaQ_Assignment3_PSoC5DAQ.a(cyutils.o)

.debug_frame    0x00000000     0x3310
 *(.debug_frame)
 .debug_frame   0x00000000       0xb8 .\ARM_GCC_541\Debug\main.o
 .debug_frame   0x000000b8      0x1bc .\ARM_GCC_541\Debug\cyfitter_cfg.o
 .debug_frame   0x00000274       0xd8 .\ARM_GCC_541\Debug\Cm3Start.o
 .debug_frame   0x0000034c      0x40c .\ARM_GCC_541\Debug\GemmaQ_Assignment3_PSoC5DAQ.a(ADC_DelSig_1.o)
 .debug_frame   0x00000758       0xa0 .\ARM_GCC_541\Debug\GemmaQ_Assignment3_PSoC5DAQ.a(ADC_DelSig_1_INT.o)
 .debug_frame   0x000007f8      0x42c .\ARM_GCC_541\Debug\GemmaQ_Assignment3_PSoC5DAQ.a(UART_1.o)
 .debug_frame   0x00000c24       0x88 .\ARM_GCC_541\Debug\GemmaQ_Assignment3_PSoC5DAQ.a(ADC_DelSig_1_AMux.o)
 .debug_frame   0x00000cac      0x1b4 .\ARM_GCC_541\Debug\GemmaQ_Assignment3_PSoC5DAQ.a(ADC_DelSig_1_Ext_CP_Clk.o)
 .debug_frame   0x00000e60      0x200 .\ARM_GCC_541\Debug\GemmaQ_Assignment3_PSoC5DAQ.a(ADC_DelSig_1_theACLK.o)
 .debug_frame   0x00001060      0x1b4 .\ARM_GCC_541\Debug\GemmaQ_Assignment3_PSoC5DAQ.a(UART_1_IntClock.o)
 .debug_frame   0x00001214      0xc0c .\ARM_GCC_541\Debug\GemmaQ_Assignment3_PSoC5DAQ.a(CyLib.o)
 .debug_frame   0x00001e20      0x234 .\ARM_GCC_541\Debug\GemmaQ_Assignment3_PSoC5DAQ.a(cyPm.o)
 .debug_frame   0x00002054      0x1e8 .\ARM_GCC_541\Debug\GemmaQ_Assignment3_PSoC5DAQ.a(ADC_Isr.o)
 .debug_frame   0x0000223c      0x1e8 .\ARM_GCC_541\Debug\GemmaQ_Assignment3_PSoC5DAQ.a(Clock_Isr.o)
 .debug_frame   0x00002424      0x230 .\ARM_GCC_541\Debug\GemmaQ_Assignment3_PSoC5DAQ.a(Timer.o)
 .debug_frame   0x00002654      0x238 .\ARM_GCC_541\Debug\GemmaQ_Assignment3_PSoC5DAQ.a(CyFlash.o)
 .debug_frame   0x0000288c      0x228 .\ARM_GCC_541\Debug\GemmaQ_Assignment3_PSoC5DAQ.a(CySpc.o)
 .debug_frame   0x00002ab4       0x38 .\ARM_GCC_541\Debug\GemmaQ_Assignment3_PSoC5DAQ.a(cyutils.o)
 .debug_frame   0x00002aec       0x20 c:/program files (x86)/cypress/psoc creator/4.2/psoc creator/import/gnu/arm/5.4.1/bin/../lib/gcc/arm-none-eabi/5.4.1/../../../../arm-none-eabi/lib/armv7-m\libg_nano.a(lib_a-errno.o)
 .debug_frame   0x00002b0c       0x28 c:/program files (x86)/cypress/psoc creator/4.2/psoc creator/import/gnu/arm/5.4.1/bin/../lib/gcc/arm-none-eabi/5.4.1/../../../../arm-none-eabi/lib/armv7-m\libg_nano.a(lib_a-exit.o)
 .debug_frame   0x00002b34       0x2c c:/program files (x86)/cypress/psoc creator/4.2/psoc creator/import/gnu/arm/5.4.1/bin/../lib/gcc/arm-none-eabi/5.4.1/../../../../arm-none-eabi/lib/armv7-m\libg_nano.a(lib_a-init.o)
 .debug_frame   0x00002b60       0x28 c:/program files (x86)/cypress/psoc creator/4.2/psoc creator/import/gnu/arm/5.4.1/bin/../lib/gcc/arm-none-eabi/5.4.1/../../../../arm-none-eabi/lib/armv7-m\libg_nano.a(lib_a-memcpy-stub.o)
 .debug_frame   0x00002b88       0x20 c:/program files (x86)/cypress/psoc creator/4.2/psoc creator/import/gnu/arm/5.4.1/bin/../lib/gcc/arm-none-eabi/5.4.1/../../../../arm-none-eabi/lib/armv7-m\libg_nano.a(lib_a-memset.o)
 .debug_frame   0x00002ba8       0x8c c:/program files (x86)/cypress/psoc creator/4.2/psoc creator/import/gnu/arm/5.4.1/bin/../lib/gcc/arm-none-eabi/5.4.1/../../../../arm-none-eabi/lib/armv7-m\libg_nano.a(lib_a-nano-vfprintf_float.o)
 .debug_frame   0x00002c34       0x60 c:/program files (x86)/cypress/psoc creator/4.2/psoc creator/import/gnu/arm/5.4.1/bin/../lib/gcc/arm-none-eabi/5.4.1/../../../../arm-none-eabi/lib/armv7-m\libg_nano.a(lib_a-nano-vfprintf_i.o)
 .debug_frame   0x00002c94       0x70 c:/program files (x86)/cypress/psoc creator/4.2/psoc creator/import/gnu/arm/5.4.1/bin/../lib/gcc/arm-none-eabi/5.4.1/../../../../arm-none-eabi/lib/armv7-m\libg_nano.a(lib_a-sprintf.o)
 .debug_frame   0x00002d04       0x6c c:/program files (x86)/cypress/psoc creator/4.2/psoc creator/import/gnu/arm/5.4.1/bin/../lib/gcc/arm-none-eabi/5.4.1/../../../../arm-none-eabi/lib/armv7-m\libg_nano.a(lib_a-dtoa.o)
 .debug_frame   0x00002d70       0x98 c:/program files (x86)/cypress/psoc creator/4.2/psoc creator/import/gnu/arm/5.4.1/bin/../lib/gcc/arm-none-eabi/5.4.1/../../../../arm-none-eabi/lib/armv7-m\libg_nano.a(lib_a-locale.o)
 .debug_frame   0x00002e08       0x30 c:/program files (x86)/cypress/psoc creator/4.2/psoc creator/import/gnu/arm/5.4.1/bin/../lib/gcc/arm-none-eabi/5.4.1/../../../../arm-none-eabi/lib/armv7-m\libg_nano.a(lib_a-malloc.o)
 .debug_frame   0x00002e38       0x28 c:/program files (x86)/cypress/psoc creator/4.2/psoc creator/import/gnu/arm/5.4.1/bin/../lib/gcc/arm-none-eabi/5.4.1/../../../../arm-none-eabi/lib/armv7-m\libg_nano.a(lib_a-memchr-stub.o)
 .debug_frame   0x00002e60      0x234 c:/program files (x86)/cypress/psoc creator/4.2/psoc creator/import/gnu/arm/5.4.1/bin/../lib/gcc/arm-none-eabi/5.4.1/../../../../arm-none-eabi/lib/armv7-m\libg_nano.a(lib_a-mprec.o)
 .debug_frame   0x00003094       0x2c c:/program files (x86)/cypress/psoc creator/4.2/psoc creator/import/gnu/arm/5.4.1/bin/../lib/gcc/arm-none-eabi/5.4.1/../../../../arm-none-eabi/lib/armv7-m\libg_nano.a(lib_a-nano-callocr.o)
 .debug_frame   0x000030c0       0x38 c:/program files (x86)/cypress/psoc creator/4.2/psoc creator/import/gnu/arm/5.4.1/bin/../lib/gcc/arm-none-eabi/5.4.1/../../../../arm-none-eabi/lib/armv7-m\libg_nano.a(lib_a-nano-freer.o)
 .debug_frame   0x000030f8       0x2c c:/program files (x86)/cypress/psoc creator/4.2/psoc creator/import/gnu/arm/5.4.1/bin/../lib/gcc/arm-none-eabi/5.4.1/../../../../arm-none-eabi/lib/armv7-m\libg_nano.a(lib_a-nano-mallocr.o)
 .debug_frame   0x00003124       0x90 c:/program files (x86)/cypress/psoc creator/4.2/psoc creator/import/gnu/arm/5.4.1/bin/../lib/gcc/arm-none-eabi/5.4.1/../../../../arm-none-eabi/lib/armv7-m\libg_nano.a(lib_a-nano-svfprintf.o)
 .debug_frame   0x000031b4       0x2c c:/program files (x86)/cypress/psoc creator/4.2/psoc creator/import/gnu/arm/5.4.1/bin/../lib/gcc/arm-none-eabi/5.4.1/../../../../arm-none-eabi/lib/armv7-m\libg_nano.a(lib_a-sbrkr.o)
 .debug_frame   0x000031e0       0x20 c:/program files (x86)/cypress/psoc creator/4.2/psoc creator/import/gnu/arm/5.4.1/bin/../lib/gcc/arm-none-eabi/5.4.1/../../../../arm-none-eabi/lib/armv7-m\libg_nano.a(lib_a-strcmp.o)
 .debug_frame   0x00003200       0x28 c:/program files (x86)/cypress/psoc creator/4.2/psoc creator/import/gnu/arm/5.4.1/bin/../lib/gcc/arm-none-eabi/5.4.1/../../../../arm-none-eabi/lib/armv7-m\libg_nano.a(lib_a-memmove.o)
 .debug_frame   0x00003228       0x30 c:/program files (x86)/cypress/psoc creator/4.2/psoc creator/import/gnu/arm/5.4.1/bin/../lib/gcc/arm-none-eabi/5.4.1/../../../../arm-none-eabi/lib/armv7-m\libg_nano.a(lib_a-mlock.o)
 .debug_frame   0x00003258       0x3c c:/program files (x86)/cypress/psoc creator/4.2/psoc creator/import/gnu/arm/5.4.1/bin/../lib/gcc/arm-none-eabi/5.4.1/../../../../arm-none-eabi/lib/armv7-m\libg_nano.a(lib_a-nano-reallocr.o)
 .debug_frame   0x00003294       0x5c c:/program files (x86)/cypress/psoc creator/4.2/psoc creator/import/gnu/arm/5.4.1/bin/../lib/gcc/arm-none-eabi/5.4.1/../../../../arm-none-eabi/lib/armv7-m\libg_nano.a(lib_a-reent.o)
 .debug_frame   0x000032f0       0x20 c:/program files (x86)/cypress/psoc creator/4.2/psoc creator/import/gnu/arm/5.4.1/bin/../lib/gcc/arm-none-eabi/5.4.1/../../../../arm-none-eabi/lib/armv7-m\libg_nano.a(lib_a-nano-msizer.o)

.debug_str      0x00000000     0x24c6
 *(.debug_str)
 .debug_str     0x00000000      0x219 .\ARM_GCC_541\Debug\main.o
                                0x261 (size before relaxing)
 .debug_str     0x00000219      0x1d7 .\ARM_GCC_541\Debug\cyfitter_cfg.o
                                0x38b (size before relaxing)
 .debug_str     0x000003f0       0x7f .\ARM_GCC_541\Debug\cymetadata.o
                                0x1fc (size before relaxing)
 .debug_str     0x0000046f      0x123 .\ARM_GCC_541\Debug\Cm3Start.o
                                0x2ef (size before relaxing)
 .debug_str     0x00000592      0x436 .\ARM_GCC_541\Debug\GemmaQ_Assignment3_PSoC5DAQ.a(ADC_DelSig_1.o)
                                0x63b (size before relaxing)
 .debug_str     0x000009c8       0x72 .\ARM_GCC_541\Debug\GemmaQ_Assignment3_PSoC5DAQ.a(ADC_DelSig_1_INT.o)
                                0x205 (size before relaxing)
 .debug_str     0x00000a3a      0x2a1 .\ARM_GCC_541\Debug\GemmaQ_Assignment3_PSoC5DAQ.a(UART_1.o)
                                0x473 (size before relaxing)
 .debug_str     0x00000cdb       0x9c .\ARM_GCC_541\Debug\GemmaQ_Assignment3_PSoC5DAQ.a(ADC_DelSig_1_AMux.o)
                                0x228 (size before relaxing)
 .debug_str     0x00000d77      0x220 .\ARM_GCC_541\Debug\GemmaQ_Assignment3_PSoC5DAQ.a(ADC_DelSig_1_Ext_CP_Clk.o)
                                0x3c6 (size before relaxing)
 .debug_str     0x00000f97      0x208 .\ARM_GCC_541\Debug\GemmaQ_Assignment3_PSoC5DAQ.a(ADC_DelSig_1_theACLK.o)
                                0x3f7 (size before relaxing)
 .debug_str     0x0000119f      0x177 .\ARM_GCC_541\Debug\GemmaQ_Assignment3_PSoC5DAQ.a(UART_1_IntClock.o)
                                0x366 (size before relaxing)
 .debug_str     0x00001316      0x7f7 .\ARM_GCC_541\Debug\GemmaQ_Assignment3_PSoC5DAQ.a(CyLib.o)
                                0xa02 (size before relaxing)
 .debug_str     0x00001b0d      0x371 .\ARM_GCC_541\Debug\GemmaQ_Assignment3_PSoC5DAQ.a(cyPm.o)
                                0x55b (size before relaxing)
 .debug_str     0x00001e7e      0x102 .\ARM_GCC_541\Debug\GemmaQ_Assignment3_PSoC5DAQ.a(ADC_Isr.o)
                                0x2da (size before relaxing)
 .debug_str     0x00001f80      0x11e .\ARM_GCC_541\Debug\GemmaQ_Assignment3_PSoC5DAQ.a(Clock_Isr.o)
                                0x2f6 (size before relaxing)
 .debug_str     0x0000209e      0x173 .\ARM_GCC_541\Debug\GemmaQ_Assignment3_PSoC5DAQ.a(Timer.o)
                                0x326 (size before relaxing)
 .debug_str     0x00002211      0x14f .\ARM_GCC_541\Debug\GemmaQ_Assignment3_PSoC5DAQ.a(CyFlash.o)
                                0x31f (size before relaxing)
 .debug_str     0x00002360      0x12d .\ARM_GCC_541\Debug\GemmaQ_Assignment3_PSoC5DAQ.a(CySpc.o)
                                0x319 (size before relaxing)
 .debug_str     0x0000248d       0x39 .\ARM_GCC_541\Debug\GemmaQ_Assignment3_PSoC5DAQ.a(cyutils.o)
                                0x1ca (size before relaxing)

.debug_loc
 *(.debug_loc)

.debug_macinfo
 *(.debug_macinfo)

.debug_ranges   0x00000000      0x968
 *(.debug_ranges)
 .debug_ranges  0x00000000       0x30 .\ARM_GCC_541\Debug\main.o
 .debug_ranges  0x00000030       0x60 .\ARM_GCC_541\Debug\cyfitter_cfg.o
 .debug_ranges  0x00000090       0x38 .\ARM_GCC_541\Debug\Cm3Start.o
 .debug_ranges  0x000000c8       0xd8 .\ARM_GCC_541\Debug\GemmaQ_Assignment3_PSoC5DAQ.a(ADC_DelSig_1.o)
 .debug_ranges  0x000001a0       0x28 .\ARM_GCC_541\Debug\GemmaQ_Assignment3_PSoC5DAQ.a(ADC_DelSig_1_INT.o)
 .debug_ranges  0x000001c8       0xe0 .\ARM_GCC_541\Debug\GemmaQ_Assignment3_PSoC5DAQ.a(UART_1.o)
 .debug_ranges  0x000002a8       0x20 .\ARM_GCC_541\Debug\GemmaQ_Assignment3_PSoC5DAQ.a(ADC_DelSig_1_AMux.o)
 .debug_ranges  0x000002c8       0x60 .\ARM_GCC_541\Debug\GemmaQ_Assignment3_PSoC5DAQ.a(ADC_DelSig_1_Ext_CP_Clk.o)
 .debug_ranges  0x00000328       0x70 .\ARM_GCC_541\Debug\GemmaQ_Assignment3_PSoC5DAQ.a(ADC_DelSig_1_theACLK.o)
 .debug_ranges  0x00000398       0x60 .\ARM_GCC_541\Debug\GemmaQ_Assignment3_PSoC5DAQ.a(UART_1_IntClock.o)
 .debug_ranges  0x000003f8      0x290 .\ARM_GCC_541\Debug\GemmaQ_Assignment3_PSoC5DAQ.a(CyLib.o)
 .debug_ranges  0x00000688       0x88 .\ARM_GCC_541\Debug\GemmaQ_Assignment3_PSoC5DAQ.a(cyPm.o)
 .debug_ranges  0x00000710       0x70 .\ARM_GCC_541\Debug\GemmaQ_Assignment3_PSoC5DAQ.a(ADC_Isr.o)
 .debug_ranges  0x00000780       0x70 .\ARM_GCC_541\Debug\GemmaQ_Assignment3_PSoC5DAQ.a(Clock_Isr.o)
 .debug_ranges  0x000007f0       0x80 .\ARM_GCC_541\Debug\GemmaQ_Assignment3_PSoC5DAQ.a(Timer.o)
 .debug_ranges  0x00000870       0x78 .\ARM_GCC_541\Debug\GemmaQ_Assignment3_PSoC5DAQ.a(CyFlash.o)
 .debug_ranges  0x000008e8       0x70 .\ARM_GCC_541\Debug\GemmaQ_Assignment3_PSoC5DAQ.a(CySpc.o)
 .debug_ranges  0x00000958       0x10 .\ARM_GCC_541\Debug\GemmaQ_Assignment3_PSoC5DAQ.a(cyutils.o)

.comment        0x00000000       0x6e
 .comment       0x00000000       0x6e .\ARM_GCC_541\Debug\main.o
                                 0x6f (size before relaxing)
 .comment       0x0000006e       0x6f .\ARM_GCC_541\Debug\cyfitter_cfg.o
 .comment       0x0000006e       0x6f .\ARM_GCC_541\Debug\cymetadata.o
 .comment       0x0000006e       0x6f .\ARM_GCC_541\Debug\Cm3Start.o
 .comment       0x0000006e       0x6f .\ARM_GCC_541\Debug\GemmaQ_Assignment3_PSoC5DAQ.a(ADC_DelSig_1.o)
 .comment       0x0000006e       0x6f .\ARM_GCC_541\Debug\GemmaQ_Assignment3_PSoC5DAQ.a(ADC_DelSig_1_INT.o)
 .comment       0x0000006e       0x6f .\ARM_GCC_541\Debug\GemmaQ_Assignment3_PSoC5DAQ.a(UART_1.o)
 .comment       0x0000006e       0x6f .\ARM_GCC_541\Debug\GemmaQ_Assignment3_PSoC5DAQ.a(ADC_DelSig_1_AMux.o)
 .comment       0x0000006e       0x6f .\ARM_GCC_541\Debug\GemmaQ_Assignment3_PSoC5DAQ.a(ADC_DelSig_1_Ext_CP_Clk.o)
 .comment       0x0000006e       0x6f .\ARM_GCC_541\Debug\GemmaQ_Assignment3_PSoC5DAQ.a(ADC_DelSig_1_theACLK.o)
 .comment       0x0000006e       0x6f .\ARM_GCC_541\Debug\GemmaQ_Assignment3_PSoC5DAQ.a(UART_1_IntClock.o)
 .comment       0x0000006e       0x6f .\ARM_GCC_541\Debug\GemmaQ_Assignment3_PSoC5DAQ.a(CyLib.o)
 .comment       0x0000006e       0x6f .\ARM_GCC_541\Debug\GemmaQ_Assignment3_PSoC5DAQ.a(cyPm.o)
 .comment       0x0000006e       0x6f .\ARM_GCC_541\Debug\GemmaQ_Assignment3_PSoC5DAQ.a(ADC_Isr.o)
 .comment       0x0000006e       0x6f .\ARM_GCC_541\Debug\GemmaQ_Assignment3_PSoC5DAQ.a(Clock_Isr.o)
 .comment       0x0000006e       0x6f .\ARM_GCC_541\Debug\GemmaQ_Assignment3_PSoC5DAQ.a(Timer.o)
 .comment       0x0000006e       0x6f .\ARM_GCC_541\Debug\GemmaQ_Assignment3_PSoC5DAQ.a(CyFlash.o)
 .comment       0x0000006e       0x6f .\ARM_GCC_541\Debug\GemmaQ_Assignment3_PSoC5DAQ.a(CySpc.o)
 .comment       0x0000006e       0x6f .\ARM_GCC_541\Debug\GemmaQ_Assignment3_PSoC5DAQ.a(cyutils.o)

.debug_weaknames
 *(.debug_weaknames)

.debug_funcnames
 *(.debug_funcnames)

.debug_typenames
 *(.debug_typenames)

.debug_varnames
 *(.debug_varnames)

.note.gnu.arm.ident
 *(.note.gnu.arm.ident)

.ARM.attributes
                0x00000000       0x29
 *(.ARM.attributes)
 .ARM.attributes
                0x00000000       0x1d c:/program files (x86)/cypress/psoc creator/4.2/psoc creator/import/gnu/arm/5.4.1/bin/../lib/gcc/arm-none-eabi/5.4.1/armv7-m/crti.o
 .ARM.attributes
                0x0000001d       0x2d c:/program files (x86)/cypress/psoc creator/4.2/psoc creator/import/gnu/arm/5.4.1/bin/../lib/gcc/arm-none-eabi/5.4.1/armv7-m/crtbegin.o
 .ARM.attributes
                0x0000004a       0x1b c:/program files (x86)/cypress/psoc creator/4.2/psoc creator/import/gnu/arm/5.4.1/bin/../lib/gcc/arm-none-eabi/5.4.1/../../../../arm-none-eabi/lib/armv7-m/crt0.o
 .ARM.attributes
                0x00000065       0x33 .\ARM_GCC_541\Debug\main.o
 .ARM.attributes
                0x00000098       0x33 .\ARM_GCC_541\Debug\cyfitter_cfg.o
 .ARM.attributes
                0x000000cb       0x33 .\ARM_GCC_541\Debug\cymetadata.o
 .ARM.attributes
                0x000000fe       0x33 .\ARM_GCC_541\Debug\Cm3Start.o
 .ARM.attributes
                0x00000131       0x33 .\ARM_GCC_541\Debug\GemmaQ_Assignment3_PSoC5DAQ.a(ADC_DelSig_1.o)
 .ARM.attributes
                0x00000164       0x33 .\ARM_GCC_541\Debug\GemmaQ_Assignment3_PSoC5DAQ.a(ADC_DelSig_1_INT.o)
 .ARM.attributes
                0x00000197       0x33 .\ARM_GCC_541\Debug\GemmaQ_Assignment3_PSoC5DAQ.a(UART_1.o)
 .ARM.attributes
                0x000001ca       0x33 .\ARM_GCC_541\Debug\GemmaQ_Assignment3_PSoC5DAQ.a(ADC_DelSig_1_AMux.o)
 .ARM.attributes
                0x000001fd       0x33 .\ARM_GCC_541\Debug\GemmaQ_Assignment3_PSoC5DAQ.a(ADC_DelSig_1_Ext_CP_Clk.o)
 .ARM.attributes
                0x00000230       0x33 .\ARM_GCC_541\Debug\GemmaQ_Assignment3_PSoC5DAQ.a(ADC_DelSig_1_theACLK.o)
 .ARM.attributes
                0x00000263       0x33 .\ARM_GCC_541\Debug\GemmaQ_Assignment3_PSoC5DAQ.a(UART_1_IntClock.o)
 .ARM.attributes
                0x00000296       0x33 .\ARM_GCC_541\Debug\GemmaQ_Assignment3_PSoC5DAQ.a(CyLib.o)
 .ARM.attributes
                0x000002c9       0x33 .\ARM_GCC_541\Debug\GemmaQ_Assignment3_PSoC5DAQ.a(cyPm.o)
 .ARM.attributes
                0x000002fc       0x33 .\ARM_GCC_541\Debug\GemmaQ_Assignment3_PSoC5DAQ.a(ADC_Isr.o)
 .ARM.attributes
                0x0000032f       0x33 .\ARM_GCC_541\Debug\GemmaQ_Assignment3_PSoC5DAQ.a(Clock_Isr.o)
 .ARM.attributes
                0x00000362       0x33 .\ARM_GCC_541\Debug\GemmaQ_Assignment3_PSoC5DAQ.a(Timer.o)
 .ARM.attributes
                0x00000395       0x21 .\ARM_GCC_541\Debug\GemmaQ_Assignment3_PSoC5DAQ.a(CyBootAsmGnu.o)
 .ARM.attributes
                0x000003b6       0x33 .\ARM_GCC_541\Debug\GemmaQ_Assignment3_PSoC5DAQ.a(CyFlash.o)
 .ARM.attributes
                0x000003e9       0x33 .\ARM_GCC_541\Debug\GemmaQ_Assignment3_PSoC5DAQ.a(CySpc.o)
 .ARM.attributes
                0x0000041c       0x33 .\ARM_GCC_541\Debug\GemmaQ_Assignment3_PSoC5DAQ.a(cyutils.o)
 .ARM.attributes
                0x0000044f       0x1d c:/program files (x86)/cypress/psoc creator/4.2/psoc creator/import/gnu/arm/5.4.1/bin/../lib/gcc/arm-none-eabi/5.4.1/armv7-m\libgcc.a(_arm_addsubdf3.o)
 .ARM.attributes
                0x0000046c       0x1d c:/program files (x86)/cypress/psoc creator/4.2/psoc creator/import/gnu/arm/5.4.1/bin/../lib/gcc/arm-none-eabi/5.4.1/armv7-m\libgcc.a(_arm_cmpdf2.o)
 .ARM.attributes
                0x00000489       0x1d c:/program files (x86)/cypress/psoc creator/4.2/psoc creator/import/gnu/arm/5.4.1/bin/../lib/gcc/arm-none-eabi/5.4.1/armv7-m\libgcc.a(_arm_addsubsf3.o)
 .ARM.attributes
                0x000004a6       0x1d c:/program files (x86)/cypress/psoc creator/4.2/psoc creator/import/gnu/arm/5.4.1/bin/../lib/gcc/arm-none-eabi/5.4.1/armv7-m\libgcc.a(_arm_muldivsf3.o)
 .ARM.attributes
                0x000004c3       0x1d c:/program files (x86)/cypress/psoc creator/4.2/psoc creator/import/gnu/arm/5.4.1/bin/../lib/gcc/arm-none-eabi/5.4.1/armv7-m\libgcc.a(_arm_fixsfsi.o)
 .ARM.attributes
                0x000004e0       0x1d c:/program files (x86)/cypress/psoc creator/4.2/psoc creator/import/gnu/arm/5.4.1/bin/../lib/gcc/arm-none-eabi/5.4.1/armv7-m\libgcc.a(_arm_fixunssfsi.o)
 .ARM.attributes
                0x000004fd       0x2d c:/program files (x86)/cypress/psoc creator/4.2/psoc creator/import/gnu/arm/5.4.1/bin/../lib/gcc/arm-none-eabi/5.4.1/../../../../arm-none-eabi/lib/armv7-m\libg_nano.a(lib_a-errno.o)
 .ARM.attributes
                0x0000052a       0x2d c:/program files (x86)/cypress/psoc creator/4.2/psoc creator/import/gnu/arm/5.4.1/bin/../lib/gcc/arm-none-eabi/5.4.1/../../../../arm-none-eabi/lib/armv7-m\libg_nano.a(lib_a-exit.o)
 .ARM.attributes
                0x00000557       0x2d c:/program files (x86)/cypress/psoc creator/4.2/psoc creator/import/gnu/arm/5.4.1/bin/../lib/gcc/arm-none-eabi/5.4.1/../../../../arm-none-eabi/lib/armv7-m\libg_nano.a(lib_a-impure.o)
 .ARM.attributes
                0x00000584       0x2d c:/program files (x86)/cypress/psoc creator/4.2/psoc creator/import/gnu/arm/5.4.1/bin/../lib/gcc/arm-none-eabi/5.4.1/../../../../arm-none-eabi/lib/armv7-m\libg_nano.a(lib_a-init.o)
 .ARM.attributes
                0x000005b1       0x2d c:/program files (x86)/cypress/psoc creator/4.2/psoc creator/import/gnu/arm/5.4.1/bin/../lib/gcc/arm-none-eabi/5.4.1/../../../../arm-none-eabi/lib/armv7-m\libg_nano.a(lib_a-memcpy-stub.o)
 .ARM.attributes
                0x000005de       0x2d c:/program files (x86)/cypress/psoc creator/4.2/psoc creator/import/gnu/arm/5.4.1/bin/../lib/gcc/arm-none-eabi/5.4.1/../../../../arm-none-eabi/lib/armv7-m\libg_nano.a(lib_a-memset.o)
 .ARM.attributes
                0x0000060b       0x2d c:/program files (x86)/cypress/psoc creator/4.2/psoc creator/import/gnu/arm/5.4.1/bin/../lib/gcc/arm-none-eabi/5.4.1/../../../../arm-none-eabi/lib/armv7-m\libg_nano.a(lib_a-nano-vfprintf_float.o)
 .ARM.attributes
                0x00000638       0x2d c:/program files (x86)/cypress/psoc creator/4.2/psoc creator/import/gnu/arm/5.4.1/bin/../lib/gcc/arm-none-eabi/5.4.1/../../../../arm-none-eabi/lib/armv7-m\libg_nano.a(lib_a-nano-vfprintf_i.o)
 .ARM.attributes
                0x00000665       0x2d c:/program files (x86)/cypress/psoc creator/4.2/psoc creator/import/gnu/arm/5.4.1/bin/../lib/gcc/arm-none-eabi/5.4.1/../../../../arm-none-eabi/lib/armv7-m\libg_nano.a(lib_a-sprintf.o)
 .ARM.attributes
                0x00000692       0x17 c:/program files (x86)/cypress/psoc creator/4.2/psoc creator/import/gnu/arm/5.4.1/bin/../lib/gcc/arm-none-eabi/5.4.1/../../../../arm-none-eabi/lib/armv7-m\libg_nano.a(lib_a-strlen.o)
 .ARM.attributes
                0x000006a9       0x2d c:/program files (x86)/cypress/psoc creator/4.2/psoc creator/import/gnu/arm/5.4.1/bin/../lib/gcc/arm-none-eabi/5.4.1/../../../../arm-none-eabi/lib/armv7-m\libg_nano.a(lib_a-dtoa.o)
 .ARM.attributes
                0x000006d6       0x2d c:/program files (x86)/cypress/psoc creator/4.2/psoc creator/import/gnu/arm/5.4.1/bin/../lib/gcc/arm-none-eabi/5.4.1/../../../../arm-none-eabi/lib/armv7-m\libg_nano.a(lib_a-locale.o)
 .ARM.attributes
                0x00000703       0x2d c:/program files (x86)/cypress/psoc creator/4.2/psoc creator/import/gnu/arm/5.4.1/bin/../lib/gcc/arm-none-eabi/5.4.1/../../../../arm-none-eabi/lib/armv7-m\libg_nano.a(lib_a-malloc.o)
 .ARM.attributes
                0x00000730       0x2d c:/program files (x86)/cypress/psoc creator/4.2/psoc creator/import/gnu/arm/5.4.1/bin/../lib/gcc/arm-none-eabi/5.4.1/../../../../arm-none-eabi/lib/armv7-m\libg_nano.a(lib_a-memchr-stub.o)
 .ARM.attributes
                0x0000075d       0x2d c:/program files (x86)/cypress/psoc creator/4.2/psoc creator/import/gnu/arm/5.4.1/bin/../lib/gcc/arm-none-eabi/5.4.1/../../../../arm-none-eabi/lib/armv7-m\libg_nano.a(lib_a-mprec.o)
 .ARM.attributes
                0x0000078a       0x2d c:/program files (x86)/cypress/psoc creator/4.2/psoc creator/import/gnu/arm/5.4.1/bin/../lib/gcc/arm-none-eabi/5.4.1/../../../../arm-none-eabi/lib/armv7-m\libg_nano.a(lib_a-nano-callocr.o)
 .ARM.attributes
                0x000007b7       0x2d c:/program files (x86)/cypress/psoc creator/4.2/psoc creator/import/gnu/arm/5.4.1/bin/../lib/gcc/arm-none-eabi/5.4.1/../../../../arm-none-eabi/lib/armv7-m\libg_nano.a(lib_a-nano-freer.o)
 .ARM.attributes
                0x000007e4       0x2d c:/program files (x86)/cypress/psoc creator/4.2/psoc creator/import/gnu/arm/5.4.1/bin/../lib/gcc/arm-none-eabi/5.4.1/../../../../arm-none-eabi/lib/armv7-m\libg_nano.a(lib_a-nano-mallocr.o)
 .ARM.attributes
                0x00000811       0x2d c:/program files (x86)/cypress/psoc creator/4.2/psoc creator/import/gnu/arm/5.4.1/bin/../lib/gcc/arm-none-eabi/5.4.1/../../../../arm-none-eabi/lib/armv7-m\libg_nano.a(lib_a-nano-svfprintf.o)
 .ARM.attributes
                0x0000083e       0x2d c:/program files (x86)/cypress/psoc creator/4.2/psoc creator/import/gnu/arm/5.4.1/bin/../lib/gcc/arm-none-eabi/5.4.1/../../../../arm-none-eabi/lib/armv7-m\libg_nano.a(lib_a-sbrkr.o)
 .ARM.attributes
                0x0000086b       0x1b c:/program files (x86)/cypress/psoc creator/4.2/psoc creator/import/gnu/arm/5.4.1/bin/../lib/gcc/arm-none-eabi/5.4.1/../../../../arm-none-eabi/lib/armv7-m\libg_nano.a(lib_a-strcmp.o)
 .ARM.attributes
                0x00000886       0x2d c:/program files (x86)/cypress/psoc creator/4.2/psoc creator/import/gnu/arm/5.4.1/bin/../lib/gcc/arm-none-eabi/5.4.1/../../../../arm-none-eabi/lib/armv7-m\libg_nano.a(lib_a-memmove.o)
 .ARM.attributes
                0x000008b3       0x2d c:/program files (x86)/cypress/psoc creator/4.2/psoc creator/import/gnu/arm/5.4.1/bin/../lib/gcc/arm-none-eabi/5.4.1/../../../../arm-none-eabi/lib/armv7-m\libg_nano.a(lib_a-mlock.o)
 .ARM.attributes
                0x000008e0       0x2d c:/program files (x86)/cypress/psoc creator/4.2/psoc creator/import/gnu/arm/5.4.1/bin/../lib/gcc/arm-none-eabi/5.4.1/../../../../arm-none-eabi/lib/armv7-m\libg_nano.a(lib_a-nano-reallocr.o)
 .ARM.attributes
                0x0000090d       0x2d c:/program files (x86)/cypress/psoc creator/4.2/psoc creator/import/gnu/arm/5.4.1/bin/../lib/gcc/arm-none-eabi/5.4.1/../../../../arm-none-eabi/lib/armv7-m\libg_nano.a(lib_a-reent.o)
 .ARM.attributes
                0x0000093a       0x2d c:/program files (x86)/cypress/psoc creator/4.2/psoc creator/import/gnu/arm/5.4.1/bin/../lib/gcc/arm-none-eabi/5.4.1/../../../../arm-none-eabi/lib/armv7-m\libg_nano.a(lib_a-nano-msizer.o)
 .ARM.attributes
                0x00000967       0x1d c:/program files (x86)/cypress/psoc creator/4.2/psoc creator/import/gnu/arm/5.4.1/bin/../lib/gcc/arm-none-eabi/5.4.1/armv7-m\libgcc.a(_arm_muldivdf3.o)
 .ARM.attributes
                0x00000984       0x1d c:/program files (x86)/cypress/psoc creator/4.2/psoc creator/import/gnu/arm/5.4.1/bin/../lib/gcc/arm-none-eabi/5.4.1/armv7-m\libgcc.a(_arm_unorddf2.o)
 .ARM.attributes
                0x000009a1       0x1d c:/program files (x86)/cypress/psoc creator/4.2/psoc creator/import/gnu/arm/5.4.1/bin/../lib/gcc/arm-none-eabi/5.4.1/armv7-m\libgcc.a(_arm_fixdfsi.o)
 .ARM.attributes
                0x000009be       0x2d c:/program files (x86)/cypress/psoc creator/4.2/psoc creator/import/gnu/arm/5.4.1/bin/../lib/gcc/arm-none-eabi/5.4.1/armv7-m/crtend.o
 .ARM.attributes
                0x000009eb       0x1d c:/program files (x86)/cypress/psoc creator/4.2/psoc creator/import/gnu/arm/5.4.1/bin/../lib/gcc/arm-none-eabi/5.4.1/armv7-m/crtn.o

/DISCARD/
 *(.note.GNU-stack)
OUTPUT(C:\Users\Gemma\Desktop\PSoC\GemmaQ_Assignment3_PSoC5DAQ\GemmaQ_Assignment3_PSoC5DAQ.cydsn\ARM_GCC_541\Debug\GemmaQ_Assignment3_PSoC5DAQ.elf elf32-littlearm)
