Archive member included to satisfy reference by file (symbol)

.\ARM_GCC_541\Debug\GemmaQ_Assignment4_PSoC5Serial.a(CyLib.o)
                              .\ARM_GCC_541\Debug\Cm3Start.o (CyResetStatus)
.\ARM_GCC_541\Debug\GemmaQ_Assignment4_PSoC5Serial.a(cyPm.o)
                              .\ARM_GCC_541\Debug\GemmaQ_Assignment4_PSoC5Serial.a(CyLib.o) (CyPmReadStatus)
.\ARM_GCC_541\Debug\GemmaQ_Assignment4_PSoC5Serial.a(UART.o)
                              .\ARM_GCC_541\Debug\main.o (UART_Start)
.\ARM_GCC_541\Debug\GemmaQ_Assignment4_PSoC5Serial.a(I2C.o)
                              .\ARM_GCC_541\Debug\main.o (I2C_Start)
.\ARM_GCC_541\Debug\GemmaQ_Assignment4_PSoC5Serial.a(I2C_INT.o)
                              .\ARM_GCC_541\Debug\GemmaQ_Assignment4_PSoC5Serial.a(I2C.o) (I2C_ISR)
.\ARM_GCC_541\Debug\GemmaQ_Assignment4_PSoC5Serial.a(I2C_MASTER.o)
                              .\ARM_GCC_541\Debug\GemmaQ_Assignment4_PSoC5Serial.a(I2C.o) (I2C_mstrStatus)
.\ARM_GCC_541\Debug\GemmaQ_Assignment4_PSoC5Serial.a(UART_IntClock.o)
                              .\ARM_GCC_541\Debug\GemmaQ_Assignment4_PSoC5Serial.a(UART.o) (UART_IntClock_Start)
.\ARM_GCC_541\Debug\GemmaQ_Assignment4_PSoC5Serial.a(CyBootAsmGnu.o)
                              .\ARM_GCC_541\Debug\cyfitter_cfg.o (CyDelayCycles)
.\ARM_GCC_541\Debug\GemmaQ_Assignment4_PSoC5Serial.a(CyFlash.o)
                              .\ARM_GCC_541\Debug\GemmaQ_Assignment4_PSoC5Serial.a(cyPm.o) (CyFlash_SetWaitCycles)
.\ARM_GCC_541\Debug\GemmaQ_Assignment4_PSoC5Serial.a(CySpc.o)
                              .\ARM_GCC_541\Debug\GemmaQ_Assignment4_PSoC5Serial.a(CyFlash.o) (CySpcStart)
c:/program files (x86)/cypress/psoc creator/4.2/psoc creator/import/gnu/arm/5.4.1/bin/../lib/gcc/arm-none-eabi/5.4.1/armv7-m\libgcc.a(_arm_addsubdf3.o)
                              .\ARM_GCC_541\Debug\main.o (__aeabi_f2d)
c:/program files (x86)/cypress/psoc creator/4.2/psoc creator/import/gnu/arm/5.4.1/bin/../lib/gcc/arm-none-eabi/5.4.1/armv7-m\libgcc.a(_arm_addsubsf3.o)
                              .\ARM_GCC_541\Debug\main.o (__aeabi_ui2f)
c:/program files (x86)/cypress/psoc creator/4.2/psoc creator/import/gnu/arm/5.4.1/bin/../lib/gcc/arm-none-eabi/5.4.1/armv7-m\libgcc.a(_arm_muldivsf3.o)
                              .\ARM_GCC_541\Debug\main.o (__aeabi_fdiv)
c:/program files (x86)/cypress/psoc creator/4.2/psoc creator/import/gnu/arm/5.4.1/bin/../lib/gcc/arm-none-eabi/5.4.1/armv7-m\libgcc.a(_arm_fixsfsi.o)
                              .\ARM_GCC_541\Debug\main.o (__aeabi_f2iz)
c:/program files (x86)/cypress/psoc creator/4.2/psoc creator/import/gnu/arm/5.4.1/bin/../lib/gcc/arm-none-eabi/5.4.1/../../../../arm-none-eabi/lib/armv7-m\libg_nano.a(lib_a-errno.o)
                              .\ARM_GCC_541\Debug\Cm3Start.o (__errno)
c:/program files (x86)/cypress/psoc creator/4.2/psoc creator/import/gnu/arm/5.4.1/bin/../lib/gcc/arm-none-eabi/5.4.1/../../../../arm-none-eabi/lib/armv7-m\libg_nano.a(lib_a-exit.o)
                              c:/program files (x86)/cypress/psoc creator/4.2/psoc creator/import/gnu/arm/5.4.1/bin/../lib/gcc/arm-none-eabi/5.4.1/../../../../arm-none-eabi/lib/armv7-m/crt0.o (exit)
c:/program files (x86)/cypress/psoc creator/4.2/psoc creator/import/gnu/arm/5.4.1/bin/../lib/gcc/arm-none-eabi/5.4.1/../../../../arm-none-eabi/lib/armv7-m\libg_nano.a(lib_a-impure.o)
                              c:/program files (x86)/cypress/psoc creator/4.2/psoc creator/import/gnu/arm/5.4.1/bin/../lib/gcc/arm-none-eabi/5.4.1/../../../../arm-none-eabi/lib/armv7-m\libg_nano.a(lib_a-exit.o) (_global_impure_ptr)
c:/program files (x86)/cypress/psoc creator/4.2/psoc creator/import/gnu/arm/5.4.1/bin/../lib/gcc/arm-none-eabi/5.4.1/../../../../arm-none-eabi/lib/armv7-m\libg_nano.a(lib_a-init.o)
                              c:/program files (x86)/cypress/psoc creator/4.2/psoc creator/import/gnu/arm/5.4.1/bin/../lib/gcc/arm-none-eabi/5.4.1/../../../../arm-none-eabi/lib/armv7-m/crt0.o (__libc_init_array)
c:/program files (x86)/cypress/psoc creator/4.2/psoc creator/import/gnu/arm/5.4.1/bin/../lib/gcc/arm-none-eabi/5.4.1/../../../../arm-none-eabi/lib/armv7-m\libg_nano.a(lib_a-memcpy-stub.o)
                              .\ARM_GCC_541\Debug\cyfitter_cfg.o (memcpy)
c:/program files (x86)/cypress/psoc creator/4.2/psoc creator/import/gnu/arm/5.4.1/bin/../lib/gcc/arm-none-eabi/5.4.1/../../../../arm-none-eabi/lib/armv7-m\libg_nano.a(lib_a-memset.o)
                              c:/program files (x86)/cypress/psoc creator/4.2/psoc creator/import/gnu/arm/5.4.1/bin/../lib/gcc/arm-none-eabi/5.4.1/../../../../arm-none-eabi/lib/armv7-m/crt0.o (memset)
c:/program files (x86)/cypress/psoc creator/4.2/psoc creator/import/gnu/arm/5.4.1/bin/../lib/gcc/arm-none-eabi/5.4.1/../../../../arm-none-eabi/lib/armv7-m\libg_nano.a(lib_a-nano-vfprintf_float.o)
                              (_printf_float)
[...]
Memory Configuration

Name             Origin             Length             Attributes
rom              0x00000000         0x00040000         xr
ram              0x1fff8000         0x00010000         xrw
*default*        0x00000000         0xffffffff

Linker script and memory map

LOAD c:/program files (x86)/cypress/psoc creator/4.2/psoc creator/import/gnu/arm/5.4.1/bin/../lib/gcc/arm-none-eabi/5.4.1/armv7-m/crti.o
LOAD c:/program files (x86)/cypress/psoc creator/4.2/psoc creator/import/gnu/arm/5.4.1/bin/../lib/gcc/arm-none-eabi/5.4.1/armv7-m/crtbegin.o
LOAD c:/program files (x86)/cypress/psoc creator/4.2/psoc creator/import/gnu/arm/5.4.1/bin/../lib/gcc/arm-none-eabi/5.4.1/../../../../arm-none-eabi/lib/armv7-m/crt0.o
START GROUP
LOAD .\ARM_GCC_541\Debug\main.o
LOAD .\ARM_GCC_541\Debug\cyfitter_cfg.o
LOAD .\ARM_GCC_541\Debug\cymetadata.o
LOAD .\ARM_GCC_541\Debug\Cm3Start.o
LOAD .\ARM_GCC_541\Debug\GemmaQ_Assignment4_PSoC5Serial.a
LOAD C:\Program Files (x86)\Cypress\PSoC Creator\4.2\PSoC Creator\psoc\content\cycomponentlibrary\CyComponentLibrary.cylib\CortexM3\ARM_GCC_541\Debug\CyComponentLibrary.a
LOAD c:/program files (x86)/cypress/psoc creator/4.2/psoc creator/import/gnu/arm/5.4.1/bin/../lib/gcc/arm-none-eabi/5.4.1/../../../../arm-none-eabi/lib/armv7-m\libm.a
END GROUP
START GROUP
LOAD c:/program files (x86)/cypress/psoc creator/4.2/psoc creator/import/gnu/arm/5.4.1/bin/../lib/gcc/arm-none-eabi/5.4.1/armv7-m\libgcc.a
LOAD c:/program files (x86)/cypress/psoc creator/4.2/psoc creator/import/gnu/arm/5.4.1/bin/../lib/gcc/arm-none-eabi/5.4.1/../../../../arm-none-eabi/lib/armv7-m\libg_nano.a
LOAD c:/program files (x86)/cypress/psoc creator/4.2/psoc creator/import/gnu/arm/5.4.1/bin/../lib/gcc/arm-none-eabi/5.4.1/../../../../arm-none-eabi/lib/armv7-m\libc_nano.a
END GROUP
START GROUP
LOAD c:/program files (x86)/cypress/psoc creator/4.2/psoc creator/import/gnu/arm/5.4.1/bin/../lib/gcc/arm-none-eabi/5.4.1/armv7-m\libgcc.a
LOAD c:/program files (x86)/cypress/psoc creator/4.2/psoc creator/import/gnu/arm/5.4.1/bin/../lib/gcc/arm-none-eabi/5.4.1/../../../../arm-none-eabi/lib/armv7-m\libc_nano.a
END GROUP
LOAD c:/program files (x86)/cypress/psoc creator/4.2/psoc creator/import/gnu/arm/5.4.1/bin/../lib/gcc/arm-none-eabi/5.4.1/armv7-m/crtend.o
LOAD c:/program files (x86)/cypress/psoc creator/4.2/psoc creator/import/gnu/arm/5.4.1/bin/../lib/gcc/arm-none-eabi/5.4.1/armv7-m/crtn.o
START GROUP
LOAD c:/program files (x86)/cypress/psoc creator/4.2/psoc creator/import/gnu/arm/5.4.1/bin/../lib/gcc/arm-none-eabi/5.4.1/armv7-m\libgcc.a
LOAD c:/program files (x86)/cypress/psoc creator/4.2/psoc creator/import/gnu/arm/5.4.1/bin/../lib/gcc/arm-none-eabi/5.4.1/../../../../arm-none-eabi/lib/armv7-m\libc.a
LOAD c:/program files (x86)/cypress/psoc creator/4.2/psoc creator/import/gnu/arm/5.4.1/bin/../lib/gcc/arm-none-eabi/5.4.1/../../../../arm-none-eabi/lib/armv7-m\libnosys.a
END GROUP
                0x00000000                CY_APPL_ORIGIN = 0x0
                0x00000100                CY_FLASH_ROW_SIZE = 0x100
                0x00000020                CY_ECC_ROW_SIZE = 0x20
                0x00000000                CY_EE_IN_BTLDR = 0x0
                0x00000000                CY_APPL_LOADABLE = 0x0
                0x00000800                CY_EE_SIZE = 0x800
                0x00000001                CY_APPL_NUM = 0x1
                0x00000001                CY_APPL_MAX = 0x1
                0x00000040                CY_METADATA_SIZE = 0x40
                0x00000000                CY_APPL_LOADABLE = 0x0
                0x00000000                CY_CHECKSUM_EXCLUDE_SIZE = ALIGN (0x0, CY_FLASH_ROW_SIZE)
                [!provide]                PROVIDE (__cy_heap_start, _end)
                0x00000001                PROVIDE (__cy_region_num, ((__cy_regions_end - __cy_regions) / 0x10))
                0x20008000                PROVIDE (__cy_stack, (ORIGIN (ram) + LENGTH (ram)))
                [!provide]                PROVIDE (__cy_heap_end, (__cy_stack - 0x800))

.cybootloader   0x00000000        0x0
 *(.cybootloader)
                0x00000000                appl1_start = CY_APPL_ORIGIN?CY_APPL_ORIGIN:ALIGN (CY_FLASH_ROW_SIZE)
                0x0001ff00                appl2_start = (appl1_start + ALIGN ((((LENGTH (rom) - appl1_start) - (0x2 * CY_FLASH_ROW_SIZE)) / 0x2), CY_FLASH_ROW_SIZE))
                0x00000000                appl_start = (CY_APPL_NUM == 0x1)?appl1_start:appl2_start
                0x00000000                ecc_offset = ((appl_start / CY_FLASH_ROW_SIZE) * CY_ECC_ROW_SIZE)
                0x00000000                ee_offset = (CY_APPL_LOADABLE && ! (CY_EE_IN_BTLDR))?((CY_EE_SIZE / CY_APPL_MAX) * (CY_APPL_NUM - 0x1)):0x0
                0x00000800                ee_size = (CY_APPL_LOADABLE && ! (CY_EE_IN_BTLDR))?(CY_EE_SIZE / CY_APPL_MAX):CY_EE_SIZE
                [!provide]                PROVIDE (CY_ECC_OFFSET, ecc_offset)

.text           0x00000000     0x40b0
 CREATE_OBJECT_SYMBOLS
                0x00000000                PROVIDE (__cy_interrupt_vector, RomVectors)
 *(.romvectors)
 .romvectors    0x00000000       0x10 .\ARM_GCC_541\Debug\Cm3Start.o
                0x00000000                RomVectors
                0x00000001                ASSERT ((. != __cy_interrupt_vector), No interrupt vector)
                0x00000001                ASSERT (CY_APPL_ORIGIN?(SIZEOF (.cybootloader) <= CY_APPL_ORIGIN):0x1, Wrong image location)
                0x00000010                PROVIDE (__cy_reset, Reset)
 *(.text.Reset)
 .text.Reset    0x00000010       0x18 .\ARM_GCC_541\Debug\Cm3Start.o
                0x00000010                Reset
                0x00000001                ASSERT ((. != __cy_reset), No reset code)
 *(.dma_init)
                0x00000001                ASSERT ((((appl_start + .) <= 0x10000) || 0x1), DMA Init must be within the first 64k of flash)
 *(.text .text.* .gnu.linkonce.t.*)
 .text          0x00000028       0x5c c:/program files (x86)/cypress/psoc creator/4.2/psoc creator/import/gnu/arm/5.4.1/bin/../lib/gcc/arm-none-eabi/5.4.1/armv7-m/crtbegin.o
 .text.main     0x00000084       0x94 .\ARM_GCC_541\Debug\main.o
                0x00000084                main
 .text.tempCalc
                0x00000118       0x48 .\ARM_GCC_541\Debug\main.o
                0x00000118                tempCalc
 .text.sendDataAsJson
                0x00000160       0x50 .\ARM_GCC_541\Debug\main.o
                0x00000160                sendDataAsJson
 .text.CYMEMZERO
                0x000001b0       0x1c .\ARM_GCC_541\Debug\cyfitter_cfg.o
 .text.CYCONFIGCPY
                0x000001cc       0x20 .\ARM_GCC_541\Debug\cyfitter_cfg.o
 .text.CyClockStartupError
                0x000001ec        0xc .\ARM_GCC_541\Debug\cyfitter_cfg.o
 .text.cfg_write_bytes32
                0x000001f8       0x74 .\ARM_GCC_541\Debug\cyfitter_cfg.o
 .text.ClockSetup
                0x0000026c      0x114 .\ARM_GCC_541\Debug\cyfitter_cfg.o
 .text.AnalogSetDefault
                0x00000380       0x44 .\ARM_GCC_541\Debug\cyfitter_cfg.o
 .text.cyfitter_cfg
                0x000003c4      0x180 .\ARM_GCC_541\Debug\cyfitter_cfg.o
                0x000003c4                cyfitter_cfg
 .text.IntDefaultHandler
                0x00000544       0x14 .\ARM_GCC_541\Debug\Cm3Start.o
                0x00000544                IntDefaultHandler
 .text._sbrk    0x00000558       0x54 .\ARM_GCC_541\Debug\Cm3Start.o
                0x00000558                _sbrk
 .text.Start_c  0x000005ac       0x98 .\ARM_GCC_541\Debug\Cm3Start.o
                0x000005ac                Start_c
 .text.initialize_psoc
                0x00000644       0x90 .\ARM_GCC_541\Debug\Cm3Start.o
                0x00000644                initialize_psoc
 .text.CyHalt   0x000006d4       0x18 .\ARM_GCC_541\Debug\GemmaQ_Assignment4_PSoC5Serial.a(CyLib.o)
                0x000006d4                CyHalt
 .text.CyIntSetVector
                0x000006ec       0x50 .\ARM_GCC_541\Debug\GemmaQ_Assignment4_PSoC5Serial.a(CyLib.o)
                0x000006ec                CyIntSetVector
 .text.CyIntSetPriority
                0x0000073c       0x48 .\ARM_GCC_541\Debug\GemmaQ_Assignment4_PSoC5Serial.a(CyLib.o)
                0x0000073c                CyIntSetPriority
 .text.UART_Start
                0x00000784       0x24 .\ARM_GCC_541\Debug\GemmaQ_Assignment4_PSoC5Serial.a(UART.o)
                0x00000784                UART_Start
 .text.UART_Init
                0x000007a8       0x40 .\ARM_GCC_541\Debug\GemmaQ_Assignment4_PSoC5Serial.a(UART.o)
                0x000007a8                UART_Init
 .text.UART_Enable
                0x000007e8       0x60 .\ARM_GCC_541\Debug\GemmaQ_Assignment4_PSoC5Serial.a(UART.o)
                0x000007e8                UART_Enable
 .text.UART_PutChar
                0x00000848       0x34 .\ARM_GCC_541\Debug\GemmaQ_Assignment4_PSoC5Serial.a(UART.o)
                0x00000848                UART_PutChar
 .text.UART_PutString
                0x0000087c       0x44 .\ARM_GCC_541\Debug\GemmaQ_Assignment4_PSoC5Serial.a(UART.o)
                0x0000087c                UART_PutString
 .text.I2C_Init
                0x000008c0       0xa0 .\ARM_GCC_541\Debug\GemmaQ_Assignment4_PSoC5Serial.a(I2C.o)
                0x000008c0                I2C_Init
 .text.I2C_Enable
                0x00000960       0x20 .\ARM_GCC_541\Debug\GemmaQ_Assignment4_PSoC5Serial.a(I2C.o)
                0x00000960                I2C_Enable
 .text.I2C_Start
                0x00000980       0x2c .\ARM_GCC_541\Debug\GemmaQ_Assignment4_PSoC5Serial.a(I2C.o)
                0x00000980                I2C_Start
 .text.I2C_ISR  0x000009ac      0x408 .\ARM_GCC_541\Debug\GemmaQ_Assignment4_PSoC5Serial.a(I2C_INT.o)
                0x000009ac                I2C_ISR
 .text.I2C_MasterSendStart
                0x00000db4       0xd8 .\ARM_GCC_541\Debug\GemmaQ_Assignment4_PSoC5Serial.a(I2C_MASTER.o)
                0x00000db4                I2C_MasterSendStart
 .text.I2C_MasterSendRestart
                0x00000e8c       0xbc .\ARM_GCC_541\Debug\GemmaQ_Assignment4_PSoC5Serial.a(I2C_MASTER.o)
                0x00000e8c                I2C_MasterSendRestart
 .text.I2C_MasterSendStop
                0x00000f48       0x70 .\ARM_GCC_541\Debug\GemmaQ_Assignment4_PSoC5Serial.a(I2C_MASTER.o)
                0x00000f48                I2C_MasterSendStop
 .text.I2C_MasterWriteByte
                0x00000fb8       0xa0 .\ARM_GCC_541\Debug\GemmaQ_Assignment4_PSoC5Serial.a(I2C_MASTER.o)
                0x00000fb8                I2C_MasterWriteByte
 .text.I2C_MasterReadByte
                0x00001058       0xb0 .\ARM_GCC_541\Debug\GemmaQ_Assignment4_PSoC5Serial.a(I2C_MASTER.o)
                0x00001058                I2C_MasterReadByte
 .text.I2C_MasterStatus
                0x00001108       0x4c .\ARM_GCC_541\Debug\GemmaQ_Assignment4_PSoC5Serial.a(I2C_MASTER.o)
                0x00001108                I2C_MasterStatus
 .text.UART_IntClock_Start
                0x00001154       0x34 .\ARM_GCC_541\Debug\GemmaQ_Assignment4_PSoC5Serial.a(UART_IntClock.o)
                0x00001154                UART_IntClock_Start
 .text          0x00001188       0x54 .\ARM_GCC_541\Debug\GemmaQ_Assignment4_PSoC5Serial.a(CyBootAsmGnu.o)
                0x00001188                CyDelayCycles
                0x000011c6                CyEnterCriticalSection
                0x000011ce                CyExitCriticalSection
 .text          0x000011dc      0x370 c:/program files (x86)/cypress/psoc creator/4.2/psoc creator/import/gnu/arm/5.4.1/bin/../lib/gcc/arm-none-eabi/5.4.1/armv7-m\libgcc.a(_arm_addsubdf3.o)
                0x000011dc                __aeabi_drsub
                0x000011e4                __aeabi_dsub
                0x000011e4                __subdf3
                0x000011e8                __aeabi_dadd
                0x000011e8                __adddf3
                0x00001460                __floatunsidf
                0x00001460                __aeabi_ui2d
                0x00001480                __floatsidf
                0x00001480                __aeabi_i2d
                0x000014a4                __aeabi_f2d
                0x000014a4                __extendsfdf2
                0x000014e0                __floatundidf
                0x000014e0                __aeabi_ul2d
                0x000014f0                __floatdidf
                0x000014f0                __aeabi_l2d
 .text          0x0000154c      0x21c c:/program files (x86)/cypress/psoc creator/4.2/psoc creator/import/gnu/arm/5.4.1/bin/../lib/gcc/arm-none-eabi/5.4.1/armv7-m\libgcc.a(_arm_addsubsf3.o)
                0x0000154c                __aeabi_frsub
                0x00001554                __subsf3
                0x00001554                __aeabi_fsub
                0x00001558                __aeabi_fadd
                0x00001558                __addsf3
                0x000016b8                __aeabi_ui2f
                0x000016b8                __floatunsisf
                0x000016c0                __aeabi_i2f
                0x000016c0                __floatsisf
                0x000016dc                __aeabi_ul2f
                0x000016dc                __floatundisf
                0x000016ec                __aeabi_l2f
                0x000016ec                __floatdisf
 .text          0x00001768      0x2a0 c:/program files (x86)/cypress/psoc creator/4.2/psoc creator/import/gnu/arm/5.4.1/bin/../lib/gcc/arm-none-eabi/5.4.1/armv7-m\libgcc.a(_arm_muldivsf3.o)
                0x00001768                __mulsf3
                0x00001768                __aeabi_fmul
                0x000018d0                __aeabi_fdiv
                0x000018d0                __divsf3
 .text          0x00001a08       0x4c c:/program files (x86)/cypress/psoc creator/4.2/psoc creator/import/gnu/arm/5.4.1/bin/../lib/gcc/arm-none-eabi/5.4.1/armv7-m\libgcc.a(_arm_fixsfsi.o)
                0x00001a08                __aeabi_f2iz
                0x00001a08                __fixsfsi
 .text.__errno  0x00001a54        0xc c:/program files (x86)/cypress/psoc creator/4.2/psoc creator/import/gnu/arm/5.4.1/bin/../lib/gcc/arm-none-eabi/5.4.1/../../../../arm-none-eabi/lib/armv7-m\libg_nano.a(lib_a-errno.o)
                0x00001a54                __errno
 .text.__libc_init_array
                0x00001a60       0x4c c:/program files (x86)/cypress/psoc creator/4.2/psoc creator/import/gnu/arm/5.4.1/bin/../lib/gcc/arm-none-eabi/5.4.1/../../../../arm-none-eabi/lib/armv7-m\libg_nano.a(lib_a-init.o)
                0x00001a60                __libc_init_array
 .text.memcpy   0x00001aac       0x16 c:/program files (x86)/cypress/psoc creator/4.2/psoc creator/import/gnu/arm/5.4.1/bin/../lib/gcc/arm-none-eabi/5.4.1/../../../../arm-none-eabi/lib/armv7-m\libg_nano.a(lib_a-memcpy-stub.o)
                0x00001aac                memcpy
 .text.memset   0x00001ac2       0x10 c:/program files (x86)/cypress/psoc creator/4.2/psoc creator/import/gnu/arm/5.4.1/bin/../lib/gcc/arm-none-eabi/5.4.1/../../../../arm-none-eabi/lib/armv7-m\libg_nano.a(lib_a-memset.o)
                0x00001ac2                memset
 .text.__cvt    0x00001ad2       0xc0 c:/program files (x86)/cypress/psoc creator/4.2/psoc creator/import/gnu/arm/5.4.1/bin/../lib/gcc/arm-none-eabi/5.4.1/../../../../arm-none-eabi/lib/armv7-m\libg_nano.a(lib_a-nano-vfprintf_float.o)
                0x00001ad2                __cvt
 .text.__exponent
                0x00001b92       0x62 c:/program files (x86)/cypress/psoc creator/4.2/psoc creator/import/gnu/arm/5.4.1/bin/../lib/gcc/arm-none-eabi/5.4.1/../../../../arm-none-eabi/lib/armv7-m\libg_nano.a(lib_a-nano-vfprintf_float.o)
                0x00001b92                __exponent
 .text._printf_float
                0x00001bf4      0x488 c:/program files (x86)/cypress/psoc creator/4.2/psoc creator/import/gnu/arm/5.4.1/bin/../lib/gcc/arm-none-eabi/5.4.1/../../../../arm-none-eabi/lib/armv7-m\libg_nano.a(lib_a-nano-vfprintf_float.o)
                0x00001bf4                _printf_float
 .text._printf_common
                0x0000207c       0xec c:/program files (x86)/cypress/psoc creator/4.2/psoc creator/import/gnu/arm/5.4.1/bin/../lib/gcc/arm-none-eabi/5.4.1/../../../../arm-none-eabi/lib/armv7-m\libg_nano.a(lib_a-nano-vfprintf_i.o)
                0x0000207c                _printf_common
 .text._printf_i
                0x00002168      0x24c c:/program files (x86)/cypress/psoc creator/4.2/psoc creator/import/gnu/arm/5.4.1/bin/../lib/gcc/arm-none-eabi/5.4.1/../../../../arm-none-eabi/lib/armv7-m\libg_nano.a(lib_a-nano-vfprintf_i.o)
                0x00002168                _printf_i
 .text.sprintf  0x000023b4       0x48 c:/program files (x86)/cypress/psoc creator/4.2/psoc creator/import/gnu/arm/5.4.1/bin/../lib/gcc/arm-none-eabi/5.4.1/../../../../arm-none-eabi/lib/armv7-m\libg_nano.a(lib_a-sprintf.o)
                0x000023b4                siprintf
                0x000023b4                sprintf
 .text          0x000023fc       0x10 c:/program files (x86)/cypress/psoc creator/4.2/psoc creator/import/gnu/arm/5.4.1/bin/../lib/gcc/arm-none-eabi/5.4.1/../../../../arm-none-eabi/lib/armv7-m\libg_nano.a(lib_a-strlen.o)
                0x000023fc                strlen
 .text.quorem   0x0000240c      0x116 c:/program files (x86)/cypress/psoc creator/4.2/psoc creator/import/gnu/arm/5.4.1/bin/../lib/gcc/arm-none-eabi/5.4.1/../../../../arm-none-eabi/lib/armv7-m\libg_nano.a(lib_a-dtoa.o)
 *fill*         0x00002522        0x6 
 .text._dtoa_r  0x00002528      0xb30 c:/program files (x86)/cypress/psoc creator/4.2/psoc creator/import/gnu/arm/5.4.1/bin/../lib/gcc/arm-none-eabi/5.4.1/../../../../arm-none-eabi/lib/armv7-m\libg_nano.a(lib_a-dtoa.o)
                0x00002528                _dtoa_r
 .text._localeconv_r
                0x00003058        0x8 c:/program files (x86)/cypress/psoc creator/4.2/psoc creator/import/gnu/arm/5.4.1/bin/../lib/gcc/arm-none-eabi/5.4.1/../../../../arm-none-eabi/lib/armv7-m\libg_nano.a(lib_a-locale.o)
                0x00003058                _localeconv_r
 .text.malloc   0x00003060       0x10 c:/program files (x86)/cypress/psoc creator/4.2/psoc creator/import/gnu/arm/5.4.1/bin/../lib/gcc/arm-none-eabi/5.4.1/../../../../arm-none-eabi/lib/armv7-m\libg_nano.a(lib_a-malloc.o)
                0x00003060                malloc
 .text.memchr   0x00003070       0x1c c:/program files (x86)/cypress/psoc creator/4.2/psoc creator/import/gnu/arm/5.4.1/bin/../lib/gcc/arm-none-eabi/5.4.1/../../../../arm-none-eabi/lib/armv7-m\libg_nano.a(lib_a-memchr-stub.o)
                0x00003070                memchr
 .text._Balloc  0x0000308c       0x6a c:/program files (x86)/cypress/psoc creator/4.2/psoc creator/import/gnu/arm/5.4.1/bin/../lib/gcc/arm-none-eabi/5.4.1/../../../../arm-none-eabi/lib/armv7-m\libg_nano.a(lib_a-mprec.o)
                0x0000308c                _Balloc
 .text._Bfree   0x000030f6       0x2e c:/program files (x86)/cypress/psoc creator/4.2/psoc creator/import/gnu/arm/5.4.1/bin/../lib/gcc/arm-none-eabi/5.4.1/../../../../arm-none-eabi/lib/armv7-m\libg_nano.a(lib_a-mprec.o)
                0x000030f6                _Bfree
 .text.__multadd
                0x00003124       0x76 c:/program files (x86)/cypress/psoc creator/4.2/psoc creator/import/gnu/arm/5.4.1/bin/../lib/gcc/arm-none-eabi/5.4.1/../../../../arm-none-eabi/lib/armv7-m\libg_nano.a(lib_a-mprec.o)
                0x00003124                __multadd
 .text.__hi0bits
                0x0000319a       0x40 c:/program files (x86)/cypress/psoc creator/4.2/psoc creator/import/gnu/arm/5.4.1/bin/../lib/gcc/arm-none-eabi/5.4.1/../../../../arm-none-eabi/lib/armv7-m\libg_nano.a(lib_a-mprec.o)
                0x0000319a                __hi0bits
 .text.__lo0bits
                0x000031da       0x5a c:/program files (x86)/cypress/psoc creator/4.2/psoc creator/import/gnu/arm/5.4.1/bin/../lib/gcc/arm-none-eabi/5.4.1/../../../../arm-none-eabi/lib/armv7-m\libg_nano.a(lib_a-mprec.o)
                0x000031da                __lo0bits
 .text.__i2b    0x00003234       0x12 c:/program files (x86)/cypress/psoc creator/4.2/psoc creator/import/gnu/arm/5.4.1/bin/../lib/gcc/arm-none-eabi/5.4.1/../../../../arm-none-eabi/lib/armv7-m\libg_nano.a(lib_a-mprec.o)
                0x00003234                __i2b
 .text.__multiply
                0x00003246      0x120 c:/program files (x86)/cypress/psoc creator/4.2/psoc creator/import/gnu/arm/5.4.1/bin/../lib/gcc/arm-none-eabi/5.4.1/../../../../arm-none-eabi/lib/armv7-m\libg_nano.a(lib_a-mprec.o)
                0x00003246                __multiply
 *fill*         0x00003366        0x2 
 .text.__pow5mult
                0x00003368       0x9c c:/program files (x86)/cypress/psoc creator/4.2/psoc creator/import/gnu/arm/5.4.1/bin/../lib/gcc/arm-none-eabi/5.4.1/../../../../arm-none-eabi/lib/armv7-m\libg_nano.a(lib_a-mprec.o)
                0x00003368                __pow5mult
 .text.__lshift
                0x00003404       0xa2 c:/program files (x86)/cypress/psoc creator/4.2/psoc creator/import/gnu/arm/5.4.1/bin/../lib/gcc/arm-none-eabi/5.4.1/../../../../arm-none-eabi/lib/armv7-m\libg_nano.a(lib_a-mprec.o)
                0x00003404                __lshift
 .text.__mcmp   0x000034a6       0x38 c:/program files (x86)/cypress/psoc creator/4.2/psoc creator/import/gnu/arm/5.4.1/bin/../lib/gcc/arm-none-eabi/5.4.1/../../../../arm-none-eabi/lib/armv7-m\libg_nano.a(lib_a-mprec.o)
                0x000034a6                __mcmp
 .text.__mdiff  0x000034de       0xbe c:/program files (x86)/cypress/psoc creator/4.2/psoc creator/import/gnu/arm/5.4.1/bin/../lib/gcc/arm-none-eabi/5.4.1/../../../../arm-none-eabi/lib/armv7-m\libg_nano.a(lib_a-mprec.o)
                0x000034de                __mdiff
 .text.__d2b    0x0000359c       0x9c c:/program files (x86)/cypress/psoc creator/4.2/psoc creator/import/gnu/arm/5.4.1/bin/../lib/gcc/arm-none-eabi/5.4.1/../../../../arm-none-eabi/lib/armv7-m\libg_nano.a(lib_a-mprec.o)
                0x0000359c                __d2b
 .text._calloc_r
                0x00003638       0x1c c:/program files (x86)/cypress/psoc creator/4.2/psoc creator/import/gnu/arm/5.4.1/bin/../lib/gcc/arm-none-eabi/5.4.1/../../../../arm-none-eabi/lib/armv7-m\libg_nano.a(lib_a-nano-callocr.o)
                0x00003638                _calloc_r
 .text._free_r  0x00003654       0x98 c:/program files (x86)/cypress/psoc creator/4.2/psoc creator/import/gnu/arm/5.4.1/bin/../lib/gcc/arm-none-eabi/5.4.1/../../../../arm-none-eabi/lib/armv7-m\libg_nano.a(lib_a-nano-freer.o)
                0x00003654                _free_r
 .text._malloc_r
                0x000036ec       0xbc c:/program files (x86)/cypress/psoc creator/4.2/psoc creator/import/gnu/arm/5.4.1/bin/../lib/gcc/arm-none-eabi/5.4.1/../../../../arm-none-eabi/lib/armv7-m\libg_nano.a(lib_a-nano-mallocr.o)
                0x000036ec                _malloc_r
 .text.__ssputs_r
                0x000037a8       0xb2 c:/program files (x86)/cypress/psoc creator/4.2/psoc creator/import/gnu/arm/5.4.1/bin/../lib/gcc/arm-none-eabi/5.4.1/../../../../arm-none-eabi/lib/armv7-m\libg_nano.a(lib_a-nano-svfprintf.o)
                0x000037a8                __ssputs_r
 *fill*         0x0000385a        0x2 
 .text._svfprintf_r
                0x0000385c      0x1e8 c:/program files (x86)/cypress/psoc creator/4.2/psoc creator/import/gnu/arm/5.4.1/bin/../lib/gcc/arm-none-eabi/5.4.1/../../../../arm-none-eabi/lib/armv7-m\libg_nano.a(lib_a-nano-svfprintf.o)
                0x0000385c                _svfiprintf_r
                0x0000385c                _svfprintf_r
 .text._sbrk_r  0x00003a44       0x20 c:/program files (x86)/cypress/psoc creator/4.2/psoc creator/import/gnu/arm/5.4.1/bin/../lib/gcc/arm-none-eabi/5.4.1/../../../../arm-none-eabi/lib/armv7-m\libg_nano.a(lib_a-sbrkr.o)
                0x00003a44                _sbrk_r
 .text.memmove  0x00003a64       0x36 c:/program files (x86)/cypress/psoc creator/4.2/psoc creator/import/gnu/arm/5.4.1/bin/../lib/gcc/arm-none-eabi/5.4.1/../../../../arm-none-eabi/lib/armv7-m\libg_nano.a(lib_a-memmove.o)
                0x00003a64                memmove
 .text.__malloc_lock
                0x00003a9a        0x2 c:/program files (x86)/cypress/psoc creator/4.2/psoc creator/import/gnu/arm/5.4.1/bin/../lib/gcc/arm-none-eabi/5.4.1/../../../../arm-none-eabi/lib/armv7-m\libg_nano.a(lib_a-mlock.o)
                0x00003a9a                __malloc_lock
 .text.__malloc_unlock
                0x00003a9c        0x2 c:/program files (x86)/cypress/psoc creator/4.2/psoc creator/import/gnu/arm/5.4.1/bin/../lib/gcc/arm-none-eabi/5.4.1/../../../../arm-none-eabi/lib/armv7-m\libg_nano.a(lib_a-mlock.o)
                0x00003a9c                __malloc_unlock
 .text._realloc_r
                0x00003a9e       0x4c c:/program files (x86)/cypress/psoc creator/4.2/psoc creator/import/gnu/arm/5.4.1/bin/../lib/gcc/arm-none-eabi/5.4.1/../../../../arm-none-eabi/lib/armv7-m\libg_nano.a(lib_a-nano-reallocr.o)
                0x00003a9e                _realloc_r
 .text._malloc_usable_size_r
                0x00003aea       0x14 c:/program files (x86)/cypress/psoc creator/4.2/psoc creator/import/gnu/arm/5.4.1/bin/../lib/gcc/arm-none-eabi/5.4.1/../../../../arm-none-eabi/lib/armv7-m\libg_nano.a(lib_a-nano-msizer.o)
                0x00003aea                _malloc_usable_size_r
 *fill*         0x00003afe        0x2 
 .text          0x00003b00      0x424 c:/program files (x86)/cypress/psoc creator/4.2/psoc creator/import/gnu/arm/5.4.1/bin/../lib/gcc/arm-none-eabi/5.4.1/armv7-m\libgcc.a(_arm_muldivdf3.o)
                0x00003b00                __aeabi_dmul
                0x00003b00                __muldf3
                0x00003d54                __divdf3
                0x00003d54                __aeabi_ddiv
 .text          0x00003f24      0x110 c:/program files (x86)/cypress/psoc creator/4.2/psoc creator/import/gnu/arm/5.4.1/bin/../lib/gcc/arm-none-eabi/5.4.1/armv7-m\libgcc.a(_arm_cmpdf2.o)
                0x00003f24                __gtdf2
                0x00003f24                __gedf2
                0x00003f2c                __ltdf2
                0x00003f2c                __ledf2
                0x00003f34                __nedf2
                0x00003f34                __eqdf2
                0x00003f34                __cmpdf2
                0x00003fb0                __aeabi_cdrcmple
                0x00003fc0                __aeabi_cdcmpeq
                0x00003fc0                __aeabi_cdcmple
                0x00003fd0                __aeabi_dcmpeq
                0x00003fe4                __aeabi_dcmplt
                0x00003ff8                __aeabi_dcmple
                0x0000400c                __aeabi_dcmpge
                0x00004020                __aeabi_dcmpgt
 .text          0x00004034       0x2c c:/program files (x86)/cypress/psoc creator/4.2/psoc creator/import/gnu/arm/5.4.1/bin/../lib/gcc/arm-none-eabi/5.4.1/armv7-m\libgcc.a(_arm_unorddf2.o)
                0x00004034                __unorddf2
                0x00004034                __aeabi_dcmpun
 .text          0x00004060       0x50 c:/program files (x86)/cypress/psoc creator/4.2/psoc creator/import/gnu/arm/5.4.1/bin/../lib/gcc/arm-none-eabi/5.4.1/armv7-m\libgcc.a(_arm_fixdfsi.o)
                0x00004060                __aeabi_d2iz
                0x00004060                __fixdfsi
 *(.plt)
 *(.gnu.warning)
 *(.glue_7t)
 .glue_7t       0x000040b0        0x0 linker stubs
 *(.glue_7)
 .glue_7        0x000040b0        0x0 linker stubs
 *(.vfp11_veneer)
 .vfp11_veneer  0x000040b0        0x0 linker stubs
 *(.bootloader)
 *(.ARM.extab* .gnu.linkonce.armextab.*)
 *(.gcc_except_table)

.v4_bx          0x000040b0        0x0
 .v4_bx         0x000040b0        0x0 linker stubs

.iplt           0x000040b0        0x0
 .iplt          0x000040b0        0x0 c:/program files (x86)/cypress/psoc creator/4.2/psoc creator/import/gnu/arm/5.4.1/bin/../lib/gcc/arm-none-eabi/5.4.1/armv7-m/crtbegin.o

.eh_frame_hdr
 *(.eh_frame_hdr)

.eh_frame       0x000040b0        0x4
 *(.eh_frame)
 .eh_frame      0x000040b0        0x0 c:/program files (x86)/cypress/psoc creator/4.2/psoc creator/import/gnu/arm/5.4.1/bin/../lib/gcc/arm-none-eabi/5.4.1/armv7-m/crtbegin.o
 .eh_frame      0x000040b0        0x4 c:/program files (x86)/cypress/psoc creator/4.2/psoc creator/import/gnu/arm/5.4.1/bin/../lib/gcc/arm-none-eabi/5.4.1/armv7-m/crtend.o
                [!provide]                PROVIDE (__exidx_start, .)

.ARM.exidx
 *(.ARM.exidx* .gnu.linkonce.armexidx.*)
                0x000040b4                __exidx_end = .

.rodata         0x000040b8      0x210
 *(.rodata .rodata.* .gnu.linkonce.r.*)
 .rodata        0x000040b8       0x3f .\ARM_GCC_541\Debug\main.o
 *fill*         0x000040f7        0x1 
 .rodata        0x000040f8       0x36 .\ARM_GCC_541\Debug\cyfitter_cfg.o
 .rodata.str1.1
                0x0000412e        0x2 c:/program files (x86)/cypress/psoc creator/4.2/psoc creator/import/gnu/arm/5.4.1/bin/../lib/gcc/arm-none-eabi/5.4.1/../../../../arm-none-eabi/lib/armv7-m\libg_nano.a(lib_a-impure.o)
 .rodata.str1.1
                0x00004130       0x12 c:/program files (x86)/cypress/psoc creator/4.2/psoc creator/import/gnu/arm/5.4.1/bin/../lib/gcc/arm-none-eabi/5.4.1/../../../../arm-none-eabi/lib/armv7-m\libg_nano.a(lib_a-nano-vfprintf_float.o)
 .rodata.str1.1
                0x00004142       0x22 c:/program files (x86)/cypress/psoc creator/4.2/psoc creator/import/gnu/arm/5.4.1/bin/../lib/gcc/arm-none-eabi/5.4.1/../../../../arm-none-eabi/lib/armv7-m\libg_nano.a(lib_a-nano-vfprintf_i.o)
 .rodata.str1.1
                0x00004164        0xd c:/program files (x86)/cypress/psoc creator/4.2/psoc creator/import/gnu/arm/5.4.1/bin/../lib/gcc/arm-none-eabi/5.4.1/../../../../arm-none-eabi/lib/armv7-m\libg_nano.a(lib_a-dtoa.o)
                                  0xf (size before relaxing)
 .rodata.str1.1
                0x00004171        0x8 c:/program files (x86)/cypress/psoc creator/4.2/psoc creator/import/gnu/arm/5.4.1/bin/../lib/gcc/arm-none-eabi/5.4.1/../../../../arm-none-eabi/lib/armv7-m\libg_nano.a(lib_a-locale.o)
                                  0xb (size before relaxing)
 *fill*         0x00004179        0x7 
 .rodata.__mprec_tens
                0x00004180       0xc8 c:/program files (x86)/cypress/psoc creator/4.2/psoc creator/import/gnu/arm/5.4.1/bin/../lib/gcc/arm-none-eabi/5.4.1/../../../../arm-none-eabi/lib/armv7-m\libg_nano.a(lib_a-mprec.o)
                0x00004180                __mprec_tens
 .rodata.p05.5408
                0x00004248        0xc c:/program files (x86)/cypress/psoc creator/4.2/psoc creator/import/gnu/arm/5.4.1/bin/../lib/gcc/arm-none-eabi/5.4.1/../../../../arm-none-eabi/lib/armv7-m\libg_nano.a(lib_a-mprec.o)
 *fill*         0x00004254        0x4 
 .rodata.__mprec_bigtens
                0x00004258       0x28 c:/program files (x86)/cypress/psoc creator/4.2/psoc creator/import/gnu/arm/5.4.1/bin/../lib/gcc/arm-none-eabi/5.4.1/../../../../arm-none-eabi/lib/armv7-m\libg_nano.a(lib_a-mprec.o)
                0x00004258                __mprec_bigtens
 .rodata.str1.1
                0x00004280       0x11 c:/program files (x86)/cypress/psoc creator/4.2/psoc creator/import/gnu/arm/5.4.1/bin/../lib/gcc/arm-none-eabi/5.4.1/../../../../arm-none-eabi/lib/armv7-m\libg_nano.a(lib_a-nano-svfprintf.o)
                0x00004294                . = ALIGN (0x4)
 *fill*         0x00004291        0x3 
 *(.init)
 .init          0x00004294        0x4 c:/program files (x86)/cypress/psoc creator/4.2/psoc creator/import/gnu/arm/5.4.1/bin/../lib/gcc/arm-none-eabi/5.4.1/armv7-m/crti.o
                0x00004294                _init
 .init          0x00004298        0x8 c:/program files (x86)/cypress/psoc creator/4.2/psoc creator/import/gnu/arm/5.4.1/bin/../lib/gcc/arm-none-eabi/5.4.1/armv7-m/crtn.o
                0x000042a0                . = ALIGN (0x4)
                0x000042a0                __preinit_array_start = .
 *(.preinit_array)
                0x000042a0                __preinit_array_end = .
                0x000042a0                . = ALIGN (0x4)
                0x000042a0                __init_array_start = .
 *(SORT(.init_array.*))
 *(.init_array)
 .init_array    0x000042a0        0x4 c:/program files (x86)/cypress/psoc creator/4.2/psoc creator/import/gnu/arm/5.4.1/bin/../lib/gcc/arm-none-eabi/5.4.1/armv7-m/crtbegin.o
 .init_array    0x000042a4        0x4 .\ARM_GCC_541\Debug\Cm3Start.o
                0x000042a8                __init_array_end = .
                0x000042a8                . = ALIGN (0x4)
 *(.fini)
 .fini          0x000042a8        0x4 c:/program files (x86)/cypress/psoc creator/4.2/psoc creator/import/gnu/arm/5.4.1/bin/../lib/gcc/arm-none-eabi/5.4.1/armv7-m/crti.o
                0x000042a8                _fini
 .fini          0x000042ac        0x8 c:/program files (x86)/cypress/psoc creator/4.2/psoc creator/import/gnu/arm/5.4.1/bin/../lib/gcc/arm-none-eabi/5.4.1/armv7-m/crtn.o
                0x000042b4                . = ALIGN (0x4)
                0x000042b4                __fini_array_start = .
 *(.fini_array)
 .fini_array    0x000042b4        0x4 c:/program files (x86)/cypress/psoc creator/4.2/psoc creator/import/gnu/arm/5.4.1/bin/../lib/gcc/arm-none-eabi/5.4.1/armv7-m/crtbegin.o
 *(SORT(.fini_array.*))
                0x000042b8                __fini_array_end = .
                0x000042b8                . = ALIGN (0x4)
 *crtbegin.o(.ctors)
 *(EXCLUDE_FILE(*crtend.o) .ctors)
 *(SORT(.ctors.*))
 *crtend.o(.ctors)
                0x000042b8                . = ALIGN (0x4)
 *crtbegin.o(.dtors)
 *(EXCLUDE_FILE(*crtend.o) .dtors)
 *(SORT(.dtors.*))
 *crtend.o(.dtors)
                0x000042b8                . = ALIGN (0x4)
                0x000042b8                __cy_regions = .
                0x000042b8        0x4 LONG 0x42c8 __cy_region_init_ram
                0x000042bc        0x4 LONG 0x1fff80c8 __cy_region_start_data
                0x000042c0        0x4 LONG 0xa8 __cy_region_init_size_ram
                0x000042c4        0x4 LONG 0x60 __cy_region_zero_size_ram
                0x000042c8                __cy_regions_end = .
                0x000042c8                . = ALIGN (0x8)
                0x000042c8                _etext = .

.cy_checksum_exclude
                0x000042c8        0x0
 *(.cy_checksum_exclude)

.ramvectors     0x1fff8000       0xc0
                0x1fff8000                __cy_region_start_ram = .
 *(.ramvectors)
 .ramvectors    0x1fff8000       0xc0 .\ARM_GCC_541\Debug\Cm3Start.o
                0x1fff8000                CyRamVectors

.noinit         0x1fff80c0        0x5
 *(.noinit)
 .noinit        0x1fff80c0        0x4 .\ARM_GCC_541\Debug\Cm3Start.o
 .noinit        0x1fff80c4        0x1 .\ARM_GCC_541\Debug\GemmaQ_Assignment4_PSoC5Serial.a(CyLib.o)
                0x1fff80c4                CyResetStatus

.data           0x1fff80c8       0xa8 load address 0x000042c8
                0x1fff80c8                __cy_region_start_data = .
 *(.jcr)
 .jcr           0x1fff80c8        0x0 c:/program files (x86)/cypress/psoc creator/4.2/psoc creator/import/gnu/arm/5.4.1/bin/../lib/gcc/arm-none-eabi/5.4.1/armv7-m/crtbegin.o
 .jcr           0x1fff80c8        0x4 c:/program files (x86)/cypress/psoc creator/4.2/psoc creator/import/gnu/arm/5.4.1/bin/../lib/gcc/arm-none-eabi/5.4.1/armv7-m/crtend.o
 *(.got.plt)
 *(.got)
 *(.shdata)
 *(.data .data.* .gnu.linkonce.d.*)
 .data          0x1fff80cc        0x4 .\ARM_GCC_541\Debug\Cm3Start.o
 .data.impure_data
                0x1fff80d0       0x60 c:/program files (x86)/cypress/psoc creator/4.2/psoc creator/import/gnu/arm/5.4.1/bin/../lib/gcc/arm-none-eabi/5.4.1/../../../../arm-none-eabi/lib/armv7-m\libg_nano.a(lib_a-impure.o)
 .data._impure_ptr
                0x1fff8130        0x4 c:/program files (x86)/cypress/psoc creator/4.2/psoc creator/import/gnu/arm/5.4.1/bin/../lib/gcc/arm-none-eabi/5.4.1/../../../../arm-none-eabi/lib/armv7-m\libg_nano.a(lib_a-impure.o)
                0x1fff8130                _impure_ptr
 .data.lconv    0x1fff8134       0x38 c:/program files (x86)/cypress/psoc creator/4.2/psoc creator/import/gnu/arm/5.4.1/bin/../lib/gcc/arm-none-eabi/5.4.1/../../../../arm-none-eabi/lib/armv7-m\libg_nano.a(lib_a-locale.o)
                0x1fff8170                . = ALIGN (0x8)
 *fill*         0x1fff816c        0x4 
 *(.ram)
                0x1fff8170                _edata = .

.igot.plt       0x1fff8170        0x0 load address 0x00004370
 .igot.plt      0x1fff8170        0x0 c:/program files (x86)/cypress/psoc creator/4.2/psoc creator/import/gnu/arm/5.4.1/bin/../lib/gcc/arm-none-eabi/5.4.1/armv7-m/crtbegin.o

.bss            0x1fff8170       0x60 load address 0x00004370
                0x1fff8170                PROVIDE (__bss_start__, .)
 *(.shbss)
 *(.bss .bss.* .gnu.linkonce.b.*)
 .bss           0x1fff8170       0x1c c:/program files (x86)/cypress/psoc creator/4.2/psoc creator/import/gnu/arm/5.4.1/bin/../lib/gcc/arm-none-eabi/5.4.1/armv7-m/crtbegin.o
 .bss           0x1fff818c       0x18 .\ARM_GCC_541\Debug\main.o
                0x1fff818c                new_data
                0x1fff8190                Vout_sum
                0x1fff8194                n
                0x1fff8198                Vout_sum_isr
                0x1fff819c                n_isr
                0x1fff81a0                temp
 .bss           0x1fff81a4        0x2 .\ARM_GCC_541\Debug\GemmaQ_Assignment4_PSoC5Serial.a(UART.o)
                0x1fff81a4                UART_initVar
 .bss           0x1fff81a6        0x1 .\ARM_GCC_541\Debug\GemmaQ_Assignment4_PSoC5Serial.a(I2C.o)
                0x1fff81a6                I2C_initVar
 *fill*         0x1fff81a7        0x1 
 .bss.__malloc_sbrk_start
                0x1fff81a8        0x4 c:/program files (x86)/cypress/psoc creator/4.2/psoc creator/import/gnu/arm/5.4.1/bin/../lib/gcc/arm-none-eabi/5.4.1/../../../../arm-none-eabi/lib/armv7-m\libg_nano.a(lib_a-nano-mallocr.o)
                0x1fff81a8                __malloc_sbrk_start
 .bss.__malloc_free_list
                0x1fff81ac        0x4 c:/program files (x86)/cypress/psoc creator/4.2/psoc creator/import/gnu/arm/5.4.1/bin/../lib/gcc/arm-none-eabi/5.4.1/../../../../arm-none-eabi/lib/armv7-m\libg_nano.a(lib_a-nano-mallocr.o)
                0x1fff81ac                __malloc_free_list
 *(COMMON)
 COMMON         0x1fff81b0        0x4 .\ARM_GCC_541\Debug\main.o
                0x1fff81b0                Vout_average
 COMMON         0x1fff81b4        0x1 .\ARM_GCC_541\Debug\GemmaQ_Assignment4_PSoC5Serial.a(I2C.o)
                0x1fff81b4                I2C_state
 *fill*         0x1fff81b5        0x3 
 COMMON         0x1fff81b8       0x10 .\ARM_GCC_541\Debug\GemmaQ_Assignment4_PSoC5Serial.a(I2C_MASTER.o)
                0x1fff81b8                I2C_mstrWrBufIndex
                0x1fff81b9                I2C_mstrWrBufSize
                0x1fff81ba                I2C_mstrStatus
                0x1fff81bc                I2C_mstrRdBufPtr
                0x1fff81c0                I2C_mstrControl
                0x1fff81c1                I2C_mstrRdBufSize
                0x1fff81c2                I2C_mstrRdBufIndex
                0x1fff81c4                I2C_mstrWrBufPtr
 COMMON         0x1fff81c8        0x4 c:/program files (x86)/cypress/psoc creator/4.2/psoc creator/import/gnu/arm/5.4.1/bin/../lib/gcc/arm-none-eabi/5.4.1/../../../../arm-none-eabi/lib/armv7-m\libg_nano.a(lib_a-reent.o)
                0x1fff81c8                errno
                0x1fff81d0                . = ALIGN (0x8)
 *fill*         0x1fff81cc        0x4 
 *(.ram.b)
                0x1fff81d0                _end = .
                0x1fff81d0                __end = .
                0x1fff81d0                PROVIDE (end, .)
                0x1fff81d0                PROVIDE (__bss_end__, .)
                0x000042c8                __cy_region_init_ram = LOADADDR (.data)
                0x000000a8                __cy_region_init_size_ram = (_edata - ADDR (.data))
                0x00000060                __cy_region_zero_size_ram = (_end - _edata)

.heap           0x1fff81d0      0x800 load address 0x00004370
                0x1fff81d0                . = _end
                0x1fff89d0                . = (. + 0x800)
 *fill*         0x1fff81d0      0x800 
                0x1fff89d0                __cy_heap_limit = .

.stack          0x20007800      0x800
                0x20007800                __cy_stack_limit = .
                0x20008000                . = (. + 0x800)
 *fill*         0x20007800      0x800 
                0x00000001                ASSERT ((__cy_stack_limit >= __cy_heap_limit), region RAM overflowed with stack)
                0x00000000                cy_checksum_exclude_size = (CY_APPL_LOADABLE == 0x1)?SIZEOF (.cy_checksum_exclude):0x0
                0x00000001                ASSERT ((cy_checksum_exclude_size <= CY_CHECKSUM_EXCLUDE_SIZE), CY_BOOT: Section .cy_checksum_exclude size exceedes specified limit.)

.cyloadermeta
 *(.cyloadermeta)

.cyloadablemeta
 *(.cyloadablemeta)

.cyconfigecc    0x80000000      0xa54
 *(.cyconfigecc)
 .cyconfigecc   0x80000000      0xa54 .\ARM_GCC_541\Debug\cymetadata.o
                0x80000000                cy_meta_configecc

.cycustnvl      0x90000000        0x4
 *(.cycustnvl)
 .cycustnvl     0x90000000        0x4 .\ARM_GCC_541\Debug\cymetadata.o
                0x90000000                cy_meta_custnvl

.cywolatch      0x90100000        0x4
 *(.cywolatch)
 .cywolatch     0x90100000        0x4 .\ARM_GCC_541\Debug\cymetadata.o
                0x90100000                cy_meta_wonvl

.cyeeprom       0x90200000        0x0
 *(.cyeeprom)
                0x00000001                ASSERT ((. <= ((0x90200000 + ee_offset) + ee_size)), .cyeeprom data will not fit in EEPROM)

.cyflashprotect
                0x90400000      0x100
 *(.cyflashprotect)
 .cyflashprotect
                0x90400000      0x100 .\ARM_GCC_541\Debug\cymetadata.o
                0x90400000                cy_meta_flashprotect

.cymeta         0x90500000        0xc
 *(.cymeta)
 .cymeta        0x90500000        0xc .\ARM_GCC_541\Debug\cymetadata.o
                0x90500000                cy_metadata

.rel.dyn        0x00004370        0x0 load address 0x9050000c
 .rel.iplt      0x00004370        0x0 c:/program files (x86)/cypress/psoc creator/4.2/psoc creator/import/gnu/arm/5.4.1/bin/../lib/gcc/arm-none-eabi/5.4.1/armv7-m/crtbegin.o

.stab
 *(.stab)

.stabstr
 *(.stabstr)

.debug
 *(.debug)

.line
 *(.line)

.debug_srcinfo
 *(.debug_srcinfo)

.debug_sfnames
 *(.debug_sfnames)

.debug_aranges  0x00000000      0x798
 *(.debug_aranges)
 .debug_aranges
                0x00000000       0x40 .\ARM_GCC_541\Debug\main.o
 .debug_aranges
                0x00000040       0x60 .\ARM_GCC_541\Debug\cyfitter_cfg.o
 .debug_aranges
                0x000000a0       0x18 .\ARM_GCC_541\Debug\cymetadata.o
 .debug_aranges
                0x000000b8       0x48 .\ARM_GCC_541\Debug\Cm3Start.o
 .debug_aranges
                0x00000100      0x2a0 .\ARM_GCC_541\Debug\GemmaQ_Assignment4_PSoC5Serial.a(CyLib.o)
 .debug_aranges
                0x000003a0       0x98 .\ARM_GCC_541\Debug\GemmaQ_Assignment4_PSoC5Serial.a(cyPm.o)
 .debug_aranges
                0x00000438       0xf0 .\ARM_GCC_541\Debug\GemmaQ_Assignment4_PSoC5Serial.a(UART.o)
 .debug_aranges
                0x00000528       0x38 .\ARM_GCC_541\Debug\GemmaQ_Assignment4_PSoC5Serial.a(I2C.o)
 .debug_aranges
                0x00000560       0x20 .\ARM_GCC_541\Debug\GemmaQ_Assignment4_PSoC5Serial.a(I2C_INT.o)
 .debug_aranges
                0x00000580       0x80 .\ARM_GCC_541\Debug\GemmaQ_Assignment4_PSoC5Serial.a(I2C_MASTER.o)
 .debug_aranges
                0x00000600       0x70 .\ARM_GCC_541\Debug\GemmaQ_Assignment4_PSoC5Serial.a(UART_IntClock.o)
 .debug_aranges
                0x00000670       0x20 .\ARM_GCC_541\Debug\GemmaQ_Assignment4_PSoC5Serial.a(CyBootAsmGnu.o)
 .debug_aranges
                0x00000690       0x88 .\ARM_GCC_541\Debug\GemmaQ_Assignment4_PSoC5Serial.a(CyFlash.o)
 .debug_aranges
                0x00000718       0x80 .\ARM_GCC_541\Debug\GemmaQ_Assignment4_PSoC5Serial.a(CySpc.o)

.debug_pubnames
 *(.debug_pubnames)

.debug_info     0x00000000     0x35e7
 *(.debug_info .gnu.linkonce.wi.*)
 .debug_info    0x00000000      0x227 .\ARM_GCC_541\Debug\main.o
 .debug_info    0x00000227      0x452 .\ARM_GCC_541\Debug\cyfitter_cfg.o
 .debug_info    0x00000679      0x139 .\ARM_GCC_541\Debug\cymetadata.o
 .debug_info    0x000007b2      0x32b .\ARM_GCC_541\Debug\Cm3Start.o
 .debug_info    0x00000add      0xe51 .\ARM_GCC_541\Debug\GemmaQ_Assignment4_PSoC5Serial.a(CyLib.o)
 .debug_info    0x0000192e      0x57a .\ARM_GCC_541\Debug\GemmaQ_Assignment4_PSoC5Serial.a(cyPm.o)
 .debug_info    0x00001ea8      0x50a .\ARM_GCC_541\Debug\GemmaQ_Assignment4_PSoC5Serial.a(UART.o)
 .debug_info    0x000023b2      0x163 .\ARM_GCC_541\Debug\GemmaQ_Assignment4_PSoC5Serial.a(I2C.o)
 .debug_info    0x00002515      0x156 .\ARM_GCC_541\Debug\GemmaQ_Assignment4_PSoC5Serial.a(I2C_INT.o)
 .debug_info    0x0000266b      0x3f8 .\ARM_GCC_541\Debug\GemmaQ_Assignment4_PSoC5Serial.a(I2C_MASTER.o)
 .debug_info    0x00002a63      0x25d .\ARM_GCC_541\Debug\GemmaQ_Assignment4_PSoC5Serial.a(UART_IntClock.o)
 .debug_info    0x00002cc0       0xae .\ARM_GCC_541\Debug\GemmaQ_Assignment4_PSoC5Serial.a(CyBootAsmGnu.o)
 .debug_info    0x00002d6e      0x3b9 .\ARM_GCC_541\Debug\GemmaQ_Assignment4_PSoC5Serial.a(CyFlash.o)
 .debug_info    0x00003127      0x4c0 .\ARM_GCC_541\Debug\GemmaQ_Assignment4_PSoC5Serial.a(CySpc.o)

.debug_abbrev   0x00000000     0x101e
 *(.debug_abbrev)
 .debug_abbrev  0x00000000       0xff .\ARM_GCC_541\Debug\main.o
 .debug_abbrev  0x000000ff      0x1b7 .\ARM_GCC_541\Debug\cyfitter_cfg.o
 .debug_abbrev  0x000002b6       0x77 .\ARM_GCC_541\Debug\cymetadata.o
 .debug_abbrev  0x0000032d      0x1d6 .\ARM_GCC_541\Debug\Cm3Start.o
 .debug_abbrev  0x00000503      0x217 .\ARM_GCC_541\Debug\GemmaQ_Assignment4_PSoC5Serial.a(CyLib.o)
 .debug_abbrev  0x0000071a      0x161 .\ARM_GCC_541\Debug\GemmaQ_Assignment4_PSoC5Serial.a(cyPm.o)
 .debug_abbrev  0x0000087b      0x163 .\ARM_GCC_541\Debug\GemmaQ_Assignment4_PSoC5Serial.a(UART.o)
 .debug_abbrev  0x000009de       0xb9 .\ARM_GCC_541\Debug\GemmaQ_Assignment4_PSoC5Serial.a(I2C.o)
 .debug_abbrev  0x00000a97       0x81 .\ARM_GCC_541\Debug\GemmaQ_Assignment4_PSoC5Serial.a(I2C_INT.o)
 .debug_abbrev  0x00000b18      0x11e .\ARM_GCC_541\Debug\GemmaQ_Assignment4_PSoC5Serial.a(I2C_MASTER.o)
 .debug_abbrev  0x00000c36      0x11d .\ARM_GCC_541\Debug\GemmaQ_Assignment4_PSoC5Serial.a(UART_IntClock.o)
 .debug_abbrev  0x00000d53       0x14 .\ARM_GCC_541\Debug\GemmaQ_Assignment4_PSoC5Serial.a(CyBootAsmGnu.o)
 .debug_abbrev  0x00000d67      0x14b .\ARM_GCC_541\Debug\GemmaQ_Assignment4_PSoC5Serial.a(CyFlash.o)
 .debug_abbrev  0x00000eb2      0x16c .\ARM_GCC_541\Debug\GemmaQ_Assignment4_PSoC5Serial.a(CySpc.o)

.debug_line     0x00000000     0x2087
 *(.debug_line)
 .debug_line    0x00000000      0x1c7 .\ARM_GCC_541\Debug\main.o
 .debug_line    0x000001c7      0x21a .\ARM_GCC_541\Debug\cyfitter_cfg.o
 .debug_line    0x000003e1      0x141 .\ARM_GCC_541\Debug\cymetadata.o
 .debug_line    0x00000522      0x1dc .\ARM_GCC_541\Debug\Cm3Start.o
 .debug_line    0x000006fe      0x883 .\ARM_GCC_541\Debug\GemmaQ_Assignment4_PSoC5Serial.a(CyLib.o)
 .debug_line    0x00000f81      0x38e .\ARM_GCC_541\Debug\GemmaQ_Assignment4_PSoC5Serial.a(cyPm.o)
 .debug_line    0x0000130f      0x2e2 .\ARM_GCC_541\Debug\GemmaQ_Assignment4_PSoC5Serial.a(UART.o)
 .debug_line    0x000015f1       0xc1 .\ARM_GCC_541\Debug\GemmaQ_Assignment4_PSoC5Serial.a(I2C.o)
 .debug_line    0x000016b2      0x13c .\ARM_GCC_541\Debug\GemmaQ_Assignment4_PSoC5Serial.a(I2C_INT.o)
 .debug_line    0x000017ee      0x210 .\ARM_GCC_541\Debug\GemmaQ_Assignment4_PSoC5Serial.a(I2C_MASTER.o)
 .debug_line    0x000019fe      0x1ac .\ARM_GCC_541\Debug\GemmaQ_Assignment4_PSoC5Serial.a(UART_IntClock.o)
 .debug_line    0x00001baa       0x7d .\ARM_GCC_541\Debug\GemmaQ_Assignment4_PSoC5Serial.a(CyBootAsmGnu.o)
 .debug_line    0x00001c27      0x22f .\ARM_GCC_541\Debug\GemmaQ_Assignment4_PSoC5Serial.a(CyFlash.o)
 .debug_line    0x00001e56      0x231 .\ARM_GCC_541\Debug\GemmaQ_Assignment4_PSoC5Serial.a(CySpc.o)

.debug_frame    0x00000000     0x2684
 *(.debug_frame)
 .debug_frame   0x00000000       0xc0 .\ARM_GCC_541\Debug\main.o
 .debug_frame   0x000000c0      0x16c .\ARM_GCC_541\Debug\cyfitter_cfg.o
 .debug_frame   0x0000022c       0xd8 .\ARM_GCC_541\Debug\Cm3Start.o
 .debug_frame   0x00000304      0xc0c .\ARM_GCC_541\Debug\GemmaQ_Assignment4_PSoC5Serial.a(CyLib.o)
 .debug_frame   0x00000f10      0x234 .\ARM_GCC_541\Debug\GemmaQ_Assignment4_PSoC5Serial.a(cyPm.o)
 .debug_frame   0x00001144      0x42c .\ARM_GCC_541\Debug\GemmaQ_Assignment4_PSoC5Serial.a(UART.o)
 .debug_frame   0x00001570       0x9c .\ARM_GCC_541\Debug\GemmaQ_Assignment4_PSoC5Serial.a(I2C.o)
 .debug_frame   0x0000160c       0x38 .\ARM_GCC_541\Debug\GemmaQ_Assignment4_PSoC5Serial.a(I2C_INT.o)
 .debug_frame   0x00001644      0x208 .\ARM_GCC_541\Debug\GemmaQ_Assignment4_PSoC5Serial.a(I2C_MASTER.o)
 .debug_frame   0x0000184c      0x1b4 .\ARM_GCC_541\Debug\GemmaQ_Assignment4_PSoC5Serial.a(UART_IntClock.o)
 .debug_frame   0x00001a00      0x238 .\ARM_GCC_541\Debug\GemmaQ_Assignment4_PSoC5Serial.a(CyFlash.o)
 .debug_frame   0x00001c38      0x228 .\ARM_GCC_541\Debug\GemmaQ_Assignment4_PSoC5Serial.a(CySpc.o)
 .debug_frame   0x00001e60       0x20 c:/program files (x86)/cypress/psoc creator/4.2/psoc creator/import/gnu/arm/5.4.1/bin/../lib/gcc/arm-none-eabi/5.4.1/../../../../arm-none-eabi/lib/armv7-m\libg_nano.a(lib_a-errno.o)
 .debug_frame   0x00001e80       0x28 c:/program files (x86)/cypress/psoc creator/4.2/psoc creator/import/gnu/arm/5.4.1/bin/../lib/gcc/arm-none-eabi/5.4.1/../../../../arm-none-eabi/lib/armv7-m\libg_nano.a(lib_a-exit.o)
 .debug_frame   0x00001ea8       0x2c c:/program files (x86)/cypress/psoc creator/4.2/psoc creator/import/gnu/arm/5.4.1/bin/../lib/gcc/arm-none-eabi/5.4.1/../../../../arm-none-eabi/lib/armv7-m\libg_nano.a(lib_a-init.o)
 .debug_frame   0x00001ed4       0x28 c:/program files (x86)/cypress/psoc creator/4.2/psoc creator/import/gnu/arm/5.4.1/bin/../lib/gcc/arm-none-eabi/5.4.1/../../../../arm-none-eabi/lib/armv7-m\libg_nano.a(lib_a-memcpy-stub.o)
 .debug_frame   0x00001efc       0x20 c:/program files (x86)/cypress/psoc creator/4.2/psoc creator/import/gnu/arm/5.4.1/bin/../lib/gcc/arm-none-eabi/5.4.1/../../../../arm-none-eabi/lib/armv7-m\libg_nano.a(lib_a-memset.o)
 .debug_frame   0x00001f1c       0x8c c:/program files (x86)/cypress/psoc creator/4.2/psoc creator/import/gnu/arm/5.4.1/bin/../lib/gcc/arm-none-eabi/5.4.1/../../../../arm-none-eabi/lib/armv7-m\libg_nano.a(lib_a-nano-vfprintf_float.o)
 .debug_frame   0x00001fa8       0x60 c:/program files (x86)/cypress/psoc creator/4.2/psoc creator/import/gnu/arm/5.4.1/bin/../lib/gcc/arm-none-eabi/5.4.1/../../../../arm-none-eabi/lib/armv7-m\libg_nano.a(lib_a-nano-vfprintf_i.o)
 .debug_frame   0x00002008       0x70 c:/program files (x86)/cypress/psoc creator/4.2/psoc creator/import/gnu/arm/5.4.1/bin/../lib/gcc/arm-none-eabi/5.4.1/../../../../arm-none-eabi/lib/armv7-m\libg_nano.a(lib_a-sprintf.o)
 .debug_frame   0x00002078       0x6c c:/program files (x86)/cypress/psoc creator/4.2/psoc creator/import/gnu/arm/5.4.1/bin/../lib/gcc/arm-none-eabi/5.4.1/../../../../arm-none-eabi/lib/armv7-m\libg_nano.a(lib_a-dtoa.o)
 .debug_frame   0x000020e4       0x98 c:/program files (x86)/cypress/psoc creator/4.2/psoc creator/import/gnu/arm/5.4.1/bin/../lib/gcc/arm-none-eabi/5.4.1/../../../../arm-none-eabi/lib/armv7-m\libg_nano.a(lib_a-locale.o)
 .debug_frame   0x0000217c       0x30 c:/program files (x86)/cypress/psoc creator/4.2/psoc creator/import/gnu/arm/5.4.1/bin/../lib/gcc/arm-none-eabi/5.4.1/../../../../arm-none-eabi/lib/armv7-m\libg_nano.a(lib_a-malloc.o)
 .debug_frame   0x000021ac       0x28 c:/program files (x86)/cypress/psoc creator/4.2/psoc creator/import/gnu/arm/5.4.1/bin/../lib/gcc/arm-none-eabi/5.4.1/../../../../arm-none-eabi/lib/armv7-m\libg_nano.a(lib_a-memchr-stub.o)
 .debug_frame   0x000021d4      0x234 c:/program files (x86)/cypress/psoc creator/4.2/psoc creator/import/gnu/arm/5.4.1/bin/../lib/gcc/arm-none-eabi/5.4.1/../../../../arm-none-eabi/lib/armv7-m\libg_nano.a(lib_a-mprec.o)
 .debug_frame   0x00002408       0x2c c:/program files (x86)/cypress/psoc creator/4.2/psoc creator/import/gnu/arm/5.4.1/bin/../lib/gcc/arm-none-eabi/5.4.1/../../../../arm-none-eabi/lib/armv7-m\libg_nano.a(lib_a-nano-callocr.o)
 .debug_frame   0x00002434       0x38 c:/program files (x86)/cypress/psoc creator/4.2/psoc creator/import/gnu/arm/5.4.1/bin/../lib/gcc/arm-none-eabi/5.4.1/../../../../arm-none-eabi/lib/armv7-m\libg_nano.a(lib_a-nano-freer.o)
 .debug_frame   0x0000246c       0x2c c:/program files (x86)/cypress/psoc creator/4.2/psoc creator/import/gnu/arm/5.4.1/bin/../lib/gcc/arm-none-eabi/5.4.1/../../../../arm-none-eabi/lib/armv7-m\libg_nano.a(lib_a-nano-mallocr.o)
 .debug_frame   0x00002498       0x90 c:/program files (x86)/cypress/psoc creator/4.2/psoc creator/import/gnu/arm/5.4.1/bin/../lib/gcc/arm-none-eabi/5.4.1/../../../../arm-none-eabi/lib/armv7-m\libg_nano.a(lib_a-nano-svfprintf.o)
 .debug_frame   0x00002528       0x2c c:/program files (x86)/cypress/psoc creator/4.2/psoc creator/import/gnu/arm/5.4.1/bin/../lib/gcc/arm-none-eabi/5.4.1/../../../../arm-none-eabi/lib/armv7-m\libg_nano.a(lib_a-sbrkr.o)
 .debug_frame   0x00002554       0x20 c:/program files (x86)/cypress/psoc creator/4.2/psoc creator/import/gnu/arm/5.4.1/bin/../lib/gcc/arm-none-eabi/5.4.1/../../../../arm-none-eabi/lib/armv7-m\libg_nano.a(lib_a-strcmp.o)
 .debug_frame   0x00002574       0x28 c:/program files (x86)/cypress/psoc creator/4.2/psoc creator/import/gnu/arm/5.4.1/bin/../lib/gcc/arm-none-eabi/5.4.1/../../../../arm-none-eabi/lib/armv7-m\libg_nano.a(lib_a-memmove.o)
 .debug_frame   0x0000259c       0x30 c:/program files (x86)/cypress/psoc creator/4.2/psoc creator/import/gnu/arm/5.4.1/bin/../lib/gcc/arm-none-eabi/5.4.1/../../../../arm-none-eabi/lib/armv7-m\libg_nano.a(lib_a-mlock.o)
 .debug_frame   0x000025cc       0x3c c:/program files (x86)/cypress/psoc creator/4.2/psoc creator/import/gnu/arm/5.4.1/bin/../lib/gcc/arm-none-eabi/5.4.1/../../../../arm-none-eabi/lib/armv7-m\libg_nano.a(lib_a-nano-reallocr.o)
 .debug_frame   0x00002608       0x5c c:/program files (x86)/cypress/psoc creator/4.2/psoc creator/import/gnu/arm/5.4.1/bin/../lib/gcc/arm-none-eabi/5.4.1/../../../../arm-none-eabi/lib/armv7-m\libg_nano.a(lib_a-reent.o)
 .debug_frame   0x00002664       0x20 c:/program files (x86)/cypress/psoc creator/4.2/psoc creator/import/gnu/arm/5.4.1/bin/../lib/gcc/arm-none-eabi/5.4.1/../../../../arm-none-eabi/lib/armv7-m\libg_nano.a(lib_a-nano-msizer.o)

.debug_str      0x00000000     0x19ff
 *(.debug_str)
 .debug_str     0x00000000      0x234 .\ARM_GCC_541\Debug\main.o
                                0x27c (size before relaxing)
 .debug_str     0x00000234      0x19c .\ARM_GCC_541\Debug\cyfitter_cfg.o
                                0x356 (size before relaxing)
 .debug_str     0x000003d0       0x7f .\ARM_GCC_541\Debug\cymetadata.o
                                0x202 (size before relaxing)
 .debug_str     0x0000044f      0x123 .\ARM_GCC_541\Debug\Cm3Start.o
                                0x2f5 (size before relaxing)
 .debug_str     0x00000572      0x806 .\ARM_GCC_541\Debug\GemmaQ_Assignment4_PSoC5Serial.a(CyLib.o)
                                0xa08 (size before relaxing)
 .debug_str     0x00000d78      0x371 .\ARM_GCC_541\Debug\GemmaQ_Assignment4_PSoC5Serial.a(cyPm.o)
                                0x561 (size before relaxing)
 .debug_str     0x000010e9      0x280 .\ARM_GCC_541\Debug\GemmaQ_Assignment4_PSoC5Serial.a(UART.o)
                                0x43f (size before relaxing)
 .debug_str     0x00001369       0x8f .\ARM_GCC_541\Debug\GemmaQ_Assignment4_PSoC5Serial.a(I2C.o)
                                0x249 (size before relaxing)
 .debug_str     0x000013f8       0x86 .\ARM_GCC_541\Debug\GemmaQ_Assignment4_PSoC5Serial.a(I2C_INT.o)
                                0x276 (size before relaxing)
 .debug_str     0x0000147e      0x15b .\ARM_GCC_541\Debug\GemmaQ_Assignment4_PSoC5Serial.a(I2C_MASTER.o)
                                0x3c2 (size before relaxing)
 .debug_str     0x000015d9      0x1aa .\ARM_GCC_541\Debug\GemmaQ_Assignment4_PSoC5Serial.a(UART_IntClock.o)
                                0x354 (size before relaxing)
 .debug_str     0x00001783      0x14f .\ARM_GCC_541\Debug\GemmaQ_Assignment4_PSoC5Serial.a(CyFlash.o)
                                0x325 (size before relaxing)
 .debug_str     0x000018d2      0x12d .\ARM_GCC_541\Debug\GemmaQ_Assignment4_PSoC5Serial.a(CySpc.o)
                                0x31f (size before relaxing)

.debug_loc
 *(.debug_loc)

.debug_macinfo
 *(.debug_macinfo)

.debug_ranges   0x00000000      0x6a0
 *(.debug_ranges)
 .debug_ranges  0x00000000       0x30 .\ARM_GCC_541\Debug\main.o
 .debug_ranges  0x00000030       0x50 .\ARM_GCC_541\Debug\cyfitter_cfg.o
 .debug_ranges  0x00000080       0x38 .\ARM_GCC_541\Debug\Cm3Start.o
 .debug_ranges  0x000000b8      0x290 .\ARM_GCC_541\Debug\GemmaQ_Assignment4_PSoC5Serial.a(CyLib.o)
 .debug_ranges  0x00000348       0x88 .\ARM_GCC_541\Debug\GemmaQ_Assignment4_PSoC5Serial.a(cyPm.o)
 .debug_ranges  0x000003d0       0xe0 .\ARM_GCC_541\Debug\GemmaQ_Assignment4_PSoC5Serial.a(UART.o)
 .debug_ranges  0x000004b0       0x28 .\ARM_GCC_541\Debug\GemmaQ_Assignment4_PSoC5Serial.a(I2C.o)
 .debug_ranges  0x000004d8       0x10 .\ARM_GCC_541\Debug\GemmaQ_Assignment4_PSoC5Serial.a(I2C_INT.o)
 .debug_ranges  0x000004e8       0x70 .\ARM_GCC_541\Debug\GemmaQ_Assignment4_PSoC5Serial.a(I2C_MASTER.o)
 .debug_ranges  0x00000558       0x60 .\ARM_GCC_541\Debug\GemmaQ_Assignment4_PSoC5Serial.a(UART_IntClock.o)
 .debug_ranges  0x000005b8       0x78 .\ARM_GCC_541\Debug\GemmaQ_Assignment4_PSoC5Serial.a(CyFlash.o)
 .debug_ranges  0x00000630       0x70 .\ARM_GCC_541\Debug\GemmaQ_Assignment4_PSoC5Serial.a(CySpc.o)

.comment        0x00000000       0x6e
 .comment       0x00000000       0x6e .\ARM_GCC_541\Debug\main.o
                                 0x6f (size before relaxing)
 .comment       0x0000006e       0x6f .\ARM_GCC_541\Debug\cyfitter_cfg.o
 .comment       0x0000006e       0x6f .\ARM_GCC_541\Debug\cymetadata.o
 .comment       0x0000006e       0x6f .\ARM_GCC_541\Debug\Cm3Start.o
 .comment       0x0000006e       0x6f .\ARM_GCC_541\Debug\GemmaQ_Assignment4_PSoC5Serial.a(CyLib.o)
 .comment       0x0000006e       0x6f .\ARM_GCC_541\Debug\GemmaQ_Assignment4_PSoC5Serial.a(cyPm.o)
 .comment       0x0000006e       0x6f .\ARM_GCC_541\Debug\GemmaQ_Assignment4_PSoC5Serial.a(UART.o)
 .comment       0x0000006e       0x6f .\ARM_GCC_541\Debug\GemmaQ_Assignment4_PSoC5Serial.a(I2C.o)
 .comment       0x0000006e       0x6f .\ARM_GCC_541\Debug\GemmaQ_Assignment4_PSoC5Serial.a(I2C_INT.o)
 .comment       0x0000006e       0x6f .\ARM_GCC_541\Debug\GemmaQ_Assignment4_PSoC5Serial.a(I2C_MASTER.o)
 .comment       0x0000006e       0x6f .\ARM_GCC_541\Debug\GemmaQ_Assignment4_PSoC5Serial.a(UART_IntClock.o)
 .comment       0x0000006e       0x6f .\ARM_GCC_541\Debug\GemmaQ_Assignment4_PSoC5Serial.a(CyFlash.o)
 .comment       0x0000006e       0x6f .\ARM_GCC_541\Debug\GemmaQ_Assignment4_PSoC5Serial.a(CySpc.o)

.debug_weaknames
 *(.debug_weaknames)

.debug_funcnames
 *(.debug_funcnames)

.debug_typenames
 *(.debug_typenames)

.debug_varnames
 *(.debug_varnames)

.note.gnu.arm.ident
 *(.note.gnu.arm.ident)

.ARM.attributes
                0x00000000       0x29
 *(.ARM.attributes)
 .ARM.attributes
                0x00000000       0x1d c:/program files (x86)/cypress/psoc creator/4.2/psoc creator/import/gnu/arm/5.4.1/bin/../lib/gcc/arm-none-eabi/5.4.1/armv7-m/crti.o
 .ARM.attributes
                0x0000001d       0x2d c:/program files (x86)/cypress/psoc creator/4.2/psoc creator/import/gnu/arm/5.4.1/bin/../lib/gcc/arm-none-eabi/5.4.1/armv7-m/crtbegin.o
 .ARM.attributes
                0x0000004a       0x1b c:/program files (x86)/cypress/psoc creator/4.2/psoc creator/import/gnu/arm/5.4.1/bin/../lib/gcc/arm-none-eabi/5.4.1/../../../../arm-none-eabi/lib/armv7-m/crt0.o
 .ARM.attributes
                0x00000065       0x33 .\ARM_GCC_541\Debug\main.o
 .ARM.attributes
                0x00000098       0x33 .\ARM_GCC_541\Debug\cyfitter_cfg.o
 .ARM.attributes
                0x000000cb       0x33 .\ARM_GCC_541\Debug\cymetadata.o
 .ARM.attributes
                0x000000fe       0x33 .\ARM_GCC_541\Debug\Cm3Start.o
 .ARM.attributes
                0x00000131       0x33 .\ARM_GCC_541\Debug\GemmaQ_Assignment4_PSoC5Serial.a(CyLib.o)
 .ARM.attributes
                0x00000164       0x33 .\ARM_GCC_541\Debug\GemmaQ_Assignment4_PSoC5Serial.a(cyPm.o)
 .ARM.attributes
                0x00000197       0x33 .\ARM_GCC_541\Debug\GemmaQ_Assignment4_PSoC5Serial.a(UART.o)
 .ARM.attributes
                0x000001ca       0x33 .\ARM_GCC_541\Debug\GemmaQ_Assignment4_PSoC5Serial.a(I2C.o)
 .ARM.attributes
                0x000001fd       0x33 .\ARM_GCC_541\Debug\GemmaQ_Assignment4_PSoC5Serial.a(I2C_INT.o)
 .ARM.attributes
                0x00000230       0x33 .\ARM_GCC_541\Debug\GemmaQ_Assignment4_PSoC5Serial.a(I2C_MASTER.o)
 .ARM.attributes
                0x00000263       0x33 .\ARM_GCC_541\Debug\GemmaQ_Assignment4_PSoC5Serial.a(UART_IntClock.o)
 .ARM.attributes
                0x00000296       0x21 .\ARM_GCC_541\Debug\GemmaQ_Assignment4_PSoC5Serial.a(CyBootAsmGnu.o)
 .ARM.attributes
                0x000002b7       0x33 .\ARM_GCC_541\Debug\GemmaQ_Assignment4_PSoC5Serial.a(CyFlash.o)
 .ARM.attributes
                0x000002ea       0x33 .\ARM_GCC_541\Debug\GemmaQ_Assignment4_PSoC5Serial.a(CySpc.o)
 .ARM.attributes
                0x0000031d       0x1d c:/program files (x86)/cypress/psoc creator/4.2/psoc creator/import/gnu/arm/5.4.1/bin/../lib/gcc/arm-none-eabi/5.4.1/armv7-m\libgcc.a(_arm_addsubdf3.o)
 .ARM.attributes
                0x0000033a       0x1d c:/program files (x86)/cypress/psoc creator/4.2/psoc creator/import/gnu/arm/5.4.1/bin/../lib/gcc/arm-none-eabi/5.4.1/armv7-m\libgcc.a(_arm_addsubsf3.o)
 .ARM.attributes
                0x00000357       0x1d c:/program files (x86)/cypress/psoc creator/4.2/psoc creator/import/gnu/arm/5.4.1/bin/../lib/gcc/arm-none-eabi/5.4.1/armv7-m\libgcc.a(_arm_muldivsf3.o)
 .ARM.attributes
                0x00000374       0x1d c:/program files (x86)/cypress/psoc creator/4.2/psoc creator/import/gnu/arm/5.4.1/bin/../lib/gcc/arm-none-eabi/5.4.1/armv7-m\libgcc.a(_arm_fixsfsi.o)
 .ARM.attributes
                0x00000391       0x2d c:/program files (x86)/cypress/psoc creator/4.2/psoc creator/import/gnu/arm/5.4.1/bin/../lib/gcc/arm-none-eabi/5.4.1/../../../../arm-none-eabi/lib/armv7-m\libg_nano.a(lib_a-errno.o)
 .ARM.attributes
                0x000003be       0x2d c:/program files (x86)/cypress/psoc creator/4.2/psoc creator/import/gnu/arm/5.4.1/bin/../lib/gcc/arm-none-eabi/5.4.1/../../../../arm-none-eabi/lib/armv7-m\libg_nano.a(lib_a-exit.o)
 .ARM.attributes
                0x000003eb       0x2d c:/program files (x86)/cypress/psoc creator/4.2/psoc creator/import/gnu/arm/5.4.1/bin/../lib/gcc/arm-none-eabi/5.4.1/../../../../arm-none-eabi/lib/armv7-m\libg_nano.a(lib_a-impure.o)
 .ARM.attributes
                0x00000418       0x2d c:/program files (x86)/cypress/psoc creator/4.2/psoc creator/import/gnu/arm/5.4.1/bin/../lib/gcc/arm-none-eabi/5.4.1/../../../../arm-none-eabi/lib/armv7-m\libg_nano.a(lib_a-init.o)
 .ARM.attributes
                0x00000445       0x2d c:/program files (x86)/cypress/psoc creator/4.2/psoc creator/import/gnu/arm/5.4.1/bin/../lib/gcc/arm-none-eabi/5.4.1/../../../../arm-none-eabi/lib/armv7-m\libg_nano.a(lib_a-memcpy-stub.o)
 .ARM.attributes
                0x00000472       0x2d c:/program files (x86)/cypress/psoc creator/4.2/psoc creator/import/gnu/arm/5.4.1/bin/../lib/gcc/arm-none-eabi/5.4.1/../../../../arm-none-eabi/lib/armv7-m\libg_nano.a(lib_a-memset.o)
 .ARM.attributes
                0x0000049f       0x2d c:/program files (x86)/cypress/psoc creator/4.2/psoc creator/import/gnu/arm/5.4.1/bin/../lib/gcc/arm-none-eabi/5.4.1/../../../../arm-none-eabi/lib/armv7-m\libg_nano.a(lib_a-nano-vfprintf_float.o)
 .ARM.attributes
                0x000004cc       0x2d c:/program files (x86)/cypress/psoc creator/4.2/psoc creator/import/gnu/arm/5.4.1/bin/../lib/gcc/arm-none-eabi/5.4.1/../../../../arm-none-eabi/lib/armv7-m\libg_nano.a(lib_a-nano-vfprintf_i.o)
 .ARM.attributes
                0x000004f9       0x2d c:/program files (x86)/cypress/psoc creator/4.2/psoc creator/import/gnu/arm/5.4.1/bin/../lib/gcc/arm-none-eabi/5.4.1/../../../../arm-none-eabi/lib/armv7-m\libg_nano.a(lib_a-sprintf.o)
 .ARM.attributes
                0x00000526       0x17 c:/program files (x86)/cypress/psoc creator/4.2/psoc creator/import/gnu/arm/5.4.1/bin/../lib/gcc/arm-none-eabi/5.4.1/../../../../arm-none-eabi/lib/armv7-m\libg_nano.a(lib_a-strlen.o)
 .ARM.attributes
                0x0000053d       0x2d c:/program files (x86)/cypress/psoc creator/4.2/psoc creator/import/gnu/arm/5.4.1/bin/../lib/gcc/arm-none-eabi/5.4.1/../../../../arm-none-eabi/lib/armv7-m\libg_nano.a(lib_a-dtoa.o)
 .ARM.attributes
                0x0000056a       0x2d c:/program files (x86)/cypress/psoc creator/4.2/psoc creator/import/gnu/arm/5.4.1/bin/../lib/gcc/arm-none-eabi/5.4.1/../../../../arm-none-eabi/lib/armv7-m\libg_nano.a(lib_a-locale.o)
 .ARM.attributes
                0x00000597       0x2d c:/program files (x86)/cypress/psoc creator/4.2/psoc creator/import/gnu/arm/5.4.1/bin/../lib/gcc/arm-none-eabi/5.4.1/../../../../arm-none-eabi/lib/armv7-m\libg_nano.a(lib_a-malloc.o)
 .ARM.attributes
                0x000005c4       0x2d c:/program files (x86)/cypress/psoc creator/4.2/psoc creator/import/gnu/arm/5.4.1/bin/../lib/gcc/arm-none-eabi/5.4.1/../../../../arm-none-eabi/lib/armv7-m\libg_nano.a(lib_a-memchr-stub.o)
 .ARM.attributes
                0x000005f1       0x2d c:/program files (x86)/cypress/psoc creator/4.2/psoc creator/import/gnu/arm/5.4.1/bin/../lib/gcc/arm-none-eabi/5.4.1/../../../../arm-none-eabi/lib/armv7-m\libg_nano.a(lib_a-mprec.o)
 .ARM.attributes
                0x0000061e       0x2d c:/program files (x86)/cypress/psoc creator/4.2/psoc creator/import/gnu/arm/5.4.1/bin/../lib/gcc/arm-none-eabi/5.4.1/../../../../arm-none-eabi/lib/armv7-m\libg_nano.a(lib_a-nano-callocr.o)
 .ARM.attributes
                0x0000064b       0x2d c:/program files (x86)/cypress/psoc creator/4.2/psoc creator/import/gnu/arm/5.4.1/bin/../lib/gcc/arm-none-eabi/5.4.1/../../../../arm-none-eabi/lib/armv7-m\libg_nano.a(lib_a-nano-freer.o)
 .ARM.attributes
                0x00000678       0x2d c:/program files (x86)/cypress/psoc creator/4.2/psoc creator/import/gnu/arm/5.4.1/bin/../lib/gcc/arm-none-eabi/5.4.1/../../../../arm-none-eabi/lib/armv7-m\libg_nano.a(lib_a-nano-mallocr.o)
 .ARM.attributes
                0x000006a5       0x2d c:/program files (x86)/cypress/psoc creator/4.2/psoc creator/import/gnu/arm/5.4.1/bin/../lib/gcc/arm-none-eabi/5.4.1/../../../../arm-none-eabi/lib/armv7-m\libg_nano.a(lib_a-nano-svfprintf.o)
 .ARM.attributes
                0x000006d2       0x2d c:/program files (x86)/cypress/psoc creator/4.2/psoc creator/import/gnu/arm/5.4.1/bin/../lib/gcc/arm-none-eabi/5.4.1/../../../../arm-none-eabi/lib/armv7-m\libg_nano.a(lib_a-sbrkr.o)
 .ARM.attributes
                0x000006ff       0x1b c:/program files (x86)/cypress/psoc creator/4.2/psoc creator/import/gnu/arm/5.4.1/bin/../lib/gcc/arm-none-eabi/5.4.1/../../../../arm-none-eabi/lib/armv7-m\libg_nano.a(lib_a-strcmp.o)
 .ARM.attributes
                0x0000071a       0x2d c:/program files (x86)/cypress/psoc creator/4.2/psoc creator/import/gnu/arm/5.4.1/bin/../lib/gcc/arm-none-eabi/5.4.1/../../../../arm-none-eabi/lib/armv7-m\libg_nano.a(lib_a-memmove.o)
 .ARM.attributes
                0x00000747       0x2d c:/program files (x86)/cypress/psoc creator/4.2/psoc creator/import/gnu/arm/5.4.1/bin/../lib/gcc/arm-none-eabi/5.4.1/../../../../arm-none-eabi/lib/armv7-m\libg_nano.a(lib_a-mlock.o)
 .ARM.attributes
                0x00000774       0x2d c:/program files (x86)/cypress/psoc creator/4.2/psoc creator/import/gnu/arm/5.4.1/bin/../lib/gcc/arm-none-eabi/5.4.1/../../../../arm-none-eabi/lib/armv7-m\libg_nano.a(lib_a-nano-reallocr.o)
 .ARM.attributes
                0x000007a1       0x2d c:/program files (x86)/cypress/psoc creator/4.2/psoc creator/import/gnu/arm/5.4.1/bin/../lib/gcc/arm-none-eabi/5.4.1/../../../../arm-none-eabi/lib/armv7-m\libg_nano.a(lib_a-reent.o)
 .ARM.attributes
                0x000007ce       0x2d c:/program files (x86)/cypress/psoc creator/4.2/psoc creator/import/gnu/arm/5.4.1/bin/../lib/gcc/arm-none-eabi/5.4.1/../../../../arm-none-eabi/lib/armv7-m\libg_nano.a(lib_a-nano-msizer.o)
 .ARM.attributes
                0x000007fb       0x1d c:/program files (x86)/cypress/psoc creator/4.2/psoc creator/import/gnu/arm/5.4.1/bin/../lib/gcc/arm-none-eabi/5.4.1/armv7-m\libgcc.a(_arm_muldivdf3.o)
 .ARM.attributes
                0x00000818       0x1d c:/program files (x86)/cypress/psoc creator/4.2/psoc creator/import/gnu/arm/5.4.1/bin/../lib/gcc/arm-none-eabi/5.4.1/armv7-m\libgcc.a(_arm_cmpdf2.o)
 .ARM.attributes
                0x00000835       0x1d c:/program files (x86)/cypress/psoc creator/4.2/psoc creator/import/gnu/arm/5.4.1/bin/../lib/gcc/arm-none-eabi/5.4.1/armv7-m\libgcc.a(_arm_unorddf2.o)
 .ARM.attributes
                0x00000852       0x1d c:/program files (x86)/cypress/psoc creator/4.2/psoc creator/import/gnu/arm/5.4.1/bin/../lib/gcc/arm-none-eabi/5.4.1/armv7-m\libgcc.a(_arm_fixdfsi.o)
 .ARM.attributes
                0x0000086f       0x2d c:/program files (x86)/cypress/psoc creator/4.2/psoc creator/import/gnu/arm/5.4.1/bin/../lib/gcc/arm-none-eabi/5.4.1/armv7-m/crtend.o
 .ARM.attributes
                0x0000089c       0x1d c:/program files (x86)/cypress/psoc creator/4.2/psoc creator/import/gnu/arm/5.4.1/bin/../lib/gcc/arm-none-eabi/5.4.1/armv7-m/crtn.o

/DISCARD/
 *(.note.GNU-stack)
OUTPUT(C:\Users\Gemma\Desktop\PSoC\GemmaQ_Assignment4_PSoC5Serial\GemmaQ_Assignment4_PSoC5Serial.cydsn\ARM_GCC_541\Debug\GemmaQ_Assignment4_PSoC5Serial.elf elf32-littlearm)
