Archive member included to satisfy reference by file (symbol)

.\ARM_GCC_541\Debug\GemmaQ_Assignment4_PSoC5Serial.a(ADC_Isr.o)
                              .\ARM_GCC_541\Debug\main.o (ADC_Isr_Disable)
.\ARM_GCC_541\Debug\GemmaQ_Assignment4_PSoC5Serial.a(Clock_Isr.o)
                              .\ARM_GCC_541\Debug\main.o (Clock_Isr_StartEx)
.\ARM_GCC_541\Debug\GemmaQ_Assignment4_PSoC5Serial.a(Timer.o)
                              .\ARM_GCC_541\Debug\main.o (Timer_Start)
.\ARM_GCC_541\Debug\GemmaQ_Assignment4_PSoC5Serial.a(CyLib.o)
                              .\ARM_GCC_541\Debug\Cm3Start.o (CyResetStatus)
.\ARM_GCC_541\Debug\GemmaQ_Assignment4_PSoC5Serial.a(cyPm.o)
                              .\ARM_GCC_541\Debug\GemmaQ_Assignment4_PSoC5Serial.a(CyLib.o) (CyPmReadStatus)
.\ARM_GCC_541\Debug\GemmaQ_Assignment4_PSoC5Serial.a(cyutils.o)
                              .\ARM_GCC_541\Debug\GemmaQ_Assignment4_PSoC5Serial.a(Timer.o) (CySetReg24)
.\ARM_GCC_541\Debug\GemmaQ_Assignment4_PSoC5Serial.a(ADC_DelSig.o)
                              .\ARM_GCC_541\Debug\main.o (ADC_DelSig_Start)
.\ARM_GCC_541\Debug\GemmaQ_Assignment4_PSoC5Serial.a(ADC_DelSig_INT.o)
                              .\ARM_GCC_541\Debug\GemmaQ_Assignment4_PSoC5Serial.a(ADC_DelSig.o) (ADC_DelSig_ISR1)
.\ARM_GCC_541\Debug\GemmaQ_Assignment4_PSoC5Serial.a(UART.o)
                              .\ARM_GCC_541\Debug\main.o (UART_Start)
.\ARM_GCC_541\Debug\GemmaQ_Assignment4_PSoC5Serial.a(I2C.o)
                              .\ARM_GCC_541\Debug\main.o (I2C_Start)
.\ARM_GCC_541\Debug\GemmaQ_Assignment4_PSoC5Serial.a(I2C_INT.o)
                              .\ARM_GCC_541\Debug\GemmaQ_Assignment4_PSoC5Serial.a(I2C.o) (I2C_ISR)
.\ARM_GCC_541\Debug\GemmaQ_Assignment4_PSoC5Serial.a(I2C_MASTER.o)
                              .\ARM_GCC_541\Debug\GemmaQ_Assignment4_PSoC5Serial.a(I2C.o) (I2C_mstrStatus)
.\ARM_GCC_541\Debug\GemmaQ_Assignment4_PSoC5Serial.a(ADC_DelSig_AMux.o)
                              .\ARM_GCC_541\Debug\GemmaQ_Assignment4_PSoC5Serial.a(ADC_DelSig.o) (ADC_DelSig_AMux_Select)
.\ARM_GCC_541\Debug\GemmaQ_Assignment4_PSoC5Serial.a(ADC_DelSig_Ext_CP_Clk.o)
                              .\ARM_GCC_541\Debug\GemmaQ_Assignment4_PSoC5Serial.a(ADC_DelSig.o) (ADC_DelSig_Ext_CP_Clk_SetDividerRegister)
.\ARM_GCC_541\Debug\GemmaQ_Assignment4_PSoC5Serial.a(ADC_DelSig_theACLK.o)
                              .\ARM_GCC_541\Debug\GemmaQ_Assignment4_PSoC5Serial.a(ADC_DelSig.o) (ADC_DelSig_theACLK_SetDividerRegister)
.\ARM_GCC_541\Debug\GemmaQ_Assignment4_PSoC5Serial.a(UART_IntClock.o)
                              .\ARM_GCC_541\Debug\GemmaQ_Assignment4_PSoC5Serial.a(UART.o) (UART_IntClock_Start)
.\ARM_GCC_541\Debug\GemmaQ_Assignment4_PSoC5Serial.a(SPIM.o)
                              .\ARM_GCC_541\Debug\main.o (SPIM_Start)
.\ARM_GCC_541\Debug\GemmaQ_Assignment4_PSoC5Serial.a(CyBootAsmGnu.o)
                              .\ARM_GCC_541\Debug\cyfitter_cfg.o (CyDelayCycles)
.\ARM_GCC_541\Debug\GemmaQ_Assignment4_PSoC5Serial.a(CyFlash.o)
                              .\ARM_GCC_541\Debug\GemmaQ_Assignment4_PSoC5Serial.a(cyPm.o) (CyFlash_SetWaitCycles)
.\ARM_GCC_541\Debug\GemmaQ_Assignment4_PSoC5Serial.a(CySpc.o)
                              .\ARM_GCC_541\Debug\GemmaQ_Assignment4_PSoC5Serial.a(CyFlash.o) (CySpcStart)
c:/program files (x86)/cypress/psoc creator/4.2/psoc creator/import/gnu/arm/5.4.1/bin/../lib/gcc/arm-none-eabi/5.4.1/armv7-m\libgcc.a(_arm_addsubdf3.o)
                              .\ARM_GCC_541\Debug\main.o (__aeabi_f2d)
c:/program files (x86)/cypress/psoc creator/4.2/psoc creator/import/gnu/arm/5.4.1/bin/../lib/gcc/arm-none-eabi/5.4.1/armv7-m\libgcc.a(_arm_cmpdf2.o)
                              .\ARM_GCC_541\Debug\GemmaQ_Assignment4_PSoC5Serial.a(ADC_DelSig.o) (__aeabi_dcmpgt)
c:/program files (x86)/cypress/psoc creator/4.2/psoc creator/import/gnu/arm/5.4.1/bin/../lib/gcc/arm-none-eabi/5.4.1/armv7-m\libgcc.a(_arm_addsubsf3.o)
                              .\ARM_GCC_541\Debug\main.o (__aeabi_ui2f)
c:/program files (x86)/cypress/psoc creator/4.2/psoc creator/import/gnu/arm/5.4.1/bin/../lib/gcc/arm-none-eabi/5.4.1/armv7-m\libgcc.a(_arm_muldivsf3.o)
                              .\ARM_GCC_541\Debug\GemmaQ_Assignment4_PSoC5Serial.a(ADC_DelSig.o) (__aeabi_fmul)
c:/program files (x86)/cypress/psoc creator/4.2/psoc creator/import/gnu/arm/5.4.1/bin/../lib/gcc/arm-none-eabi/5.4.1/armv7-m\libgcc.a(_arm_fixsfsi.o)
                              .\ARM_GCC_541\Debug\main.o (__aeabi_f2iz)
c:/program files (x86)/cypress/psoc creator/4.2/psoc creator/import/gnu/arm/5.4.1/bin/../lib/gcc/arm-none-eabi/5.4.1/armv7-m\libgcc.a(_arm_fixunssfsi.o)
                              .\ARM_GCC_541\Debug\GemmaQ_Assignment4_PSoC5Serial.a(ADC_DelSig.o) (__aeabi_f2uiz)
c:/program files (x86)/cypress/psoc creator/4.2/psoc creator/import/gnu/arm/5.4.1/bin/../lib/gcc/arm-none-eabi/5.4.1/../../../../arm-none-eabi/lib/armv7-m\libg_nano.a(lib_a-errno.o)
[...]
Memory Configuration

Name             Origin             Length             Attributes
rom              0x00000000         0x00040000         xr
ram              0x1fff8000         0x00010000         xrw
*default*        0x00000000         0xffffffff

Linker script and memory map

LOAD c:/program files (x86)/cypress/psoc creator/4.2/psoc creator/import/gnu/arm/5.4.1/bin/../lib/gcc/arm-none-eabi/5.4.1/armv7-m/crti.o
LOAD c:/program files (x86)/cypress/psoc creator/4.2/psoc creator/import/gnu/arm/5.4.1/bin/../lib/gcc/arm-none-eabi/5.4.1/armv7-m/crtbegin.o
LOAD c:/program files (x86)/cypress/psoc creator/4.2/psoc creator/import/gnu/arm/5.4.1/bin/../lib/gcc/arm-none-eabi/5.4.1/../../../../arm-none-eabi/lib/armv7-m/crt0.o
START GROUP
LOAD .\ARM_GCC_541\Debug\main.o
LOAD .\ARM_GCC_541\Debug\cyfitter_cfg.o
LOAD .\ARM_GCC_541\Debug\cymetadata.o
LOAD .\ARM_GCC_541\Debug\Cm3Start.o
LOAD .\ARM_GCC_541\Debug\GemmaQ_Assignment4_PSoC5Serial.a
LOAD C:\Program Files (x86)\Cypress\PSoC Creator\4.2\PSoC Creator\psoc\content\cycomponentlibrary\CyComponentLibrary.cylib\CortexM3\ARM_GCC_541\Debug\CyComponentLibrary.a
LOAD c:/program files (x86)/cypress/psoc creator/4.2/psoc creator/import/gnu/arm/5.4.1/bin/../lib/gcc/arm-none-eabi/5.4.1/../../../../arm-none-eabi/lib/armv7-m\libm.a
END GROUP
START GROUP
LOAD c:/program files (x86)/cypress/psoc creator/4.2/psoc creator/import/gnu/arm/5.4.1/bin/../lib/gcc/arm-none-eabi/5.4.1/armv7-m\libgcc.a
LOAD c:/program files (x86)/cypress/psoc creator/4.2/psoc creator/import/gnu/arm/5.4.1/bin/../lib/gcc/arm-none-eabi/5.4.1/../../../../arm-none-eabi/lib/armv7-m\libg_nano.a
LOAD c:/program files (x86)/cypress/psoc creator/4.2/psoc creator/import/gnu/arm/5.4.1/bin/../lib/gcc/arm-none-eabi/5.4.1/../../../../arm-none-eabi/lib/armv7-m\libc_nano.a
END GROUP
START GROUP
LOAD c:/program files (x86)/cypress/psoc creator/4.2/psoc creator/import/gnu/arm/5.4.1/bin/../lib/gcc/arm-none-eabi/5.4.1/armv7-m\libgcc.a
LOAD c:/program files (x86)/cypress/psoc creator/4.2/psoc creator/import/gnu/arm/5.4.1/bin/../lib/gcc/arm-none-eabi/5.4.1/../../../../arm-none-eabi/lib/armv7-m\libc_nano.a
END GROUP
LOAD c:/program files (x86)/cypress/psoc creator/4.2/psoc creator/import/gnu/arm/5.4.1/bin/../lib/gcc/arm-none-eabi/5.4.1/armv7-m/crtend.o
LOAD c:/program files (x86)/cypress/psoc creator/4.2/psoc creator/import/gnu/arm/5.4.1/bin/../lib/gcc/arm-none-eabi/5.4.1/armv7-m/crtn.o
START GROUP
LOAD c:/program files (x86)/cypress/psoc creator/4.2/psoc creator/import/gnu/arm/5.4.1/bin/../lib/gcc/arm-none-eabi/5.4.1/armv7-m\libgcc.a
LOAD c:/program files (x86)/cypress/psoc creator/4.2/psoc creator/import/gnu/arm/5.4.1/bin/../lib/gcc/arm-none-eabi/5.4.1/../../../../arm-none-eabi/lib/armv7-m\libc.a
LOAD c:/program files (x86)/cypress/psoc creator/4.2/psoc creator/import/gnu/arm/5.4.1/bin/../lib/gcc/arm-none-eabi/5.4.1/../../../../arm-none-eabi/lib/armv7-m\libnosys.a
END GROUP
                0x00000000                CY_APPL_ORIGIN = 0x0
                0x00000100                CY_FLASH_ROW_SIZE = 0x100
                0x00000020                CY_ECC_ROW_SIZE = 0x20
                0x00000000                CY_EE_IN_BTLDR = 0x0
                0x00000000                CY_APPL_LOADABLE = 0x0
                0x00000800                CY_EE_SIZE = 0x800
                0x00000001                CY_APPL_NUM = 0x1
                0x00000001                CY_APPL_MAX = 0x1
                0x00000040                CY_METADATA_SIZE = 0x40
                0x00000000                CY_APPL_LOADABLE = 0x0
                0x00000000                CY_CHECKSUM_EXCLUDE_SIZE = ALIGN (0x0, CY_FLASH_ROW_SIZE)
                [!provide]                PROVIDE (__cy_heap_start, _end)
                0x00000001                PROVIDE (__cy_region_num, ((__cy_regions_end - __cy_regions) / 0x10))
                0x20008000                PROVIDE (__cy_stack, (ORIGIN (ram) + LENGTH (ram)))
                [!provide]                PROVIDE (__cy_heap_end, (__cy_stack - 0x800))

.cybootloader   0x00000000        0x0
 *(.cybootloader)
                0x00000000                appl1_start = CY_APPL_ORIGIN?CY_APPL_ORIGIN:ALIGN (CY_FLASH_ROW_SIZE)
                0x0001ff00                appl2_start = (appl1_start + ALIGN ((((LENGTH (rom) - appl1_start) - (0x2 * CY_FLASH_ROW_SIZE)) / 0x2), CY_FLASH_ROW_SIZE))
                0x00000000                appl_start = (CY_APPL_NUM == 0x1)?appl1_start:appl2_start
                0x00000000                ecc_offset = ((appl_start / CY_FLASH_ROW_SIZE) * CY_ECC_ROW_SIZE)
                0x00000000                ee_offset = (CY_APPL_LOADABLE && ! (CY_EE_IN_BTLDR))?((CY_EE_SIZE / CY_APPL_MAX) * (CY_APPL_NUM - 0x1)):0x0
                0x00000800                ee_size = (CY_APPL_LOADABLE && ! (CY_EE_IN_BTLDR))?(CY_EE_SIZE / CY_APPL_MAX):CY_EE_SIZE
                [!provide]                PROVIDE (CY_ECC_OFFSET, ecc_offset)

.text           0x00000000     0x51e8
 CREATE_OBJECT_SYMBOLS
                0x00000000                PROVIDE (__cy_interrupt_vector, RomVectors)
 *(.romvectors)
 .romvectors    0x00000000       0x10 .\ARM_GCC_541\Debug\Cm3Start.o
                0x00000000                RomVectors
                0x00000001                ASSERT ((. != __cy_interrupt_vector), No interrupt vector)
                0x00000001                ASSERT (CY_APPL_ORIGIN?(SIZEOF (.cybootloader) <= CY_APPL_ORIGIN):0x1, Wrong image location)
                0x00000010                PROVIDE (__cy_reset, Reset)
 *(.text.Reset)
 .text.Reset    0x00000010       0x18 .\ARM_GCC_541\Debug\Cm3Start.o
                0x00000010                Reset
                0x00000001                ASSERT ((. != __cy_reset), No reset code)
 *(.dma_init)
                0x00000001                ASSERT ((((appl_start + .) <= 0x10000) || 0x1), DMA Init must be within the first 64k of flash)
 *(.text .text.* .gnu.linkonce.t.*)
 .text          0x00000028       0x5c c:/program files (x86)/cypress/psoc creator/4.2/psoc creator/import/gnu/arm/5.4.1/bin/../lib/gcc/arm-none-eabi/5.4.1/armv7-m/crtbegin.o
 .text.main     0x00000084      0x15c .\ARM_GCC_541\Debug\main.o
                0x00000084                main
 .text.tempCalc
                0x000001e0       0x48 .\ARM_GCC_541\Debug\main.o
                0x000001e0                tempCalc
 .text.MyADCIsr
                0x00000228       0x3c .\ARM_GCC_541\Debug\main.o
                0x00000228                MyADCIsr
 .text.MyClockIsr
                0x00000264       0x4c .\ARM_GCC_541\Debug\main.o
                0x00000264                MyClockIsr
 .text.CYMEMZERO
                0x000002b0       0x1c .\ARM_GCC_541\Debug\cyfitter_cfg.o
 .text.CYCONFIGCPY
                0x000002cc       0x20 .\ARM_GCC_541\Debug\cyfitter_cfg.o
 .text.CyClockStartupError
                0x000002ec        0xc .\ARM_GCC_541\Debug\cyfitter_cfg.o
 .text.cfg_write_bytes32
                0x000002f8       0x74 .\ARM_GCC_541\Debug\cyfitter_cfg.o
 .text.ClockSetup
                0x0000036c      0x180 .\ARM_GCC_541\Debug\cyfitter_cfg.o
 .text.AnalogSetDefault
                0x000004ec       0x58 .\ARM_GCC_541\Debug\cyfitter_cfg.o
 .text.ADC_DelSig_AMux_Set
                0x00000544       0x40 .\ARM_GCC_541\Debug\cyfitter_cfg.o
                0x00000544                ADC_DelSig_AMux_Set
 .text.ADC_DelSig_AMux_Unset
                0x00000584       0x44 .\ARM_GCC_541\Debug\cyfitter_cfg.o
                0x00000584                ADC_DelSig_AMux_Unset
 .text.cyfitter_cfg
                0x000005c8      0x188 .\ARM_GCC_541\Debug\cyfitter_cfg.o
                0x000005c8                cyfitter_cfg
 .text.IntDefaultHandler
                0x00000750       0x14 .\ARM_GCC_541\Debug\Cm3Start.o
                0x00000750                IntDefaultHandler
 .text._sbrk    0x00000764       0x54 .\ARM_GCC_541\Debug\Cm3Start.o
                0x00000764                _sbrk
 .text.Start_c  0x000007b8       0x98 .\ARM_GCC_541\Debug\Cm3Start.o
                0x000007b8                Start_c
 .text.initialize_psoc
                0x00000850       0x90 .\ARM_GCC_541\Debug\Cm3Start.o
                0x00000850                initialize_psoc
 .text.ADC_Isr_StartEx
                0x000008e0       0x24 .\ARM_GCC_541\Debug\GemmaQ_Assignment4_PSoC5Serial.a(ADC_Isr.o)
                0x000008e0                ADC_Isr_StartEx
 .text.ADC_Isr_SetVector
                0x00000904       0x24 .\ARM_GCC_541\Debug\GemmaQ_Assignment4_PSoC5Serial.a(ADC_Isr.o)
                0x00000904                ADC_Isr_SetVector
 .text.ADC_Isr_SetPriority
                0x00000928       0x24 .\ARM_GCC_541\Debug\GemmaQ_Assignment4_PSoC5Serial.a(ADC_Isr.o)
                0x00000928                ADC_Isr_SetPriority
 .text.ADC_Isr_Enable
                0x0000094c       0x18 .\ARM_GCC_541\Debug\GemmaQ_Assignment4_PSoC5Serial.a(ADC_Isr.o)
                0x0000094c                ADC_Isr_Enable
 .text.ADC_Isr_Disable
                0x00000964       0x18 .\ARM_GCC_541\Debug\GemmaQ_Assignment4_PSoC5Serial.a(ADC_Isr.o)
                0x00000964                ADC_Isr_Disable
 .text.Clock_Isr_StartEx
                0x0000097c       0x24 .\ARM_GCC_541\Debug\GemmaQ_Assignment4_PSoC5Serial.a(Clock_Isr.o)
                0x0000097c                Clock_Isr_StartEx
 .text.Clock_Isr_SetVector
                0x000009a0       0x24 .\ARM_GCC_541\Debug\GemmaQ_Assignment4_PSoC5Serial.a(Clock_Isr.o)
                0x000009a0                Clock_Isr_SetVector
 .text.Clock_Isr_SetPriority
                0x000009c4       0x24 .\ARM_GCC_541\Debug\GemmaQ_Assignment4_PSoC5Serial.a(Clock_Isr.o)
                0x000009c4                Clock_Isr_SetPriority
 .text.Clock_Isr_Enable
                0x000009e8       0x18 .\ARM_GCC_541\Debug\GemmaQ_Assignment4_PSoC5Serial.a(Clock_Isr.o)
                0x000009e8                Clock_Isr_Enable
 .text.Clock_Isr_Disable
                0x00000a00       0x18 .\ARM_GCC_541\Debug\GemmaQ_Assignment4_PSoC5Serial.a(Clock_Isr.o)
                0x00000a00                Clock_Isr_Disable
 .text.Timer_Init
                0x00000a18       0x4c .\ARM_GCC_541\Debug\GemmaQ_Assignment4_PSoC5Serial.a(Timer.o)
                0x00000a18                Timer_Init
 .text.Timer_Enable
                0x00000a64       0x20 .\ARM_GCC_541\Debug\GemmaQ_Assignment4_PSoC5Serial.a(Timer.o)
                0x00000a64                Timer_Enable
 .text.Timer_Start
                0x00000a84       0x24 .\ARM_GCC_541\Debug\GemmaQ_Assignment4_PSoC5Serial.a(Timer.o)
                0x00000a84                Timer_Start
 .text.Timer_SetInterruptMode
                0x00000aa8       0x20 .\ARM_GCC_541\Debug\GemmaQ_Assignment4_PSoC5Serial.a(Timer.o)
                0x00000aa8                Timer_SetInterruptMode
 .text.Timer_ReadStatusRegister
                0x00000ac8       0x18 .\ARM_GCC_541\Debug\GemmaQ_Assignment4_PSoC5Serial.a(Timer.o)
                0x00000ac8                Timer_ReadStatusRegister
 .text.Timer_WritePeriod
                0x00000ae0       0x1c .\ARM_GCC_541\Debug\GemmaQ_Assignment4_PSoC5Serial.a(Timer.o)
                0x00000ae0                Timer_WritePeriod
 .text.Timer_ReadCapture
                0x00000afc       0x18 .\ARM_GCC_541\Debug\GemmaQ_Assignment4_PSoC5Serial.a(Timer.o)
                0x00000afc                Timer_ReadCapture
 .text.Timer_WriteCounter
                0x00000b14       0x1c .\ARM_GCC_541\Debug\GemmaQ_Assignment4_PSoC5Serial.a(Timer.o)
                0x00000b14                Timer_WriteCounter
 .text.Timer_ClearFIFO
                0x00000b30       0x1c .\ARM_GCC_541\Debug\GemmaQ_Assignment4_PSoC5Serial.a(Timer.o)
                0x00000b30                Timer_ClearFIFO
 .text.CyHalt   0x00000b4c       0x18 .\ARM_GCC_541\Debug\GemmaQ_Assignment4_PSoC5Serial.a(CyLib.o)
                0x00000b4c                CyHalt
 .text.CyDelayUs
                0x00000b64       0x28 .\ARM_GCC_541\Debug\GemmaQ_Assignment4_PSoC5Serial.a(CyLib.o)
                0x00000b64                CyDelayUs
 .text.CyIntSetVector
                0x00000b8c       0x50 .\ARM_GCC_541\Debug\GemmaQ_Assignment4_PSoC5Serial.a(CyLib.o)
                0x00000b8c                CyIntSetVector
 .text.CyIntSetPriority
                0x00000bdc       0x48 .\ARM_GCC_541\Debug\GemmaQ_Assignment4_PSoC5Serial.a(CyLib.o)
                0x00000bdc                CyIntSetPriority
 .text.CySetReg24
                0x00000c24       0x38 .\ARM_GCC_541\Debug\GemmaQ_Assignment4_PSoC5Serial.a(cyutils.o)
                0x00000c24                CySetReg24
 .text.ADC_DelSig_Init
                0x00000c5c      0x11c .\ARM_GCC_541\Debug\GemmaQ_Assignment4_PSoC5Serial.a(ADC_DelSig.o)
                0x00000c5c                ADC_DelSig_Init
 .text.ADC_DelSig_Enable
                0x00000d78      0x154 .\ARM_GCC_541\Debug\GemmaQ_Assignment4_PSoC5Serial.a(ADC_DelSig.o)
                0x00000d78                ADC_DelSig_Enable
 .text.ADC_DelSig_Start
                0x00000ecc       0x30 .\ARM_GCC_541\Debug\GemmaQ_Assignment4_PSoC5Serial.a(ADC_DelSig.o)
                0x00000ecc                ADC_DelSig_Start
 .text.ADC_DelSig_StartConvert
                0x00000efc       0x20 .\ARM_GCC_541\Debug\GemmaQ_Assignment4_PSoC5Serial.a(ADC_DelSig.o)
                0x00000efc                ADC_DelSig_StartConvert
 .text.ADC_DelSig_GetResult16
                0x00000f1c       0x7c .\ARM_GCC_541\Debug\GemmaQ_Assignment4_PSoC5Serial.a(ADC_DelSig.o)
                0x00000f1c                ADC_DelSig_GetResult16
 .text.ADC_DelSig_CountsTo_mVolts
                0x00000f98       0x3c .\ARM_GCC_541\Debug\GemmaQ_Assignment4_PSoC5Serial.a(ADC_DelSig.o)
                0x00000f98                ADC_DelSig_CountsTo_mVolts
 .text.ADC_DelSig_InitConfig
                0x00000fd4      0x164 .\ARM_GCC_541\Debug\GemmaQ_Assignment4_PSoC5Serial.a(ADC_DelSig.o)
 .text.ADC_DelSig_GainCompensation
                0x00001138      0x170 .\ARM_GCC_541\Debug\GemmaQ_Assignment4_PSoC5Serial.a(ADC_DelSig.o)
 .text.ADC_DelSig_SetDSMRef0Reg
                0x000012a8       0x7c .\ARM_GCC_541\Debug\GemmaQ_Assignment4_PSoC5Serial.a(ADC_DelSig.o)
 .text.ADC_DelSig_ISR1
                0x00001324        0xc .\ARM_GCC_541\Debug\GemmaQ_Assignment4_PSoC5Serial.a(ADC_DelSig_INT.o)
                0x00001324                ADC_DelSig_ISR1
 .text.UART_Start
                0x00001330       0x24 .\ARM_GCC_541\Debug\GemmaQ_Assignment4_PSoC5Serial.a(UART.o)
                0x00001330                UART_Start
 .text.UART_Init
                0x00001354       0x40 .\ARM_GCC_541\Debug\GemmaQ_Assignment4_PSoC5Serial.a(UART.o)
                0x00001354                UART_Init
 .text.UART_Enable
                0x00001394       0x60 .\ARM_GCC_541\Debug\GemmaQ_Assignment4_PSoC5Serial.a(UART.o)
                0x00001394                UART_Enable
 .text.UART_PutChar
                0x000013f4       0x34 .\ARM_GCC_541\Debug\GemmaQ_Assignment4_PSoC5Serial.a(UART.o)
                0x000013f4                UART_PutChar
 .text.UART_PutString
                0x00001428       0x44 .\ARM_GCC_541\Debug\GemmaQ_Assignment4_PSoC5Serial.a(UART.o)
                0x00001428                UART_PutString
 .text.I2C_Init
                0x0000146c       0xa0 .\ARM_GCC_541\Debug\GemmaQ_Assignment4_PSoC5Serial.a(I2C.o)
                0x0000146c                I2C_Init
 .text.I2C_Enable
                0x0000150c       0x20 .\ARM_GCC_541\Debug\GemmaQ_Assignment4_PSoC5Serial.a(I2C.o)
                0x0000150c                I2C_Enable
 .text.I2C_Start
                0x0000152c       0x2c .\ARM_GCC_541\Debug\GemmaQ_Assignment4_PSoC5Serial.a(I2C.o)
                0x0000152c                I2C_Start
 .text.I2C_ISR  0x00001558      0x408 .\ARM_GCC_541\Debug\GemmaQ_Assignment4_PSoC5Serial.a(I2C_INT.o)
                0x00001558                I2C_ISR
 .text.I2C_MasterSendStart
                0x00001960       0xd8 .\ARM_GCC_541\Debug\GemmaQ_Assignment4_PSoC5Serial.a(I2C_MASTER.o)
                0x00001960                I2C_MasterSendStart
 .text.I2C_MasterSendRestart
                0x00001a38       0xbc .\ARM_GCC_541\Debug\GemmaQ_Assignment4_PSoC5Serial.a(I2C_MASTER.o)
                0x00001a38                I2C_MasterSendRestart
 .text.I2C_MasterSendStop
                0x00001af4       0x70 .\ARM_GCC_541\Debug\GemmaQ_Assignment4_PSoC5Serial.a(I2C_MASTER.o)
                0x00001af4                I2C_MasterSendStop
 .text.I2C_MasterWriteByte
                0x00001b64       0xa0 .\ARM_GCC_541\Debug\GemmaQ_Assignment4_PSoC5Serial.a(I2C_MASTER.o)
                0x00001b64                I2C_MasterWriteByte
 .text.I2C_MasterReadByte
                0x00001c04       0xb0 .\ARM_GCC_541\Debug\GemmaQ_Assignment4_PSoC5Serial.a(I2C_MASTER.o)
                0x00001c04                I2C_MasterReadByte
 .text.ADC_DelSig_AMux_Start
                0x00001cb4       0x34 .\ARM_GCC_541\Debug\GemmaQ_Assignment4_PSoC5Serial.a(ADC_DelSig_AMux.o)
                0x00001cb4                ADC_DelSig_AMux_Start
 .text.ADC_DelSig_AMux_Select
                0x00001ce8       0x28 .\ARM_GCC_541\Debug\GemmaQ_Assignment4_PSoC5Serial.a(ADC_DelSig_AMux.o)
                0x00001ce8                ADC_DelSig_AMux_Select
 .text.ADC_DelSig_Ext_CP_Clk_SetDividerRegister
                0x00001d10      0x164 .\ARM_GCC_541\Debug\GemmaQ_Assignment4_PSoC5Serial.a(ADC_DelSig_Ext_CP_Clk.o)
                0x00001d10                ADC_DelSig_Ext_CP_Clk_SetDividerRegister
 .text.ADC_DelSig_Ext_CP_Clk_GetDividerRegister
                0x00001e74       0x18 .\ARM_GCC_541\Debug\GemmaQ_Assignment4_PSoC5Serial.a(ADC_DelSig_Ext_CP_Clk.o)
                0x00001e74                ADC_DelSig_Ext_CP_Clk_GetDividerRegister
 .text.ADC_DelSig_Ext_CP_Clk_SetModeRegister
                0x00001e8c       0x34 .\ARM_GCC_541\Debug\GemmaQ_Assignment4_PSoC5Serial.a(ADC_DelSig_Ext_CP_Clk.o)
                0x00001e8c                ADC_DelSig_Ext_CP_Clk_SetModeRegister
 .text.ADC_DelSig_Ext_CP_Clk_GetSourceRegister
                0x00001ec0       0x1c .\ARM_GCC_541\Debug\GemmaQ_Assignment4_PSoC5Serial.a(ADC_DelSig_Ext_CP_Clk.o)
                0x00001ec0                ADC_DelSig_Ext_CP_Clk_GetSourceRegister
 .text.ADC_DelSig_theACLK_SetDividerRegister
                0x00001edc      0x164 .\ARM_GCC_541\Debug\GemmaQ_Assignment4_PSoC5Serial.a(ADC_DelSig_theACLK.o)
                0x00001edc                ADC_DelSig_theACLK_SetDividerRegister
 .text.ADC_DelSig_theACLK_GetDividerRegister
                0x00002040       0x18 .\ARM_GCC_541\Debug\GemmaQ_Assignment4_PSoC5Serial.a(ADC_DelSig_theACLK.o)
                0x00002040                ADC_DelSig_theACLK_GetDividerRegister
 .text.ADC_DelSig_theACLK_SetModeRegister
                0x00002058       0x34 .\ARM_GCC_541\Debug\GemmaQ_Assignment4_PSoC5Serial.a(ADC_DelSig_theACLK.o)
                0x00002058                ADC_DelSig_theACLK_SetModeRegister
 .text.ADC_DelSig_theACLK_GetSourceRegister
                0x0000208c       0x1c .\ARM_GCC_541\Debug\GemmaQ_Assignment4_PSoC5Serial.a(ADC_DelSig_theACLK.o)
                0x0000208c                ADC_DelSig_theACLK_GetSourceRegister
 .text.UART_IntClock_Start
                0x000020a8       0x34 .\ARM_GCC_541\Debug\GemmaQ_Assignment4_PSoC5Serial.a(UART_IntClock.o)
                0x000020a8                UART_IntClock_Start
 .text.SPIM_Init
                0x000020dc       0x34 .\ARM_GCC_541\Debug\GemmaQ_Assignment4_PSoC5Serial.a(SPIM.o)
                0x000020dc                SPIM_Init
 .text.SPIM_Enable
                0x00002110       0x64 .\ARM_GCC_541\Debug\GemmaQ_Assignment4_PSoC5Serial.a(SPIM.o)
                0x00002110                SPIM_Enable
 .text.SPIM_Start
                0x00002174       0x24 .\ARM_GCC_541\Debug\GemmaQ_Assignment4_PSoC5Serial.a(SPIM.o)
                0x00002174                SPIM_Start
 .text.SPIM_EnableTxInt
                0x00002198        0xc .\ARM_GCC_541\Debug\GemmaQ_Assignment4_PSoC5Serial.a(SPIM.o)
                0x00002198                SPIM_EnableTxInt
 .text.SPIM_EnableRxInt
                0x000021a4        0xc .\ARM_GCC_541\Debug\GemmaQ_Assignment4_PSoC5Serial.a(SPIM.o)
                0x000021a4                SPIM_EnableRxInt
 .text.SPIM_ReadTxStatus
                0x000021b0       0x1c .\ARM_GCC_541\Debug\GemmaQ_Assignment4_PSoC5Serial.a(SPIM.o)
                0x000021b0                SPIM_ReadTxStatus
 .text.SPIM_ReadRxStatus
                0x000021cc       0x1c .\ARM_GCC_541\Debug\GemmaQ_Assignment4_PSoC5Serial.a(SPIM.o)
                0x000021cc                SPIM_ReadRxStatus
 .text.SPIM_WriteTxData
                0x000021e8       0x34 .\ARM_GCC_541\Debug\GemmaQ_Assignment4_PSoC5Serial.a(SPIM.o)
                0x000021e8                SPIM_WriteTxData
 .text.SPIM_ReadRxData
                0x0000221c       0x1c .\ARM_GCC_541\Debug\GemmaQ_Assignment4_PSoC5Serial.a(SPIM.o)
                0x0000221c                SPIM_ReadRxData
 .text.SPIM_ClearFIFO
                0x00002238       0x84 .\ARM_GCC_541\Debug\GemmaQ_Assignment4_PSoC5Serial.a(SPIM.o)
                0x00002238                SPIM_ClearFIFO
 *fill*         0x000022bc        0x4 
 .text          0x000022c0       0x54 .\ARM_GCC_541\Debug\GemmaQ_Assignment4_PSoC5Serial.a(CyBootAsmGnu.o)
                0x000022c0                CyDelayCycles
                0x000022fe                CyEnterCriticalSection
                0x00002306                CyExitCriticalSection
 .text          0x00002314      0x370 c:/program files (x86)/cypress/psoc creator/4.2/psoc creator/import/gnu/arm/5.4.1/bin/../lib/gcc/arm-none-eabi/5.4.1/armv7-m\libgcc.a(_arm_addsubdf3.o)
                0x00002314                __aeabi_drsub
                0x0000231c                __aeabi_dsub
                0x0000231c                __subdf3
                0x00002320                __aeabi_dadd
                0x00002320                __adddf3
                0x00002598                __floatunsidf
                0x00002598                __aeabi_ui2d
                0x000025b8                __floatsidf
                0x000025b8                __aeabi_i2d
                0x000025dc                __aeabi_f2d
                0x000025dc                __extendsfdf2
                0x00002618                __floatundidf
                0x00002618                __aeabi_ul2d
                0x00002628                __floatdidf
                0x00002628                __aeabi_l2d
 .text          0x00002684      0x110 c:/program files (x86)/cypress/psoc creator/4.2/psoc creator/import/gnu/arm/5.4.1/bin/../lib/gcc/arm-none-eabi/5.4.1/armv7-m\libgcc.a(_arm_cmpdf2.o)
                0x00002684                __gtdf2
                0x00002684                __gedf2
                0x0000268c                __ltdf2
                0x0000268c                __ledf2
                0x00002694                __nedf2
                0x00002694                __eqdf2
                0x00002694                __cmpdf2
                0x00002710                __aeabi_cdrcmple
                0x00002720                __aeabi_cdcmpeq
                0x00002720                __aeabi_cdcmple
                0x00002730                __aeabi_dcmpeq
                0x00002744                __aeabi_dcmplt
                0x00002758                __aeabi_dcmple
                0x0000276c                __aeabi_dcmpge
                0x00002780                __aeabi_dcmpgt
 .text          0x00002794      0x21c c:/program files (x86)/cypress/psoc creator/4.2/psoc creator/import/gnu/arm/5.4.1/bin/../lib/gcc/arm-none-eabi/5.4.1/armv7-m\libgcc.a(_arm_addsubsf3.o)
                0x00002794                __aeabi_frsub
                0x0000279c                __subsf3
                0x0000279c                __aeabi_fsub
                0x000027a0                __aeabi_fadd
                0x000027a0                __addsf3
                0x00002900                __aeabi_ui2f
                0x00002900                __floatunsisf
                0x00002908                __aeabi_i2f
                0x00002908                __floatsisf
                0x00002924                __aeabi_ul2f
                0x00002924                __floatundisf
                0x00002934                __aeabi_l2f
                0x00002934                __floatdisf
 .text          0x000029b0      0x2a0 c:/program files (x86)/cypress/psoc creator/4.2/psoc creator/import/gnu/arm/5.4.1/bin/../lib/gcc/arm-none-eabi/5.4.1/armv7-m\libgcc.a(_arm_muldivsf3.o)
                0x000029b0                __mulsf3
                0x000029b0                __aeabi_fmul
                0x00002b18                __aeabi_fdiv
                0x00002b18                __divsf3
 .text          0x00002c50       0x4c c:/program files (x86)/cypress/psoc creator/4.2/psoc creator/import/gnu/arm/5.4.1/bin/../lib/gcc/arm-none-eabi/5.4.1/armv7-m\libgcc.a(_arm_fixsfsi.o)
                0x00002c50                __aeabi_f2iz
                0x00002c50                __fixsfsi
 .text.__errno  0x00002c9c        0xc c:/program files (x86)/cypress/psoc creator/4.2/psoc creator/import/gnu/arm/5.4.1/bin/../lib/gcc/arm-none-eabi/5.4.1/../../../../arm-none-eabi/lib/armv7-m\libg_nano.a(lib_a-errno.o)
                0x00002c9c                __errno
 .text.__libc_init_array
                0x00002ca8       0x4c c:/program files (x86)/cypress/psoc creator/4.2/psoc creator/import/gnu/arm/5.4.1/bin/../lib/gcc/arm-none-eabi/5.4.1/../../../../arm-none-eabi/lib/armv7-m\libg_nano.a(lib_a-init.o)
                0x00002ca8                __libc_init_array
 .text.memcpy   0x00002cf4       0x16 c:/program files (x86)/cypress/psoc creator/4.2/psoc creator/import/gnu/arm/5.4.1/bin/../lib/gcc/arm-none-eabi/5.4.1/../../../../arm-none-eabi/lib/armv7-m\libg_nano.a(lib_a-memcpy-stub.o)
                0x00002cf4                memcpy
 .text.memset   0x00002d0a       0x10 c:/program files (x86)/cypress/psoc creator/4.2/psoc creator/import/gnu/arm/5.4.1/bin/../lib/gcc/arm-none-eabi/5.4.1/../../../../arm-none-eabi/lib/armv7-m\libg_nano.a(lib_a-memset.o)
                0x00002d0a                memset
 .text.__cvt    0x00002d1a       0xc0 c:/program files (x86)/cypress/psoc creator/4.2/psoc creator/import/gnu/arm/5.4.1/bin/../lib/gcc/arm-none-eabi/5.4.1/../../../../arm-none-eabi/lib/armv7-m\libg_nano.a(lib_a-nano-vfprintf_float.o)
                0x00002d1a                __cvt
 .text.__exponent
                0x00002dda       0x62 c:/program files (x86)/cypress/psoc creator/4.2/psoc creator/import/gnu/arm/5.4.1/bin/../lib/gcc/arm-none-eabi/5.4.1/../../../../arm-none-eabi/lib/armv7-m\libg_nano.a(lib_a-nano-vfprintf_float.o)
                0x00002dda                __exponent
 .text._printf_float
                0x00002e3c      0x488 c:/program files (x86)/cypress/psoc creator/4.2/psoc creator/import/gnu/arm/5.4.1/bin/../lib/gcc/arm-none-eabi/5.4.1/../../../../arm-none-eabi/lib/armv7-m\libg_nano.a(lib_a-nano-vfprintf_float.o)
                0x00002e3c                _printf_float
 .text._printf_common
                0x000032c4       0xec c:/program files (x86)/cypress/psoc creator/4.2/psoc creator/import/gnu/arm/5.4.1/bin/../lib/gcc/arm-none-eabi/5.4.1/../../../../arm-none-eabi/lib/armv7-m\libg_nano.a(lib_a-nano-vfprintf_i.o)
                0x000032c4                _printf_common
 .text._printf_i
                0x000033b0      0x24c c:/program files (x86)/cypress/psoc creator/4.2/psoc creator/import/gnu/arm/5.4.1/bin/../lib/gcc/arm-none-eabi/5.4.1/../../../../arm-none-eabi/lib/armv7-m\libg_nano.a(lib_a-nano-vfprintf_i.o)
                0x000033b0                _printf_i
 .text.sprintf  0x000035fc       0x48 c:/program files (x86)/cypress/psoc creator/4.2/psoc creator/import/gnu/arm/5.4.1/bin/../lib/gcc/arm-none-eabi/5.4.1/../../../../arm-none-eabi/lib/armv7-m\libg_nano.a(lib_a-sprintf.o)
                0x000035fc                siprintf
                0x000035fc                sprintf
 .text          0x00003644       0x10 c:/program files (x86)/cypress/psoc creator/4.2/psoc creator/import/gnu/arm/5.4.1/bin/../lib/gcc/arm-none-eabi/5.4.1/../../../../arm-none-eabi/lib/armv7-m\libg_nano.a(lib_a-strlen.o)
                0x00003644                strlen
 .text.quorem   0x00003654      0x116 c:/program files (x86)/cypress/psoc creator/4.2/psoc creator/import/gnu/arm/5.4.1/bin/../lib/gcc/arm-none-eabi/5.4.1/../../../../arm-none-eabi/lib/armv7-m\libg_nano.a(lib_a-dtoa.o)
 *fill*         0x0000376a        0x6 
 .text._dtoa_r  0x00003770      0xb30 c:/program files (x86)/cypress/psoc creator/4.2/psoc creator/import/gnu/arm/5.4.1/bin/../lib/gcc/arm-none-eabi/5.4.1/../../../../arm-none-eabi/lib/armv7-m\libg_nano.a(lib_a-dtoa.o)
                0x00003770                _dtoa_r
 .text._localeconv_r
                0x000042a0        0x8 c:/program files (x86)/cypress/psoc creator/4.2/psoc creator/import/gnu/arm/5.4.1/bin/../lib/gcc/arm-none-eabi/5.4.1/../../../../arm-none-eabi/lib/armv7-m\libg_nano.a(lib_a-locale.o)
                0x000042a0                _localeconv_r
 .text.malloc   0x000042a8       0x10 c:/program files (x86)/cypress/psoc creator/4.2/psoc creator/import/gnu/arm/5.4.1/bin/../lib/gcc/arm-none-eabi/5.4.1/../../../../arm-none-eabi/lib/armv7-m\libg_nano.a(lib_a-malloc.o)
                0x000042a8                malloc
 .text.memchr   0x000042b8       0x1c c:/program files (x86)/cypress/psoc creator/4.2/psoc creator/import/gnu/arm/5.4.1/bin/../lib/gcc/arm-none-eabi/5.4.1/../../../../arm-none-eabi/lib/armv7-m\libg_nano.a(lib_a-memchr-stub.o)
                0x000042b8                memchr
 .text._Balloc  0x000042d4       0x6a c:/program files (x86)/cypress/psoc creator/4.2/psoc creator/import/gnu/arm/5.4.1/bin/../lib/gcc/arm-none-eabi/5.4.1/../../../../arm-none-eabi/lib/armv7-m\libg_nano.a(lib_a-mprec.o)
                0x000042d4                _Balloc
 .text._Bfree   0x0000433e       0x2e c:/program files (x86)/cypress/psoc creator/4.2/psoc creator/import/gnu/arm/5.4.1/bin/../lib/gcc/arm-none-eabi/5.4.1/../../../../arm-none-eabi/lib/armv7-m\libg_nano.a(lib_a-mprec.o)
                0x0000433e                _Bfree
 .text.__multadd
                0x0000436c       0x76 c:/program files (x86)/cypress/psoc creator/4.2/psoc creator/import/gnu/arm/5.4.1/bin/../lib/gcc/arm-none-eabi/5.4.1/../../../../arm-none-eabi/lib/armv7-m\libg_nano.a(lib_a-mprec.o)
                0x0000436c                __multadd
 .text.__hi0bits
                0x000043e2       0x40 c:/program files (x86)/cypress/psoc creator/4.2/psoc creator/import/gnu/arm/5.4.1/bin/../lib/gcc/arm-none-eabi/5.4.1/../../../../arm-none-eabi/lib/armv7-m\libg_nano.a(lib_a-mprec.o)
                0x000043e2                __hi0bits
 .text.__lo0bits
                0x00004422       0x5a c:/program files (x86)/cypress/psoc creator/4.2/psoc creator/import/gnu/arm/5.4.1/bin/../lib/gcc/arm-none-eabi/5.4.1/../../../../arm-none-eabi/lib/armv7-m\libg_nano.a(lib_a-mprec.o)
                0x00004422                __lo0bits
 .text.__i2b    0x0000447c       0x12 c:/program files (x86)/cypress/psoc creator/4.2/psoc creator/import/gnu/arm/5.4.1/bin/../lib/gcc/arm-none-eabi/5.4.1/../../../../arm-none-eabi/lib/armv7-m\libg_nano.a(lib_a-mprec.o)
                0x0000447c                __i2b
 .text.__multiply
                0x0000448e      0x120 c:/program files (x86)/cypress/psoc creator/4.2/psoc creator/import/gnu/arm/5.4.1/bin/../lib/gcc/arm-none-eabi/5.4.1/../../../../arm-none-eabi/lib/armv7-m\libg_nano.a(lib_a-mprec.o)
                0x0000448e                __multiply
 *fill*         0x000045ae        0x2 
 .text.__pow5mult
                0x000045b0       0x9c c:/program files (x86)/cypress/psoc creator/4.2/psoc creator/import/gnu/arm/5.4.1/bin/../lib/gcc/arm-none-eabi/5.4.1/../../../../arm-none-eabi/lib/armv7-m\libg_nano.a(lib_a-mprec.o)
                0x000045b0                __pow5mult
 .text.__lshift
                0x0000464c       0xa2 c:/program files (x86)/cypress/psoc creator/4.2/psoc creator/import/gnu/arm/5.4.1/bin/../lib/gcc/arm-none-eabi/5.4.1/../../../../arm-none-eabi/lib/armv7-m\libg_nano.a(lib_a-mprec.o)
                0x0000464c                __lshift
 .text.__mcmp   0x000046ee       0x38 c:/program files (x86)/cypress/psoc creator/4.2/psoc creator/import/gnu/arm/5.4.1/bin/../lib/gcc/arm-none-eabi/5.4.1/../../../../arm-none-eabi/lib/armv7-m\libg_nano.a(lib_a-mprec.o)
                0x000046ee                __mcmp
 .text.__mdiff  0x00004726       0xbe c:/program files (x86)/cypress/psoc creator/4.2/psoc creator/import/gnu/arm/5.4.1/bin/../lib/gcc/arm-none-eabi/5.4.1/../../../../arm-none-eabi/lib/armv7-m\libg_nano.a(lib_a-mprec.o)
                0x00004726                __mdiff
 .text.__d2b    0x000047e4       0x9c c:/program files (x86)/cypress/psoc creator/4.2/psoc creator/import/gnu/arm/5.4.1/bin/../lib/gcc/arm-none-eabi/5.4.1/../../../../arm-none-eabi/lib/armv7-m\libg_nano.a(lib_a-mprec.o)
                0x000047e4                __d2b
 .text._calloc_r
                0x00004880       0x1c c:/program files (x86)/cypress/psoc creator/4.2/psoc creator/import/gnu/arm/5.4.1/bin/../lib/gcc/arm-none-eabi/5.4.1/../../../../arm-none-eabi/lib/armv7-m\libg_nano.a(lib_a-nano-callocr.o)
                0x00004880                _calloc_r
 .text._free_r  0x0000489c       0x98 c:/program files (x86)/cypress/psoc creator/4.2/psoc creator/import/gnu/arm/5.4.1/bin/../lib/gcc/arm-none-eabi/5.4.1/../../../../arm-none-eabi/lib/armv7-m\libg_nano.a(lib_a-nano-freer.o)
                0x0000489c                _free_r
 .text._malloc_r
                0x00004934       0xbc c:/program files (x86)/cypress/psoc creator/4.2/psoc creator/import/gnu/arm/5.4.1/bin/../lib/gcc/arm-none-eabi/5.4.1/../../../../arm-none-eabi/lib/armv7-m\libg_nano.a(lib_a-nano-mallocr.o)
                0x00004934                _malloc_r
 .text.__ssputs_r
                0x000049f0       0xb2 c:/program files (x86)/cypress/psoc creator/4.2/psoc creator/import/gnu/arm/5.4.1/bin/../lib/gcc/arm-none-eabi/5.4.1/../../../../arm-none-eabi/lib/armv7-m\libg_nano.a(lib_a-nano-svfprintf.o)
                0x000049f0                __ssputs_r
 *fill*         0x00004aa2        0x2 
 .text._svfprintf_r
                0x00004aa4      0x1e8 c:/program files (x86)/cypress/psoc creator/4.2/psoc creator/import/gnu/arm/5.4.1/bin/../lib/gcc/arm-none-eabi/5.4.1/../../../../arm-none-eabi/lib/armv7-m\libg_nano.a(lib_a-nano-svfprintf.o)
                0x00004aa4                _svfiprintf_r
                0x00004aa4                _svfprintf_r
 .text._sbrk_r  0x00004c8c       0x20 c:/program files (x86)/cypress/psoc creator/4.2/psoc creator/import/gnu/arm/5.4.1/bin/../lib/gcc/arm-none-eabi/5.4.1/../../../../arm-none-eabi/lib/armv7-m\libg_nano.a(lib_a-sbrkr.o)
                0x00004c8c                _sbrk_r
 .text.memmove  0x00004cac       0x36 c:/program files (x86)/cypress/psoc creator/4.2/psoc creator/import/gnu/arm/5.4.1/bin/../lib/gcc/arm-none-eabi/5.4.1/../../../../arm-none-eabi/lib/armv7-m\libg_nano.a(lib_a-memmove.o)
                0x00004cac                memmove
 .text.__malloc_lock
                0x00004ce2        0x2 c:/program files (x86)/cypress/psoc creator/4.2/psoc creator/import/gnu/arm/5.4.1/bin/../lib/gcc/arm-none-eabi/5.4.1/../../../../arm-none-eabi/lib/armv7-m\libg_nano.a(lib_a-mlock.o)
                0x00004ce2                __malloc_lock
 .text.__malloc_unlock
                0x00004ce4        0x2 c:/program files (x86)/cypress/psoc creator/4.2/psoc creator/import/gnu/arm/5.4.1/bin/../lib/gcc/arm-none-eabi/5.4.1/../../../../arm-none-eabi/lib/armv7-m\libg_nano.a(lib_a-mlock.o)
                0x00004ce4                __malloc_unlock
 .text._realloc_r
                0x00004ce6       0x4c c:/program files (x86)/cypress/psoc creator/4.2/psoc creator/import/gnu/arm/5.4.1/bin/../lib/gcc/arm-none-eabi/5.4.1/../../../../arm-none-eabi/lib/armv7-m\libg_nano.a(lib_a-nano-reallocr.o)
                0x00004ce6                _realloc_r
 .text._malloc_usable_size_r
                0x00004d32       0x14 c:/program files (x86)/cypress/psoc creator/4.2/psoc creator/import/gnu/arm/5.4.1/bin/../lib/gcc/arm-none-eabi/5.4.1/../../../../arm-none-eabi/lib/armv7-m\libg_nano.a(lib_a-nano-msizer.o)
                0x00004d32                _malloc_usable_size_r
 *fill*         0x00004d46        0x2 
 .text          0x00004d48      0x424 c:/program files (x86)/cypress/psoc creator/4.2/psoc creator/import/gnu/arm/5.4.1/bin/../lib/gcc/arm-none-eabi/5.4.1/armv7-m\libgcc.a(_arm_muldivdf3.o)
                0x00004d48                __aeabi_dmul
                0x00004d48                __muldf3
                0x00004f9c                __divdf3
                0x00004f9c                __aeabi_ddiv
 .text          0x0000516c       0x2c c:/program files (x86)/cypress/psoc creator/4.2/psoc creator/import/gnu/arm/5.4.1/bin/../lib/gcc/arm-none-eabi/5.4.1/armv7-m\libgcc.a(_arm_unorddf2.o)
                0x0000516c                __unorddf2
                0x0000516c                __aeabi_dcmpun
 .text          0x00005198       0x50 c:/program files (x86)/cypress/psoc creator/4.2/psoc creator/import/gnu/arm/5.4.1/bin/../lib/gcc/arm-none-eabi/5.4.1/armv7-m\libgcc.a(_arm_fixdfsi.o)
                0x00005198                __aeabi_d2iz
                0x00005198                __fixdfsi
 *(.plt)
 *(.gnu.warning)
 *(.glue_7t)
 .glue_7t       0x000051e8        0x0 linker stubs
 *(.glue_7)
 .glue_7        0x000051e8        0x0 linker stubs
 *(.vfp11_veneer)
 .vfp11_veneer  0x000051e8        0x0 linker stubs
 *(.bootloader)
 *(.ARM.extab* .gnu.linkonce.armextab.*)
 *(.gcc_except_table)

.v4_bx          0x000051e8        0x0
 .v4_bx         0x000051e8        0x0 linker stubs

.iplt           0x000051e8        0x0
 .iplt          0x000051e8        0x0 c:/program files (x86)/cypress/psoc creator/4.2/psoc creator/import/gnu/arm/5.4.1/bin/../lib/gcc/arm-none-eabi/5.4.1/armv7-m/crtbegin.o

.eh_frame_hdr
 *(.eh_frame_hdr)

.eh_frame       0x000051e8        0x4
 *(.eh_frame)
 .eh_frame      0x000051e8        0x0 c:/program files (x86)/cypress/psoc creator/4.2/psoc creator/import/gnu/arm/5.4.1/bin/../lib/gcc/arm-none-eabi/5.4.1/armv7-m/crtbegin.o
 .eh_frame      0x000051e8        0x4 c:/program files (x86)/cypress/psoc creator/4.2/psoc creator/import/gnu/arm/5.4.1/bin/../lib/gcc/arm-none-eabi/5.4.1/armv7-m/crtend.o
                [!provide]                PROVIDE (__exidx_start, .)

.ARM.exidx
 *(.ARM.exidx* .gnu.linkonce.armexidx.*)
                0x000051ec                __exidx_end = .

.rodata         0x000051f0      0x240
 *(.rodata .rodata.* .gnu.linkonce.r.*)
 .rodata        0x000051f0       0x48 .\ARM_GCC_541\Debug\main.o
 .rodata        0x00005238       0x62 .\ARM_GCC_541\Debug\cyfitter_cfg.o
                0x00005238                ADC_DelSig_AMux__addrTable
                0x00005240                ADC_DelSig_AMux__maskTable
 .rodata.str1.1
                0x0000529a        0x2 c:/program files (x86)/cypress/psoc creator/4.2/psoc creator/import/gnu/arm/5.4.1/bin/../lib/gcc/arm-none-eabi/5.4.1/../../../../arm-none-eabi/lib/armv7-m\libg_nano.a(lib_a-impure.o)
 .rodata.str1.1
                0x0000529c       0x12 c:/program files (x86)/cypress/psoc creator/4.2/psoc creator/import/gnu/arm/5.4.1/bin/../lib/gcc/arm-none-eabi/5.4.1/../../../../arm-none-eabi/lib/armv7-m\libg_nano.a(lib_a-nano-vfprintf_float.o)
 .rodata.str1.1
                0x000052ae       0x22 c:/program files (x86)/cypress/psoc creator/4.2/psoc creator/import/gnu/arm/5.4.1/bin/../lib/gcc/arm-none-eabi/5.4.1/../../../../arm-none-eabi/lib/armv7-m\libg_nano.a(lib_a-nano-vfprintf_i.o)
 .rodata.str1.1
                0x000052d0        0xd c:/program files (x86)/cypress/psoc creator/4.2/psoc creator/import/gnu/arm/5.4.1/bin/../lib/gcc/arm-none-eabi/5.4.1/../../../../arm-none-eabi/lib/armv7-m\libg_nano.a(lib_a-dtoa.o)
                                  0xf (size before relaxing)
 .rodata.str1.1
                0x000052dd        0x8 c:/program files (x86)/cypress/psoc creator/4.2/psoc creator/import/gnu/arm/5.4.1/bin/../lib/gcc/arm-none-eabi/5.4.1/../../../../arm-none-eabi/lib/armv7-m\libg_nano.a(lib_a-locale.o)
                                  0xb (size before relaxing)
 *fill*         0x000052e5        0x3 
 .rodata.__mprec_tens
                0x000052e8       0xc8 c:/program files (x86)/cypress/psoc creator/4.2/psoc creator/import/gnu/arm/5.4.1/bin/../lib/gcc/arm-none-eabi/5.4.1/../../../../arm-none-eabi/lib/armv7-m\libg_nano.a(lib_a-mprec.o)
                0x000052e8                __mprec_tens
 .rodata.p05.5408
                0x000053b0        0xc c:/program files (x86)/cypress/psoc creator/4.2/psoc creator/import/gnu/arm/5.4.1/bin/../lib/gcc/arm-none-eabi/5.4.1/../../../../arm-none-eabi/lib/armv7-m\libg_nano.a(lib_a-mprec.o)
 *fill*         0x000053bc        0x4 
 .rodata.__mprec_bigtens
                0x000053c0       0x28 c:/program files (x86)/cypress/psoc creator/4.2/psoc creator/import/gnu/arm/5.4.1/bin/../lib/gcc/arm-none-eabi/5.4.1/../../../../arm-none-eabi/lib/armv7-m\libg_nano.a(lib_a-mprec.o)
                0x000053c0                __mprec_bigtens
 .rodata.str1.1
                0x000053e8       0x11 c:/program files (x86)/cypress/psoc creator/4.2/psoc creator/import/gnu/arm/5.4.1/bin/../lib/gcc/arm-none-eabi/5.4.1/../../../../arm-none-eabi/lib/armv7-m\libg_nano.a(lib_a-nano-svfprintf.o)
                0x000053fc                . = ALIGN (0x4)
 *fill*         0x000053f9        0x3 
 *(.init)
 .init          0x000053fc        0x4 c:/program files (x86)/cypress/psoc creator/4.2/psoc creator/import/gnu/arm/5.4.1/bin/../lib/gcc/arm-none-eabi/5.4.1/armv7-m/crti.o
                0x000053fc                _init
 .init          0x00005400        0x8 c:/program files (x86)/cypress/psoc creator/4.2/psoc creator/import/gnu/arm/5.4.1/bin/../lib/gcc/arm-none-eabi/5.4.1/armv7-m/crtn.o
                0x00005408                . = ALIGN (0x4)
                0x00005408                __preinit_array_start = .
 *(.preinit_array)
                0x00005408                __preinit_array_end = .
                0x00005408                . = ALIGN (0x4)
                0x00005408                __init_array_start = .
 *(SORT(.init_array.*))
 *(.init_array)
 .init_array    0x00005408        0x4 c:/program files (x86)/cypress/psoc creator/4.2/psoc creator/import/gnu/arm/5.4.1/bin/../lib/gcc/arm-none-eabi/5.4.1/armv7-m/crtbegin.o
 .init_array    0x0000540c        0x4 .\ARM_GCC_541\Debug\Cm3Start.o
                0x00005410                __init_array_end = .
                0x00005410                . = ALIGN (0x4)
 *(.fini)
 .fini          0x00005410        0x4 c:/program files (x86)/cypress/psoc creator/4.2/psoc creator/import/gnu/arm/5.4.1/bin/../lib/gcc/arm-none-eabi/5.4.1/armv7-m/crti.o
                0x00005410                _fini
 .fini          0x00005414        0x8 c:/program files (x86)/cypress/psoc creator/4.2/psoc creator/import/gnu/arm/5.4.1/bin/../lib/gcc/arm-none-eabi/5.4.1/armv7-m/crtn.o
                0x0000541c                . = ALIGN (0x4)
                0x0000541c                __fini_array_start = .
 *(.fini_array)
 .fini_array    0x0000541c        0x4 c:/program files (x86)/cypress/psoc creator/4.2/psoc creator/import/gnu/arm/5.4.1/bin/../lib/gcc/arm-none-eabi/5.4.1/armv7-m/crtbegin.o
 *(SORT(.fini_array.*))
                0x00005420                __fini_array_end = .
                0x00005420                . = ALIGN (0x4)
 *crtbegin.o(.ctors)
 *(EXCLUDE_FILE(*crtend.o) .ctors)
 *(SORT(.ctors.*))
 *crtend.o(.ctors)
                0x00005420                . = ALIGN (0x4)
 *crtbegin.o(.dtors)
 *(EXCLUDE_FILE(*crtend.o) .dtors)
 *(SORT(.dtors.*))
 *crtend.o(.dtors)
                0x00005420                . = ALIGN (0x4)
                0x00005420                __cy_regions = .
                0x00005420        0x4 LONG 0x5430 __cy_region_init_ram
                0x00005424        0x4 LONG 0x1fff80c8 __cy_region_start_data
                0x00005428        0x4 LONG 0xb8 __cy_region_init_size_ram
                0x0000542c        0x4 LONG 0x70 __cy_region_zero_size_ram
                0x00005430                __cy_regions_end = .
                0x00005430                . = ALIGN (0x8)
                0x00005430                _etext = .

.cy_checksum_exclude
                0x00005430        0x0
 *(.cy_checksum_exclude)

.ramvectors     0x1fff8000       0xc0
                0x1fff8000                __cy_region_start_ram = .
 *(.ramvectors)
 .ramvectors    0x1fff8000       0xc0 .\ARM_GCC_541\Debug\Cm3Start.o
                0x1fff8000                CyRamVectors

.noinit         0x1fff80c0        0x5
 *(.noinit)
 .noinit        0x1fff80c0        0x4 .\ARM_GCC_541\Debug\Cm3Start.o
 .noinit        0x1fff80c4        0x1 .\ARM_GCC_541\Debug\GemmaQ_Assignment4_PSoC5Serial.a(CyLib.o)
                0x1fff80c4                CyResetStatus

.data           0x1fff80c8       0xb8 load address 0x00005430
                0x1fff80c8                __cy_region_start_data = .
 *(.jcr)
 .jcr           0x1fff80c8        0x0 c:/program files (x86)/cypress/psoc creator/4.2/psoc creator/import/gnu/arm/5.4.1/bin/../lib/gcc/arm-none-eabi/5.4.1/armv7-m/crtbegin.o
 .jcr           0x1fff80c8        0x4 c:/program files (x86)/cypress/psoc creator/4.2/psoc creator/import/gnu/arm/5.4.1/bin/../lib/gcc/arm-none-eabi/5.4.1/armv7-m/crtend.o
 *(.got.plt)
 *(.got)
 *(.shdata)
 *(.data .data.* .gnu.linkonce.d.*)
 .data          0x1fff80cc        0x4 .\ARM_GCC_541\Debug\Cm3Start.o
 .data          0x1fff80d0       0x10 .\ARM_GCC_541\Debug\GemmaQ_Assignment4_PSoC5Serial.a(CyLib.o)
                0x1fff80d0                cydelay_freq_hz
                0x1fff80d4                cydelay_freq_khz
                0x1fff80d8                cydelay_freq_mhz
                0x1fff80dc                cydelay_32k_ms
 .data          0x1fff80e0        0x1 .\ARM_GCC_541\Debug\GemmaQ_Assignment4_PSoC5Serial.a(ADC_DelSig.o)
                0x1fff80e0                ADC_DelSig_Config
 .data          0x1fff80e1        0x1 .\ARM_GCC_541\Debug\GemmaQ_Assignment4_PSoC5Serial.a(ADC_DelSig_AMux.o)
 *fill*         0x1fff80e2        0x2 
 .data.impure_data
                0x1fff80e4       0x60 c:/program files (x86)/cypress/psoc creator/4.2/psoc creator/import/gnu/arm/5.4.1/bin/../lib/gcc/arm-none-eabi/5.4.1/../../../../arm-none-eabi/lib/armv7-m\libg_nano.a(lib_a-impure.o)
 .data._impure_ptr
                0x1fff8144        0x4 c:/program files (x86)/cypress/psoc creator/4.2/psoc creator/import/gnu/arm/5.4.1/bin/../lib/gcc/arm-none-eabi/5.4.1/../../../../arm-none-eabi/lib/armv7-m\libg_nano.a(lib_a-impure.o)
                0x1fff8144                _impure_ptr
 .data.lconv    0x1fff8148       0x38 c:/program files (x86)/cypress/psoc creator/4.2/psoc creator/import/gnu/arm/5.4.1/bin/../lib/gcc/arm-none-eabi/5.4.1/../../../../arm-none-eabi/lib/armv7-m\libg_nano.a(lib_a-locale.o)
                0x1fff8180                . = ALIGN (0x8)
 *(.ram)
                0x1fff8180                _edata = .

.igot.plt       0x1fff8180        0x0 load address 0x000054e8
 .igot.plt      0x1fff8180        0x0 c:/program files (x86)/cypress/psoc creator/4.2/psoc creator/import/gnu/arm/5.4.1/bin/../lib/gcc/arm-none-eabi/5.4.1/armv7-m/crtbegin.o

.bss            0x1fff8180       0x70 load address 0x000054e8
                0x1fff8180                PROVIDE (__bss_start__, .)
 *(.shbss)
 *(.bss .bss.* .gnu.linkonce.b.*)
 .bss           0x1fff8180       0x1c c:/program files (x86)/cypress/psoc creator/4.2/psoc creator/import/gnu/arm/5.4.1/bin/../lib/gcc/arm-none-eabi/5.4.1/armv7-m/crtbegin.o
 .bss           0x1fff819c       0x18 .\ARM_GCC_541\Debug\main.o
                0x1fff819c                new_data
                0x1fff81a0                Vout_sum
                0x1fff81a4                n
                0x1fff81a8                Vout_sum_isr
                0x1fff81ac                n_isr
                0x1fff81b0                temp
 .bss           0x1fff81b4        0x1 .\ARM_GCC_541\Debug\GemmaQ_Assignment4_PSoC5Serial.a(Timer.o)
                0x1fff81b4                Timer_initVar
 *fill*         0x1fff81b5        0x3 
 .bss           0x1fff81b8        0xc .\ARM_GCC_541\Debug\GemmaQ_Assignment4_PSoC5Serial.a(ADC_DelSig.o)
                0x1fff81b8                ADC_DelSig_convDone
                0x1fff81b9                ADC_DelSig_stopConversion
                0x1fff81ba                ADC_DelSig_initVar
                0x1fff81bb                ADC_DelSig_started
                0x1fff81bc                ADC_DelSig_Offset
 .bss           0x1fff81c4        0x2 .\ARM_GCC_541\Debug\GemmaQ_Assignment4_PSoC5Serial.a(UART.o)
                0x1fff81c4                UART_initVar
 .bss           0x1fff81c6        0x1 .\ARM_GCC_541\Debug\GemmaQ_Assignment4_PSoC5Serial.a(I2C.o)
                0x1fff81c6                I2C_initVar
 .bss           0x1fff81c7        0x1 .\ARM_GCC_541\Debug\GemmaQ_Assignment4_PSoC5Serial.a(SPIM.o)
                0x1fff81c7                SPIM_initVar
 .bss.__malloc_sbrk_start
                0x1fff81c8        0x4 c:/program files (x86)/cypress/psoc creator/4.2/psoc creator/import/gnu/arm/5.4.1/bin/../lib/gcc/arm-none-eabi/5.4.1/../../../../arm-none-eabi/lib/armv7-m\libg_nano.a(lib_a-nano-mallocr.o)
                0x1fff81c8                __malloc_sbrk_start
 .bss.__malloc_free_list
                0x1fff81cc        0x4 c:/program files (x86)/cypress/psoc creator/4.2/psoc creator/import/gnu/arm/5.4.1/bin/../lib/gcc/arm-none-eabi/5.4.1/../../../../arm-none-eabi/lib/armv7-m\libg_nano.a(lib_a-nano-mallocr.o)
                0x1fff81cc                __malloc_free_list
 *(COMMON)
 COMMON         0x1fff81d0        0x4 .\ARM_GCC_541\Debug\main.o
                0x1fff81d0                Vout_average
 COMMON         0x1fff81d4        0x4 .\ARM_GCC_541\Debug\GemmaQ_Assignment4_PSoC5Serial.a(ADC_DelSig.o)
                0x1fff81d4                ADC_DelSig_CountsPerVolt
 COMMON         0x1fff81d8        0x1 .\ARM_GCC_541\Debug\GemmaQ_Assignment4_PSoC5Serial.a(I2C.o)
                0x1fff81d8                I2C_state
 *fill*         0x1fff81d9        0x3 
 COMMON         0x1fff81dc       0x10 .\ARM_GCC_541\Debug\GemmaQ_Assignment4_PSoC5Serial.a(I2C_MASTER.o)
                0x1fff81dc                I2C_mstrWrBufIndex
                0x1fff81dd                I2C_mstrWrBufSize
                0x1fff81de                I2C_mstrStatus
                0x1fff81e0                I2C_mstrRdBufPtr
                0x1fff81e4                I2C_mstrControl
                0x1fff81e5                I2C_mstrRdBufSize
                0x1fff81e6                I2C_mstrRdBufIndex
                0x1fff81e8                I2C_mstrWrBufPtr
 COMMON         0x1fff81ec        0x4 c:/program files (x86)/cypress/psoc creator/4.2/psoc creator/import/gnu/arm/5.4.1/bin/../lib/gcc/arm-none-eabi/5.4.1/../../../../arm-none-eabi/lib/armv7-m\libg_nano.a(lib_a-reent.o)
                0x1fff81ec                errno
                0x1fff81f0                . = ALIGN (0x8)
 *(.ram.b)
                0x1fff81f0                _end = .
                0x1fff81f0                __end = .
                0x1fff81f0                PROVIDE (end, .)
                0x1fff81f0                PROVIDE (__bss_end__, .)
                0x00005430                __cy_region_init_ram = LOADADDR (.data)
                0x000000b8                __cy_region_init_size_ram = (_edata - ADDR (.data))
                0x00000070                __cy_region_zero_size_ram = (_end - _edata)

.heap           0x1fff81f0      0x800 load address 0x000054e8
                0x1fff81f0                . = _end
                0x1fff89f0                . = (. + 0x800)
 *fill*         0x1fff81f0      0x800 
                0x1fff89f0                __cy_heap_limit = .

.stack          0x20007800      0x800
                0x20007800                __cy_stack_limit = .
                0x20008000                . = (. + 0x800)
 *fill*         0x20007800      0x800 
                0x00000001                ASSERT ((__cy_stack_limit >= __cy_heap_limit), region RAM overflowed with stack)
                0x00000000                cy_checksum_exclude_size = (CY_APPL_LOADABLE == 0x1)?SIZEOF (.cy_checksum_exclude):0x0
                0x00000001                ASSERT ((cy_checksum_exclude_size <= CY_CHECKSUM_EXCLUDE_SIZE), CY_BOOT: Section .cy_checksum_exclude size exceedes specified limit.)

.cyloadermeta
 *(.cyloadermeta)

.cyloadablemeta
 *(.cyloadablemeta)

.cyconfigecc    0x80000000      0xd0c
 *(.cyconfigecc)
 .cyconfigecc   0x80000000      0xd0c .\ARM_GCC_541\Debug\cymetadata.o
                0x80000000                cy_meta_configecc

.cycustnvl      0x90000000        0x4
 *(.cycustnvl)
 .cycustnvl     0x90000000        0x4 .\ARM_GCC_541\Debug\cymetadata.o
                0x90000000                cy_meta_custnvl

.cywolatch      0x90100000        0x4
 *(.cywolatch)
 .cywolatch     0x90100000        0x4 .\ARM_GCC_541\Debug\cymetadata.o
                0x90100000                cy_meta_wonvl

.cyeeprom       0x90200000        0x0
 *(.cyeeprom)
                0x00000001                ASSERT ((. <= ((0x90200000 + ee_offset) + ee_size)), .cyeeprom data will not fit in EEPROM)

.cyflashprotect
                0x90400000      0x100
 *(.cyflashprotect)
 .cyflashprotect
                0x90400000      0x100 .\ARM_GCC_541\Debug\cymetadata.o
                0x90400000                cy_meta_flashprotect

.cymeta         0x90500000        0xc
 *(.cymeta)
 .cymeta        0x90500000        0xc .\ARM_GCC_541\Debug\cymetadata.o
                0x90500000                cy_metadata

.rel.dyn        0x000054e8        0x0 load address 0x9050000c
 .rel.iplt      0x000054e8        0x0 c:/program files (x86)/cypress/psoc creator/4.2/psoc creator/import/gnu/arm/5.4.1/bin/../lib/gcc/arm-none-eabi/5.4.1/armv7-m/crtbegin.o

.stab
 *(.stab)

.stabstr
 *(.stabstr)

.debug
 *(.debug)

.line
 *(.line)

.debug_srcinfo
 *(.debug_srcinfo)

.debug_sfnames
 *(.debug_sfnames)

.debug_aranges  0x00000000      0xc68
 *(.debug_aranges)
 .debug_aranges
                0x00000000       0x38 .\ARM_GCC_541\Debug\main.o
 .debug_aranges
                0x00000038       0x70 .\ARM_GCC_541\Debug\cyfitter_cfg.o
 .debug_aranges
                0x000000a8       0x18 .\ARM_GCC_541\Debug\cymetadata.o
 .debug_aranges
                0x000000c0       0x48 .\ARM_GCC_541\Debug\Cm3Start.o
 .debug_aranges
                0x00000108       0x80 .\ARM_GCC_541\Debug\GemmaQ_Assignment4_PSoC5Serial.a(ADC_Isr.o)
 .debug_aranges
                0x00000188       0x80 .\ARM_GCC_541\Debug\GemmaQ_Assignment4_PSoC5Serial.a(Clock_Isr.o)
 .debug_aranges
                0x00000208       0x90 .\ARM_GCC_541\Debug\GemmaQ_Assignment4_PSoC5Serial.a(Timer.o)
 .debug_aranges
                0x00000298      0x2a0 .\ARM_GCC_541\Debug\GemmaQ_Assignment4_PSoC5Serial.a(CyLib.o)
 .debug_aranges
                0x00000538       0x98 .\ARM_GCC_541\Debug\GemmaQ_Assignment4_PSoC5Serial.a(cyPm.o)
 .debug_aranges
                0x000005d0       0x20 .\ARM_GCC_541\Debug\GemmaQ_Assignment4_PSoC5Serial.a(cyutils.o)
 .debug_aranges
                0x000005f0       0xe8 .\ARM_GCC_541\Debug\GemmaQ_Assignment4_PSoC5Serial.a(ADC_DelSig.o)
 .debug_aranges
                0x000006d8       0x38 .\ARM_GCC_541\Debug\GemmaQ_Assignment4_PSoC5Serial.a(ADC_DelSig_INT.o)
 .debug_aranges
                0x00000710       0xf0 .\ARM_GCC_541\Debug\GemmaQ_Assignment4_PSoC5Serial.a(UART.o)
 .debug_aranges
                0x00000800       0x38 .\ARM_GCC_541\Debug\GemmaQ_Assignment4_PSoC5Serial.a(I2C.o)
 .debug_aranges
                0x00000838       0x20 .\ARM_GCC_541\Debug\GemmaQ_Assignment4_PSoC5Serial.a(I2C_INT.o)
 .debug_aranges
                0x00000858       0x80 .\ARM_GCC_541\Debug\GemmaQ_Assignment4_PSoC5Serial.a(I2C_MASTER.o)
 .debug_aranges
                0x000008d8       0x30 .\ARM_GCC_541\Debug\GemmaQ_Assignment4_PSoC5Serial.a(ADC_DelSig_AMux.o)
 .debug_aranges
                0x00000908       0x70 .\ARM_GCC_541\Debug\GemmaQ_Assignment4_PSoC5Serial.a(ADC_DelSig_Ext_CP_Clk.o)
 .debug_aranges
                0x00000978       0x80 .\ARM_GCC_541\Debug\GemmaQ_Assignment4_PSoC5Serial.a(ADC_DelSig_theACLK.o)
 .debug_aranges
                0x000009f8       0x70 .\ARM_GCC_541\Debug\GemmaQ_Assignment4_PSoC5Serial.a(UART_IntClock.o)
 .debug_aranges
                0x00000a68       0xd8 .\ARM_GCC_541\Debug\GemmaQ_Assignment4_PSoC5Serial.a(SPIM.o)
 .debug_aranges
                0x00000b40       0x20 .\ARM_GCC_541\Debug\GemmaQ_Assignment4_PSoC5Serial.a(CyBootAsmGnu.o)
 .debug_aranges
                0x00000b60       0x88 .\ARM_GCC_541\Debug\GemmaQ_Assignment4_PSoC5Serial.a(CyFlash.o)
 .debug_aranges
                0x00000be8       0x80 .\ARM_GCC_541\Debug\GemmaQ_Assignment4_PSoC5Serial.a(CySpc.o)

.debug_pubnames
 *(.debug_pubnames)

.debug_info     0x00000000     0x5071
 *(.debug_info .gnu.linkonce.wi.*)
 .debug_info    0x00000000      0x227 .\ARM_GCC_541\Debug\main.o
 .debug_info    0x00000227      0x500 .\ARM_GCC_541\Debug\cyfitter_cfg.o
 .debug_info    0x00000727      0x139 .\ARM_GCC_541\Debug\cymetadata.o
 .debug_info    0x00000860      0x32b .\ARM_GCC_541\Debug\Cm3Start.o
 .debug_info    0x00000b8b      0x241 .\ARM_GCC_541\Debug\GemmaQ_Assignment4_PSoC5Serial.a(ADC_Isr.o)
 .debug_info    0x00000dcc      0x241 .\ARM_GCC_541\Debug\GemmaQ_Assignment4_PSoC5Serial.a(Clock_Isr.o)
 .debug_info    0x0000100d      0x25b .\ARM_GCC_541\Debug\GemmaQ_Assignment4_PSoC5Serial.a(Timer.o)
 .debug_info    0x00001268      0xe51 .\ARM_GCC_541\Debug\GemmaQ_Assignment4_PSoC5Serial.a(CyLib.o)
 .debug_info    0x000020b9      0x57a .\ARM_GCC_541\Debug\GemmaQ_Assignment4_PSoC5Serial.a(cyPm.o)
 .debug_info    0x00002633       0xef .\ARM_GCC_541\Debug\GemmaQ_Assignment4_PSoC5Serial.a(cyutils.o)
 .debug_info    0x00002722      0x72c .\ARM_GCC_541\Debug\GemmaQ_Assignment4_PSoC5Serial.a(ADC_DelSig.o)
 .debug_info    0x00002e4e       0xd3 .\ARM_GCC_541\Debug\GemmaQ_Assignment4_PSoC5Serial.a(ADC_DelSig_INT.o)
 .debug_info    0x00002f21      0x50a .\ARM_GCC_541\Debug\GemmaQ_Assignment4_PSoC5Serial.a(UART.o)
 .debug_info    0x0000342b      0x163 .\ARM_GCC_541\Debug\GemmaQ_Assignment4_PSoC5Serial.a(I2C.o)
 .debug_info    0x0000358e      0x156 .\ARM_GCC_541\Debug\GemmaQ_Assignment4_PSoC5Serial.a(I2C_INT.o)
 .debug_info    0x000036e4      0x3f8 .\ARM_GCC_541\Debug\GemmaQ_Assignment4_PSoC5Serial.a(I2C_MASTER.o)
 .debug_info    0x00003adc      0x10a .\ARM_GCC_541\Debug\GemmaQ_Assignment4_PSoC5Serial.a(ADC_DelSig_AMux.o)
 .debug_info    0x00003be6      0x25d .\ARM_GCC_541\Debug\GemmaQ_Assignment4_PSoC5Serial.a(ADC_DelSig_Ext_CP_Clk.o)
 .debug_info    0x00003e43      0x299 .\ARM_GCC_541\Debug\GemmaQ_Assignment4_PSoC5Serial.a(ADC_DelSig_theACLK.o)
 .debug_info    0x000040dc      0x25d .\ARM_GCC_541\Debug\GemmaQ_Assignment4_PSoC5Serial.a(UART_IntClock.o)
 .debug_info    0x00004339      0x411 .\ARM_GCC_541\Debug\GemmaQ_Assignment4_PSoC5Serial.a(SPIM.o)
 .debug_info    0x0000474a       0xae .\ARM_GCC_541\Debug\GemmaQ_Assignment4_PSoC5Serial.a(CyBootAsmGnu.o)
 .debug_info    0x000047f8      0x3b9 .\ARM_GCC_541\Debug\GemmaQ_Assignment4_PSoC5Serial.a(CyFlash.o)
 .debug_info    0x00004bb1      0x4c0 .\ARM_GCC_541\Debug\GemmaQ_Assignment4_PSoC5Serial.a(CySpc.o)

.debug_abbrev   0x00000000     0x1abd
 *(.debug_abbrev)
 .debug_abbrev  0x00000000      0x115 .\ARM_GCC_541\Debug\main.o
 .debug_abbrev  0x00000115      0x1ca .\ARM_GCC_541\Debug\cyfitter_cfg.o
 .debug_abbrev  0x000002df       0x77 .\ARM_GCC_541\Debug\cymetadata.o
 .debug_abbrev  0x00000356      0x1d6 .\ARM_GCC_541\Debug\Cm3Start.o
 .debug_abbrev  0x0000052c      0x172 .\ARM_GCC_541\Debug\GemmaQ_Assignment4_PSoC5Serial.a(ADC_Isr.o)
 .debug_abbrev  0x0000069e      0x172 .\ARM_GCC_541\Debug\GemmaQ_Assignment4_PSoC5Serial.a(Clock_Isr.o)
 .debug_abbrev  0x00000810      0x135 .\ARM_GCC_541\Debug\GemmaQ_Assignment4_PSoC5Serial.a(Timer.o)
 .debug_abbrev  0x00000945      0x217 .\ARM_GCC_541\Debug\GemmaQ_Assignment4_PSoC5Serial.a(CyLib.o)
 .debug_abbrev  0x00000b5c      0x161 .\ARM_GCC_541\Debug\GemmaQ_Assignment4_PSoC5Serial.a(cyPm.o)
 .debug_abbrev  0x00000cbd       0x7f .\ARM_GCC_541\Debug\GemmaQ_Assignment4_PSoC5Serial.a(cyutils.o)
 .debug_abbrev  0x00000d3c      0x19d .\ARM_GCC_541\Debug\GemmaQ_Assignment4_PSoC5Serial.a(ADC_DelSig.o)
 .debug_abbrev  0x00000ed9       0x42 .\ARM_GCC_541\Debug\GemmaQ_Assignment4_PSoC5Serial.a(ADC_DelSig_INT.o)
 .debug_abbrev  0x00000f1b      0x163 .\ARM_GCC_541\Debug\GemmaQ_Assignment4_PSoC5Serial.a(UART.o)
 .debug_abbrev  0x0000107e       0xb9 .\ARM_GCC_541\Debug\GemmaQ_Assignment4_PSoC5Serial.a(I2C.o)
 .debug_abbrev  0x00001137       0x81 .\ARM_GCC_541\Debug\GemmaQ_Assignment4_PSoC5Serial.a(I2C_INT.o)
 .debug_abbrev  0x000011b8      0x11e .\ARM_GCC_541\Debug\GemmaQ_Assignment4_PSoC5Serial.a(I2C_MASTER.o)
 .debug_abbrev  0x000012d6       0x6f .\ARM_GCC_541\Debug\GemmaQ_Assignment4_PSoC5Serial.a(ADC_DelSig_AMux.o)
 .debug_abbrev  0x00001345      0x11d .\ARM_GCC_541\Debug\GemmaQ_Assignment4_PSoC5Serial.a(ADC_DelSig_Ext_CP_Clk.o)
 .debug_abbrev  0x00001462      0x11d .\ARM_GCC_541\Debug\GemmaQ_Assignment4_PSoC5Serial.a(ADC_DelSig_theACLK.o)
 .debug_abbrev  0x0000157f      0x11d .\ARM_GCC_541\Debug\GemmaQ_Assignment4_PSoC5Serial.a(UART_IntClock.o)
 .debug_abbrev  0x0000169c      0x156 .\ARM_GCC_541\Debug\GemmaQ_Assignment4_PSoC5Serial.a(SPIM.o)
 .debug_abbrev  0x000017f2       0x14 .\ARM_GCC_541\Debug\GemmaQ_Assignment4_PSoC5Serial.a(CyBootAsmGnu.o)
 .debug_abbrev  0x00001806      0x14b .\ARM_GCC_541\Debug\GemmaQ_Assignment4_PSoC5Serial.a(CyFlash.o)
 .debug_abbrev  0x00001951      0x16c .\ARM_GCC_541\Debug\GemmaQ_Assignment4_PSoC5Serial.a(CySpc.o)

.debug_line     0x00000000     0x2fa8
 *(.debug_line)
 .debug_line    0x00000000      0x1c6 .\ARM_GCC_541\Debug\main.o
 .debug_line    0x000001c6      0x24e .\ARM_GCC_541\Debug\cyfitter_cfg.o
 .debug_line    0x00000414      0x141 .\ARM_GCC_541\Debug\cymetadata.o
 .debug_line    0x00000555      0x1dc .\ARM_GCC_541\Debug\Cm3Start.o
 .debug_line    0x00000731      0x152 .\ARM_GCC_541\Debug\GemmaQ_Assignment4_PSoC5Serial.a(ADC_Isr.o)
 .debug_line    0x00000883      0x144 .\ARM_GCC_541\Debug\GemmaQ_Assignment4_PSoC5Serial.a(Clock_Isr.o)
 .debug_line    0x000009c7      0x16e .\ARM_GCC_541\Debug\GemmaQ_Assignment4_PSoC5Serial.a(Timer.o)
 .debug_line    0x00000b35      0x883 .\ARM_GCC_541\Debug\GemmaQ_Assignment4_PSoC5Serial.a(CyLib.o)
 .debug_line    0x000013b8      0x38e .\ARM_GCC_541\Debug\GemmaQ_Assignment4_PSoC5Serial.a(cyPm.o)
 .debug_line    0x00001746       0x62 .\ARM_GCC_541\Debug\GemmaQ_Assignment4_PSoC5Serial.a(cyutils.o)
 .debug_line    0x000017a8      0x364 .\ARM_GCC_541\Debug\GemmaQ_Assignment4_PSoC5Serial.a(ADC_DelSig.o)
 .debug_line    0x00001b0c       0x93 .\ARM_GCC_541\Debug\GemmaQ_Assignment4_PSoC5Serial.a(ADC_DelSig_INT.o)
 .debug_line    0x00001b9f      0x2e2 .\ARM_GCC_541\Debug\GemmaQ_Assignment4_PSoC5Serial.a(UART.o)
 .debug_line    0x00001e81       0xc1 .\ARM_GCC_541\Debug\GemmaQ_Assignment4_PSoC5Serial.a(I2C.o)
 .debug_line    0x00001f42      0x13c .\ARM_GCC_541\Debug\GemmaQ_Assignment4_PSoC5Serial.a(I2C_INT.o)
 .debug_line    0x0000207e      0x210 .\ARM_GCC_541\Debug\GemmaQ_Assignment4_PSoC5Serial.a(I2C_MASTER.o)
 .debug_line    0x0000228e       0xa4 .\ARM_GCC_541\Debug\GemmaQ_Assignment4_PSoC5Serial.a(ADC_DelSig_AMux.o)
 .debug_line    0x00002332      0x1b4 .\ARM_GCC_541\Debug\GemmaQ_Assignment4_PSoC5Serial.a(ADC_DelSig_Ext_CP_Clk.o)
 .debug_line    0x000024e6      0x1d5 .\ARM_GCC_541\Debug\GemmaQ_Assignment4_PSoC5Serial.a(ADC_DelSig_theACLK.o)
 .debug_line    0x000026bb      0x1ac .\ARM_GCC_541\Debug\GemmaQ_Assignment4_PSoC5Serial.a(UART_IntClock.o)
 .debug_line    0x00002867      0x264 .\ARM_GCC_541\Debug\GemmaQ_Assignment4_PSoC5Serial.a(SPIM.o)
 .debug_line    0x00002acb       0x7d .\ARM_GCC_541\Debug\GemmaQ_Assignment4_PSoC5Serial.a(CyBootAsmGnu.o)
 .debug_line    0x00002b48      0x22f .\ARM_GCC_541\Debug\GemmaQ_Assignment4_PSoC5Serial.a(CyFlash.o)
 .debug_line    0x00002d77      0x231 .\ARM_GCC_541\Debug\GemmaQ_Assignment4_PSoC5Serial.a(CySpc.o)

.debug_frame    0x00000000     0x3960
 *(.debug_frame)
 .debug_frame   0x00000000       0xa0 .\ARM_GCC_541\Debug\main.o
 .debug_frame   0x000000a0      0x1bc .\ARM_GCC_541\Debug\cyfitter_cfg.o
 .debug_frame   0x0000025c       0xd8 .\ARM_GCC_541\Debug\Cm3Start.o
 .debug_frame   0x00000334      0x1e8 .\ARM_GCC_541\Debug\GemmaQ_Assignment4_PSoC5Serial.a(ADC_Isr.o)
 .debug_frame   0x0000051c      0x1e8 .\ARM_GCC_541\Debug\GemmaQ_Assignment4_PSoC5Serial.a(Clock_Isr.o)
 .debug_frame   0x00000704      0x230 .\ARM_GCC_541\Debug\GemmaQ_Assignment4_PSoC5Serial.a(Timer.o)
 .debug_frame   0x00000934      0xc0c .\ARM_GCC_541\Debug\GemmaQ_Assignment4_PSoC5Serial.a(CyLib.o)
 .debug_frame   0x00001540      0x234 .\ARM_GCC_541\Debug\GemmaQ_Assignment4_PSoC5Serial.a(cyPm.o)
 .debug_frame   0x00001774       0x38 .\ARM_GCC_541\Debug\GemmaQ_Assignment4_PSoC5Serial.a(cyutils.o)
 .debug_frame   0x000017ac      0x40c .\ARM_GCC_541\Debug\GemmaQ_Assignment4_PSoC5Serial.a(ADC_DelSig.o)
 .debug_frame   0x00001bb8       0xa0 .\ARM_GCC_541\Debug\GemmaQ_Assignment4_PSoC5Serial.a(ADC_DelSig_INT.o)
 .debug_frame   0x00001c58      0x42c .\ARM_GCC_541\Debug\GemmaQ_Assignment4_PSoC5Serial.a(UART.o)
 .debug_frame   0x00002084       0x9c .\ARM_GCC_541\Debug\GemmaQ_Assignment4_PSoC5Serial.a(I2C.o)
 .debug_frame   0x00002120       0x38 .\ARM_GCC_541\Debug\GemmaQ_Assignment4_PSoC5Serial.a(I2C_INT.o)
 .debug_frame   0x00002158      0x208 .\ARM_GCC_541\Debug\GemmaQ_Assignment4_PSoC5Serial.a(I2C_MASTER.o)
 .debug_frame   0x00002360       0x88 .\ARM_GCC_541\Debug\GemmaQ_Assignment4_PSoC5Serial.a(ADC_DelSig_AMux.o)
 .debug_frame   0x000023e8      0x1b4 .\ARM_GCC_541\Debug\GemmaQ_Assignment4_PSoC5Serial.a(ADC_DelSig_Ext_CP_Clk.o)
 .debug_frame   0x0000259c      0x200 .\ARM_GCC_541\Debug\GemmaQ_Assignment4_PSoC5Serial.a(ADC_DelSig_theACLK.o)
 .debug_frame   0x0000279c      0x1b4 .\ARM_GCC_541\Debug\GemmaQ_Assignment4_PSoC5Serial.a(UART_IntClock.o)
 .debug_frame   0x00002950      0x38c .\ARM_GCC_541\Debug\GemmaQ_Assignment4_PSoC5Serial.a(SPIM.o)
 .debug_frame   0x00002cdc      0x238 .\ARM_GCC_541\Debug\GemmaQ_Assignment4_PSoC5Serial.a(CyFlash.o)
 .debug_frame   0x00002f14      0x228 .\ARM_GCC_541\Debug\GemmaQ_Assignment4_PSoC5Serial.a(CySpc.o)
 .debug_frame   0x0000313c       0x20 c:/program files (x86)/cypress/psoc creator/4.2/psoc creator/import/gnu/arm/5.4.1/bin/../lib/gcc/arm-none-eabi/5.4.1/../../../../arm-none-eabi/lib/armv7-m\libg_nano.a(lib_a-errno.o)
 .debug_frame   0x0000315c       0x28 c:/program files (x86)/cypress/psoc creator/4.2/psoc creator/import/gnu/arm/5.4.1/bin/../lib/gcc/arm-none-eabi/5.4.1/../../../../arm-none-eabi/lib/armv7-m\libg_nano.a(lib_a-exit.o)
 .debug_frame   0x00003184       0x2c c:/program files (x86)/cypress/psoc creator/4.2/psoc creator/import/gnu/arm/5.4.1/bin/../lib/gcc/arm-none-eabi/5.4.1/../../../../arm-none-eabi/lib/armv7-m\libg_nano.a(lib_a-init.o)
 .debug_frame   0x000031b0       0x28 c:/program files (x86)/cypress/psoc creator/4.2/psoc creator/import/gnu/arm/5.4.1/bin/../lib/gcc/arm-none-eabi/5.4.1/../../../../arm-none-eabi/lib/armv7-m\libg_nano.a(lib_a-memcpy-stub.o)
 .debug_frame   0x000031d8       0x20 c:/program files (x86)/cypress/psoc creator/4.2/psoc creator/import/gnu/arm/5.4.1/bin/../lib/gcc/arm-none-eabi/5.4.1/../../../../arm-none-eabi/lib/armv7-m\libg_nano.a(lib_a-memset.o)
 .debug_frame   0x000031f8       0x8c c:/program files (x86)/cypress/psoc creator/4.2/psoc creator/import/gnu/arm/5.4.1/bin/../lib/gcc/arm-none-eabi/5.4.1/../../../../arm-none-eabi/lib/armv7-m\libg_nano.a(lib_a-nano-vfprintf_float.o)
 .debug_frame   0x00003284       0x60 c:/program files (x86)/cypress/psoc creator/4.2/psoc creator/import/gnu/arm/5.4.1/bin/../lib/gcc/arm-none-eabi/5.4.1/../../../../arm-none-eabi/lib/armv7-m\libg_nano.a(lib_a-nano-vfprintf_i.o)
 .debug_frame   0x000032e4       0x70 c:/program files (x86)/cypress/psoc creator/4.2/psoc creator/import/gnu/arm/5.4.1/bin/../lib/gcc/arm-none-eabi/5.4.1/../../../../arm-none-eabi/lib/armv7-m\libg_nano.a(lib_a-sprintf.o)
 .debug_frame   0x00003354       0x6c c:/program files (x86)/cypress/psoc creator/4.2/psoc creator/import/gnu/arm/5.4.1/bin/../lib/gcc/arm-none-eabi/5.4.1/../../../../arm-none-eabi/lib/armv7-m\libg_nano.a(lib_a-dtoa.o)
 .debug_frame   0x000033c0       0x98 c:/program files (x86)/cypress/psoc creator/4.2/psoc creator/import/gnu/arm/5.4.1/bin/../lib/gcc/arm-none-eabi/5.4.1/../../../../arm-none-eabi/lib/armv7-m\libg_nano.a(lib_a-locale.o)
 .debug_frame   0x00003458       0x30 c:/program files (x86)/cypress/psoc creator/4.2/psoc creator/import/gnu/arm/5.4.1/bin/../lib/gcc/arm-none-eabi/5.4.1/../../../../arm-none-eabi/lib/armv7-m\libg_nano.a(lib_a-malloc.o)
 .debug_frame   0x00003488       0x28 c:/program files (x86)/cypress/psoc creator/4.2/psoc creator/import/gnu/arm/5.4.1/bin/../lib/gcc/arm-none-eabi/5.4.1/../../../../arm-none-eabi/lib/armv7-m\libg_nano.a(lib_a-memchr-stub.o)
 .debug_frame   0x000034b0      0x234 c:/program files (x86)/cypress/psoc creator/4.2/psoc creator/import/gnu/arm/5.4.1/bin/../lib/gcc/arm-none-eabi/5.4.1/../../../../arm-none-eabi/lib/armv7-m\libg_nano.a(lib_a-mprec.o)
 .debug_frame   0x000036e4       0x2c c:/program files (x86)/cypress/psoc creator/4.2/psoc creator/import/gnu/arm/5.4.1/bin/../lib/gcc/arm-none-eabi/5.4.1/../../../../arm-none-eabi/lib/armv7-m\libg_nano.a(lib_a-nano-callocr.o)
 .debug_frame   0x00003710       0x38 c:/program files (x86)/cypress/psoc creator/4.2/psoc creator/import/gnu/arm/5.4.1/bin/../lib/gcc/arm-none-eabi/5.4.1/../../../../arm-none-eabi/lib/armv7-m\libg_nano.a(lib_a-nano-freer.o)
 .debug_frame   0x00003748       0x2c c:/program files (x86)/cypress/psoc creator/4.2/psoc creator/import/gnu/arm/5.4.1/bin/../lib/gcc/arm-none-eabi/5.4.1/../../../../arm-none-eabi/lib/armv7-m\libg_nano.a(lib_a-nano-mallocr.o)
 .debug_frame   0x00003774       0x90 c:/program files (x86)/cypress/psoc creator/4.2/psoc creator/import/gnu/arm/5.4.1/bin/../lib/gcc/arm-none-eabi/5.4.1/../../../../arm-none-eabi/lib/armv7-m\libg_nano.a(lib_a-nano-svfprintf.o)
 .debug_frame   0x00003804       0x2c c:/program files (x86)/cypress/psoc creator/4.2/psoc creator/import/gnu/arm/5.4.1/bin/../lib/gcc/arm-none-eabi/5.4.1/../../../../arm-none-eabi/lib/armv7-m\libg_nano.a(lib_a-sbrkr.o)
 .debug_frame   0x00003830       0x20 c:/program files (x86)/cypress/psoc creator/4.2/psoc creator/import/gnu/arm/5.4.1/bin/../lib/gcc/arm-none-eabi/5.4.1/../../../../arm-none-eabi/lib/armv7-m\libg_nano.a(lib_a-strcmp.o)
 .debug_frame   0x00003850       0x28 c:/program files (x86)/cypress/psoc creator/4.2/psoc creator/import/gnu/arm/5.4.1/bin/../lib/gcc/arm-none-eabi/5.4.1/../../../../arm-none-eabi/lib/armv7-m\libg_nano.a(lib_a-memmove.o)
 .debug_frame   0x00003878       0x30 c:/program files (x86)/cypress/psoc creator/4.2/psoc creator/import/gnu/arm/5.4.1/bin/../lib/gcc/arm-none-eabi/5.4.1/../../../../arm-none-eabi/lib/armv7-m\libg_nano.a(lib_a-mlock.o)
 .debug_frame   0x000038a8       0x3c c:/program files (x86)/cypress/psoc creator/4.2/psoc creator/import/gnu/arm/5.4.1/bin/../lib/gcc/arm-none-eabi/5.4.1/../../../../arm-none-eabi/lib/armv7-m\libg_nano.a(lib_a-nano-reallocr.o)
 .debug_frame   0x000038e4       0x5c c:/program files (x86)/cypress/psoc creator/4.2/psoc creator/import/gnu/arm/5.4.1/bin/../lib/gcc/arm-none-eabi/5.4.1/../../../../arm-none-eabi/lib/armv7-m\libg_nano.a(lib_a-reent.o)
 .debug_frame   0x00003940       0x20 c:/program files (x86)/cypress/psoc creator/4.2/psoc creator/import/gnu/arm/5.4.1/bin/../lib/gcc/arm-none-eabi/5.4.1/../../../../arm-none-eabi/lib/armv7-m\libg_nano.a(lib_a-nano-msizer.o)

.debug_str      0x00000000     0x287e
 *(.debug_str)
 .debug_str     0x00000000      0x228 .\ARM_GCC_541\Debug\main.o
                                0x27c (size before relaxing)
 .debug_str     0x00000228      0x1fe .\ARM_GCC_541\Debug\cyfitter_cfg.o
                                0x3be (size before relaxing)
 .debug_str     0x00000426       0x7f .\ARM_GCC_541\Debug\cymetadata.o
                                0x202 (size before relaxing)
 .debug_str     0x000004a5      0x123 .\ARM_GCC_541\Debug\Cm3Start.o
                                0x2f5 (size before relaxing)
 .debug_str     0x000005c8      0x11a .\ARM_GCC_541\Debug\GemmaQ_Assignment4_PSoC5Serial.a(ADC_Isr.o)
                                0x2e0 (size before relaxing)
 .debug_str     0x000006e2      0x11e .\ARM_GCC_541\Debug\GemmaQ_Assignment4_PSoC5Serial.a(Clock_Isr.o)
                                0x2fc (size before relaxing)
 .debug_str     0x00000800      0x17b .\ARM_GCC_541\Debug\GemmaQ_Assignment4_PSoC5Serial.a(Timer.o)
                                0x32c (size before relaxing)
 .debug_str     0x0000097b      0x7df .\ARM_GCC_541\Debug\GemmaQ_Assignment4_PSoC5Serial.a(CyLib.o)
                                0xa08 (size before relaxing)
 .debug_str     0x0000115a      0x371 .\ARM_GCC_541\Debug\GemmaQ_Assignment4_PSoC5Serial.a(cyPm.o)
                                0x561 (size before relaxing)
 .debug_str     0x000014cb       0x34 .\ARM_GCC_541\Debug\GemmaQ_Assignment4_PSoC5Serial.a(cyutils.o)
                                0x1d0 (size before relaxing)
 .debug_str     0x000014ff      0x3ee .\ARM_GCC_541\Debug\GemmaQ_Assignment4_PSoC5Serial.a(ADC_DelSig.o)
                                0x5f9 (size before relaxing)
 .debug_str     0x000018ed       0x68 .\ARM_GCC_541\Debug\GemmaQ_Assignment4_PSoC5Serial.a(ADC_DelSig_INT.o)
                                0x201 (size before relaxing)
 .debug_str     0x00001955      0x25f .\ARM_GCC_541\Debug\GemmaQ_Assignment4_PSoC5Serial.a(UART.o)
                                0x43f (size before relaxing)
 .debug_str     0x00001bb4       0x8f .\ARM_GCC_541\Debug\GemmaQ_Assignment4_PSoC5Serial.a(I2C.o)
                                0x249 (size before relaxing)
 .debug_str     0x00001c43       0x86 .\ARM_GCC_541\Debug\GemmaQ_Assignment4_PSoC5Serial.a(I2C_INT.o)
                                0x276 (size before relaxing)
 .debug_str     0x00001cc9      0x170 .\ARM_GCC_541\Debug\GemmaQ_Assignment4_PSoC5Serial.a(I2C_MASTER.o)
                                0x3c2 (size before relaxing)
 .debug_str     0x00001e39       0x92 .\ARM_GCC_541\Debug\GemmaQ_Assignment4_PSoC5Serial.a(ADC_DelSig_AMux.o)
                                0x224 (size before relaxing)
 .debug_str     0x00001ecb      0x202 .\ARM_GCC_541\Debug\GemmaQ_Assignment4_PSoC5Serial.a(ADC_DelSig_Ext_CP_Clk.o)
                                0x3b4 (size before relaxing)
 .debug_str     0x000020cd      0x1ec .\ARM_GCC_541\Debug\GemmaQ_Assignment4_PSoC5Serial.a(ADC_DelSig_theACLK.o)
                                0x3e1 (size before relaxing)
 .debug_str     0x000022b9      0x15f .\ARM_GCC_541\Debug\GemmaQ_Assignment4_PSoC5Serial.a(UART_IntClock.o)
                                0x354 (size before relaxing)
 .debug_str     0x00002418      0x1ea .\ARM_GCC_541\Debug\GemmaQ_Assignment4_PSoC5Serial.a(SPIM.o)
                                0x3e3 (size before relaxing)
 .debug_str     0x00002602      0x14f .\ARM_GCC_541\Debug\GemmaQ_Assignment4_PSoC5Serial.a(CyFlash.o)
                                0x325 (size before relaxing)
 .debug_str     0x00002751      0x12d .\ARM_GCC_541\Debug\GemmaQ_Assignment4_PSoC5Serial.a(CySpc.o)
                                0x31f (size before relaxing)

.debug_loc
 *(.debug_loc)

.debug_macinfo
 *(.debug_macinfo)

.debug_ranges   0x00000000      0xad0
 *(.debug_ranges)
 .debug_ranges  0x00000000       0x28 .\ARM_GCC_541\Debug\main.o
 .debug_ranges  0x00000028       0x60 .\ARM_GCC_541\Debug\cyfitter_cfg.o
 .debug_ranges  0x00000088       0x38 .\ARM_GCC_541\Debug\Cm3Start.o
 .debug_ranges  0x000000c0       0x70 .\ARM_GCC_541\Debug\GemmaQ_Assignment4_PSoC5Serial.a(ADC_Isr.o)
 .debug_ranges  0x00000130       0x70 .\ARM_GCC_541\Debug\GemmaQ_Assignment4_PSoC5Serial.a(Clock_Isr.o)
 .debug_ranges  0x000001a0       0x80 .\ARM_GCC_541\Debug\GemmaQ_Assignment4_PSoC5Serial.a(Timer.o)
 .debug_ranges  0x00000220      0x290 .\ARM_GCC_541\Debug\GemmaQ_Assignment4_PSoC5Serial.a(CyLib.o)
 .debug_ranges  0x000004b0       0x88 .\ARM_GCC_541\Debug\GemmaQ_Assignment4_PSoC5Serial.a(cyPm.o)
 .debug_ranges  0x00000538       0x10 .\ARM_GCC_541\Debug\GemmaQ_Assignment4_PSoC5Serial.a(cyutils.o)
 .debug_ranges  0x00000548       0xd8 .\ARM_GCC_541\Debug\GemmaQ_Assignment4_PSoC5Serial.a(ADC_DelSig.o)
 .debug_ranges  0x00000620       0x28 .\ARM_GCC_541\Debug\GemmaQ_Assignment4_PSoC5Serial.a(ADC_DelSig_INT.o)
 .debug_ranges  0x00000648       0xe0 .\ARM_GCC_541\Debug\GemmaQ_Assignment4_PSoC5Serial.a(UART.o)
 .debug_ranges  0x00000728       0x28 .\ARM_GCC_541\Debug\GemmaQ_Assignment4_PSoC5Serial.a(I2C.o)
 .debug_ranges  0x00000750       0x10 .\ARM_GCC_541\Debug\GemmaQ_Assignment4_PSoC5Serial.a(I2C_INT.o)
 .debug_ranges  0x00000760       0x70 .\ARM_GCC_541\Debug\GemmaQ_Assignment4_PSoC5Serial.a(I2C_MASTER.o)
 .debug_ranges  0x000007d0       0x20 .\ARM_GCC_541\Debug\GemmaQ_Assignment4_PSoC5Serial.a(ADC_DelSig_AMux.o)
 .debug_ranges  0x000007f0       0x60 .\ARM_GCC_541\Debug\GemmaQ_Assignment4_PSoC5Serial.a(ADC_DelSig_Ext_CP_Clk.o)
 .debug_ranges  0x00000850       0x70 .\ARM_GCC_541\Debug\GemmaQ_Assignment4_PSoC5Serial.a(ADC_DelSig_theACLK.o)
 .debug_ranges  0x000008c0       0x60 .\ARM_GCC_541\Debug\GemmaQ_Assignment4_PSoC5Serial.a(UART_IntClock.o)
 .debug_ranges  0x00000920       0xc8 .\ARM_GCC_541\Debug\GemmaQ_Assignment4_PSoC5Serial.a(SPIM.o)
 .debug_ranges  0x000009e8       0x78 .\ARM_GCC_541\Debug\GemmaQ_Assignment4_PSoC5Serial.a(CyFlash.o)
 .debug_ranges  0x00000a60       0x70 .\ARM_GCC_541\Debug\GemmaQ_Assignment4_PSoC5Serial.a(CySpc.o)

.comment        0x00000000       0x6e
 .comment       0x00000000       0x6e .\ARM_GCC_541\Debug\main.o
                                 0x6f (size before relaxing)
 .comment       0x0000006e       0x6f .\ARM_GCC_541\Debug\cyfitter_cfg.o
 .comment       0x0000006e       0x6f .\ARM_GCC_541\Debug\cymetadata.o
 .comment       0x0000006e       0x6f .\ARM_GCC_541\Debug\Cm3Start.o
 .comment       0x0000006e       0x6f .\ARM_GCC_541\Debug\GemmaQ_Assignment4_PSoC5Serial.a(ADC_Isr.o)
 .comment       0x0000006e       0x6f .\ARM_GCC_541\Debug\GemmaQ_Assignment4_PSoC5Serial.a(Clock_Isr.o)
 .comment       0x0000006e       0x6f .\ARM_GCC_541\Debug\GemmaQ_Assignment4_PSoC5Serial.a(Timer.o)
 .comment       0x0000006e       0x6f .\ARM_GCC_541\Debug\GemmaQ_Assignment4_PSoC5Serial.a(CyLib.o)
 .comment       0x0000006e       0x6f .\ARM_GCC_541\Debug\GemmaQ_Assignment4_PSoC5Serial.a(cyPm.o)
 .comment       0x0000006e       0x6f .\ARM_GCC_541\Debug\GemmaQ_Assignment4_PSoC5Serial.a(cyutils.o)
 .comment       0x0000006e       0x6f .\ARM_GCC_541\Debug\GemmaQ_Assignment4_PSoC5Serial.a(ADC_DelSig.o)
 .comment       0x0000006e       0x6f .\ARM_GCC_541\Debug\GemmaQ_Assignment4_PSoC5Serial.a(ADC_DelSig_INT.o)
 .comment       0x0000006e       0x6f .\ARM_GCC_541\Debug\GemmaQ_Assignment4_PSoC5Serial.a(UART.o)
 .comment       0x0000006e       0x6f .\ARM_GCC_541\Debug\GemmaQ_Assignment4_PSoC5Serial.a(I2C.o)
 .comment       0x0000006e       0x6f .\ARM_GCC_541\Debug\GemmaQ_Assignment4_PSoC5Serial.a(I2C_INT.o)
 .comment       0x0000006e       0x6f .\ARM_GCC_541\Debug\GemmaQ_Assignment4_PSoC5Serial.a(I2C_MASTER.o)
 .comment       0x0000006e       0x6f .\ARM_GCC_541\Debug\GemmaQ_Assignment4_PSoC5Serial.a(ADC_DelSig_AMux.o)
 .comment       0x0000006e       0x6f .\ARM_GCC_541\Debug\GemmaQ_Assignment4_PSoC5Serial.a(ADC_DelSig_Ext_CP_Clk.o)
 .comment       0x0000006e       0x6f .\ARM_GCC_541\Debug\GemmaQ_Assignment4_PSoC5Serial.a(ADC_DelSig_theACLK.o)
 .comment       0x0000006e       0x6f .\ARM_GCC_541\Debug\GemmaQ_Assignment4_PSoC5Serial.a(UART_IntClock.o)
 .comment       0x0000006e       0x6f .\ARM_GCC_541\Debug\GemmaQ_Assignment4_PSoC5Serial.a(SPIM.o)
 .comment       0x0000006e       0x6f .\ARM_GCC_541\Debug\GemmaQ_Assignment4_PSoC5Serial.a(CyFlash.o)
 .comment       0x0000006e       0x6f .\ARM_GCC_541\Debug\GemmaQ_Assignment4_PSoC5Serial.a(CySpc.o)

.debug_weaknames
 *(.debug_weaknames)

.debug_funcnames
 *(.debug_funcnames)

.debug_typenames
 *(.debug_typenames)

.debug_varnames
 *(.debug_varnames)

.note.gnu.arm.ident
 *(.note.gnu.arm.ident)

.ARM.attributes
                0x00000000       0x29
 *(.ARM.attributes)
 .ARM.attributes
                0x00000000       0x1d c:/program files (x86)/cypress/psoc creator/4.2/psoc creator/import/gnu/arm/5.4.1/bin/../lib/gcc/arm-none-eabi/5.4.1/armv7-m/crti.o
 .ARM.attributes
                0x0000001d       0x2d c:/program files (x86)/cypress/psoc creator/4.2/psoc creator/import/gnu/arm/5.4.1/bin/../lib/gcc/arm-none-eabi/5.4.1/armv7-m/crtbegin.o
 .ARM.attributes
                0x0000004a       0x1b c:/program files (x86)/cypress/psoc creator/4.2/psoc creator/import/gnu/arm/5.4.1/bin/../lib/gcc/arm-none-eabi/5.4.1/../../../../arm-none-eabi/lib/armv7-m/crt0.o
 .ARM.attributes
                0x00000065       0x33 .\ARM_GCC_541\Debug\main.o
 .ARM.attributes
                0x00000098       0x33 .\ARM_GCC_541\Debug\cyfitter_cfg.o
 .ARM.attributes
                0x000000cb       0x33 .\ARM_GCC_541\Debug\cymetadata.o
 .ARM.attributes
                0x000000fe       0x33 .\ARM_GCC_541\Debug\Cm3Start.o
 .ARM.attributes
                0x00000131       0x33 .\ARM_GCC_541\Debug\GemmaQ_Assignment4_PSoC5Serial.a(ADC_Isr.o)
 .ARM.attributes
                0x00000164       0x33 .\ARM_GCC_541\Debug\GemmaQ_Assignment4_PSoC5Serial.a(Clock_Isr.o)
 .ARM.attributes
                0x00000197       0x33 .\ARM_GCC_541\Debug\GemmaQ_Assignment4_PSoC5Serial.a(Timer.o)
 .ARM.attributes
                0x000001ca       0x33 .\ARM_GCC_541\Debug\GemmaQ_Assignment4_PSoC5Serial.a(CyLib.o)
 .ARM.attributes
                0x000001fd       0x33 .\ARM_GCC_541\Debug\GemmaQ_Assignment4_PSoC5Serial.a(cyPm.o)
 .ARM.attributes
                0x00000230       0x33 .\ARM_GCC_541\Debug\GemmaQ_Assignment4_PSoC5Serial.a(cyutils.o)
 .ARM.attributes
                0x00000263       0x33 .\ARM_GCC_541\Debug\GemmaQ_Assignment4_PSoC5Serial.a(ADC_DelSig.o)
 .ARM.attributes
                0x00000296       0x33 .\ARM_GCC_541\Debug\GemmaQ_Assignment4_PSoC5Serial.a(ADC_DelSig_INT.o)
 .ARM.attributes
                0x000002c9       0x33 .\ARM_GCC_541\Debug\GemmaQ_Assignment4_PSoC5Serial.a(UART.o)
 .ARM.attributes
                0x000002fc       0x33 .\ARM_GCC_541\Debug\GemmaQ_Assignment4_PSoC5Serial.a(I2C.o)
 .ARM.attributes
                0x0000032f       0x33 .\ARM_GCC_541\Debug\GemmaQ_Assignment4_PSoC5Serial.a(I2C_INT.o)
 .ARM.attributes
                0x00000362       0x33 .\ARM_GCC_541\Debug\GemmaQ_Assignment4_PSoC5Serial.a(I2C_MASTER.o)
 .ARM.attributes
                0x00000395       0x33 .\ARM_GCC_541\Debug\GemmaQ_Assignment4_PSoC5Serial.a(ADC_DelSig_AMux.o)
 .ARM.attributes
                0x000003c8       0x33 .\ARM_GCC_541\Debug\GemmaQ_Assignment4_PSoC5Serial.a(ADC_DelSig_Ext_CP_Clk.o)
 .ARM.attributes
                0x000003fb       0x33 .\ARM_GCC_541\Debug\GemmaQ_Assignment4_PSoC5Serial.a(ADC_DelSig_theACLK.o)
 .ARM.attributes
                0x0000042e       0x33 .\ARM_GCC_541\Debug\GemmaQ_Assignment4_PSoC5Serial.a(UART_IntClock.o)
 .ARM.attributes
                0x00000461       0x33 .\ARM_GCC_541\Debug\GemmaQ_Assignment4_PSoC5Serial.a(SPIM.o)
 .ARM.attributes
                0x00000494       0x21 .\ARM_GCC_541\Debug\GemmaQ_Assignment4_PSoC5Serial.a(CyBootAsmGnu.o)
 .ARM.attributes
                0x000004b5       0x33 .\ARM_GCC_541\Debug\GemmaQ_Assignment4_PSoC5Serial.a(CyFlash.o)
 .ARM.attributes
                0x000004e8       0x33 .\ARM_GCC_541\Debug\GemmaQ_Assignment4_PSoC5Serial.a(CySpc.o)
 .ARM.attributes
                0x0000051b       0x1d c:/program files (x86)/cypress/psoc creator/4.2/psoc creator/import/gnu/arm/5.4.1/bin/../lib/gcc/arm-none-eabi/5.4.1/armv7-m\libgcc.a(_arm_addsubdf3.o)
 .ARM.attributes
                0x00000538       0x1d c:/program files (x86)/cypress/psoc creator/4.2/psoc creator/import/gnu/arm/5.4.1/bin/../lib/gcc/arm-none-eabi/5.4.1/armv7-m\libgcc.a(_arm_cmpdf2.o)
 .ARM.attributes
                0x00000555       0x1d c:/program files (x86)/cypress/psoc creator/4.2/psoc creator/import/gnu/arm/5.4.1/bin/../lib/gcc/arm-none-eabi/5.4.1/armv7-m\libgcc.a(_arm_addsubsf3.o)
 .ARM.attributes
                0x00000572       0x1d c:/program files (x86)/cypress/psoc creator/4.2/psoc creator/import/gnu/arm/5.4.1/bin/../lib/gcc/arm-none-eabi/5.4.1/armv7-m\libgcc.a(_arm_muldivsf3.o)
 .ARM.attributes
                0x0000058f       0x1d c:/program files (x86)/cypress/psoc creator/4.2/psoc creator/import/gnu/arm/5.4.1/bin/../lib/gcc/arm-none-eabi/5.4.1/armv7-m\libgcc.a(_arm_fixsfsi.o)
 .ARM.attributes
                0x000005ac       0x1d c:/program files (x86)/cypress/psoc creator/4.2/psoc creator/import/gnu/arm/5.4.1/bin/../lib/gcc/arm-none-eabi/5.4.1/armv7-m\libgcc.a(_arm_fixunssfsi.o)
 .ARM.attributes
                0x000005c9       0x2d c:/program files (x86)/cypress/psoc creator/4.2/psoc creator/import/gnu/arm/5.4.1/bin/../lib/gcc/arm-none-eabi/5.4.1/../../../../arm-none-eabi/lib/armv7-m\libg_nano.a(lib_a-errno.o)
 .ARM.attributes
                0x000005f6       0x2d c:/program files (x86)/cypress/psoc creator/4.2/psoc creator/import/gnu/arm/5.4.1/bin/../lib/gcc/arm-none-eabi/5.4.1/../../../../arm-none-eabi/lib/armv7-m\libg_nano.a(lib_a-exit.o)
 .ARM.attributes
                0x00000623       0x2d c:/program files (x86)/cypress/psoc creator/4.2/psoc creator/import/gnu/arm/5.4.1/bin/../lib/gcc/arm-none-eabi/5.4.1/../../../../arm-none-eabi/lib/armv7-m\libg_nano.a(lib_a-impure.o)
 .ARM.attributes
                0x00000650       0x2d c:/program files (x86)/cypress/psoc creator/4.2/psoc creator/import/gnu/arm/5.4.1/bin/../lib/gcc/arm-none-eabi/5.4.1/../../../../arm-none-eabi/lib/armv7-m\libg_nano.a(lib_a-init.o)
 .ARM.attributes
                0x0000067d       0x2d c:/program files (x86)/cypress/psoc creator/4.2/psoc creator/import/gnu/arm/5.4.1/bin/../lib/gcc/arm-none-eabi/5.4.1/../../../../arm-none-eabi/lib/armv7-m\libg_nano.a(lib_a-memcpy-stub.o)
 .ARM.attributes
                0x000006aa       0x2d c:/program files (x86)/cypress/psoc creator/4.2/psoc creator/import/gnu/arm/5.4.1/bin/../lib/gcc/arm-none-eabi/5.4.1/../../../../arm-none-eabi/lib/armv7-m\libg_nano.a(lib_a-memset.o)
 .ARM.attributes
                0x000006d7       0x2d c:/program files (x86)/cypress/psoc creator/4.2/psoc creator/import/gnu/arm/5.4.1/bin/../lib/gcc/arm-none-eabi/5.4.1/../../../../arm-none-eabi/lib/armv7-m\libg_nano.a(lib_a-nano-vfprintf_float.o)
 .ARM.attributes
                0x00000704       0x2d c:/program files (x86)/cypress/psoc creator/4.2/psoc creator/import/gnu/arm/5.4.1/bin/../lib/gcc/arm-none-eabi/5.4.1/../../../../arm-none-eabi/lib/armv7-m\libg_nano.a(lib_a-nano-vfprintf_i.o)
 .ARM.attributes
                0x00000731       0x2d c:/program files (x86)/cypress/psoc creator/4.2/psoc creator/import/gnu/arm/5.4.1/bin/../lib/gcc/arm-none-eabi/5.4.1/../../../../arm-none-eabi/lib/armv7-m\libg_nano.a(lib_a-sprintf.o)
 .ARM.attributes
                0x0000075e       0x17 c:/program files (x86)/cypress/psoc creator/4.2/psoc creator/import/gnu/arm/5.4.1/bin/../lib/gcc/arm-none-eabi/5.4.1/../../../../arm-none-eabi/lib/armv7-m\libg_nano.a(lib_a-strlen.o)
 .ARM.attributes
                0x00000775       0x2d c:/program files (x86)/cypress/psoc creator/4.2/psoc creator/import/gnu/arm/5.4.1/bin/../lib/gcc/arm-none-eabi/5.4.1/../../../../arm-none-eabi/lib/armv7-m\libg_nano.a(lib_a-dtoa.o)
 .ARM.attributes
                0x000007a2       0x2d c:/program files (x86)/cypress/psoc creator/4.2/psoc creator/import/gnu/arm/5.4.1/bin/../lib/gcc/arm-none-eabi/5.4.1/../../../../arm-none-eabi/lib/armv7-m\libg_nano.a(lib_a-locale.o)
 .ARM.attributes
                0x000007cf       0x2d c:/program files (x86)/cypress/psoc creator/4.2/psoc creator/import/gnu/arm/5.4.1/bin/../lib/gcc/arm-none-eabi/5.4.1/../../../../arm-none-eabi/lib/armv7-m\libg_nano.a(lib_a-malloc.o)
 .ARM.attributes
                0x000007fc       0x2d c:/program files (x86)/cypress/psoc creator/4.2/psoc creator/import/gnu/arm/5.4.1/bin/../lib/gcc/arm-none-eabi/5.4.1/../../../../arm-none-eabi/lib/armv7-m\libg_nano.a(lib_a-memchr-stub.o)
 .ARM.attributes
                0x00000829       0x2d c:/program files (x86)/cypress/psoc creator/4.2/psoc creator/import/gnu/arm/5.4.1/bin/../lib/gcc/arm-none-eabi/5.4.1/../../../../arm-none-eabi/lib/armv7-m\libg_nano.a(lib_a-mprec.o)
 .ARM.attributes
                0x00000856       0x2d c:/program files (x86)/cypress/psoc creator/4.2/psoc creator/import/gnu/arm/5.4.1/bin/../lib/gcc/arm-none-eabi/5.4.1/../../../../arm-none-eabi/lib/armv7-m\libg_nano.a(lib_a-nano-callocr.o)
 .ARM.attributes
                0x00000883       0x2d c:/program files (x86)/cypress/psoc creator/4.2/psoc creator/import/gnu/arm/5.4.1/bin/../lib/gcc/arm-none-eabi/5.4.1/../../../../arm-none-eabi/lib/armv7-m\libg_nano.a(lib_a-nano-freer.o)
 .ARM.attributes
                0x000008b0       0x2d c:/program files (x86)/cypress/psoc creator/4.2/psoc creator/import/gnu/arm/5.4.1/bin/../lib/gcc/arm-none-eabi/5.4.1/../../../../arm-none-eabi/lib/armv7-m\libg_nano.a(lib_a-nano-mallocr.o)
 .ARM.attributes
                0x000008dd       0x2d c:/program files (x86)/cypress/psoc creator/4.2/psoc creator/import/gnu/arm/5.4.1/bin/../lib/gcc/arm-none-eabi/5.4.1/../../../../arm-none-eabi/lib/armv7-m\libg_nano.a(lib_a-nano-svfprintf.o)
 .ARM.attributes
                0x0000090a       0x2d c:/program files (x86)/cypress/psoc creator/4.2/psoc creator/import/gnu/arm/5.4.1/bin/../lib/gcc/arm-none-eabi/5.4.1/../../../../arm-none-eabi/lib/armv7-m\libg_nano.a(lib_a-sbrkr.o)
 .ARM.attributes
                0x00000937       0x1b c:/program files (x86)/cypress/psoc creator/4.2/psoc creator/import/gnu/arm/5.4.1/bin/../lib/gcc/arm-none-eabi/5.4.1/../../../../arm-none-eabi/lib/armv7-m\libg_nano.a(lib_a-strcmp.o)
 .ARM.attributes
                0x00000952       0x2d c:/program files (x86)/cypress/psoc creator/4.2/psoc creator/import/gnu/arm/5.4.1/bin/../lib/gcc/arm-none-eabi/5.4.1/../../../../arm-none-eabi/lib/armv7-m\libg_nano.a(lib_a-memmove.o)
 .ARM.attributes
                0x0000097f       0x2d c:/program files (x86)/cypress/psoc creator/4.2/psoc creator/import/gnu/arm/5.4.1/bin/../lib/gcc/arm-none-eabi/5.4.1/../../../../arm-none-eabi/lib/armv7-m\libg_nano.a(lib_a-mlock.o)
 .ARM.attributes
                0x000009ac       0x2d c:/program files (x86)/cypress/psoc creator/4.2/psoc creator/import/gnu/arm/5.4.1/bin/../lib/gcc/arm-none-eabi/5.4.1/../../../../arm-none-eabi/lib/armv7-m\libg_nano.a(lib_a-nano-reallocr.o)
 .ARM.attributes
                0x000009d9       0x2d c:/program files (x86)/cypress/psoc creator/4.2/psoc creator/import/gnu/arm/5.4.1/bin/../lib/gcc/arm-none-eabi/5.4.1/../../../../arm-none-eabi/lib/armv7-m\libg_nano.a(lib_a-reent.o)
 .ARM.attributes
                0x00000a06       0x2d c:/program files (x86)/cypress/psoc creator/4.2/psoc creator/import/gnu/arm/5.4.1/bin/../lib/gcc/arm-none-eabi/5.4.1/../../../../arm-none-eabi/lib/armv7-m\libg_nano.a(lib_a-nano-msizer.o)
 .ARM.attributes
                0x00000a33       0x1d c:/program files (x86)/cypress/psoc creator/4.2/psoc creator/import/gnu/arm/5.4.1/bin/../lib/gcc/arm-none-eabi/5.4.1/armv7-m\libgcc.a(_arm_muldivdf3.o)
 .ARM.attributes
                0x00000a50       0x1d c:/program files (x86)/cypress/psoc creator/4.2/psoc creator/import/gnu/arm/5.4.1/bin/../lib/gcc/arm-none-eabi/5.4.1/armv7-m\libgcc.a(_arm_unorddf2.o)
 .ARM.attributes
                0x00000a6d       0x1d c:/program files (x86)/cypress/psoc creator/4.2/psoc creator/import/gnu/arm/5.4.1/bin/../lib/gcc/arm-none-eabi/5.4.1/armv7-m\libgcc.a(_arm_fixdfsi.o)
 .ARM.attributes
                0x00000a8a       0x2d c:/program files (x86)/cypress/psoc creator/4.2/psoc creator/import/gnu/arm/5.4.1/bin/../lib/gcc/arm-none-eabi/5.4.1/armv7-m/crtend.o
 .ARM.attributes
                0x00000ab7       0x1d c:/program files (x86)/cypress/psoc creator/4.2/psoc creator/import/gnu/arm/5.4.1/bin/../lib/gcc/arm-none-eabi/5.4.1/armv7-m/crtn.o

/DISCARD/
 *(.note.GNU-stack)
OUTPUT(C:\Users\Gemma\Desktop\PSoC\GemmaQ_Assignment4_PSoC5Serial\GemmaQ_Assignment4_PSoC5Serial.cydsn\ARM_GCC_541\Debug\GemmaQ_Assignment4_PSoC5Serial.elf elf32-littlearm)
